[16:28:32] [main/INFO]: Loading Minecraft 1.21.11 with Fabric Loader 0.19.5
[16:28:32] [main/WARN]: Warnings were found!
 - Mod 'Dynamic FPS' (dynamic_fps) 3.11.6 recommends any version of modmenu, which is missing!
	 - You should install any version of modmenu for the optimal experience.
[16:28:32] [main/INFO]: Loading 67 mods:
	- badoptimizations 2.4.1
	- cloth-config 21.11.153
	   \-- cloth-basic-math 0.6.1
	- clumps 29.0.0.1
	- dynamic_fps 3.11.6
	   \-- net_lostluma_battery 2.0.0
	- entityculling 1.11.3
	   |-- transition 1.0.26
	   \-- trender 1.0.17
	- fabric-api 0.141.6+1.21.11
	   |-- fabric-api-base 1.0.5+4ebb5c083e
	   |-- fabric-api-lookup-api-v1 1.6.114+20dc27073e
	   |-- fabric-biome-api-v1 17.1.1+4fc5413f3e
	   |-- fabric-block-api-v1 1.1.10+4ebb5c083e
	   |-- fabric-block-view-api-v2 1.0.39+4ebb5c083e
	   |-- fabric-command-api-v2 2.4.7+6b42a6003e
	   |-- fabric-content-registries-v0 10.2.14+4fc5413f3e
	   |-- fabric-convention-tags-v1 2.1.55+7f945d5b3e
	   |-- fabric-convention-tags-v2 2.17.3+8ef948ba3e
	   |-- fabric-crash-report-info-v1 0.3.23+4ebb5c083e
	   |-- fabric-data-attachment-api-v1 1.8.48+eed0806f3e
	   |-- fabric-data-generation-api-v1 23.5.0+88d7da613e
	   |-- fabric-dimensions-v1 4.0.28+4fc5413f3e
	   |-- fabric-entity-events-v1 3.1.1+1d0ab4303e
	   |-- fabric-events-interaction-v0 4.1.1+3b89ecf63e
	   |-- fabric-game-rule-api-v1 2.0.3+4fc5413f3e
	   |-- fabric-item-api-v1 11.6.0+67f17bb43e
	   |-- fabric-item-group-api-v1 4.2.36+4fc5413f3e
	   |-- fabric-key-binding-api-v1 1.1.7+4fc5413f3e
	   |-- fabric-lifecycle-events-v1 2.6.15+4ebb5c083e
	   |-- fabric-loot-api-v2 3.0.73+3f89f5a53e
	   |-- fabric-loot-api-v3 2.0.20+78c8b4663e
	   |-- fabric-message-api-v1 6.1.12+4ebb5c083e
	   |-- fabric-model-loading-api-v1 6.0.15+4fc5413f3e
	   |-- fabric-networking-api-v1 5.1.6+6b6d71a53e
	   |-- fabric-object-builder-api-v1 21.1.40+4fc5413f3e
	   |-- fabric-particles-v1 4.2.12+4fc5413f3e
	   |-- fabric-recipe-api-v1 8.2.4+4ebb5c083e
	   |-- fabric-registry-sync-v0 6.2.6+1718722b3e
	   |-- fabric-renderer-api-v1 8.0.3+f4ffd2e53e
	   |-- fabric-renderer-indigo 5.0.3+f4ffd2e53e
	   |-- fabric-rendering-fluids-v1 3.1.43+4ebb5c083e
	   |-- fabric-rendering-v1 16.2.10+0290ad933e
	   |-- fabric-resource-conditions-api-v1 5.0.35+4fc5413f3e
	   |-- fabric-resource-loader-v0 3.3.4+4fc5413f3e
	   |-- fabric-resource-loader-v1 1.0.10+78c8b4663e
	   |-- fabric-screen-api-v1 3.1.7+4ebb5c083e
	   |-- fabric-screen-handler-api-v1 1.3.162+4fc5413f3e
	   |-- fabric-serialization-api-v1 1.0.5+4ebb5c083e
	   |-- fabric-sound-api-v1 1.0.51+4fc5413f3e
	   |-- fabric-tag-api-v1 1.3.0+88d7da613e
	   |-- fabric-transfer-api-v1 6.0.25+4fc5413f3e
	   \-- fabric-transitive-access-wideners-v1 7.1.0+014c8cec3e
	- fabricloader 0.19.5
	   \-- mixinextras 0.5.5
	- ferritecore 8.2.0
	- immediatelyfast 1.14.3+1.21.11
	   \-- net_lenni0451_reflect 1.6.2
	- java 21
	- lithium 0.21.4+mc1.21.11
	- minecraft 1.21.11
	- moreculling 1.6.2
	   |-- conditional-mixin 0.6.3
	   \-- mixinsquared 0.2.0
	- peregrine-client 1.0.1
	- scalablelux 0.1.6+fabric.c25518a
	- sodium 0.8.14+mc1.21.11
[16:28:32] [main/INFO]: SpongePowered MIXIN Subsystem Version=0.8.7 Source=file:/home/runner/work/peregrine-launcher/peregrine-launcher/out/1.21.11/home/data/peregrine/libraries/net/fabricmc/sponge-mixin/0.17.4+mixin.0.8.7/sponge-mixin-0.17.4+mixin.0.8.7.jar Service=Knot/Fabric Env=CLIENT
[16:28:33] [main/INFO]: Config version: 6
[16:28:33] [main/INFO]: BadOptimizations is generating the config with default values
[16:28:33] [main/INFO]: Generating config file version 6
[16:28:33] [main/WARN]: Reference map 'clumps.refmap.json' for clumps.mixins.json could not be read. If this is a development environment you can ignore this message
[16:28:33] [main/INFO]: Loaded configuration file for Lithium: 171 options available, 0 override(s) found.
[16:28:33] [main/WARN]: Reference map 'moreculling.refmap.json' for moreculling.mixins.json could not be read. If this is a development environment you can ignore this message
[16:28:33] [main/WARN]: Reference map 'moreculling.refmap.json' for moreculling.fabric.mixins.json could not be read. If this is a development environment you can ignore this message
[16:28:33] [main/INFO]: Loaded configuration file for Sodium: 36 options available, 0 override(s) found
[16:28:33] [main/WARN]: Error loading class: net/caffeinemc/mods/sodium/client/render/chunk/compile/pipeline/BlockOcclusionCache (java.lang.ClassNotFoundException: net/caffeinemc/mods/sodium/client/render/chunk/compile/pipeline/BlockOcclusionCache)
[16:28:33] [main/WARN]: Error loading class: net/minecraft/client/renderer/feature/HitboxFeatureRenderer (java.lang.ClassNotFoundException: net/minecraft/client/renderer/feature/HitboxFeatureRenderer)
[16:28:33] [main/WARN]: @Mixin target net/minecraft/client/renderer/feature/HitboxFeatureRenderer was not found peregrine-client-extras.mixins.json:HitboxStateMixin from mod peregrine-client
[16:28:33] [main/INFO]: Searching for graphics cards...
[16:28:33] [main/WARN]: Could not find any graphics adapters! Probably the device is not on a bus we can probe, or there are no devices supporting 3D acceleration.
[16:28:33] [main/WARN]: Sodium has applied one or more workarounds to prevent crashes or other issues on your system: [NO_ERROR_CONTEXT_UNSUPPORTED]
[16:28:33] [main/WARN]: This is not necessarily an issue, but it may result in certain features or optimizations being disabled. You can sometimes fix these issues by upgrading your graphics driver.
[16:28:34] [main/INFO]: Initializing MixinExtras via com.llamalad7.mixinextras.service.MixinExtrasServiceImpl(version=0.5.5).
[16:28:35] [Datafixer Bootstrap/INFO]: 287 Datafixer optimizations took 501 milliseconds
[16:28:40] [Render thread/INFO]: Environment: Environment[sessionHost=https://sessionserver.mojang.com, servicesHost=https://api.minecraftservices.com, profilesHost=https://api.mojang.com, name=PROD]
[16:28:40] [Render thread/INFO]: Setting user: Tester
[16:28:40] [Render thread/INFO]: [Indigo] Different rendering plugin detected; not applying Indigo.
[16:28:40] [Download-2/ERROR]: Failed to fetch user properties
com.mojang.authlib.exceptions.InvalidCredentialsException: Status: 401
	at knot//com.mojang.authlib.exceptions.MinecraftClientHttpException.toAuthenticationException(MinecraftClientHttpException.java:59)
	at knot//com.mojang.authlib.yggdrasil.YggdrasilUserApiService.fetchProperties(YggdrasilUserApiService.java:150)
	at knot//net.minecraft.class_310.method_55608(class_310.java:457)
	at java.base/java.util.concurrent.CompletableFuture$AsyncSupply.run(Unknown Source)
	at java.base/java.util.concurrent.ThreadPoolExecutor.runWorker(Unknown Source)
	at java.base/java.util.concurrent.ThreadPoolExecutor$Worker.run(Unknown Source)
	at java.base/java.lang.Thread.run(Unknown Source)
Caused by: com.mojang.authlib.exceptions.MinecraftClientHttpException: Status: 401
	at knot//com.mojang.authlib.minecraft.client.MinecraftClient.readInputStream(MinecraftClient.java:103)
	at knot//com.mojang.authlib.minecraft.client.MinecraftClient.get(MinecraftClient.java:56)
	at knot//com.mojang.authlib.yggdrasil.YggdrasilUserApiService.fetchProperties(YggdrasilUserApiService.java:121)
	... 5 more
[16:28:41] [Render thread/INFO]: [STDOUT]: [TRender] Initializing Client...
[16:28:41] [Render thread/INFO]: Backend library: LWJGL version 3.3.3-snapshot
[16:28:41] [Render thread/INFO]: Initializing ImmediatelyFast 1.14.3+1.21.11 on llvmpipe (LLVM 20.1.2, 256 bits) (Mesa) with OpenGL 4.5 (Core Profile) Mesa 25.2.8-0ubuntu0.24.04.4
[16:28:41] [Render thread/INFO]: OpenGL Vendor: Mesa
[16:28:41] [Render thread/INFO]: OpenGL Renderer: llvmpipe (LLVM 20.1.2, 256 bits)
[16:28:41] [Render thread/INFO]: OpenGL Version: 4.5 (Core Profile) Mesa 25.2.8-0ubuntu0.24.04.4
[16:28:41] [Render thread/INFO]: Using optional rendering extensions: GL_ARB_buffer_storage, GL_KHR_debug, GL_ARB_vertex_attrib_binding, GL_ARB_direct_state_access, GL_EXT_texture_filter_anisotropic
[16:28:42] [Download-1/INFO]: Could not authorize you against Realms server: java.lang.RuntimeException: Failed to parse into SignedJWT: 0
[16:28:42] [Download-1/ERROR]: Failed to fetch Realms feature flags
net.minecraft.class_4355: Realms authentication error with message 'java.lang.RuntimeException: Failed to parse into SignedJWT: 0'
	at knot//net.minecraft.class_4341.method_20998(class_4341.java:526)
	at knot//net.minecraft.class_4341.method_68466(class_4341.java:186)
	at java.base/java.util.concurrent.CompletableFuture$AsyncSupply.run(Unknown Source)
	at java.base/java.util.concurrent.ThreadPoolExecutor.runWorker(Unknown Source)
	at java.base/java.util.concurrent.ThreadPoolExecutor$Worker.run(Unknown Source)
	at java.base/java.lang.Thread.run(Unknown Source)
[16:28:42] [Render thread/ERROR]: Error while loading the narrator
com.mojang.text2speech.Narrator$InitializeException: Failed to load library flite
	at knot//com.mojang.text2speech.NarratorLinux$FliteLibrary.loadNative(NarratorLinux.java:81)
	at knot//com.mojang.text2speech.NarratorLinux.<init>(NarratorLinux.java:18)
	at knot//com.mojang.text2speech.Narrator.getNarrator(Narrator.java:41)
	at knot//net.minecraft.class_333.<init>(class_333.java:20)
	at knot//net.minecraft.class_310.<init>(class_310.java:702)
	at knot//net.minecraft.client.main.Main.main(Main.java:234)
	at net.fabricmc.loader.impl.game.minecraft.MinecraftGameProvider.launch(MinecraftGameProvider.java:517)
	at net.fabricmc.loader.impl.launch.knot.Knot.launch(Knot.java:72)
	at net.fabricmc.loader.impl.launch.knot.KnotClient.main(KnotClient.java:23)
Caused by: java.lang.UnsatisfiedLinkError: Unable to load library 'flite':
libflite.so: cannot open shared object file: No such file or directory
libflite.so: cannot open shared object file: No such file or directory
Native library (linux-x86-64/libflite.so) not found in resource path (/home/runner/work/peregrine-launcher/peregrine-launcher/out/1.21.11/home/data/peregrine/libraries/org/ow2/asm/asm/9.10.1/asm-9.10.1.jar:/home/runner/work/peregrine-launcher/peregrine-launcher/out/1.21.11/home/data/peregrine/libraries/org/ow2/asm/asm-analysis/9.10.1/asm-analysis-9.10.1.jar:/home/runner/work/peregrine-launcher/peregrine-launcher/out/1.21.11/home/data/peregrine/libraries/org/ow2/asm/asm-commons/9.10.1/asm-commons-9.10.1.jar:/home/runner/work/peregrine-launcher/peregrine-launcher/out/1.21.11/home/data/peregrine/libraries/org/ow2/asm/asm-tree/9.10.1/asm-tree-9.10.1.jar:/home/runner/work/peregrine-launcher/peregrine-launcher/out/1.21.11/home/data/peregrine/libraries/org/ow2/asm/asm-util/9.10.1/asm-util-9.10.1.jar:/home/runner/work/peregrine-launcher/peregrine-launcher/out/1.21.11/home/data/peregrine/libraries/net/fabricmc/sponge-mixin/0.17.4+mixin.0.8.7/sponge-mixin-0.17.4+mixin.0.8.7.jar:/home/runner/work/peregrine-launcher/peregrine-launcher/out/1.21.11/home/data/peregrine/libraries/net/fabricmc/intermediary/1.21.11/intermediary-1.21.11.jar:/home/runner/work/peregrine-launcher/peregrine-launcher/out/1.21.11/home/data/peregrine/libraries/net/fabricmc/fabric-loader/0.19.5/fabric-loader-0.19.5.jar:/home/runner/work/peregrine-launcher/peregrine-launcher/out/1.21.11/home/data/peregrine/libraries/at/yawk/lz4/lz4-java/1.8.1/lz4-java-1.8.1.jar:/home/runner/work/peregrine-launcher/peregrine-launcher/out/1.21.11/home/data/peregrine/libraries/com/azure/azure-json/1.4.0/azure-json-1.4.0.jar:/home/runner/work/peregrine-launcher/peregrine-launcher/out/1.21.11/home/data/peregrine/libraries/com/github/oshi/oshi-core/6.9.0/oshi-core-6.9.0.jar:/home/runner/work/peregrine-launcher/peregrine-launcher/out/1.21.11/home/data/peregrine/libraries/com/google/code/gson/gson/2.13.2/gson-2.13.2.jar:/home/runner/work/peregrine-launcher/peregrine-launcher/out/1.21.11/home/data/peregrine/libraries/com/google/guava/failureaccess/1.0.3/failureaccess-1.0.3.jar:/home/runner/work/peregrine-launcher/peregrine-launcher/out/1.21.11/home/data/peregrine/libraries/com/google/guava/guava/33.5.0-jre/guava-33.5.0-jre.jar:/home/runner/work/peregrine-launcher/peregrine-launcher/out/1.21.11/home/data/peregrine/libraries/com/ibm/icu/icu4j/77.1/icu4j-77.1.jar:/home/runner/work/peregrine-launcher/peregrine-launcher/out/1.21.11/home/data/peregrine/libraries/com/microsoft/azure/msal4j/1.23.1/msal4j-1.23.1.jar:/home/runner/work/peregrine-launcher/peregrine-launcher/out/1.21.11/home/data/peregrine/libraries/com/mojang/authlib/7.0.61/authlib-7.0.61.jar:/home/runner/work/peregrine-launcher/peregrine-launcher/out/1.21.11/home/data/peregrine/libraries/com/mojang/blocklist/1.0.10/blocklist-1.0.10.jar:/home/runner/work/peregrine-launcher/peregrine-launcher/out/1.21.11/home/data/peregrine/libraries/com/mojang/brigadier/1.3.10/brigadier-1.3.10.jar:/home/runner/work/peregrine-launcher/peregrine-launcher/out/1.21.11/home/data/peregrine/libraries/com/mojang/datafixerupper/9.0.19/datafixerupper-9.0.19.jar:/home/runner/work/peregrine-launcher/peregrine-launcher/out/1.21.11/home/data/peregrine/libraries/com/mojang/jtracy/1.0.37/jtracy-1.0.37.jar:/home/runner/work/peregrine-launcher/peregrine-launcher/out/1.21.11/home/data/peregrine/libraries/com/mojang/jtracy/1.0.37/jtracy-1.0.37-natives-linux.jar:/home/runner/work/peregrine-launcher/peregrine-launcher/out/1.21.11/home/data/peregrine/libraries/com/mojang/logging/1.6.11/logging-1.6.11.jar:/home/runner/work/peregrine-launcher/peregrine-launcher/out/1.21.11/home/data/peregrine/libraries/com/mojang/patchy/2.2.10/patchy-2.2.10.jar:/home/runner/work/peregrine-launcher/peregrine-launcher/out/1.21.11/home/data/peregrine/libraries/com/mojang/text2speech/1.18.11/text2speech-1.18.11.jar:/home/runner/work/peregrine-launcher/peregrine-launcher/out/1.21.11/home/data/peregrine/libraries/commons-codec/commons-codec/1.19.0/commons-codec-1.19.0.jar:/home/runner/work/peregrine-launcher/peregrine-launcher/out/1.21.11/home/data/peregrine/libraries/commons-io/commons-io/2.20.0/commons-io-2.20.0.jar:/home/runner/work/peregrine-launcher/peregrine-launcher/out/1.21.11/home/data/peregrine/libraries/io/netty/netty-buffer/4.2.7.Final/netty-buffer-4.2.7.Final.jar:/home/runner/work/peregrine-launcher/peregrine-launcher/out/1.21.11/home/data/peregrine/libraries/io/netty/netty-codec-base/4.2.7.Final/netty-codec-base-4.2.7.Final.jar:/home/runner/work/peregrine-launcher/peregrine-launcher/out/1.21.11/home/data/peregrine/libraries/io/netty/netty-codec-compression/4.2.7.Final/netty-codec-compression-4.2.7.Final.jar:/home/runner/work/peregrine-launcher/peregrine-launcher/out/1.21.11/home/data/peregrine/libraries/io/netty/netty-codec-http/4.2.7.Final/netty-codec-http-4.2.7.Final.jar:/home/runner/work/peregrine-launcher/peregrine-launcher/out/1.21.11/home/data/peregrine/libraries/io/netty/netty-common/4.2.7.Final/netty-common-4.2.7.Final.jar:/home/runner/work/peregrine-launcher/peregrine-launcher/out/1.21.11/home/data/peregrine/libraries/io/netty/netty-handler/4.2.7.Final/netty-handler-4.2.7.Final.jar:/home/runner/work/peregrine-launcher/peregrine-launcher/out/1.21.11/home/data/peregrine/libraries/io/netty/netty-resolver/4.2.7.Final/netty-resolver-4.2.7.Final.jar:/home/runner/work/peregrine-launcher/peregrine-launcher/out/1.21.11/home/data/peregrine/libraries/io/netty/netty-transport-classes-epoll/4.2.7.Final/netty-transport-classes-epoll-4.2.7.Final.jar:/home/runner/work/peregrine-launcher/peregrine-launcher/out/1.21.11/home/data/peregrine/libraries/io/netty/netty-transport-classes-kqueue/4.2.7.Final/netty-transport-classes-kqueue-4.2.7.Final.jar:/home/runner/work/peregrine-launcher/peregrine-launcher/out/1.21.11/home/data/peregrine/libraries/io/netty/netty-transport-native-epoll/4.2.7.Final/netty-transport-native-epoll-4.2.7.Final-linux-aarch_64.jar:/home/runner/work/peregrine-launcher/peregrine-launcher/out/1.21.11/home/data/peregrine/libraries/io/netty/netty-transport-native-epoll/4.2.7.Final/netty-transport-native-epoll-4.2.7.Final-linux-x86_64.jar:/home/runner/work/peregrine-launcher/peregrine-launcher/out/1.21.11/home/data/peregrine/libraries/io/netty/netty-transport-native-unix-common/4.2.7.Final/netty-transport-native-unix-common-4.2.7.Final.jar:/home/runner/work/peregrine-launcher/peregrine-launcher/out/1.21.11/home/data/peregrine/libraries/io/netty/netty-transport/4.2.7.Final/netty-transport-4.2.7.Final.jar:/home/runner/work/peregrine-launcher/peregrine-launcher/out/1.21.11/home/data/peregrine/libraries/it/unimi/dsi/fastutil/8.5.18/fastutil-8.5.18.jar:/home/runner/work/peregrine-launcher/peregrine-launcher/out/1.21.11/home/data/peregrine/libraries/net/java/dev/jna/jna-platform/5.17.0/jna-platform-5.17.0.jar:/home/runner/work/peregrine-launcher/peregrine-launcher/out/1.21.11/home/data/peregrine/libraries/net/java/dev/jna/jna/5.17.0/jna-5.17.0.jar:/home/runner/work/peregrine-launcher/peregrine-launcher/out/1.21.11/home/data/peregrine/libraries/net/sf/jopt-simple/jopt-simple/5.0.4/jopt-simple-5.0.4.jar:/home/runner/work/peregrine-launcher/peregrine-launcher/out/1.21.11/home/data/peregrine/libraries/org/apache/commons/commons-compress/1.28.0/commons-compress-1.28.0.jar:/home/runner/work/peregrine-launcher/peregrine-launcher/out/1.21.11/home/data/peregrine/libraries/org/apache/commons/commons-lang3/3.19.0/commons-lang3-3.19.0.jar:/home/runner/work/peregrine-launcher/peregrine-launcher/out/1.21.11/home/data/peregrine/libraries/org/apache/logging/log4j/log4j-api/2.25.2/log4j-api-2.25.2.jar:/home/runner/work/peregrine-launcher/peregrine-launcher/out/1.21.11/home/data/peregrine/libraries/org/apache/logging/log4j/log4j-core/2.25.2/log4j-core-2.25.2.jar:/home/runner/work/peregrine-launcher/peregrine-launcher/out/1.21.11/home/data/peregrine/libraries/org/apache/logging/log4j/log4j-slf4j2-impl/2.25.2/log4j-slf4j2-impl-2.25.2.jar:/home/runner/work/peregrine-launcher/peregrine-launcher/out/1.21.11/home/data/peregrine/libraries/org/jcraft/jorbis/0.0.17/jorbis-0.0.17.jar:/home/runner/work/peregrine-launcher/peregrine-launcher/out/1.21.11/home/data/peregrine/libraries/org/joml/joml/1.10.8/joml-1.10.8.jar:/home/runner/work/peregrine-launcher/peregrine-launcher/out/1.21.11/home/data/peregrine/libraries/org/jspecify/jspecify/1.0.0/jspecify-1.0.0.jar:/home/runner/work/peregrine-launcher/peregrine-launcher/out/1.21.11/home/data/peregrine/libraries/org/lwjgl/lwjgl-freetype/3.3.3/lwjgl-freetype-3.3.3.jar:/home/runner/work/peregrine-launcher/peregrine-launcher/out/1.21.11/home/data/peregrine/libraries/org/lwjgl/lwjgl-freetype/3.3.3/lwjgl-freetype-3.3.3-natives-linux.jar:/home/runner/work/peregrine-launcher/peregrine-launcher/out/1.21.11/home/data/peregrine/libraries/org/lwjgl/lwjgl-glfw/3.3.3/lwjgl-glfw-3.3.3.jar:/home/runner/work/peregrine-launcher/peregrine-launcher/out/1.21.11/home/data/peregrine/libraries/org/lwjgl/lwjgl-glfw/3.3.3/lwjgl-glfw-3.3.3-natives-linux.jar:/home/runner/work/peregrine-launcher/peregrine-launcher/out/1.21.11/home/data/peregrine/libraries/org/lwjgl/lwjgl-jemalloc/3.3.3/lwjgl-jemalloc-3.3.3.jar:/home/runner/work/peregrine-launcher/peregrine-launcher/out/1.21.11/home/data/peregrine/libraries/org/lwjgl/lwjgl-jemalloc/3.3.3/lwjgl-jemalloc-3.3.3-natives-linux.jar:/home/runner/work/peregrine-launcher/peregrine-launcher/out/1.21.11/home/data/peregrine/libraries/org/lwjgl/lwjgl-openal/3.3.3/lwjgl-openal-3.3.3.jar:/home/runner/work/peregrine-launcher/peregrine-launcher/out/1.21.11/home/data/peregrine/libraries/org/lwjgl/lwjgl-openal/3.3.3/lwjgl-openal-3.3.3-natives-linux.jar:/home/runner/work/peregrine-launcher/peregrine-launcher/out/1.21.11/home/data/peregrine/libraries/org/lwjgl/lwjgl-opengl/3.3.3/lwjgl-opengl-3.3.3.jar:/home/runner/work/peregrine-launcher/peregrine-launcher/out/1.21.11/home/data/peregrine/libraries/org/lwjgl/lwjgl-opengl/3.3.3/lwjgl-opengl-3.3.3-natives-linux.jar:/home/runner/work/peregrine-launcher/peregrine-launcher/out/1.21.11/home/data/peregrine/libraries/org/lwjgl/lwjgl-stb/3.3.3/lwjgl-stb-3.3.3.jar:/home/runner/work/peregrine-launcher/peregrine-launcher/out/1.21.11/home/data/peregrine/libraries/org/lwjgl/lwjgl-stb/3.3.3/lwjgl-stb-3.3.3-natives-linux.jar:/home/runner/work/peregrine-launcher/peregrine-launcher/out/1.21.11/home/data/peregrine/libraries/org/lwjgl/lwjgl-tinyfd/3.3.3/lwjgl-tinyfd-3.3.3.jar:/home/runner/work/peregrine-launcher/peregrine-launcher/out/1.21.11/home/data/peregrine/libraries/org/lwjgl/lwjgl-tinyfd/3.3.3/lwjgl-tinyfd-3.3.3-natives-linux.jar:/home/runner/work/peregrine-launcher/peregrine-launcher/out/1.21.11/home/data/peregrine/libraries/org/lwjgl/lwjgl/3.3.3/lwjgl-3.3.3.jar:/home/runner/work/peregrine-launcher/peregrine-launcher/out/1.21.11/home/data/peregrine/libraries/org/lwjgl/lwjgl/3.3.3/lwjgl-3.3.3-natives-linux.jar:/home/runner/work/peregrine-launcher/peregrine-launcher/out/1.21.11/home/data/peregrine/libraries/org/slf4j/slf4j-api/2.0.17/slf4j-api-2.0.17.jar:/home/runner/work/peregrine-launcher/peregrine-launcher/out/1.21.11/home/data/peregrine/versions/1.21.11/1.21.11.jar)
	at knot//com.sun.jna.NativeLibrary.loadLibrary(NativeLibrary.java:325)
	at knot//com.sun.jna.NativeLibrary.getInstance(NativeLibrary.java:481)
	at knot//com.sun.jna.NativeLibrary.getInstance(NativeLibrary.java:423)
	at knot//com.mojang.text2speech.NarratorLinux$FliteLibrary.loadNative(NarratorLinux.java:79)
	... 8 more
	Suppressed: java.lang.UnsatisfiedLinkError: libflite.so: cannot open shared object file: No such file or directory
		at knot//com.sun.jna.Native.open(Native Method)
		at knot//com.sun.jna.NativeLibrary.loadLibrary(NativeLibrary.java:213)
		... 11 more
	Suppressed: java.lang.UnsatisfiedLinkError: libflite.so: cannot open shared object file: No such file or directory
		at knot//com.sun.jna.Native.open(Native Method)
		at knot//com.sun.jna.NativeLibrary.loadLibrary(NativeLibrary.java:226)
		... 11 more
	Suppressed: java.io.IOException: Native library (linux-x86-64/libflite.so) not found in resource path (/home/runner/work/peregrine-launcher/peregrine-launcher/out/1.21.11/home/data/peregrine/libraries/org/ow2/asm/asm/9.10.1/asm-9.10.1.jar:/home/runner/work/peregrine-launcher/peregrine-launcher/out/1.21.11/home/data/peregrine/libraries/org/ow2/asm/asm-analysis/9.10.1/asm-analysis-9.10.1.jar:/home/runner/work/peregrine-launcher/peregrine-launcher/out/1.21.11/home/data/peregrine/libraries/org/ow2/asm/asm-commons/9.10.1/asm-commons-9.10.1.jar:/home/runner/work/peregrine-launcher/peregrine-launcher/out/1.21.11/home/data/peregrine/libraries/org/ow2/asm/asm-tree/9.10.1/asm-tree-9.10.1.jar:/home/runner/work/peregrine-launcher/peregrine-launcher/out/1.21.11/home/data/peregrine/libraries/org/ow2/asm/asm-util/9.10.1/asm-util-9.10.1.jar:/home/runner/work/peregrine-launcher/peregrine-launcher/out/1.21.11/home/data/peregrine/libraries/net/fabricmc/sponge-mixin/0.17.4+mixin.0.8.7/sponge-mixin-0.17.4+mixin.0.8.7.jar:/home/runner/work/peregrine-launcher/peregrine-launcher/out/1.21.11/home/data/peregrine/libraries/net/fabricmc/intermediary/1.21.11/intermediary-1.21.11.jar:/home/runner/work/peregrine-launcher/peregrine-launcher/out/1.21.11/home/data/peregrine/libraries/net/fabricmc/fabric-loader/0.19.5/fabric-loader-0.19.5.jar:/home/runner/work/peregrine-launcher/peregrine-launcher/out/1.21.11/home/data/peregrine/libraries/at/yawk/lz4/lz4-java/1.8.1/lz4-java-1.8.1.jar:/home/runner/work/peregrine-launcher/peregrine-launcher/out/1.21.11/home/data/peregrine/libraries/com/azure/azure-json/1.4.0/azure-json-1.4.0.jar:/home/runner/work/peregrine-launcher/peregrine-launcher/out/1.21.11/home/data/peregrine/libraries/com/github/oshi/oshi-core/6.9.0/oshi-core-6.9.0.jar:/home/runner/work/peregrine-launcher/peregrine-launcher/out/1.21.11/home/data/peregrine/libraries/com/google/code/gson/gson/2.13.2/gson-2.13.2.jar:/home/runner/work/peregrine-launcher/peregrine-launcher/out/1.21.11/home/data/peregrine/libraries/com/google/guava/failureaccess/1.0.3/failureaccess-1.0.3.jar:/home/runner/work/peregrine-launcher/peregrine-launcher/out/1.21.11/home/data/peregrine/libraries/com/google/guava/guava/33.5.0-jre/guava-33.5.0-jre.jar:/home/runner/work/peregrine-launcher/peregrine-launcher/out/1.21.11/home/data/peregrine/libraries/com/ibm/icu/icu4j/77.1/icu4j-77.1.jar:/home/runner/work/peregrine-launcher/peregrine-launcher/out/1.21.11/home/data/peregrine/libraries/com/microsoft/azure/msal4j/1.23.1/msal4j-1.23.1.jar:/home/runner/work/peregrine-launcher/peregrine-launcher/out/1.21.11/home/data/peregrine/libraries/com/mojang/authlib/7.0.61/authlib-7.0.61.jar:/home/runner/work/peregrine-launcher/peregrine-launcher/out/1.21.11/home/data/peregrine/libraries/com/mojang/blocklist/1.0.10/blocklist-1.0.10.jar:/home/runner/work/peregrine-launcher/peregrine-launcher/out/1.21.11/home/data/peregrine/libraries/com/mojang/brigadier/1.3.10/brigadier-1.3.10.jar:/home/runner/work/peregrine-launcher/peregrine-launcher/out/1.21.11/home/data/peregrine/libraries/com/mojang/datafixerupper/9.0.19/datafixerupper-9.0.19.jar:/home/runner/work/peregrine-launcher/peregrine-launcher/out/1.21.11/home/data/peregrine/libraries/com/mojang/jtracy/1.0.37/jtracy-1.0.37.jar:/home/runner/work/peregrine-launcher/peregrine-launcher/out/1.21.11/home/data/peregrine/libraries/com/mojang/jtracy/1.0.37/jtracy-1.0.37-natives-linux.jar:/home/runner/work/peregrine-launcher/peregrine-launcher/out/1.21.11/home/data/peregrine/libraries/com/mojang/logging/1.6.11/logging-1.6.11.jar:/home/runner/work/peregrine-launcher/peregrine-launcher/out/1.21.11/home/data/peregrine/libraries/com/mojang/patchy/2.2.10/patchy-2.2.10.jar:/home/runner/work/peregrine-launcher/peregrine-launcher/out/1.21.11/home/data/peregrine/libraries/com/mojang/text2speech/1.18.11/text2speech-1.18.11.jar:/home/runner/work/peregrine-launcher/peregrine-launcher/out/1.21.11/home/data/peregrine/libraries/commons-codec/commons-codec/1.19.0/commons-codec-1.19.0.jar:/home/runner/work/peregrine-launcher/peregrine-launcher/out/1.21.11/home/data/peregrine/libraries/commons-io/commons-io/2.20.0/commons-io-2.20.0.jar:/home/runner/work/peregrine-launcher/peregrine-launcher/out/1.21.11/home/data/peregrine/libraries/io/netty/netty-buffer/4.2.7.Final/netty-buffer-4.2.7.Final.jar:/home/runner/work/peregrine-launcher/peregrine-launcher/out/1.21.11/home/data/peregrine/libraries/io/netty/netty-codec-base/4.2.7.Final/netty-codec-base-4.2.7.Final.jar:/home/runner/work/peregrine-launcher/peregrine-launcher/out/1.21.11/home/data/peregrine/libraries/io/netty/netty-codec-compression/4.2.7.Final/netty-codec-compression-4.2.7.Final.jar:/home/runner/work/peregrine-launcher/peregrine-launcher/out/1.21.11/home/data/peregrine/libraries/io/netty/netty-codec-http/4.2.7.Final/netty-codec-http-4.2.7.Final.jar:/home/runner/work/peregrine-launcher/peregrine-launcher/out/1.21.11/home/data/peregrine/libraries/io/netty/netty-common/4.2.7.Final/netty-common-4.2.7.Final.jar:/home/runner/work/peregrine-launcher/peregrine-launcher/out/1.21.11/home/data/peregrine/libraries/io/netty/netty-handler/4.2.7.Final/netty-handler-4.2.7.Final.jar:/home/runner/work/peregrine-launcher/peregrine-launcher/out/1.21.11/home/data/peregrine/libraries/io/netty/netty-resolver/4.2.7.Final/netty-resolver-4.2.7.Final.jar:/home/runner/work/peregrine-launcher/peregrine-launcher/out/1.21.11/home/data/peregrine/libraries/io/netty/netty-transport-classes-epoll/4.2.7.Final/netty-transport-classes-epoll-4.2.7.Final.jar:/home/runner/work/peregrine-launcher/peregrine-launcher/out/1.21.11/home/data/peregrine/libraries/io/netty/netty-transport-classes-kqueue/4.2.7.Final/netty-transport-classes-kqueue-4.2.7.Final.jar:/home/runner/work/peregrine-launcher/peregrine-launcher/out/1.21.11/home/data/peregrine/libraries/io/netty/netty-transport-native-epoll/4.2.7.Final/netty-transport-native-epoll-4.2.7.Final-linux-aarch_64.jar:/home/runner/work/peregrine-launcher/peregrine-launcher/out/1.21.11/home/data/peregrine/libraries/io/netty/netty-transport-native-epoll/4.2.7.Final/netty-transport-native-epoll-4.2.7.Final-linux-x86_64.jar:/home/runner/work/peregrine-launcher/peregrine-launcher/out/1.21.11/home/data/peregrine/libraries/io/netty/netty-transport-native-unix-common/4.2.7.Final/netty-transport-native-unix-common-4.2.7.Final.jar:/home/runner/work/peregrine-launcher/peregrine-launcher/out/1.21.11/home/data/peregrine/libraries/io/netty/netty-transport/4.2.7.Final/netty-transport-4.2.7.Final.jar:/home/runner/work/peregrine-launcher/peregrine-launcher/out/1.21.11/home/data/peregrine/libraries/it/unimi/dsi/fastutil/8.5.18/fastutil-8.5.18.jar:/home/runner/work/peregrine-launcher/peregrine-launcher/out/1.21.11/home/data/peregrine/libraries/net/java/dev/jna/jna-platform/5.17.0/jna-platform-5.17.0.jar:/home/runner/work/peregrine-launcher/peregrine-launcher/out/1.21.11/home/data/peregrine/libraries/net/java/dev/jna/jna/5.17.0/jna-5.17.0.jar:/home/runner/work/peregrine-launcher/peregrine-launcher/out/1.21.11/home/data/peregrine/libraries/net/sf/jopt-simple/jopt-simple/5.0.4/jopt-simple-5.0.4.jar:/home/runner/work/peregrine-launcher/peregrine-launcher/out/1.21.11/home/data/peregrine/libraries/org/apache/commons/commons-compress/1.28.0/commons-compress-1.28.0.jar:/home/runner/work/peregrine-launcher/peregrine-launcher/out/1.21.11/home/data/peregrine/libraries/org/apache/commons/commons-lang3/3.19.0/commons-lang3-3.19.0.jar:/home/runner/work/peregrine-launcher/peregrine-launcher/out/1.21.11/home/data/peregrine/libraries/org/apache/logging/log4j/log4j-api/2.25.2/log4j-api-2.25.2.jar:/home/runner/work/peregrine-launcher/peregrine-launcher/out/1.21.11/home/data/peregrine/libraries/org/apache/logging/log4j/log4j-core/2.25.2/log4j-core-2.25.2.jar:/home/runner/work/peregrine-launcher/peregrine-launcher/out/1.21.11/home/data/peregrine/libraries/org/apache/logging/log4j/log4j-slf4j2-impl/2.25.2/log4j-slf4j2-impl-2.25.2.jar:/home/runner/work/peregrine-launcher/peregrine-launcher/out/1.21.11/home/data/peregrine/libraries/org/jcraft/jorbis/0.0.17/jorbis-0.0.17.jar:/home/runner/work/peregrine-launcher/peregrine-launcher/out/1.21.11/home/data/peregrine/libraries/org/joml/joml/1.10.8/joml-1.10.8.jar:/home/runner/work/peregrine-launcher/peregrine-launcher/out/1.21.11/home/data/peregrine/libraries/org/jspecify/jspecify/1.0.0/jspecify-1.0.0.jar:/home/runner/work/peregrine-launcher/peregrine-launcher/out/1.21.11/home/data/peregrine/libraries/org/lwjgl/lwjgl-freetype/3.3.3/lwjgl-freetype-3.3.3.jar:/home/runner/work/peregrine-launcher/peregrine-launcher/out/1.21.11/home/data/peregrine/libraries/org/lwjgl/lwjgl-freetype/3.3.3/lwjgl-freetype-3.3.3-natives-linux.jar:/home/runner/work/peregrine-launcher/peregrine-launcher/out/1.21.11/home/data/peregrine/libraries/org/lwjgl/lwjgl-glfw/3.3.3/lwjgl-glfw-3.3.3.jar:/home/runner/work/peregrine-launcher/peregrine-launcher/out/1.21.11/home/data/peregrine/libraries/org/lwjgl/lwjgl-glfw/3.3.3/lwjgl-glfw-3.3.3-natives-linux.jar:/home/runner/work/peregrine-launcher/peregrine-launcher/out/1.21.11/home/data/peregrine/libraries/org/lwjgl/lwjgl-jemalloc/3.3.3/lwjgl-jemalloc-3.3.3.jar:/home/runner/work/peregrine-launcher/peregrine-launcher/out/1.21.11/home/data/peregrine/libraries/org/lwjgl/lwjgl-jemalloc/3.3.3/lwjgl-jemalloc-3.3.3-natives-linux.jar:/home/runner/work/peregrine-launcher/peregrine-launcher/out/1.21.11/home/data/peregrine/libraries/org/lwjgl/lwjgl-openal/3.3.3/lwjgl-openal-3.3.3.jar:/home/runner/work/peregrine-launcher/peregrine-launcher/out/1.21.11/home/data/peregrine/libraries/org/lwjgl/lwjgl-openal/3.3.3/lwjgl-openal-3.3.3-natives-linux.jar:/home/runner/work/peregrine-launcher/peregrine-launcher/out/1.21.11/home/data/peregrine/libraries/org/lwjgl/lwjgl-opengl/3.3.3/lwjgl-opengl-3.3.3.jar:/home/runner/work/peregrine-launcher/peregrine-launcher/out/1.21.11/home/data/peregrine/libraries/org/lwjgl/lwjgl-opengl/3.3.3/lwjgl-opengl-3.3.3-natives-linux.jar:/home/runner/work/peregrine-launcher/peregrine-launcher/out/1.21.11/home/data/peregrine/libraries/org/lwjgl/lwjgl-stb/3.3.3/lwjgl-stb-3.3.3.jar:/home/runner/work/peregrine-launcher/peregrine-launcher/out/1.21.11/home/data/peregrine/libraries/org/lwjgl/lwjgl-stb/3.3.3/lwjgl-stb-3.3.3-natives-linux.jar:/home/runner/work/peregrine-launcher/peregrine-launcher/out/1.21.11/home/data/peregrine/libraries/org/lwjgl/lwjgl-tinyfd/3.3.3/lwjgl-tinyfd-3.3.3.jar:/home/runner/work/peregrine-launcher/peregrine-launcher/out/1.21.11/home/data/peregrine/libraries/org/lwjgl/lwjgl-tinyfd/3.3.3/lwjgl-tinyfd-3.3.3-natives-linux.jar:/home/runner/work/peregrine-launcher/peregrine-launcher/out/1.21.11/home/data/peregrine/libraries/org/lwjgl/lwjgl/3.3.3/lwjgl-3.3.3.jar:/home/runner/work/peregrine-launcher/peregrine-launcher/out/1.21.11/home/data/peregrine/libraries/org/lwjgl/lwjgl/3.3.3/lwjgl-3.3.3-natives-linux.jar:/home/runner/work/peregrine-launcher/peregrine-launcher/out/1.21.11/home/data/peregrine/libraries/org/slf4j/slf4j-api/2.0.17/slf4j-api-2.0.17.jar:/home/runner/work/peregrine-launcher/peregrine-launcher/out/1.21.11/home/data/peregrine/versions/1.21.11/1.21.11.jar)
		at knot//com.sun.jna.Native.extractFromResourcePath(Native.java:1141)
		at knot//com.sun.jna.NativeLibrary.loadLibrary(NativeLibrary.java:297)
		... 11 more
[16:28:42] [Render thread/INFO]: Reloading ResourceManager: vanilla, badoptimizations, cloth-config, conditional-mixin, dynamic_fps, entityculling, fabric-api, fabric-api-base, fabric-api-lookup-api-v1, fabric-biome-api-v1, fabric-block-api-v1, fabric-block-view-api-v2, fabric-command-api-v2, fabric-content-registries-v0, fabric-convention-tags-v1, fabric-convention-tags-v2, fabric-crash-report-info-v1, fabric-data-attachment-api-v1, fabric-data-generation-api-v1, fabric-dimensions-v1, fabric-entity-events-v1, fabric-events-interaction-v0, fabric-game-rule-api-v1, fabric-item-api-v1, fabric-item-group-api-v1, fabric-key-binding-api-v1, fabric-lifecycle-events-v1, fabric-loot-api-v2, fabric-loot-api-v3, fabric-message-api-v1, fabric-model-loading-api-v1, fabric-networking-api-v1, fabric-object-builder-api-v1, fabric-particles-v1, fabric-recipe-api-v1, fabric-registry-sync-v0, fabric-renderer-api-v1, fabric-renderer-indigo, fabric-rendering-fluids-v1, fabric-rendering-v1, fabric-resource-conditions-api-v1, fabric-resource-loader-v0, fabric-resource-loader-v1, fabric-screen-api-v1, fabric-screen-handler-api-v1, fabric-serialization-api-v1, fabric-sound-api-v1, fabric-tag-api-v1, fabric-transfer-api-v1, fabric-transitive-access-wideners-v1, fabricloader, immediatelyfast, lithium, moreculling, peregrine-client, scalablelux, sodium, trender, file/PeregrineTest
[16:28:42] [Render thread/WARN]: Dynamic FPS config missing or corrupted! Using defaults.
[16:28:42] [Render thread/INFO]: Cached all modded block culling states
[16:28:42] [Render thread/INFO]: [STDOUT]: [Peregrine self-test] INFO phase world on Minecraft 1.21.11
[16:28:42] [Worker-Main-2/INFO]: Found unifont_all_no_pua-17.0.01.hex, loading
[16:28:42] [Worker-Main-1/INFO]: Found unifont_pua-17.0.01.hex, loading
[16:28:43] [Worker-Main-2/INFO]: Found unifont_jp_patch-17.0.01.hex, loading
[16:28:44] [Render thread/ERROR]: Error starting SoundSystem. Turning off sounds & music
java.lang.IllegalStateException: Failed to open OpenAL device
	at knot//net.minecraft.class_4225.method_38501(class_4225.java:292)
	at knot//net.minecraft.class_4225.method_19661(class_4225.java:150)
	at knot//net.minecraft.class_1140.method_4846(class_1140.java:119)
	at knot//net.minecraft.class_1140.method_4837(class_1140.java:109)
	at knot//net.minecraft.class_1144.method_18182(class_1144.java:122)
	at knot//net.minecraft.class_1144.method_18788(class_1144.java:41)
	at knot//net.minecraft.class_4080.method_18790(class_4080.java:15)
	at java.base/java.util.concurrent.CompletableFuture$UniAccept.tryFire(Unknown Source)
	at java.base/java.util.concurrent.CompletableFuture$Completion.run(Unknown Source)
	at knot//net.minecraft.class_4014.method_67574(class_4014.java:59)
	at knot//net.minecraft.class_1255.method_18859(class_1255.java:169)
	at knot//net.minecraft.class_4093.method_18859(class_4093.java:23)
	at knot//net.minecraft.class_1255.method_16075(class_1255.java:143)
	at knot//net.minecraft.class_1255.method_5383(class_1255.java:124)
	at knot//net.minecraft.class_310.method_1523(class_310.java:1339)
	at knot//net.minecraft.class_310.method_1514(class_310.java:966)
	at knot//net.minecraft.client.main.Main.main(Main.java:250)
	at net.fabricmc.loader.impl.game.minecraft.MinecraftGameProvider.launch(MinecraftGameProvider.java:517)
	at net.fabricmc.loader.impl.launch.knot.Knot.launch(Knot.java:72)
	at net.fabricmc.loader.impl.launch.knot.KnotClient.main(KnotClient.java:23)
[16:28:44] [Render thread/INFO]: Created: 512x256x0 minecraft:textures/atlas/particles.png-atlas
[16:28:44] [Render thread/INFO]: Created: 128x128x0 minecraft:textures/atlas/decorated_pot.png-atlas
[16:28:44] [Render thread/INFO]: Created: 2048x1024x0 minecraft:textures/atlas/armor_trims.png-atlas
[16:28:44] [Render thread/INFO]: Created: 512x256x0 minecraft:textures/atlas/paintings.png-atlas
[16:28:44] [Render thread/INFO]: Created: 1024x512x0 minecraft:textures/atlas/shield_patterns.png-atlas
[16:28:44] [Render thread/INFO]: Created: 2048x2048x4 minecraft:textures/atlas/blocks.png-atlas
[16:28:45] [Render thread/INFO]: Created: 512x512x0 minecraft:textures/atlas/chest.png-atlas
[16:28:45] [Render thread/INFO]: Created: 256x128x0 minecraft:textures/atlas/celestials.png-atlas
[16:28:45] [Render thread/INFO]: Created: 1024x512x0 minecraft:textures/atlas/banner_patterns.png-atlas
[16:28:45] [Render thread/INFO]: Created: 512x512x0 minecraft:textures/atlas/beds.png-atlas
[16:28:45] [Render thread/INFO]: Created: 1024x512x0 minecraft:textures/atlas/items.png-atlas
[16:28:45] [Render thread/INFO]: Created: 1024x1024x0 minecraft:textures/atlas/gui.png-atlas
[16:28:45] [Render thread/INFO]: Created: 128x64x0 minecraft:textures/atlas/map_decorations.png-atlas
[16:28:45] [Render thread/INFO]: Created: 512x256x0 minecraft:textures/atlas/signs.png-atlas
[16:28:45] [Render thread/INFO]: Created: 512x512x0 minecraft:textures/atlas/shulker_boxes.png-atlas
[16:28:45] [Render thread/INFO]: 29675 cache(s) were cleared!
[16:28:45] [Render thread/INFO]: Found new data pack fabric-convention-tags-v2, loading it automatically
[16:28:47] [Render thread/INFO]: Loaded 1470 recipes
[16:28:47] [Render thread/INFO]: Loaded 1584 advancements
[16:28:47] [Render thread/INFO]: Applied 0 biome modifications to 0 of 65 new biomes in 3.738 ms
[16:28:47] [Server thread/INFO]: Starting integrated minecraft server version 1.21.11
[16:28:47] [Server thread/INFO]: Generating keypair
[16:28:48] [Server thread/INFO]: Loading 0 persistent chunks...
[16:28:48] [Server thread/INFO]: Preparing spawn area: 16%
[16:28:48] [Server thread/INFO]: [STDOUT]: [ScalableLux] Lighting scaling is disabled (due to low parallelism in the settings)
[16:28:53] [Server thread/INFO]: Loading 48 chunks for player spawn...
[16:28:53] [Server thread/INFO]: Preparing spawn area: 16%
[16:28:53] [Server thread/INFO]: Preparing spawn area: 18%
[16:28:53] [Server thread/INFO]: Preparing spawn area: 18%
[16:28:54] [Server thread/INFO]: Preparing spawn area: 18%
[16:28:54] [Server thread/INFO]: Preparing spawn area: 18%
[16:28:54] [Server thread/INFO]: Preparing spawn area: 18%
[16:28:54] [Server thread/INFO]: Preparing spawn area: 18%
[16:28:54] [Server thread/INFO]: Preparing spawn area: 18%
[16:28:54] [Server thread/INFO]: Preparing spawn area: 18%
[16:28:54] [Server thread/INFO]: Preparing spawn area: 18%
[16:28:54] [Server thread/INFO]: Preparing spawn area: 18%
[16:28:54] [Server thread/INFO]: Preparing spawn area: 18%
[16:28:54] [Server thread/INFO]: Preparing spawn area: 18%
[16:28:55] [Server thread/INFO]: Preparing spawn area: 18%
[16:28:55] [Server thread/INFO]: Preparing spawn area: 30%
[16:28:56] [Server thread/INFO]: Preparing spawn area: 30%
[16:28:56] [Server thread/INFO]: Preparing spawn area: 30%
[16:28:57] [Server thread/INFO]: Preparing spawn area: 58%
[16:28:57] [Server thread/INFO]: Preparing spawn area: 58%
[16:28:58] [Server thread/INFO]: Preparing spawn area: 58%
[16:28:58] [Server thread/INFO]: Preparing spawn area: 60%
[16:28:59] [Server thread/INFO]: Preparing spawn area: 70%
[16:28:59] [Server thread/INFO]: Time elapsed: 11112 ms
[16:28:59] [Server thread/INFO]: Tester[local:E:8162ca41] logged in with entity id 6 at (-11.5, 96.0, 13.5)
[16:28:59] [Server thread/INFO]: Tester joined the game
[16:28:59] [Render thread/INFO]: Started 1 worker threads
[16:28:59] [Server thread/INFO]: Changing view distance to 4, from 10
[16:28:59] [Server thread/INFO]: Changing simulation distance to 5, from 0
[16:28:59] [Render thread/INFO]: Loaded 2 advancements
[16:28:59] [Render thread/INFO]: Stopping worker threads
[16:28:59] [Render thread/INFO]: Started 1 worker threads
[16:29:00] [Render thread/INFO]: Resizing Dynamic Transforms UBO, capacity limit of 2 reached during a single frame. New capacity will be 4.
[16:29:00] [Render thread/INFO]: Resizing Dynamic Transforms UBO, capacity limit of 4 reached during a single frame. New capacity will be 8.
[16:29:01] [Render thread/INFO]: [STDOUT]: [Peregrine self-test] PASS joins the world
[16:29:01] [Server thread/INFO]: Changing view distance to 8, from 4
[16:29:01] [Render thread/INFO]: Stopping worker threads
[16:29:01] [Render thread/INFO]: Started 1 worker threads
[16:29:01] [Render thread/INFO]: Resizing Dynamic Transforms UBO, capacity limit of 8 reached during a single frame. New capacity will be 16.
[16:29:40] [Render thread/INFO]: [STDOUT]: [Peregrine self-test] INFO benchmark: 22 fps average, 10 lowest, render distance 8, over 20 s
[16:29:40] [Render thread/INFO]: [STDOUT]: [Peregrine self-test] PASS HUD draws in game
[16:29:45] [Render thread/INFO]: [STDOUT]: [Peregrine self-test] PASS Stable FPS eases off settings when FPS is low
[16:29:49] [Render thread/INFO]: [STDOUT]: [Peregrine self-test] PASS mouse clicks are counted (CPS)
[16:29:50] [Render thread/INFO]: [STDOUT]: [Peregrine self-test] PASS holding C zooms in
[16:29:53] [Render thread/INFO]: [STDOUT]: [Peregrine self-test] PASS Right Shift opens the menu
[16:29:56] [Render thread/INFO]: [STDOUT]: [Peregrine self-test] PASS typing and Backspace work in the search box
[16:29:59] [Render thread/INFO]: [STDOUT]: [Peregrine self-test] PASS clicking a card switches it
[16:30:00] [Render thread/INFO]: [STDOUT]: [Peregrine self-test] PASS Edit HUD opens the editor
[16:30:04] [Render thread/INFO]: [STDOUT]: [Peregrine self-test] PASS dragging moves a HUD item
[16:30:06] [Render thread/INFO]: [STDOUT]: [Peregrine self-test] PASS right-click opens the style panel
[16:30:08] [Render thread/INFO]: [STDOUT]: [Peregrine self-test] PASS picking a colour recolours the text
[16:30:10] [Render thread/INFO]: [STDOUT]: [Peregrine self-test] PASS dragging the corner makes it bigger
[16:30:13] [Render thread/INFO]: [STDOUT]: [Peregrine self-test] PASS Esc saves and closes the editor
[16:30:14] [Render thread/INFO]: [STDOUT]: [Peregrine self-test] PASS the gear opens a settings page
[16:30:17] [Render thread/INFO]: [STDOUT]: [Peregrine self-test] PASS clicking an option changes it
[16:30:18] [Render thread/INFO]: [STDOUT]: [Peregrine self-test] PASS the keybind button waits for a key
[16:30:20] [Render thread/INFO]: [STDOUT]: [Peregrine self-test] PASS pressing K binds it
[16:30:21] [Render thread/INFO]: [STDOUT]: [Peregrine self-test] PASS Customize opens the editor with the style panel
[16:30:24] [Render thread/INFO]: [STDOUT]: [Peregrine self-test] PASS Esc goes back to the settings page
[16:30:24] [Render thread/INFO]: [STDOUT]: [Peregrine self-test] PASS Esc goes back to the list
[16:30:25] [Render thread/INFO]: [STDOUT]: [Peregrine self-test] PASS the Settings tab opens
[16:30:28] [Render thread/INFO]: [STDOUT]: [Peregrine self-test] PASS the Keybinds tab opens
[16:30:31] [Render thread/INFO]: [STDOUT]: [Peregrine self-test] PASS back to the Mods tab
[16:30:34] [Render thread/INFO]: [STDOUT]: [Peregrine self-test] PASS Esc closes the menu
[16:30:35] [Render thread/INFO]: [STDOUT]: [Peregrine self-test] PASS pressing K in game switches the Clock
[16:30:36] [Render thread/INFO]: Stopping worker threads
[16:30:36] [Render thread/INFO]: Started 1 worker threads
[16:30:36] [Render thread/INFO]: Stopping worker threads
[16:30:36] [Render thread/INFO]: Started 1 worker threads
[16:30:36] [Render thread/INFO]: Reloading ResourceManager: vanilla, badoptimizations, cloth-config, conditional-mixin, dynamic_fps, entityculling, fabric-api, fabric-api-base, fabric-api-lookup-api-v1, fabric-biome-api-v1, fabric-block-api-v1, fabric-block-view-api-v2, fabric-command-api-v2, fabric-content-registries-v0, fabric-convention-tags-v1, fabric-convention-tags-v2, fabric-crash-report-info-v1, fabric-data-attachment-api-v1, fabric-data-generation-api-v1, fabric-dimensions-v1, fabric-entity-events-v1, fabric-events-interaction-v0, fabric-game-rule-api-v1, fabric-item-api-v1, fabric-item-group-api-v1, fabric-key-binding-api-v1, fabric-lifecycle-events-v1, fabric-loot-api-v2, fabric-loot-api-v3, fabric-message-api-v1, fabric-model-loading-api-v1, fabric-networking-api-v1, fabric-object-builder-api-v1, fabric-particles-v1, fabric-recipe-api-v1, fabric-registry-sync-v0, fabric-renderer-api-v1, fabric-renderer-indigo, fabric-rendering-fluids-v1, fabric-rendering-v1, fabric-resource-conditions-api-v1, fabric-resource-loader-v0, fabric-resource-loader-v1, fabric-screen-api-v1, fabric-screen-handler-api-v1, fabric-serialization-api-v1, fabric-sound-api-v1, fabric-tag-api-v1, fabric-transfer-api-v1, fabric-transitive-access-wideners-v1, fabricloader, immediatelyfast, lithium, moreculling, peregrine-client, scalablelux, sodium, trender, file/PeregrineTest
[16:30:36] [Render thread/INFO]: [STDOUT]: [Peregrine self-test] PASS clear_weather hook runs
[16:30:36] [Server thread/INFO]: Saving and pausing game...
[16:30:36] [Server thread/INFO]: Saving chunks for level 'ServerLevel[world]'/minecraft:overworld
[16:30:36] [Render thread/INFO]: [STDOUT]: [Peregrine self-test] PASS clean_edges hook runs
[16:30:36] [Server thread/INFO]: Saving chunks for level 'ServerLevel[world]'/minecraft:the_end
[16:30:36] [Server thread/INFO]: Saving chunks for level 'ServerLevel[world]'/minecraft:the_nether
[16:30:36] [Worker-Main-1/INFO]: Found unifont_all_no_pua-17.0.01.hex, loading
[16:30:36] [Worker-Main-2/INFO]: Found unifont_pua-17.0.01.hex, loading
[16:30:36] [Worker-Main-1/INFO]: Found unifont_jp_patch-17.0.01.hex, loading
[16:30:37] [Render thread/ERROR]: Error starting SoundSystem. Turning off sounds & music
java.lang.IllegalStateException: Failed to open OpenAL device
	at knot//net.minecraft.class_4225.method_38501(class_4225.java:292)
	at knot//net.minecraft.class_4225.method_19661(class_4225.java:150)
	at knot//net.minecraft.class_1140.method_4846(class_1140.java:119)
	at knot//net.minecraft.class_1140.method_4837(class_1140.java:109)
	at knot//net.minecraft.class_1144.method_18182(class_1144.java:122)
	at knot//net.minecraft.class_1144.method_18788(class_1144.java:41)
	at knot//net.minecraft.class_4080.method_18790(class_4080.java:15)
	at java.base/java.util.concurrent.CompletableFuture$UniAccept.tryFire(Unknown Source)
	at java.base/java.util.concurrent.CompletableFuture$Completion.run(Unknown Source)
	at knot//net.minecraft.class_4014.method_67574(class_4014.java:59)
	at knot//net.minecraft.class_1255.method_18859(class_1255.java:169)
	at knot//net.minecraft.class_4093.method_18859(class_4093.java:23)
	at knot//net.minecraft.class_1255.method_16075(class_1255.java:143)
	at knot//net.minecraft.class_1255.method_5383(class_1255.java:124)
	at knot//net.minecraft.class_310.method_1523(class_310.java:1339)
	at knot//net.minecraft.class_310.method_1514(class_310.java:966)
	at knot//net.minecraft.client.main.Main.main(Main.java:250)
	at net.fabricmc.loader.impl.game.minecraft.MinecraftGameProvider.launch(MinecraftGameProvider.java:517)
	at net.fabricmc.loader.impl.launch.knot.Knot.launch(Knot.java:72)
	at net.fabricmc.loader.impl.launch.knot.KnotClient.main(KnotClient.java:23)
[16:30:37] [Render thread/INFO]: Created: 512x256x0 minecraft:textures/atlas/particles.png-atlas
[16:30:37] [Render thread/INFO]: Created: 128x128x0 minecraft:textures/atlas/decorated_pot.png-atlas
[16:30:37] [Render thread/INFO]: Created: 2048x1024x0 minecraft:textures/atlas/armor_trims.png-atlas
[16:30:37] [Render thread/INFO]: Created: 512x256x0 minecraft:textures/atlas/paintings.png-atlas
[16:30:37] [Render thread/INFO]: Created: 1024x512x0 minecraft:textures/atlas/shield_patterns.png-atlas
[16:30:37] [Render thread/INFO]: Created: 2048x2048x4 minecraft:textures/atlas/blocks.png-atlas
[16:30:37] [Render thread/INFO]: Created: 512x512x0 minecraft:textures/atlas/chest.png-atlas
[16:30:37] [Render thread/INFO]: Created: 256x128x0 minecraft:textures/atlas/celestials.png-atlas
[16:30:37] [Render thread/INFO]: Created: 1024x512x0 minecraft:textures/atlas/banner_patterns.png-atlas
[16:30:37] [Render thread/INFO]: Created: 512x512x0 minecraft:textures/atlas/beds.png-atlas
[16:30:37] [Render thread/INFO]: Created: 1024x512x0 minecraft:textures/atlas/items.png-atlas
[16:30:37] [Render thread/INFO]: Created: 1024x1024x0 minecraft:textures/atlas/gui.png-atlas
[16:30:37] [Render thread/INFO]: Created: 128x64x0 minecraft:textures/atlas/map_decorations.png-atlas
[16:30:37] [Render thread/INFO]: Created: 512x256x0 minecraft:textures/atlas/signs.png-atlas
[16:30:37] [Render thread/INFO]: Created: 512x512x0 minecraft:textures/atlas/shulker_boxes.png-atlas
[16:30:37] [Render thread/INFO]: 29675 cache(s) were cleared!
[16:30:37] [Render thread/INFO]: Stopping worker threads
[16:30:37] [Render thread/INFO]: Started 1 worker threads
[16:30:38] [Render thread/INFO]: [STDOUT]: [Peregrine self-test] PASS anti base leak: every block uses one rotation
[16:30:38] [Render thread/INFO]: [STDOUT]: [Peregrine self-test] PASS anti base leak: block model hook runs (diamond bedrock)
[16:30:38] [Render thread/INFO]: [STDOUT]: [Peregrine self-test] PASS bedrock is drawn as diamond blocks
[16:30:38] [Render thread/INFO]: [STDOUT]: [Peregrine self-test] PASS item physics lays the dropped item down
[16:30:40] [Render thread/INFO]: Reloading ResourceManager: vanilla, badoptimizations, cloth-config, conditional-mixin, dynamic_fps, entityculling, fabric-api, fabric-api-base, fabric-api-lookup-api-v1, fabric-biome-api-v1, fabric-block-api-v1, fabric-block-view-api-v2, fabric-command-api-v2, fabric-content-registries-v0, fabric-convention-tags-v1, fabric-convention-tags-v2, fabric-crash-report-info-v1, fabric-data-attachment-api-v1, fabric-data-generation-api-v1, fabric-dimensions-v1, fabric-entity-events-v1, fabric-events-interaction-v0, fabric-game-rule-api-v1, fabric-item-api-v1, fabric-item-group-api-v1, fabric-key-binding-api-v1, fabric-lifecycle-events-v1, fabric-loot-api-v2, fabric-loot-api-v3, fabric-message-api-v1, fabric-model-loading-api-v1, fabric-networking-api-v1, fabric-object-builder-api-v1, fabric-particles-v1, fabric-recipe-api-v1, fabric-registry-sync-v0, fabric-renderer-api-v1, fabric-renderer-indigo, fabric-rendering-fluids-v1, fabric-rendering-v1, fabric-resource-conditions-api-v1, fabric-resource-loader-v0, fabric-resource-loader-v1, fabric-screen-api-v1, fabric-screen-handler-api-v1, fabric-serialization-api-v1, fabric-sound-api-v1, fabric-tag-api-v1, fabric-transfer-api-v1, fabric-transitive-access-wideners-v1, fabricloader, immediatelyfast, lithium, moreculling, peregrine-client, scalablelux, sodium, trender, file/PeregrineTest
[16:30:40] [Server thread/INFO]: Saving and pausing game...
[16:30:40] [Server thread/INFO]: Saving chunks for level 'ServerLevel[world]'/minecraft:overworld
[16:30:40] [Server thread/INFO]: Saving chunks for level 'ServerLevel[world]'/minecraft:the_end
[16:30:40] [Server thread/INFO]: Saving chunks for level 'ServerLevel[world]'/minecraft:the_nether
[16:30:40] [Worker-Main-3/INFO]: Found unifont_all_no_pua-17.0.01.hex, loading
[16:30:40] [Worker-Main-2/INFO]: Found unifont_pua-17.0.01.hex, loading
[16:30:40] [Worker-Main-3/INFO]: Found unifont_jp_patch-17.0.01.hex, loading
[16:30:41] [Render thread/ERROR]: Error starting SoundSystem. Turning off sounds & music
java.lang.IllegalStateException: Failed to open OpenAL device
	at knot//net.minecraft.class_4225.method_38501(class_4225.java:292)
	at knot//net.minecraft.class_4225.method_19661(class_4225.java:150)
	at knot//net.minecraft.class_1140.method_4846(class_1140.java:119)
	at knot//net.minecraft.class_1140.method_4837(class_1140.java:109)
	at knot//net.minecraft.class_1144.method_18182(class_1144.java:122)
	at knot//net.minecraft.class_1144.method_18788(class_1144.java:41)
	at knot//net.minecraft.class_4080.method_18790(class_4080.java:15)
	at java.base/java.util.concurrent.CompletableFuture$UniAccept.tryFire(Unknown Source)
	at java.base/java.util.concurrent.CompletableFuture$Completion.run(Unknown Source)
	at knot//net.minecraft.class_4014.method_67574(class_4014.java:59)
	at knot//net.minecraft.class_1255.method_18859(class_1255.java:169)
	at knot//net.minecraft.class_4093.method_18859(class_4093.java:23)
	at knot//net.minecraft.class_1255.method_16075(class_1255.java:143)
	at knot//net.minecraft.class_1255.method_5383(class_1255.java:124)
	at knot//net.minecraft.class_310.method_1523(class_310.java:1339)
	at knot//net.minecraft.class_310.method_1514(class_310.java:966)
	at knot//net.minecraft.client.main.Main.main(Main.java:250)
	at net.fabricmc.loader.impl.game.minecraft.MinecraftGameProvider.launch(MinecraftGameProvider.java:517)
	at net.fabricmc.loader.impl.launch.knot.Knot.launch(Knot.java:72)
	at net.fabricmc.loader.impl.launch.knot.KnotClient.main(KnotClient.java:23)
[16:30:41] [Render thread/INFO]: Created: 512x256x0 minecraft:textures/atlas/particles.png-atlas
[16:30:41] [Render thread/INFO]: Created: 128x128x0 minecraft:textures/atlas/decorated_pot.png-atlas
[16:30:41] [Render thread/INFO]: Created: 2048x1024x0 minecraft:textures/atlas/armor_trims.png-atlas
[16:30:41] [Render thread/INFO]: Created: 512x256x0 minecraft:textures/atlas/paintings.png-atlas
[16:30:41] [Render thread/INFO]: Created: 1024x512x0 minecraft:textures/atlas/shield_patterns.png-atlas
[16:30:41] [Render thread/INFO]: Created: 2048x2048x4 minecraft:textures/atlas/blocks.png-atlas
[16:30:41] [Render thread/INFO]: Created: 512x512x0 minecraft:textures/atlas/chest.png-atlas
[16:30:41] [Render thread/INFO]: Created: 256x128x0 minecraft:textures/atlas/celestials.png-atlas
[16:30:41] [Render thread/INFO]: Created: 1024x512x0 minecraft:textures/atlas/banner_patterns.png-atlas
[16:30:41] [Render thread/INFO]: Created: 512x512x0 minecraft:textures/atlas/beds.png-atlas
[16:30:41] [Render thread/INFO]: Created: 1024x512x0 minecraft:textures/atlas/items.png-atlas
[16:30:41] [Render thread/INFO]: Created: 1024x1024x0 minecraft:textures/atlas/gui.png-atlas
[16:30:41] [Render thread/INFO]: Created: 128x64x0 minecraft:textures/atlas/map_decorations.png-atlas
[16:30:41] [Render thread/INFO]: Created: 512x256x0 minecraft:textures/atlas/signs.png-atlas
[16:30:41] [Render thread/INFO]: Created: 512x512x0 minecraft:textures/atlas/shulker_boxes.png-atlas
[16:30:41] [Render thread/INFO]: 29675 cache(s) were cleared!
[16:30:41] [Render thread/INFO]: Stopping worker threads
[16:30:41] [Render thread/INFO]: Started 1 worker threads
[16:30:41] [Render thread/INFO]: [STDOUT]: [Peregrine self-test] PASS custom crosshair draws
[16:30:44] [Render thread/INFO]: [STDOUT]: [Peregrine self-test] PASS holding Alt starts freelook in third person
[16:30:46] [Render thread/INFO]: [STDOUT]: [Peregrine self-test] PASS letting go of Alt goes back to first person
[16:30:46] [Render thread/INFO]: [STDOUT]: [Peregrine self-test] PASS particles: lava sparks are thinned out
[16:30:46] [Render thread/INFO]: [STDOUT]: [Peregrine self-test] PASS fullbright lights up dark places
[16:30:46] [Render thread/INFO]: [STDOUT]: [Peregrine self-test] PASS 1.7 animations: held item moves
[16:30:46] [Render thread/INFO]: [STDOUT]: [Peregrine self-test] PASS hitboxes draw without F3+B
[16:30:46] [Render thread/INFO]: [STDOUT]: [Peregrine self-test] PASS resource packs leave the menus alone (test pack's button and splash skipped)
[16:30:46] [Render thread/INFO]: [STDOUT]: [Peregrine self-test] PASS small totem: the totem in your hand is drawn smaller
[16:30:48] [Render thread/INFO]: [STDOUT]: [Peregrine self-test] PASS your own name tag shows in third person
[16:30:50] [Render thread/INFO]: [STDOUT]: [Peregrine self-test] PASS fog is pushed away
[16:30:50] [Render thread/INFO]: [STDOUT]: [Peregrine self-test] PASS block outline in the chosen color
[16:30:50] [Render thread/INFO]: [STDOUT]: [Peregrine self-test] PASS ores you can see get an outline
[16:30:50] [Render thread/INFO]: [STDOUT]: [Peregrine self-test] PASS the sky stops moving
[16:30:50] [Render thread/INFO]: [STDOUT]: [Peregrine self-test] PASS swing speed changes the swing
[16:30:52] [Render thread/INFO]: [STDOUT]: [Peregrine self-test] INFO hooks: seed=1000 offset=1000 model=1000 bedrock=14 items=344 crosshair=2406 camera=61 particles=1000 nightvision=1000 animation=260 hitbox=1000 nametag=118 scoreboard=0 fire=0 inventory=0 totem=130 packs=85 fog=1000 outline=55 ores=333 sky=1000 swing=22 sound=0
[16:30:52] [Render thread/INFO]: [STDOUT]: [Peregrine self-test] INFO counts {on:clear_weather=558675, keybind:clock=1, editor=410, click@95,205/0=1, click@159,102/0=1, click@222,121/0=1, zoom-hook=4860, click@183,106/0=1, zoom-active=194, click@229,51/0=1, menu=649, click@331,89/0=1, mouse=1, click@93,51/0=1, click@245,134/0=1, hud=2525, click@153,90/1=1, on:clean_edges=2525, click@95,51/0=1, click@159,85/0=1, click@162,51/0=1, click@183,100/0=1}
[16:30:52] [Render thread/INFO]: [STDOUT]: [Peregrine self-test] PASS finished with 0 failure(s)
[16:30:53] [CullThread/INFO]: [STDOUT]: Shutting down culling task!
[16:30:53] [Render thread/INFO]: Stopping!
[16:30:53] [Server thread/INFO]: Tester lost connection: Disconnected
[16:30:53] [Server thread/INFO]: Tester left the game
[16:30:53] [Server thread/INFO]: Stopping singleplayer server as player logged out
[16:30:53] [Server thread/INFO]: Stopping server
[16:30:53] [Server thread/INFO]: Saving players
[16:30:53] [Server thread/INFO]: Saving worlds
[16:30:54] [Server thread/INFO]: Saving chunks for level 'ServerLevel[world]'/minecraft:overworld
[16:30:55] [Server thread/INFO]: Saving chunks for level 'ServerLevel[world]'/minecraft:the_end
[16:30:55] [Server thread/INFO]: Saving chunks for level 'ServerLevel[world]'/minecraft:the_nether
[16:30:55] [Server thread/INFO]: ThreadedAnvilChunkStorage (world): All chunks are saved
[16:30:55] [Server thread/INFO]: ThreadedAnvilChunkStorage (DIM1): All chunks are saved
[16:30:55] [Server thread/INFO]: ThreadedAnvilChunkStorage (DIM-1): All chunks are saved
[16:30:55] [Server thread/INFO]: ThreadedAnvilChunkStorage: All dimensions are saved
[16:30:55] [Render thread/INFO]: Stopping worker threads
