  <log4j:Event logger="FabricLoader/GameProvider" timestamp="1791649444170" level="INFO" thread="main">
    <log4j:Message><![CDATA[Loading Minecraft 26.1.2 with Fabric Loader 0.19.5]]></log4j:Message>
  </log4j:Event>
  <log4j:Event logger="FabricLoader/Mappings" timestamp="1791649444172" level="INFO" thread="main">
    <log4j:Message><![CDATA[Mappings not present!]]></log4j:Message>
  </log4j:Event>
  <log4j:Event logger="FabricLoader" timestamp="1791649444289" level="INFO" thread="main">
    <log4j:Message><![CDATA[Loading 49 mods:
	- fabric-api 0.155.3+26.1.2
	   |-- fabric-api-base 2.0.3+ece063234c
	   |-- fabric-api-lookup-api-v1 2.0.12+d5a053b64c
	   |-- fabric-biome-api-v1 18.0.5+2fa62b4e4c
	   |-- fabric-block-api-v1 3.0.2+ec56b6014c
	   |-- fabric-block-getter-api-v2 2.0.6+ec56b6014c
	   |-- fabric-command-api-v2 3.0.5+e2bdee784c
	   |-- fabric-content-registries-v0 11.3.1+af8a297c4c
	   |-- fabric-convention-tags-v2 4.6.2+4f11f7994c
	   |-- fabric-crash-report-info-v1 1.0.3+9f78a5a84c
	   |-- fabric-creative-tab-api-v1 5.0.12+a981f2874c
	   |-- fabric-data-attachment-api-v1 2.2.10+44a0bd1d4c
	   |-- fabric-data-generation-api-v1 24.3.4+cda368334c
	   |-- fabric-debug-api-v1 1.0.1+c792624d4c
	   |-- fabric-dimensions-v1 5.1.7+ad343a8d4c
	   |-- fabric-entity-events-v1 5.0.2+e2bdee784c
	   |-- fabric-events-interaction-v0 5.2.3+07b380be4c
	   |-- fabric-game-rule-api-v1 4.0.5+d871b99e4c
	   |-- fabric-item-api-v1 14.3.0+6d1aaa724c
	   |-- fabric-key-mapping-api-v1 2.0.4+e2bdee784c
	   |-- fabric-lifecycle-events-v1 4.1.1+df84eb3d4c
	   |-- fabric-loot-api-v3 3.0.12+00a1fba64c
	   |-- fabric-menu-api-v1 2.0.15+d871b99e4c
	   |-- fabric-message-api-v1 7.0.5+dae8ce3e4c
	   |-- fabric-model-loading-api-v1 8.0.11+c80601bb4c
	   |-- fabric-networking-api-v1 6.3.2+a217cccf4c
	   |-- fabric-object-builder-api-v1 23.1.1+abb459f14c
	   |-- fabric-particles-v1 5.0.16+b61fef434c
	   |-- fabric-permission-api-v1 1.0.3+5730ecca4c
	   |-- fabric-recipe-api-v1 9.0.17+be4b75ae4c
	   |-- fabric-registry-sync-v0 7.1.1+2fa62b4e4c
	   |-- fabric-renderer-api-v1 13.0.8+c80601bb4c
	   |-- fabric-renderer-indigo 8.1.5+1403e82c4c
	   |-- fabric-rendering-fluids-v1 6.0.1+d871b99e4c
	   |-- fabric-rendering-v1 23.3.1+e9207d814c
	   |-- fabric-resource-conditions-api-v1 6.1.0+83dd0ba34c
	   |-- fabric-resource-loader-v0 3.3.17+4fc5413f4c
	   |-- fabric-resource-loader-v1 2.0.10+7c44c7324c
	   |-- fabric-screen-api-v1 5.1.0+981dd9b24c
	   |-- fabric-serialization-api-v1 2.0.3+11a26f314c
	   |-- fabric-sound-api-v1 2.0.4+11a26f314c
	   |-- fabric-tag-api-v1 2.1.1+371cf5db4c
	   |-- fabric-transfer-api-v1 8.0.6+357ea7334c
	   \-- fabric-transitive-access-wideners-v1 8.1.3+3ff549fb4c
	- fabricloader 0.19.5
	   \-- mixinextras 0.5.5
	- java 25
	- minecraft 26.1.2
	- peregrine-client 1.0.1]]></log4j:Message>
  </log4j:Event>
  <log4j:Event logger="FabricLoader/Mixin" timestamp="1791649444360" level="INFO" thread="main">
    <log4j:Message><![CDATA[SpongePowered MIXIN Subsystem Version=0.8.7 Source=file:/home/runner/work/peregrine-launcher/peregrine-launcher/out/26.1.2/home/data/peregrine/libraries/net/fabricmc/sponge-mixin/0.17.4+mixin.0.8.7/sponge-mixin-0.17.4+mixin.0.8.7.jar Service=Knot/Fabric Env=CLIENT]]></log4j:Message>
  </log4j:Event>
  <log4j:Event logger="FabricLoader/MixinExtras|Service" timestamp="1791649445273" level="INFO" thread="main">
    <log4j:Message><![CDATA[Initializing MixinExtras via com.llamalad7.mixinextras.service.MixinExtrasServiceImpl(version=0.5.5).]]></log4j:Message>
  </log4j:Event>
  <log4j:Event logger="com.mojang.datafixers.DataFixerBuilder" timestamp="1791649446032" level="INFO" thread="Datafixer Bootstrap">
    <log4j:Message><![CDATA[291 Datafixer optimizations took 343 milliseconds]]></log4j:Message>
  </log4j:Event>
  <log4j:Event logger="com.mojang.authlib.yggdrasil.YggdrasilAuthenticationService" timestamp="1791649449664" level="INFO" thread="Render thread">
    <log4j:Message><![CDATA[Environment: Environment[sessionHost=https://sessionserver.mojang.com, servicesHost=https://api.minecraftservices.com, profilesHost=https://api.mojang.com, name=PROD]]]></log4j:Message>
  </log4j:Event>
  <log4j:Event logger="net.minecraft.client.Minecraft" timestamp="1791649449678" level="INFO" thread="Render thread">
    <log4j:Message><![CDATA[Setting user: Tester]]></log4j:Message>
  </log4j:Event>
  <log4j:Event logger="net.fabricmc.fabric.impl.client.indigo.Indigo" timestamp="1791649449897" level="INFO" thread="Render thread">
    <log4j:Message><![CDATA[[Indigo] Registering Indigo renderer!]]></log4j:Message>
  </log4j:Event>
  <log4j:Event logger="net.minecraft.client.Minecraft" timestamp="1791649450063" level="ERROR" thread="Download-2">
    <log4j:Message><![CDATA[Failed to fetch user properties]]></log4j:Message>
    <log4j:Throwable><![CDATA[com.mojang.authlib.exceptions.InvalidCredentialsException: Status: 401
	at knot//com.mojang.authlib.exceptions.MinecraftClientHttpException.toAuthenticationException(MinecraftClientHttpException.java:59)
	at knot//com.mojang.authlib.yggdrasil.YggdrasilUserApiService.fetchProperties(YggdrasilUserApiService.java:150)
	at knot//net.minecraft.client.Minecraft.lambda$new$1(Minecraft.java:459)
	at java.base/java.util.concurrent.CompletableFuture$AsyncSupply.run(Unknown Source)
	at java.base/java.util.concurrent.ThreadPoolExecutor.runWorker(Unknown Source)
	at java.base/java.util.concurrent.ThreadPoolExecutor$Worker.run(Unknown Source)
	at java.base/java.lang.Thread.run(Unknown Source)
Caused by: MinecraftClientHttpException[type=HTTP_ERROR, status=401, response=ErrorResponse[path=/player/attributes, error=null, errorMessage=null, details=null]]
	at knot//com.mojang.authlib.minecraft.client.MinecraftClient.readInputStream(MinecraftClient.java:103)
	at knot//com.mojang.authlib.minecraft.client.MinecraftClient.get(MinecraftClient.java:56)
	at knot//com.mojang.authlib.yggdrasil.YggdrasilUserApiService.fetchProperties(YggdrasilUserApiService.java:121)
	... 5 more
]]></log4j:Throwable>
  </log4j:Event>
  <log4j:Event logger="net.minecraft.client.Minecraft" timestamp="1791649450150" level="INFO" thread="Render thread">
    <log4j:Message><![CDATA[Backend library: LWJGL version 3.4.1-snapshot]]></log4j:Message>
  </log4j:Event>
ATTENTION: default value of option mesa_glthread overridden by environment.
  <log4j:Event logger="net.minecraft.client.Minecraft" timestamp="1791649453833" level="INFO" thread="Render thread">
    <log4j:Message><![CDATA[Using optional rendering extensions: GL_ARB_buffer_storage, GL_KHR_debug, GL_ARB_vertex_attrib_binding, GL_ARB_direct_state_access, GL_EXT_texture_filter_anisotropic]]></log4j:Message>
  </log4j:Event>
  <log4j:Event logger="com.mojang.text2speech.Narrator" timestamp="1791649454311" level="ERROR" thread="Render thread">
    <log4j:Message><![CDATA[Error while loading the narrator]]></log4j:Message>
    <log4j:Throwable><![CDATA[com.mojang.text2speech.Narrator$InitializeException: Failed to load library flite
	at knot//com.mojang.text2speech.NarratorLinux$FliteLibrary.loadNative(NarratorLinux.java:81)
	at knot//com.mojang.text2speech.NarratorLinux.<init>(NarratorLinux.java:18)
	at knot//com.mojang.text2speech.Narrator.getNarrator(Narrator.java:41)
	at knot//net.minecraft.client.GameNarrator.<init>(GameNarrator.java:20)
	at knot//net.minecraft.client.Minecraft.<init>(Minecraft.java:726)
	at knot//net.minecraft.client.main.Main.main(Main.java:232)
	at net.fabricmc.loader.impl.game.minecraft.MinecraftGameProvider.launch(MinecraftGameProvider.java:517)
	at net.fabricmc.loader.impl.launch.knot.Knot.launch(Knot.java:72)
	at net.fabricmc.loader.impl.launch.knot.KnotClient.main(KnotClient.java:23)
Caused by: java.lang.UnsatisfiedLinkError: Unable to load library 'flite':
libflite.so: cannot open shared object file: No such file or directory
libflite.so: cannot open shared object file: No such file or directory
Native library (linux-x86-64/libflite.so) not found in resource path (/home/runner/work/peregrine-launcher/peregrine-launcher/out/26.1.2/home/data/peregrine/libraries/org/ow2/asm/asm/9.10.1/asm-9.10.1.jar:/home/runner/work/peregrine-launcher/peregrine-launcher/out/26.1.2/home/data/peregrine/libraries/org/ow2/asm/asm-analysis/9.10.1/asm-analysis-9.10.1.jar:/home/runner/work/peregrine-launcher/peregrine-launcher/out/26.1.2/home/data/peregrine/libraries/org/ow2/asm/asm-commons/9.10.1/asm-commons-9.10.1.jar:/home/runner/work/peregrine-launcher/peregrine-launcher/out/26.1.2/home/data/peregrine/libraries/org/ow2/asm/asm-tree/9.10.1/asm-tree-9.10.1.jar:/home/runner/work/peregrine-launcher/peregrine-launcher/out/26.1.2/home/data/peregrine/libraries/org/ow2/asm/asm-util/9.10.1/asm-util-9.10.1.jar:/home/runner/work/peregrine-launcher/peregrine-launcher/out/26.1.2/home/data/peregrine/libraries/net/fabricmc/sponge-mixin/0.17.4+mixin.0.8.7/sponge-mixin-0.17.4+mixin.0.8.7.jar:/home/runner/work/peregrine-launcher/peregrine-launcher/out/26.1.2/home/data/peregrine/libraries/net/fabricmc/fabric-loader/0.19.5/fabric-loader-0.19.5.jar:/home/runner/work/peregrine-launcher/peregrine-launcher/out/26.1.2/home/data/peregrine/libraries/at/yawk/lz4/lz4-java/1.10.1/lz4-java-1.10.1.jar:/home/runner/work/peregrine-launcher/peregrine-launcher/out/26.1.2/home/data/peregrine/libraries/com/azure/azure-json/1.4.0/azure-json-1.4.0.jar:/home/runner/work/peregrine-launcher/peregrine-launcher/out/26.1.2/home/data/peregrine/libraries/com/github/oshi/oshi-core/6.9.0/oshi-core-6.9.0.jar:/home/runner/work/peregrine-launcher/peregrine-launcher/out/26.1.2/home/data/peregrine/libraries/com/google/code/gson/gson/2.13.2/gson-2.13.2.jar:/home/runner/work/peregrine-launcher/peregrine-launcher/out/26.1.2/home/data/peregrine/libraries/com/google/guava/failureaccess/1.0.3/failureaccess-1.0.3.jar:/home/runner/work/peregrine-launcher/peregrine-launcher/out/26.1.2/home/data/peregrine/libraries/com/google/guava/guava/33.5.0-jre/guava-33.5.0-jre.jar:/home/runner/work/peregrine-launcher/peregrine-launcher/out/26.1.2/home/data/peregrine/libraries/com/ibm/icu/icu4j/77.1/icu4j-77.1.jar:/home/runner/work/peregrine-launcher/peregrine-launcher/out/26.1.2/home/data/peregrine/libraries/com/microsoft/azure/msal4j/1.23.1/msal4j-1.23.1.jar:/home/runner/work/peregrine-launcher/peregrine-launcher/out/26.1.2/home/data/peregrine/libraries/com/mojang/authlib/7.0.63/authlib-7.0.63.jar:/home/runner/work/peregrine-launcher/peregrine-launcher/out/26.1.2/home/data/peregrine/libraries/com/mojang/blocklist/1.0.10/blocklist-1.0.10.jar:/home/runner/work/peregrine-launcher/peregrine-launcher/out/26.1.2/home/data/peregrine/libraries/com/mojang/brigadier/1.3.10/brigadier-1.3.10.jar:/home/runner/work/peregrine-launcher/peregrine-launcher/out/26.1.2/home/data/peregrine/libraries/com/mojang/datafixerupper/9.0.19/datafixerupper-9.0.19.jar:/home/runner/work/peregrine-launcher/peregrine-launcher/out/26.1.2/home/data/peregrine/libraries/com/mojang/jtracy/1.0.37/jtracy-1.0.37.jar:/home/runner/work/peregrine-launcher/peregrine-launcher/out/26.1.2/home/data/peregrine/libraries/com/mojang/jtracy/1.0.37/jtracy-1.0.37-natives-linux.jar:/home/runner/work/peregrine-launcher/peregrine-launcher/out/26.1.2/home/data/peregrine/libraries/com/mojang/logging/1.6.11/logging-1.6.11.jar:/home/runner/work/peregrine-launcher/peregrine-launcher/out/26.1.2/home/data/peregrine/libraries/com/mojang/patchy/2.2.10/patchy-2.2.10.jar:/home/runner/work/peregrine-launcher/peregrine-launcher/out/26.1.2/home/data/peregrine/libraries/com/mojang/text2speech/1.18.11/text2speech-1.18.11.jar:/home/runner/work/peregrine-launcher/peregrine-launcher/out/26.1.2/home/data/peregrine/libraries/commons-codec/commons-codec/1.19.0/commons-codec-1.19.0.jar:/home/runner/work/peregrine-launcher/peregrine-launcher/out/26.1.2/home/data/peregrine/libraries/commons-io/commons-io/2.20.0/commons-io-2.20.0.jar:/home/runner/work/peregrine-launcher/peregrine-launcher/out/26.1.2/home/data/peregrine/libraries/io/netty/netty-buffer/4.2.7.Final/netty-buffer-4.2.7.Final.jar:/home/runner/work/peregrine-launcher/peregrine-launcher/out/26.1.2/home/data/peregrine/libraries/io/netty/netty-codec-base/4.2.7.Final/netty-codec-base-4.2.7.Final.jar:/home/runner/work/peregrine-launcher/peregrine-launcher/out/26.1.2/home/data/peregrine/libraries/io/netty/netty-codec-compression/4.2.7.Final/netty-codec-compression-4.2.7.Final.jar:/home/runner/work/peregrine-launcher/peregrine-launcher/out/26.1.2/home/data/peregrine/libraries/io/netty/netty-codec-http/4.2.7.Final/netty-codec-http-4.2.7.Final.jar:/home/runner/work/peregrine-launcher/peregrine-launcher/out/26.1.2/home/data/peregrine/libraries/io/netty/netty-common/4.2.7.Final/netty-common-4.2.7.Final.jar:/home/runner/work/peregrine-launcher/peregrine-launcher/out/26.1.2/home/data/peregrine/libraries/io/netty/netty-handler/4.2.7.Final/netty-handler-4.2.7.Final.jar:/home/runner/work/peregrine-launcher/peregrine-launcher/out/26.1.2/home/data/peregrine/libraries/io/netty/netty-resolver/4.2.7.Final/netty-resolver-4.2.7.Final.jar:/home/runner/work/peregrine-launcher/peregrine-launcher/out/26.1.2/home/data/peregrine/libraries/io/netty/netty-transport-classes-epoll/4.2.7.Final/netty-transport-classes-epoll-4.2.7.Final.jar:/home/runner/work/peregrine-launcher/peregrine-launcher/out/26.1.2/home/data/peregrine/libraries/io/netty/netty-transport-classes-kqueue/4.2.7.Final/netty-transport-classes-kqueue-4.2.7.Final.jar:/home/runner/work/peregrine-launcher/peregrine-launcher/out/26.1.2/home/data/peregrine/libraries/io/netty/netty-transport-native-epoll/4.2.7.Final/netty-transport-native-epoll-4.2.7.Final-linux-aarch_64.jar:/home/runner/work/peregrine-launcher/peregrine-launcher/out/26.1.2/home/data/peregrine/libraries/io/netty/netty-transport-native-epoll/4.2.7.Final/netty-transport-native-epoll-4.2.7.Final-linux-x86_64.jar:/home/runner/work/peregrine-launcher/peregrine-launcher/out/26.1.2/home/data/peregrine/libraries/io/netty/netty-transport-native-unix-common/4.2.7.Final/netty-transport-native-unix-common-4.2.7.Final.jar:/home/runner/work/peregrine-launcher/peregrine-launcher/out/26.1.2/home/data/peregrine/libraries/io/netty/netty-transport/4.2.7.Final/netty-transport-4.2.7.Final.jar:/home/runner/work/peregrine-launcher/peregrine-launcher/out/26.1.2/home/data/peregrine/libraries/it/unimi/dsi/fastutil/8.5.18/fastutil-8.5.18.jar:/home/runner/work/peregrine-launcher/peregrine-launcher/out/26.1.2/home/data/peregrine/libraries/net/java/dev/jna/jna-platform/5.17.0/jna-platform-5.17.0.jar:/home/runner/work/peregrine-launcher/peregrine-launcher/out/26.1.2/home/data/peregrine/libraries/net/java/dev/jna/jna/5.17.0/jna-5.17.0.jar:/home/runner/work/peregrine-launcher/peregrine-launcher/out/26.1.2/home/data/peregrine/libraries/net/sf/jopt-simple/jopt-simple/5.0.4/jopt-simple-5.0.4.jar:/home/runner/work/peregrine-launcher/peregrine-launcher/out/26.1.2/home/data/peregrine/libraries/org/apache/commons/commons-compress/1.28.0/commons-compress-1.28.0.jar:/home/runner/work/peregrine-launcher/peregrine-launcher/out/26.1.2/home/data/peregrine/libraries/org/apache/commons/commons-lang3/3.19.0/commons-lang3-3.19.0.jar:/home/runner/work/peregrine-launcher/peregrine-launcher/out/26.1.2/home/data/peregrine/libraries/org/apache/logging/log4j/log4j-api/2.25.2/log4j-api-2.25.2.jar:/home/runner/work/peregrine-launcher/peregrine-launcher/out/26.1.2/home/data/peregrine/libraries/org/apache/logging/log4j/log4j-core/2.25.2/log4j-core-2.25.2.jar:/home/runner/work/peregrine-launcher/peregrine-launcher/out/26.1.2/home/data/peregrine/libraries/org/apache/logging/log4j/log4j-slf4j2-impl/2.25.2/log4j-slf4j2-impl-2.25.2.jar:/home/runner/work/peregrine-launcher/peregrine-launcher/out/26.1.2/home/data/peregrine/libraries/org/jcraft/jorbis/0.0.17/jorbis-0.0.17.jar:/home/runner/work/peregrine-launcher/peregrine-launcher/out/26.1.2/home/data/peregrine/libraries/org/joml/joml/1.10.8/joml-1.10.8.jar:/home/runner/work/peregrine-launcher/peregrine-launcher/out/26.1.2/home/data/peregrine/libraries/org/jspecify/jspecify/1.0.0/jspecify-1.0.0.jar:/home/runner/work/peregrine-launcher/peregrine-launcher/out/26.1.2/home/data/peregrine/libraries/org/lwjgl/lwjgl-freetype/3.4.1/lwjgl-freetype-3.4.1.jar:/home/runner/work/peregrine-launcher/peregrine-launcher/out/26.1.2/home/data/peregrine/libraries/org/lwjgl/lwjgl-freetype/3.4.1/lwjgl-freetype-3.4.1-natives-linux.jar:/home/runner/work/peregrine-launcher/peregrine-launcher/out/26.1.2/home/data/peregrine/libraries/org/lwjgl/lwjgl-glfw/3.4.1/lwjgl-glfw-3.4.1.jar:/home/runner/work/peregrine-launcher/peregrine-launcher/out/26.1.2/home/data/peregrine/libraries/org/lwjgl/lwjgl-glfw/3.4.1/lwjgl-glfw-3.4.1-natives-linux.jar:/home/runner/work/peregrine-launcher/peregrine-launcher/out/26.1.2/home/data/peregrine/libraries/org/lwjgl/lwjgl-jemalloc/3.4.1/lwjgl-jemalloc-3.4.1.jar:/home/runner/work/peregrine-launcher/peregrine-launcher/out/26.1.2/home/data/peregrine/libraries/org/lwjgl/lwjgl-jemalloc/3.4.1/lwjgl-jemalloc-3.4.1-natives-linux.jar:/home/runner/work/peregrine-launcher/peregrine-launcher/out/26.1.2/home/data/peregrine/libraries/org/lwjgl/lwjgl-openal/3.4.1/lwjgl-openal-3.4.1.jar:/home/runner/work/peregrine-launcher/peregrine-launcher/out/26.1.2/home/data/peregrine/libraries/org/lwjgl/lwjgl-openal/3.4.1/lwjgl-openal-3.4.1-natives-linux.jar:/home/runner/work/peregrine-launcher/peregrine-launcher/out/26.1.2/home/data/peregrine/libraries/org/lwjgl/lwjgl-opengl/3.4.1/lwjgl-opengl-3.4.1.jar:/home/runner/work/peregrine-launcher/peregrine-launcher/out/26.1.2/home/data/peregrine/libraries/org/lwjgl/lwjgl-opengl/3.4.1/lwjgl-opengl-3.4.1-natives-linux.jar:/home/runner/work/peregrine-launcher/peregrine-launcher/out/26.1.2/home/data/peregrine/libraries/org/lwjgl/lwjgl-stb/3.4.1/lwjgl-stb-3.4.1.jar:/home/runner/work/peregrine-launcher/peregrine-launcher/out/26.1.2/home/data/peregrine/libraries/org/lwjgl/lwjgl-stb/3.4.1/lwjgl-stb-3.4.1-natives-linux.jar:/home/runner/work/peregrine-launcher/peregrine-launcher/out/26.1.2/home/data/peregrine/libraries/org/lwjgl/lwjgl-tinyfd/3.4.1/lwjgl-tinyfd-3.4.1.jar:/home/runner/work/peregrine-launcher/peregrine-launcher/out/26.1.2/home/data/peregrine/libraries/org/lwjgl/lwjgl-tinyfd/3.4.1/lwjgl-tinyfd-3.4.1-natives-linux.jar:/home/runner/work/peregrine-launcher/peregrine-launcher/out/26.1.2/home/data/peregrine/libraries/org/lwjgl/lwjgl/3.4.1/lwjgl-3.4.1.jar:/home/runner/work/peregrine-launcher/peregrine-launcher/out/26.1.2/home/data/peregrine/libraries/org/lwjgl/lwjgl/3.4.1/lwjgl-3.4.1-natives-linux.jar:/home/runner/work/peregrine-launcher/peregrine-launcher/out/26.1.2/home/data/peregrine/libraries/org/slf4j/slf4j-api/2.0.17/slf4j-api-2.0.17.jar:/home/runner/work/peregrine-launcher/peregrine-launcher/out/26.1.2/home/data/peregrine/versions/26.1.2/26.1.2.jar)
	at knot//com.sun.jna.NativeLibrary.loadLibrary(NativeLibrary.java:325)
	at knot//com.sun.jna.NativeLibrary.getInstance(NativeLibrary.java:481)
	at knot//com.sun.jna.NativeLibrary.getInstance(NativeLibrary.java:423)
	at knot//com.mojang.text2speech.NarratorLinux$FliteLibrary.loadNative(NarratorLinux.java:79)
	... 8 more
	Suppressed: java.lang.UnsatisfiedLinkError: libflite.so: cannot open shared object file: No such file or directory
		at knot//com.sun.jna.Native.open(Native Method)
		at knot//com.sun.jna.NativeLibrary.loadLibrary(NativeLibrary.java:213)
		... 11 more
	Suppressed: java.lang.UnsatisfiedLinkError: libflite.so: cannot open shared object file: No such file or directory
		at knot//com.sun.jna.Native.open(Native Method)
		at knot//com.sun.jna.NativeLibrary.loadLibrary(NativeLibrary.java:226)
		... 11 more
	Suppressed: java.io.IOException: Native library (linux-x86-64/libflite.so) not found in resource path (/home/runner/work/peregrine-launcher/peregrine-launcher/out/26.1.2/home/data/peregrine/libraries/org/ow2/asm/asm/9.10.1/asm-9.10.1.jar:/home/runner/work/peregrine-launcher/peregrine-launcher/out/26.1.2/home/data/peregrine/libraries/org/ow2/asm/asm-analysis/9.10.1/asm-analysis-9.10.1.jar:/home/runner/work/peregrine-launcher/peregrine-launcher/out/26.1.2/home/data/peregrine/libraries/org/ow2/asm/asm-commons/9.10.1/asm-commons-9.10.1.jar:/home/runner/work/peregrine-launcher/peregrine-launcher/out/26.1.2/home/data/peregrine/libraries/org/ow2/asm/asm-tree/9.10.1/asm-tree-9.10.1.jar:/home/runner/work/peregrine-launcher/peregrine-launcher/out/26.1.2/home/data/peregrine/libraries/org/ow2/asm/asm-util/9.10.1/asm-util-9.10.1.jar:/home/runner/work/peregrine-launcher/peregrine-launcher/out/26.1.2/home/data/peregrine/libraries/net/fabricmc/sponge-mixin/0.17.4+mixin.0.8.7/sponge-mixin-0.17.4+mixin.0.8.7.jar:/home/runner/work/peregrine-launcher/peregrine-launcher/out/26.1.2/home/data/peregrine/libraries/net/fabricmc/fabric-loader/0.19.5/fabric-loader-0.19.5.jar:/home/runner/work/peregrine-launcher/peregrine-launcher/out/26.1.2/home/data/peregrine/libraries/at/yawk/lz4/lz4-java/1.10.1/lz4-java-1.10.1.jar:/home/runner/work/peregrine-launcher/peregrine-launcher/out/26.1.2/home/data/peregrine/libraries/com/azure/azure-json/1.4.0/azure-json-1.4.0.jar:/home/runner/work/peregrine-launcher/peregrine-launcher/out/26.1.2/home/data/peregrine/libraries/com/github/oshi/oshi-core/6.9.0/oshi-core-6.9.0.jar:/home/runner/work/peregrine-launcher/peregrine-launcher/out/26.1.2/home/data/peregrine/libraries/com/google/code/gson/gson/2.13.2/gson-2.13.2.jar:/home/runner/work/peregrine-launcher/peregrine-launcher/out/26.1.2/home/data/peregrine/libraries/com/google/guava/failureaccess/1.0.3/failureaccess-1.0.3.jar:/home/runner/work/peregrine-launcher/peregrine-launcher/out/26.1.2/home/data/peregrine/libraries/com/google/guava/guava/33.5.0-jre/guava-33.5.0-jre.jar:/home/runner/work/peregrine-launcher/peregrine-launcher/out/26.1.2/home/data/peregrine/libraries/com/ibm/icu/icu4j/77.1/icu4j-77.1.jar:/home/runner/work/peregrine-launcher/peregrine-launcher/out/26.1.2/home/data/peregrine/libraries/com/microsoft/azure/msal4j/1.23.1/msal4j-1.23.1.jar:/home/runner/work/peregrine-launcher/peregrine-launcher/out/26.1.2/home/data/peregrine/libraries/com/mojang/authlib/7.0.63/authlib-7.0.63.jar:/home/runner/work/peregrine-launcher/peregrine-launcher/out/26.1.2/home/data/peregrine/libraries/com/mojang/blocklist/1.0.10/blocklist-1.0.10.jar:/home/runner/work/peregrine-launcher/peregrine-launcher/out/26.1.2/home/data/peregrine/libraries/com/mojang/brigadier/1.3.10/brigadier-1.3.10.jar:/home/runner/work/peregrine-launcher/peregrine-launcher/out/26.1.2/home/data/peregrine/libraries/com/mojang/datafixerupper/9.0.19/datafixerupper-9.0.19.jar:/home/runner/work/peregrine-launcher/peregrine-launcher/out/26.1.2/home/data/peregrine/libraries/com/mojang/jtracy/1.0.37/jtracy-1.0.37.jar:/home/runner/work/peregrine-launcher/peregrine-launcher/out/26.1.2/home/data/peregrine/libraries/com/mojang/jtracy/1.0.37/jtracy-1.0.37-natives-linux.jar:/home/runner/work/peregrine-launcher/peregrine-launcher/out/26.1.2/home/data/peregrine/libraries/com/mojang/logging/1.6.11/logging-1.6.11.jar:/home/runner/work/peregrine-launcher/peregrine-launcher/out/26.1.2/home/data/peregrine/libraries/com/mojang/patchy/2.2.10/patchy-2.2.10.jar:/home/runner/work/peregrine-launcher/peregrine-launcher/out/26.1.2/home/data/peregrine/libraries/com/mojang/text2speech/1.18.11/text2speech-1.18.11.jar:/home/runner/work/peregrine-launcher/peregrine-launcher/out/26.1.2/home/data/peregrine/libraries/commons-codec/commons-codec/1.19.0/commons-codec-1.19.0.jar:/home/runner/work/peregrine-launcher/peregrine-launcher/out/26.1.2/home/data/peregrine/libraries/commons-io/commons-io/2.20.0/commons-io-2.20.0.jar:/home/runner/work/peregrine-launcher/peregrine-launcher/out/26.1.2/home/data/peregrine/libraries/io/netty/netty-buffer/4.2.7.Final/netty-buffer-4.2.7.Final.jar:/home/runner/work/peregrine-launcher/peregrine-launcher/out/26.1.2/home/data/peregrine/libraries/io/netty/netty-codec-base/4.2.7.Final/netty-codec-base-4.2.7.Final.jar:/home/runner/work/peregrine-launcher/peregrine-launcher/out/26.1.2/home/data/peregrine/libraries/io/netty/netty-codec-compression/4.2.7.Final/netty-codec-compression-4.2.7.Final.jar:/home/runner/work/peregrine-launcher/peregrine-launcher/out/26.1.2/home/data/peregrine/libraries/io/netty/netty-codec-http/4.2.7.Final/netty-codec-http-4.2.7.Final.jar:/home/runner/work/peregrine-launcher/peregrine-launcher/out/26.1.2/home/data/peregrine/libraries/io/netty/netty-common/4.2.7.Final/netty-common-4.2.7.Final.jar:/home/runner/work/peregrine-launcher/peregrine-launcher/out/26.1.2/home/data/peregrine/libraries/io/netty/netty-handler/4.2.7.Final/netty-handler-4.2.7.Final.jar:/home/runner/work/peregrine-launcher/peregrine-launcher/out/26.1.2/home/data/peregrine/libraries/io/netty/netty-resolver/4.2.7.Final/netty-resolver-4.2.7.Final.jar:/home/runner/work/peregrine-launcher/peregrine-launcher/out/26.1.2/home/data/peregrine/libraries/io/netty/netty-transport-classes-epoll/4.2.7.Final/netty-transport-classes-epoll-4.2.7.Final.jar:/home/runner/work/peregrine-launcher/peregrine-launcher/out/26.1.2/home/data/peregrine/libraries/io/netty/netty-transport-classes-kqueue/4.2.7.Final/netty-transport-classes-kqueue-4.2.7.Final.jar:/home/runner/work/peregrine-launcher/peregrine-launcher/out/26.1.2/home/data/peregrine/libraries/io/netty/netty-transport-native-epoll/4.2.7.Final/netty-transport-native-epoll-4.2.7.Final-linux-aarch_64.jar:/home/runner/work/peregrine-launcher/peregrine-launcher/out/26.1.2/home/data/peregrine/libraries/io/netty/netty-transport-native-epoll/4.2.7.Final/netty-transport-native-epoll-4.2.7.Final-linux-x86_64.jar:/home/runner/work/peregrine-launcher/peregrine-launcher/out/26.1.2/home/data/peregrine/libraries/io/netty/netty-transport-native-unix-common/4.2.7.Final/netty-transport-native-unix-common-4.2.7.Final.jar:/home/runner/work/peregrine-launcher/peregrine-launcher/out/26.1.2/home/data/peregrine/libraries/io/netty/netty-transport/4.2.7.Final/netty-transport-4.2.7.Final.jar:/home/runner/work/peregrine-launcher/peregrine-launcher/out/26.1.2/home/data/peregrine/libraries/it/unimi/dsi/fastutil/8.5.18/fastutil-8.5.18.jar:/home/runner/work/peregrine-launcher/peregrine-launcher/out/26.1.2/home/data/peregrine/libraries/net/java/dev/jna/jna-platform/5.17.0/jna-platform-5.17.0.jar:/home/runner/work/peregrine-launcher/peregrine-launcher/out/26.1.2/home/data/peregrine/libraries/net/java/dev/jna/jna/5.17.0/jna-5.17.0.jar:/home/runner/work/peregrine-launcher/peregrine-launcher/out/26.1.2/home/data/peregrine/libraries/net/sf/jopt-simple/jopt-simple/5.0.4/jopt-simple-5.0.4.jar:/home/runner/work/peregrine-launcher/peregrine-launcher/out/26.1.2/home/data/peregrine/libraries/org/apache/commons/commons-compress/1.28.0/commons-compress-1.28.0.jar:/home/runner/work/peregrine-launcher/peregrine-launcher/out/26.1.2/home/data/peregrine/libraries/org/apache/commons/commons-lang3/3.19.0/commons-lang3-3.19.0.jar:/home/runner/work/peregrine-launcher/peregrine-launcher/out/26.1.2/home/data/peregrine/libraries/org/apache/logging/log4j/log4j-api/2.25.2/log4j-api-2.25.2.jar:/home/runner/work/peregrine-launcher/peregrine-launcher/out/26.1.2/home/data/peregrine/libraries/org/apache/logging/log4j/log4j-core/2.25.2/log4j-core-2.25.2.jar:/home/runner/work/peregrine-launcher/peregrine-launcher/out/26.1.2/home/data/peregrine/libraries/org/apache/logging/log4j/log4j-slf4j2-impl/2.25.2/log4j-slf4j2-impl-2.25.2.jar:/home/runner/work/peregrine-launcher/peregrine-launcher/out/26.1.2/home/data/peregrine/libraries/org/jcraft/jorbis/0.0.17/jorbis-0.0.17.jar:/home/runner/work/peregrine-launcher/peregrine-launcher/out/26.1.2/home/data/peregrine/libraries/org/joml/joml/1.10.8/joml-1.10.8.jar:/home/runner/work/peregrine-launcher/peregrine-launcher/out/26.1.2/home/data/peregrine/libraries/org/jspecify/jspecify/1.0.0/jspecify-1.0.0.jar:/home/runner/work/peregrine-launcher/peregrine-launcher/out/26.1.2/home/data/peregrine/libraries/org/lwjgl/lwjgl-freetype/3.4.1/lwjgl-freetype-3.4.1.jar:/home/runner/work/peregrine-launcher/peregrine-launcher/out/26.1.2/home/data/peregrine/libraries/org/lwjgl/lwjgl-freetype/3.4.1/lwjgl-freetype-3.4.1-natives-linux.jar:/home/runner/work/peregrine-launcher/peregrine-launcher/out/26.1.2/home/data/peregrine/libraries/org/lwjgl/lwjgl-glfw/3.4.1/lwjgl-glfw-3.4.1.jar:/home/runner/work/peregrine-launcher/peregrine-launcher/out/26.1.2/home/data/peregrine/libraries/org/lwjgl/lwjgl-glfw/3.4.1/lwjgl-glfw-3.4.1-natives-linux.jar:/home/runner/work/peregrine-launcher/peregrine-launcher/out/26.1.2/home/data/peregrine/libraries/org/lwjgl/lwjgl-jemalloc/3.4.1/lwjgl-jemalloc-3.4.1.jar:/home/runner/work/peregrine-launcher/peregrine-launcher/out/26.1.2/home/data/peregrine/libraries/org/lwjgl/lwjgl-jemalloc/3.4.1/lwjgl-jemalloc-3.4.1-natives-linux.jar:/home/runner/work/peregrine-launcher/peregrine-launcher/out/26.1.2/home/data/peregrine/libraries/org/lwjgl/lwjgl-openal/3.4.1/lwjgl-openal-3.4.1.jar:/home/runner/work/peregrine-launcher/peregrine-launcher/out/26.1.2/home/data/peregrine/libraries/org/lwjgl/lwjgl-openal/3.4.1/lwjgl-openal-3.4.1-natives-linux.jar:/home/runner/work/peregrine-launcher/peregrine-launcher/out/26.1.2/home/data/peregrine/libraries/org/lwjgl/lwjgl-opengl/3.4.1/lwjgl-opengl-3.4.1.jar:/home/runner/work/peregrine-launcher/peregrine-launcher/out/26.1.2/home/data/peregrine/libraries/org/lwjgl/lwjgl-opengl/3.4.1/lwjgl-opengl-3.4.1-natives-linux.jar:/home/runner/work/peregrine-launcher/peregrine-launcher/out/26.1.2/home/data/peregrine/libraries/org/lwjgl/lwjgl-stb/3.4.1/lwjgl-stb-3.4.1.jar:/home/runner/work/peregrine-launcher/peregrine-launcher/out/26.1.2/home/data/peregrine/libraries/org/lwjgl/lwjgl-stb/3.4.1/lwjgl-stb-3.4.1-natives-linux.jar:/home/runner/work/peregrine-launcher/peregrine-launcher/out/26.1.2/home/data/peregrine/libraries/org/lwjgl/lwjgl-tinyfd/3.4.1/lwjgl-tinyfd-3.4.1.jar:/home/runner/work/peregrine-launcher/peregrine-launcher/out/26.1.2/home/data/peregrine/libraries/org/lwjgl/lwjgl-tinyfd/3.4.1/lwjgl-tinyfd-3.4.1-natives-linux.jar:/home/runner/work/peregrine-launcher/peregrine-launcher/out/26.1.2/home/data/peregrine/libraries/org/lwjgl/lwjgl/3.4.1/lwjgl-3.4.1.jar:/home/runner/work/peregrine-launcher/peregrine-launcher/out/26.1.2/home/data/peregrine/libraries/org/lwjgl/lwjgl/3.4.1/lwjgl-3.4.1-natives-linux.jar:/home/runner/work/peregrine-launcher/peregrine-launcher/out/26.1.2/home/data/peregrine/libraries/org/slf4j/slf4j-api/2.0.17/slf4j-api-2.0.17.jar:/home/runner/work/peregrine-launcher/peregrine-launcher/out/26.1.2/home/data/peregrine/versions/26.1.2/26.1.2.jar)
		at knot//com.sun.jna.Native.extractFromResourcePath(Native.java:1141)
		at knot//com.sun.jna.NativeLibrary.loadLibrary(NativeLibrary.java:297)
		... 11 more
]]></log4j:Throwable>
  </log4j:Event>
  <log4j:Event logger="com.mojang.realmsclient.client.RealmsClient" timestamp="1791649454322" level="INFO" thread="Download-2">
    <log4j:Message><![CDATA[Could not authorize you against Realms server: java.lang.RuntimeException: Failed to parse into SignedJWT: 0]]></log4j:Message>
  </log4j:Event>
  <log4j:Event logger="com.mojang.realmsclient.client.RealmsClient" timestamp="1791649454323" level="ERROR" thread="Download-2">
    <log4j:Message><![CDATA[Failed to fetch Realms feature flags]]></log4j:Message>
    <log4j:Throwable><![CDATA[com.mojang.realmsclient.exception.RealmsServiceException: Realms authentication error with message 'java.lang.RuntimeException: Failed to parse into SignedJWT: 0'
	at knot//com.mojang.realmsclient.client.RealmsClient.execute(RealmsClient.java:526)
	at knot//com.mojang.realmsclient.client.RealmsClient.fetchFeatureFlags(RealmsClient.java:186)
	at java.base/java.util.concurrent.CompletableFuture$AsyncSupply.run(Unknown Source)
	at java.base/java.util.concurrent.ThreadPoolExecutor.runWorker(Unknown Source)
	at java.base/java.util.concurrent.ThreadPoolExecutor$Worker.run(Unknown Source)
	at java.base/java.lang.Thread.run(Unknown Source)
]]></log4j:Throwable>
  </log4j:Event>
  <log4j:Event logger="net.minecraft.server.packs.resources.ReloadableResourceManager" timestamp="1791649454367" level="INFO" thread="Render thread">
    <log4j:Message><![CDATA[Reloading ResourceManager: vanilla, fabric-api, fabric-api-base, fabric-api-lookup-api-v1, fabric-biome-api-v1, fabric-block-api-v1, fabric-block-getter-api-v2, fabric-command-api-v2, fabric-content-registries-v0, fabric-convention-tags-v2, fabric-crash-report-info-v1, fabric-creative-tab-api-v1, fabric-data-attachment-api-v1, fabric-data-generation-api-v1, fabric-debug-api-v1, fabric-dimensions-v1, fabric-entity-events-v1, fabric-events-interaction-v0, fabric-game-rule-api-v1, fabric-item-api-v1, fabric-key-mapping-api-v1, fabric-lifecycle-events-v1, fabric-loot-api-v3, fabric-menu-api-v1, fabric-message-api-v1, fabric-model-loading-api-v1, fabric-networking-api-v1, fabric-object-builder-api-v1, fabric-particles-v1, fabric-permission-api-v1, fabric-recipe-api-v1, fabric-registry-sync-v0, fabric-renderer-api-v1, fabric-renderer-indigo, fabric-rendering-fluids-v1, fabric-rendering-v1, fabric-resource-conditions-api-v1, fabric-resource-loader-v0, fabric-resource-loader-v1, fabric-screen-api-v1, fabric-serialization-api-v1, fabric-sound-api-v1, fabric-tag-api-v1, fabric-transfer-api-v1, fabric-transitive-access-wideners-v1, fabricloader, peregrine-client, file/PeregrineTest]]></log4j:Message>
  </log4j:Event>
  <log4j:Event logger="net.minecraft.server.LoggedPrintStream" timestamp="1791649454468" level="INFO" thread="Render thread">
    <log4j:Message><![CDATA[[STDOUT]: [Peregrine self-test] INFO phase title on Minecraft 26.1.2]]></log4j:Message>
  </log4j:Event>
  <log4j:Event logger="net.minecraft.client.gui.font.providers.UnihexProvider" timestamp="1791649454912" level="INFO" thread="Worker-Main-1">
    <log4j:Message><![CDATA[Found unifont_all_no_pua-17.0.01.hex, loading]]></log4j:Message>
  </log4j:Event>
  <log4j:Event logger="net.minecraft.client.gui.font.providers.UnihexProvider" timestamp="1791649454944" level="INFO" thread="Worker-Main-3">
    <log4j:Message><![CDATA[Found unifont_pua-17.0.01.hex, loading]]></log4j:Message>
  </log4j:Event>
  <log4j:Event logger="net.minecraft.client.gui.font.providers.UnihexProvider" timestamp="1791649455151" level="INFO" thread="Worker-Main-1">
    <log4j:Message><![CDATA[Found unifont_jp_patch-17.0.01.hex, loading]]></log4j:Message>
  </log4j:Event>
ALSA lib confmisc.c:855:(parse_card) cannot find card '0'
ALSA lib conf.c:5208:(_snd_config_evaluate) function snd_func_card_inum returned error: No such file or directory
ALSA lib confmisc.c:422:(snd_func_concat) error evaluating strings
ALSA lib conf.c:5208:(_snd_config_evaluate) function snd_func_concat returned error: No such file or directory
ALSA lib confmisc.c:1342:(snd_func_refer) error evaluating name
ALSA lib conf.c:5208:(_snd_config_evaluate) function snd_func_refer returned error: No such file or directory
ALSA lib conf.c:5731:(snd_config_expand) Evaluate error: No such file or directory
ALSA lib pcm.c:2721:(snd_pcm_open_noupdate) Unknown PCM default
ALSA lib confmisc.c:855:(parse_card) cannot find card '0'
ALSA lib conf.c:5208:(_snd_config_evaluate) function snd_func_card_inum returned error: No such file or directory
ALSA lib confmisc.c:422:(snd_func_concat) error evaluating strings
ALSA lib conf.c:5208:(_snd_config_evaluate) function snd_func_concat returned error: No such file or directory
ALSA lib confmisc.c:1342:(snd_func_refer) error evaluating name
ALSA lib conf.c:5208:(_snd_config_evaluate) function snd_func_refer returned error: No such file or directory
ALSA lib conf.c:5731:(snd_config_expand) Evaluate error: No such file or directory
ALSA lib pcm.c:2721:(snd_pcm_open_noupdate) Unknown PCM default
  <log4j:Event logger="net.minecraft.client.sounds.SoundEngine" timestamp="1791649456563" level="ERROR" thread="Render thread">
    <log4j:Message><![CDATA[Error starting SoundSystem. Turning off sounds & music]]></log4j:Message>
    <log4j:Throwable><![CDATA[java.lang.IllegalStateException: Failed to open OpenAL device
	at knot//com.mojang.blaze3d.audio.Library.openDeviceOrFallback(Library.java:275)
	at knot//com.mojang.blaze3d.audio.Library.init(Library.java:150)
	at knot//net.minecraft.client.sounds.SoundEngine.loadLibrary(SoundEngine.java:120)
	at knot//net.minecraft.client.sounds.SoundEngine.reload(SoundEngine.java:109)
	at knot//net.minecraft.client.sounds.SoundManager.apply(SoundManager.java:122)
	at knot//net.minecraft.client.sounds.SoundManager.apply(SoundManager.java:41)
	at knot//net.minecraft.server.packs.resources.SimplePreparableReloadListener.lambda$reload$1(SimplePreparableReloadListener.java:15)
	at java.base/java.util.concurrent.CompletableFuture$UniAccept.tryFire(Unknown Source)
	at java.base/java.util.concurrent.CompletableFuture$Completion.run(Unknown Source)
	at knot//net.minecraft.server.packs.resources.SimpleReloadInstance.lambda$prepareTasks$3(SimpleReloadInstance.java:59)
	at knot//net.minecraft.util.thread.BlockableEventLoop.doRunTask(BlockableEventLoop.java:173)
	at knot//net.minecraft.util.thread.ReentrantBlockableEventLoop.doRunTask(ReentrantBlockableEventLoop.java:23)
	at knot//net.minecraft.util.thread.BlockableEventLoop.pollTask(BlockableEventLoop.java:147)
	at knot//net.minecraft.util.thread.BlockableEventLoop.runAllTasks(BlockableEventLoop.java:127)
	at knot//net.minecraft.client.Minecraft.runTick(Minecraft.java:1345)
	at knot//net.minecraft.client.Minecraft.run(Minecraft.java:991)
	at knot//net.minecraft.client.main.Main.main(Main.java:248)
	at net.fabricmc.loader.impl.game.minecraft.MinecraftGameProvider.launch(MinecraftGameProvider.java:517)
	at net.fabricmc.loader.impl.launch.knot.Knot.launch(Knot.java:72)
	at net.fabricmc.loader.impl.launch.knot.KnotClient.main(KnotClient.java:23)
]]></log4j:Throwable>
  </log4j:Event>
  <log4j:Event logger="net.minecraft.client.renderer.texture.TextureAtlas" timestamp="1791649456563" level="INFO" thread="Render thread">
    <log4j:Message><![CDATA[Created: 512x256x0 minecraft:textures/atlas/particles.png-atlas]]></log4j:Message>
  </log4j:Event>
  <log4j:Event logger="net.minecraft.client.renderer.texture.TextureAtlas" timestamp="1791649456629" level="INFO" thread="Render thread">
    <log4j:Message><![CDATA[Created: 128x128x0 minecraft:textures/atlas/decorated_pot.png-atlas]]></log4j:Message>
  </log4j:Event>
  <log4j:Event logger="net.minecraft.client.renderer.texture.TextureAtlas" timestamp="1791649456630" level="INFO" thread="Render thread">
    <log4j:Message><![CDATA[Created: 2048x1024x0 minecraft:textures/atlas/armor_trims.png-atlas]]></log4j:Message>
  </log4j:Event>
  <log4j:Event logger="net.minecraft.client.renderer.texture.TextureAtlas" timestamp="1791649456650" level="INFO" thread="Render thread">
    <log4j:Message><![CDATA[Created: 512x256x0 minecraft:textures/atlas/paintings.png-atlas]]></log4j:Message>
  </log4j:Event>
  <log4j:Event logger="net.minecraft.client.renderer.texture.TextureAtlas" timestamp="1791649456665" level="INFO" thread="Render thread">
    <log4j:Message><![CDATA[Created: 1024x512x0 minecraft:textures/atlas/shield_patterns.png-atlas]]></log4j:Message>
  </log4j:Event>
  <log4j:Event logger="net.minecraft.client.renderer.texture.TextureAtlas" timestamp="1791649456667" level="INFO" thread="Render thread">
    <log4j:Message><![CDATA[Created: 2048x2048x4 minecraft:textures/atlas/blocks.png-atlas]]></log4j:Message>
  </log4j:Event>
  <log4j:Event logger="net.minecraft.client.renderer.texture.TextureAtlas" timestamp="1791649456829" level="INFO" thread="Render thread">
    <log4j:Message><![CDATA[Created: 512x512x0 minecraft:textures/atlas/chest.png-atlas]]></log4j:Message>
  </log4j:Event>
  <log4j:Event logger="net.minecraft.client.renderer.texture.TextureAtlas" timestamp="1791649456830" level="INFO" thread="Render thread">
    <log4j:Message><![CDATA[Created: 256x128x0 minecraft:textures/atlas/celestials.png-atlas]]></log4j:Message>
  </log4j:Event>
  <log4j:Event logger="net.minecraft.client.renderer.texture.TextureAtlas" timestamp="1791649456830" level="INFO" thread="Render thread">
    <log4j:Message><![CDATA[Created: 1024x512x0 minecraft:textures/atlas/banner_patterns.png-atlas]]></log4j:Message>
  </log4j:Event>
  <log4j:Event logger="net.minecraft.client.renderer.texture.TextureAtlas" timestamp="1791649456831" level="INFO" thread="Render thread">
    <log4j:Message><![CDATA[Created: 512x512x0 minecraft:textures/atlas/beds.png-atlas]]></log4j:Message>
  </log4j:Event>
  <log4j:Event logger="net.minecraft.client.renderer.texture.TextureAtlas" timestamp="1791649456831" level="INFO" thread="Render thread">
    <log4j:Message><![CDATA[Created: 1024x512x0 minecraft:textures/atlas/items.png-atlas]]></log4j:Message>
  </log4j:Event>
  <log4j:Event logger="net.minecraft.client.renderer.texture.TextureAtlas" timestamp="1791649456843" level="INFO" thread="Render thread">
    <log4j:Message><![CDATA[Created: 1024x1024x0 minecraft:textures/atlas/gui.png-atlas]]></log4j:Message>
  </log4j:Event>
  <log4j:Event logger="net.minecraft.client.renderer.texture.TextureAtlas" timestamp="1791649456851" level="INFO" thread="Render thread">
    <log4j:Message><![CDATA[Created: 128x64x0 minecraft:textures/atlas/map_decorations.png-atlas]]></log4j:Message>
  </log4j:Event>
  <log4j:Event logger="net.minecraft.client.renderer.texture.TextureAtlas" timestamp="1791649456852" level="INFO" thread="Render thread">
    <log4j:Message><![CDATA[Created: 512x256x0 minecraft:textures/atlas/signs.png-atlas]]></log4j:Message>
  </log4j:Event>
  <log4j:Event logger="net.minecraft.client.renderer.texture.TextureAtlas" timestamp="1791649456853" level="INFO" thread="Render thread">
    <log4j:Message><![CDATA[Created: 512x512x0 minecraft:textures/atlas/shulker_boxes.png-atlas]]></log4j:Message>
  </log4j:Event>
  <log4j:Event logger="net.minecraft.server.LoggedPrintStream" timestamp="1791649459041" level="INFO" thread="Render thread">
    <log4j:Message><![CDATA[[STDOUT]: [Peregrine self-test] PASS Peregrine main menu shows instead of Minecraft's]]></log4j:Message>
  </log4j:Event>
  <log4j:Event logger="net.minecraft.server.LoggedPrintStream" timestamp="1791649462493" level="INFO" thread="Render thread">
    <log4j:Message><![CDATA[[STDOUT]: [Peregrine self-test] PASS Singleplayer button opens world list]]></log4j:Message>
  </log4j:Event>
  <log4j:Event logger="net.minecraft.server.LoggedPrintStream" timestamp="1791649464397" level="INFO" thread="Render thread">
    <log4j:Message><![CDATA[[STDOUT]: [Peregrine self-test] PASS Multiplayer button opens server list]]></log4j:Message>
  </log4j:Event>
  <log4j:Event logger="net.minecraft.server.LoggedPrintStream" timestamp="1791649465026" level="INFO" thread="Render thread">
    <log4j:Message><![CDATA[[STDOUT]: [Peregrine self-test] PASS Options button opens options]]></log4j:Message>
  </log4j:Event>
  <log4j:Event logger="net.minecraft.server.LoggedPrintStream" timestamp="1791649466988" level="INFO" thread="Render thread">
    <log4j:Message><![CDATA[[STDOUT]: [Peregrine self-test] PASS Back to the main menu]]></log4j:Message>
  </log4j:Event>
  <log4j:Event logger="net.minecraft.server.LoggedPrintStream" timestamp="1791649468444" level="INFO" thread="Render thread">
    <log4j:Message><![CDATA[[STDOUT]: [Peregrine self-test] PASS clicking Peregrine on the main menu opens the menu]]></log4j:Message>
  </log4j:Event>
  <log4j:Event logger="net.minecraft.server.LoggedPrintStream" timestamp="1791649469045" level="INFO" thread="Render thread">
    <log4j:Message><![CDATA[[STDOUT]: [Peregrine self-test] PASS menu draws on the main menu]]></log4j:Message>
  </log4j:Event>
  <log4j:Event logger="net.minecraft.server.LoggedPrintStream" timestamp="1791649471788" level="INFO" thread="Render thread">
    <log4j:Message><![CDATA[[STDOUT]: [Peregrine self-test] PASS Edit HUD button works on the main menu]]></log4j:Message>
  </log4j:Event>
  <log4j:Event logger="net.minecraft.server.LoggedPrintStream" timestamp="1791649474738" level="INFO" thread="Render thread">
    <log4j:Message><![CDATA[[STDOUT]: [Peregrine self-test] PASS Back button leaves the editor]]></log4j:Message>
  </log4j:Event>
  <log4j:Event logger="net.minecraft.server.LoggedPrintStream" timestamp="1791649475088" level="INFO" thread="Render thread">
    <log4j:Message><![CDATA[[STDOUT]: [Peregrine self-test] INFO counts {titleclick@212,185/0=1, click@95,205/0=1, editor=176, click@213,132/0=1, title=303, menu=248}]]></log4j:Message>
  </log4j:Event>
  <log4j:Event logger="net.minecraft.server.LoggedPrintStream" timestamp="1791649475089" level="INFO" thread="Render thread">
    <log4j:Message><![CDATA[[STDOUT]: [Peregrine self-test] PASS finished with 0 failure(s)]]></log4j:Message>
  </log4j:Event>
  <log4j:Event logger="net.minecraft.client.Minecraft" timestamp="1791649476203" level="INFO" thread="Render thread">
    <log4j:Message><![CDATA[Stopping!]]></log4j:Message>
  </log4j:Event>
