[16:25:11] [main/INFO]: Loading Minecraft 1.21.6 with Fabric Loader 0.19.5
[16:25:11] [main/INFO]: Fabric is preparing JARs on first launch, this may take a few seconds...
[16:25:11] [main/INFO]: Loading 47 mods:
	- fabric-api 0.128.2+1.21.6
	   |-- fabric-api-base 0.4.64+9ec45cd896
	   |-- fabric-api-lookup-api-v1 1.6.100+946bf4c396
	   |-- fabric-biome-api-v1 16.0.11+946bf4c396
	   |-- fabric-block-api-v1 1.1.3+946bf4c396
	   |-- fabric-block-view-api-v2 1.0.31+946bf4c396
	   |-- fabric-command-api-v2 2.2.53+946bf4c396
	   |-- fabric-content-registries-v0 10.0.18+946bf4c396
	   |-- fabric-convention-tags-v1 2.1.38+7f945d5b96
	   |-- fabric-convention-tags-v2 2.15.3+946bf4c396
	   |-- fabric-crash-report-info-v1 0.3.15+946bf4c396
	   |-- fabric-data-attachment-api-v1 1.8.10+946bf4c396
	   |-- fabric-data-generation-api-v1 23.2.3+c265f73696
	   |-- fabric-dimensions-v1 4.0.19+946bf4c396
	   |-- fabric-entity-events-v1 2.1.1+c9e4727396
	   |-- fabric-events-interaction-v0 4.0.23+946bf4c396
	   |-- fabric-game-rule-api-v1 1.0.73+12a186f696
	   |-- fabric-item-api-v1 11.4.3+946bf4c396
	   |-- fabric-item-group-api-v1 4.2.13+946bf4c396
	   |-- fabric-key-binding-api-v1 1.0.65+946bf4c396
	   |-- fabric-lifecycle-events-v1 2.6.3+db4dfd8596
	   |-- fabric-loot-api-v2 3.0.55+3f89f5a596
	   |-- fabric-loot-api-v3 2.0.2+946bf4c396
	   |-- fabric-message-api-v1 6.1.1+946bf4c396
	   |-- fabric-model-loading-api-v1 5.2.5+946bf4c396
	   |-- fabric-networking-api-v1 5.0.1+946bf4c396
	   |-- fabric-object-builder-api-v1 21.1.7+946bf4c396
	   |-- fabric-particles-v1 4.1.7+946bf4c396
	   |-- fabric-recipe-api-v1 8.1.14+946bf4c396
	   |-- fabric-registry-sync-v0 6.1.27+946bf4c396
	   |-- fabric-renderer-api-v1 7.0.2+946bf4c396
	   |-- fabric-renderer-indigo 4.0.2+946bf4c396
	   |-- fabric-rendering-fluids-v1 3.1.30+fa6cb72b96
	   |-- fabric-rendering-v1 12.4.0+e8d43c7696
	   |-- fabric-resource-conditions-api-v1 5.0.24+946bf4c396
	   |-- fabric-resource-loader-v0 3.1.11+946bf4c396
	   |-- fabric-screen-api-v1 2.0.51+946bf4c396
	   |-- fabric-screen-handler-api-v1 1.3.136+946bf4c396
	   |-- fabric-sound-api-v1 1.0.42+946bf4c396
	   |-- fabric-tag-api-v1 1.2.1+946bf4c396
	   |-- fabric-transfer-api-v1 6.0.5+946bf4c396
	   \-- fabric-transitive-access-wideners-v1 6.4.1+ac3e15d196
	- fabricloader 0.19.5
	   \-- mixinextras 0.5.5
	- java 21
	- minecraft 1.21.6
	- peregrine-client 1.0.1
[16:25:11] [main/INFO]: SpongePowered MIXIN Subsystem Version=0.8.7 Source=file:/home/runner/work/peregrine-launcher/peregrine-launcher/out/1.21.6/home/data/peregrine/libraries/net/fabricmc/sponge-mixin/0.17.4+mixin.0.8.7/sponge-mixin-0.17.4+mixin.0.8.7.jar Service=Knot/Fabric Env=CLIENT
[16:25:13] [main/INFO]: Initializing MixinExtras via com.llamalad7.mixinextras.service.MixinExtrasServiceImpl(version=0.5.5).
[16:25:14] [Datafixer Bootstrap/INFO]: 269 Datafixer optimizations took 733 milliseconds
[16:25:20] [Render thread/INFO]: Environment: Environment[sessionHost=https://sessionserver.mojang.com, servicesHost=https://api.minecraftservices.com, name=PROD]
[16:25:20] [Render thread/INFO]: Setting user: Tester
[16:25:21] [Render thread/INFO]: [Indigo] Registering Indigo renderer!
[16:25:21] [Render thread/INFO]: Backend library: LWJGL version 3.3.3-snapshot
[16:25:26] [Render thread/INFO]: Using optional rendering extensions: GL_ARB_buffer_storage, GL_KHR_debug, GL_ARB_vertex_attrib_binding, GL_ARB_direct_state_access
[16:25:26] [Render thread/ERROR]: Error while loading the narrator
com.mojang.text2speech.Narrator$InitializeException: Failed to load library flite
	at knot/com.mojang.text2speech.NarratorLinux$FliteLibrary.loadNative(NarratorLinux.java:81) ~[text2speech-1.18.11.jar:?]
	at knot/com.mojang.text2speech.NarratorLinux.<init>(NarratorLinux.java:18) ~[text2speech-1.18.11.jar:?]
	at knot/com.mojang.text2speech.Narrator.getNarrator(Narrator.java:41) [text2speech-1.18.11.jar:?]
	at knot/net.minecraft.class_333.<init>(class_333.java:20) [client-intermediary.jar:?]
	at knot/net.minecraft.class_310.<init>(class_310.java:703) [client-intermediary.jar:?]
	at knot/net.minecraft.client.main.Main.main(Main.java:249) [client-intermediary.jar:?]
	at net.fabricmc.loader.impl.game.minecraft.MinecraftGameProvider.launch(MinecraftGameProvider.java:517) [fabric-loader-0.19.5.jar:?]
	at net.fabricmc.loader.impl.launch.knot.Knot.launch(Knot.java:72) [fabric-loader-0.19.5.jar:?]
	at net.fabricmc.loader.impl.launch.knot.KnotClient.main(KnotClient.java:23) [fabric-loader-0.19.5.jar:?]
Caused by: java.lang.UnsatisfiedLinkError: Unable to load library 'flite':
libflite.so: cannot open shared object file: No such file or directory
libflite.so: cannot open shared object file: No such file or directory
Native library (linux-x86-64/libflite.so) not found in resource path (/home/runner/work/peregrine-launcher/peregrine-launcher/out/1.21.6/home/data/peregrine/libraries/org/ow2/asm/asm/9.10.1/asm-9.10.1.jar:/home/runner/work/peregrine-launcher/peregrine-launcher/out/1.21.6/home/data/peregrine/libraries/org/ow2/asm/asm-analysis/9.10.1/asm-analysis-9.10.1.jar:/home/runner/work/peregrine-launcher/peregrine-launcher/out/1.21.6/home/data/peregrine/libraries/org/ow2/asm/asm-commons/9.10.1/asm-commons-9.10.1.jar:/home/runner/work/peregrine-launcher/peregrine-launcher/out/1.21.6/home/data/peregrine/libraries/org/ow2/asm/asm-tree/9.10.1/asm-tree-9.10.1.jar:/home/runner/work/peregrine-launcher/peregrine-launcher/out/1.21.6/home/data/peregrine/libraries/org/ow2/asm/asm-util/9.10.1/asm-util-9.10.1.jar:/home/runner/work/peregrine-launcher/peregrine-launcher/out/1.21.6/home/data/peregrine/libraries/net/fabricmc/sponge-mixin/0.17.4+mixin.0.8.7/sponge-mixin-0.17.4+mixin.0.8.7.jar:/home/runner/work/peregrine-launcher/peregrine-launcher/out/1.21.6/home/data/peregrine/libraries/net/fabricmc/intermediary/1.21.6/intermediary-1.21.6.jar:/home/runner/work/peregrine-launcher/peregrine-launcher/out/1.21.6/home/data/peregrine/libraries/net/fabricmc/fabric-loader/0.19.5/fabric-loader-0.19.5.jar:/home/runner/work/peregrine-launcher/peregrine-launcher/out/1.21.6/home/data/peregrine/libraries/com/fasterxml/jackson/core/jackson-annotations/2.13.4/jackson-annotations-2.13.4.jar:/home/runner/work/peregrine-launcher/peregrine-launcher/out/1.21.6/home/data/peregrine/libraries/com/fasterxml/jackson/core/jackson-core/2.13.4/jackson-core-2.13.4.jar:/home/runner/work/peregrine-launcher/peregrine-launcher/out/1.21.6/home/data/peregrine/libraries/com/fasterxml/jackson/core/jackson-databind/2.13.4.2/jackson-databind-2.13.4.2.jar:/home/runner/work/peregrine-launcher/peregrine-launcher/out/1.21.6/home/data/peregrine/libraries/com/github/oshi/oshi-core/6.6.5/oshi-core-6.6.5.jar:/home/runner/work/peregrine-launcher/peregrine-launcher/out/1.21.6/home/data/peregrine/libraries/com/github/stephenc/jcip/jcip-annotations/1.0-1/jcip-annotations-1.0-1.jar:/home/runner/work/peregrine-launcher/peregrine-launcher/out/1.21.6/home/data/peregrine/libraries/com/google/code/gson/gson/2.11.0/gson-2.11.0.jar:/home/runner/work/peregrine-launcher/peregrine-launcher/out/1.21.6/home/data/peregrine/libraries/com/google/guava/failureaccess/1.0.2/failureaccess-1.0.2.jar:/home/runner/work/peregrine-launcher/peregrine-launcher/out/1.21.6/home/data/peregrine/libraries/com/google/guava/guava/33.3.1-jre/guava-33.3.1-jre.jar:/home/runner/work/peregrine-launcher/peregrine-launcher/out/1.21.6/home/data/peregrine/libraries/com/ibm/icu/icu4j/76.1/icu4j-76.1.jar:/home/runner/work/peregrine-launcher/peregrine-launcher/out/1.21.6/home/data/peregrine/libraries/com/microsoft/azure/msal4j/1.17.2/msal4j-1.17.2.jar:/home/runner/work/peregrine-launcher/peregrine-launcher/out/1.21.6/home/data/peregrine/libraries/com/mojang/authlib/6.0.58/authlib-6.0.58.jar:/home/runner/work/peregrine-launcher/peregrine-launcher/out/1.21.6/home/data/peregrine/libraries/com/mojang/blocklist/1.0.10/blocklist-1.0.10.jar:/home/runner/work/peregrine-launcher/peregrine-launcher/out/1.21.6/home/data/peregrine/libraries/com/mojang/brigadier/1.3.10/brigadier-1.3.10.jar:/home/runner/work/peregrine-launcher/peregrine-launcher/out/1.21.6/home/data/peregrine/libraries/com/mojang/datafixerupper/8.0.16/datafixerupper-8.0.16.jar:/home/runner/work/peregrine-launcher/peregrine-launcher/out/1.21.6/home/data/peregrine/libraries/com/mojang/jtracy/1.0.29/jtracy-1.0.29.jar:/home/runner/work/peregrine-launcher/peregrine-launcher/out/1.21.6/home/data/peregrine/libraries/com/mojang/jtracy/1.0.29/jtracy-1.0.29-natives-linux.jar:/home/runner/work/peregrine-launcher/peregrine-launcher/out/1.21.6/home/data/peregrine/libraries/com/mojang/logging/1.5.10/logging-1.5.10.jar:/home/runner/work/peregrine-launcher/peregrine-launcher/out/1.21.6/home/data/peregrine/libraries/com/mojang/patchy/2.2.10/patchy-2.2.10.jar:/home/runner/work/peregrine-launcher/peregrine-launcher/out/1.21.6/home/data/peregrine/libraries/com/mojang/text2speech/1.18.11/text2speech-1.18.11.jar:/home/runner/work/peregrine-launcher/peregrine-launcher/out/1.21.6/home/data/peregrine/libraries/com/nimbusds/content-type/2.3/content-type-2.3.jar:/home/runner/work/peregrine-launcher/peregrine-launcher/out/1.21.6/home/data/peregrine/libraries/com/nimbusds/lang-tag/1.7/lang-tag-1.7.jar:/home/runner/work/peregrine-launcher/peregrine-launcher/out/1.21.6/home/data/peregrine/libraries/com/nimbusds/nimbus-jose-jwt/9.40/nimbus-jose-jwt-9.40.jar:/home/runner/work/peregrine-launcher/peregrine-launcher/out/1.21.6/home/data/peregrine/libraries/com/nimbusds/oauth2-oidc-sdk/11.18/oauth2-oidc-sdk-11.18.jar:/home/runner/work/peregrine-launcher/peregrine-launcher/out/1.21.6/home/data/peregrine/libraries/commons-codec/commons-codec/1.17.1/commons-codec-1.17.1.jar:/home/runner/work/peregrine-launcher/peregrine-launcher/out/1.21.6/home/data/peregrine/libraries/commons-io/commons-io/2.17.0/commons-io-2.17.0.jar:/home/runner/work/peregrine-launcher/peregrine-launcher/out/1.21.6/home/data/peregrine/libraries/commons-logging/commons-logging/1.3.4/commons-logging-1.3.4.jar:/home/runner/work/peregrine-launcher/peregrine-launcher/out/1.21.6/home/data/peregrine/libraries/io/netty/netty-buffer/4.1.118.Final/netty-buffer-4.1.118.Final.jar:/home/runner/work/peregrine-launcher/peregrine-launcher/out/1.21.6/home/data/peregrine/libraries/io/netty/netty-codec/4.1.118.Final/netty-codec-4.1.118.Final.jar:/home/runner/work/peregrine-launcher/peregrine-launcher/out/1.21.6/home/data/peregrine/libraries/io/netty/netty-common/4.1.118.Final/netty-common-4.1.118.Final.jar:/home/runner/work/peregrine-launcher/peregrine-launcher/out/1.21.6/home/data/peregrine/libraries/io/netty/netty-handler/4.1.118.Final/netty-handler-4.1.118.Final.jar:/home/runner/work/peregrine-launcher/peregrine-launcher/out/1.21.6/home/data/peregrine/libraries/io/netty/netty-resolver/4.1.118.Final/netty-resolver-4.1.118.Final.jar:/home/runner/work/peregrine-launcher/peregrine-launcher/out/1.21.6/home/data/peregrine/libraries/io/netty/netty-transport-classes-epoll/4.1.118.Final/netty-transport-classes-epoll-4.1.118.Final.jar:/home/runner/work/peregrine-launcher/peregrine-launcher/out/1.21.6/home/data/peregrine/libraries/io/netty/netty-transport-native-epoll/4.1.118.Final/netty-transport-native-epoll-4.1.118.Final-linux-aarch_64.jar:/home/runner/work/peregrine-launcher/peregrine-launcher/out/1.21.6/home/data/peregrine/libraries/io/netty/netty-transport-native-epoll/4.1.118.Final/netty-transport-native-epoll-4.1.118.Final-linux-x86_64.jar:/home/runner/work/peregrine-launcher/peregrine-launcher/out/1.21.6/home/data/peregrine/libraries/io/netty/netty-transport-native-unix-common/4.1.118.Final/netty-transport-native-unix-common-4.1.118.Final.jar:/home/runner/work/peregrine-launcher/peregrine-launcher/out/1.21.6/home/data/peregrine/libraries/io/netty/netty-transport/4.1.118.Final/netty-transport-4.1.118.Final.jar:/home/runner/work/peregrine-launcher/peregrine-launcher/out/1.21.6/home/data/peregrine/libraries/it/unimi/dsi/fastutil/8.5.15/fastutil-8.5.15.jar:/home/runner/work/peregrine-launcher/peregrine-launcher/out/1.21.6/home/data/peregrine/libraries/net/java/dev/jna/jna-platform/5.15.0/jna-platform-5.15.0.jar:/home/runner/work/peregrine-launcher/peregrine-launcher/out/1.21.6/home/data/peregrine/libraries/net/java/dev/jna/jna/5.15.0/jna-5.15.0.jar:/home/runner/work/peregrine-launcher/peregrine-launcher/out/1.21.6/home/data/peregrine/libraries/net/minidev/accessors-smart/2.5.1/accessors-smart-2.5.1.jar:/home/runner/work/peregrine-launcher/peregrine-launcher/out/1.21.6/home/data/peregrine/libraries/net/minidev/json-smart/2.5.1/json-smart-2.5.1.jar:/home/runner/work/peregrine-launcher/peregrine-launcher/out/1.21.6/home/data/peregrine/libraries/net/sf/jopt-simple/jopt-simple/5.0.4/jopt-simple-5.0.4.jar:/home/runner/work/peregrine-launcher/peregrine-launcher/out/1.21.6/home/data/peregrine/libraries/org/apache/commons/commons-compress/1.27.1/commons-compress-1.27.1.jar:/home/runner/work/peregrine-launcher/peregrine-launcher/out/1.21.6/home/data/peregrine/libraries/org/apache/commons/commons-lang3/3.17.0/commons-lang3-3.17.0.jar:/home/runner/work/peregrine-launcher/peregrine-launcher/out/1.21.6/home/data/peregrine/libraries/org/apache/httpcomponents/httpclient/4.5.14/httpclient-4.5.14.jar:/home/runner/work/peregrine-launcher/peregrine-launcher/out/1.21.6/home/data/peregrine/libraries/org/apache/httpcomponents/httpcore/4.4.16/httpcore-4.4.16.jar:/home/runner/work/peregrine-launcher/peregrine-launcher/out/1.21.6/home/data/peregrine/libraries/org/apache/logging/log4j/log4j-api/2.24.1/log4j-api-2.24.1.jar:/home/runner/work/peregrine-launcher/peregrine-launcher/out/1.21.6/home/data/peregrine/libraries/org/apache/logging/log4j/log4j-core/2.24.1/log4j-core-2.24.1.jar:/home/runner/work/peregrine-launcher/peregrine-launcher/out/1.21.6/home/data/peregrine/libraries/org/apache/logging/log4j/log4j-slf4j2-impl/2.24.1/log4j-slf4j2-impl-2.24.1.jar:/home/runner/work/peregrine-launcher/peregrine-launcher/out/1.21.6/home/data/peregrine/libraries/org/jcraft/jorbis/0.0.17/jorbis-0.0.17.jar:/home/runner/work/peregrine-launcher/peregrine-launcher/out/1.21.6/home/data/peregrine/libraries/org/joml/joml/1.10.8/joml-1.10.8.jar:/home/runner/work/peregrine-launcher/peregrine-launcher/out/1.21.6/home/data/peregrine/libraries/org/lwjgl/lwjgl-freetype/3.3.3/lwjgl-freetype-3.3.3.jar:/home/runner/work/peregrine-launcher/peregrine-launcher/out/1.21.6/home/data/peregrine/libraries/org/lwjgl/lwjgl-freetype/3.3.3/lwjgl-freetype-3.3.3-natives-linux.jar:/home/runner/work/peregrine-launcher/peregrine-launcher/out/1.21.6/home/data/peregrine/libraries/org/lwjgl/lwjgl-glfw/3.3.3/lwjgl-glfw-3.3.3.jar:/home/runner/work/peregrine-launcher/peregrine-launcher/out/1.21.6/home/data/peregrine/libraries/org/lwjgl/lwjgl-glfw/3.3.3/lwjgl-glfw-3.3.3-natives-linux.jar:/home/runner/work/peregrine-launcher/peregrine-launcher/out/1.21.6/home/data/peregrine/libraries/org/lwjgl/lwjgl-jemalloc/3.3.3/lwjgl-jemalloc-3.3.3.jar:/home/runner/work/peregrine-launcher/peregrine-launcher/out/1.21.6/home/data/peregrine/libraries/org/lwjgl/lwjgl-jemalloc/3.3.3/lwjgl-jemalloc-3.3.3-natives-linux.jar:/home/runner/work/peregrine-launcher/peregrine-launcher/out/1.21.6/home/data/peregrine/libraries/org/lwjgl/lwjgl-openal/3.3.3/lwjgl-openal-3.3.3.jar:/home/runner/work/peregrine-launcher/peregrine-launcher/out/1.21.6/home/data/peregrine/libraries/org/lwjgl/lwjgl-openal/3.3.3/lwjgl-openal-3.3.3-natives-linux.jar:/home/runner/work/peregrine-launcher/peregrine-launcher/out/1.21.6/home/data/peregrine/libraries/org/lwjgl/lwjgl-opengl/3.3.3/lwjgl-opengl-3.3.3.jar:/home/runner/work/peregrine-launcher/peregrine-launcher/out/1.21.6/home/data/peregrine/libraries/org/lwjgl/lwjgl-opengl/3.3.3/lwjgl-opengl-3.3.3-natives-linux.jar:/home/runner/work/peregrine-launcher/peregrine-launcher/out/1.21.6/home/data/peregrine/libraries/org/lwjgl/lwjgl-stb/3.3.3/lwjgl-stb-3.3.3.jar:/home/runner/work/peregrine-launcher/peregrine-launcher/out/1.21.6/home/data/peregrine/libraries/org/lwjgl/lwjgl-stb/3.3.3/lwjgl-stb-3.3.3-natives-linux.jar:/home/runner/work/peregrine-launcher/peregrine-launcher/out/1.21.6/home/data/peregrine/libraries/org/lwjgl/lwjgl-tinyfd/3.3.3/lwjgl-tinyfd-3.3.3.jar:/home/runner/work/peregrine-launcher/peregrine-launcher/out/1.21.6/home/data/peregrine/libraries/org/lwjgl/lwjgl-tinyfd/3.3.3/lwjgl-tinyfd-3.3.3-natives-linux.jar:/home/runner/work/peregrine-launcher/peregrine-launcher/out/1.21.6/home/data/peregrine/libraries/org/lwjgl/lwjgl/3.3.3/lwjgl-3.3.3.jar:/home/runner/work/peregrine-launcher/peregrine-launcher/out/1.21.6/home/data/peregrine/libraries/org/lwjgl/lwjgl/3.3.3/lwjgl-3.3.3-natives-linux.jar:/home/runner/work/peregrine-launcher/peregrine-launcher/out/1.21.6/home/data/peregrine/libraries/org/lz4/lz4-java/1.8.0/lz4-java-1.8.0.jar:/home/runner/work/peregrine-launcher/peregrine-launcher/out/1.21.6/home/data/peregrine/libraries/org/slf4j/slf4j-api/2.0.16/slf4j-api-2.0.16.jar:/home/runner/work/peregrine-launcher/peregrine-launcher/out/1.21.6/home/data/peregrine/versions/1.21.6/1.21.6.jar)
	at knot/com.sun.jna.NativeLibrary.loadLibrary(NativeLibrary.java:325) ~[jna-5.15.0.jar:?]
	at knot/com.sun.jna.NativeLibrary.getInstance(NativeLibrary.java:481) ~[jna-5.15.0.jar:?]
	at knot/com.sun.jna.NativeLibrary.getInstance(NativeLibrary.java:423) ~[jna-5.15.0.jar:?]
	at knot/com.mojang.text2speech.NarratorLinux$FliteLibrary.loadNative(NarratorLinux.java:79) ~[text2speech-1.18.11.jar:?]
	... 8 more
	Suppressed: java.lang.UnsatisfiedLinkError: libflite.so: cannot open shared object file: No such file or directory
		at knot/com.sun.jna.Native.open(Native Method) ~[jna-5.15.0.jar:?]
		at knot/com.sun.jna.NativeLibrary.loadLibrary(NativeLibrary.java:213) ~[jna-5.15.0.jar:?]
		at knot/com.sun.jna.NativeLibrary.getInstance(NativeLibrary.java:481) ~[jna-5.15.0.jar:?]
		at knot/com.sun.jna.NativeLibrary.getInstance(NativeLibrary.java:423) ~[jna-5.15.0.jar:?]
		at knot/com.mojang.text2speech.NarratorLinux$FliteLibrary.loadNative(NarratorLinux.java:79) ~[text2speech-1.18.11.jar:?]
		at knot/com.mojang.text2speech.NarratorLinux.<init>(NarratorLinux.java:18) ~[text2speech-1.18.11.jar:?]
		at knot/com.mojang.text2speech.Narrator.getNarrator(Narrator.java:41) [text2speech-1.18.11.jar:?]
		at knot/net.minecraft.class_333.<init>(class_333.java:20) [client-intermediary.jar:?]
		at knot/net.minecraft.class_310.<init>(class_310.java:703) [client-intermediary.jar:?]
		at knot/net.minecraft.client.main.Main.main(Main.java:249) [client-intermediary.jar:?]
		at net.fabricmc.loader.impl.game.minecraft.MinecraftGameProvider.launch(MinecraftGameProvider.java:517) [fabric-loader-0.19.5.jar:?]
		at net.fabricmc.loader.impl.launch.knot.Knot.launch(Knot.java:72) [fabric-loader-0.19.5.jar:?]
		at net.fabricmc.loader.impl.launch.knot.KnotClient.main(KnotClient.java:23) [fabric-loader-0.19.5.jar:?]
	Suppressed: java.lang.UnsatisfiedLinkError: libflite.so: cannot open shared object file: No such file or directory
		at knot/com.sun.jna.Native.open(Native Method) ~[jna-5.15.0.jar:?]
		at knot/com.sun.jna.NativeLibrary.loadLibrary(NativeLibrary.java:226) ~[jna-5.15.0.jar:?]
		at knot/com.sun.jna.NativeLibrary.getInstance(NativeLibrary.java:481) ~[jna-5.15.0.jar:?]
		at knot/com.sun.jna.NativeLibrary.getInstance(NativeLibrary.java:423) ~[jna-5.15.0.jar:?]
		at knot/com.mojang.text2speech.NarratorLinux$FliteLibrary.loadNative(NarratorLinux.java:79) ~[text2speech-1.18.11.jar:?]
		at knot/com.mojang.text2speech.NarratorLinux.<init>(NarratorLinux.java:18) ~[text2speech-1.18.11.jar:?]
		at knot/com.mojang.text2speech.Narrator.getNarrator(Narrator.java:41) [text2speech-1.18.11.jar:?]
		at knot/net.minecraft.class_333.<init>(class_333.java:20) [client-intermediary.jar:?]
		at knot/net.minecraft.class_310.<init>(class_310.java:703) [client-intermediary.jar:?]
		at knot/net.minecraft.client.main.Main.main(Main.java:249) [client-intermediary.jar:?]
		at net.fabricmc.loader.impl.game.minecraft.MinecraftGameProvider.launch(MinecraftGameProvider.java:517) [fabric-loader-0.19.5.jar:?]
		at net.fabricmc.loader.impl.launch.knot.Knot.launch(Knot.java:72) [fabric-loader-0.19.5.jar:?]
		at net.fabricmc.loader.impl.launch.knot.KnotClient.main(KnotClient.java:23) [fabric-loader-0.19.5.jar:?]
	Suppressed: java.io.IOException: Native library (linux-x86-64/libflite.so) not found in resource path (/home/runner/work/peregrine-launcher/peregrine-launcher/out/1.21.6/home/data/peregrine/libraries/org/ow2/asm/asm/9.10.1/asm-9.10.1.jar:/home/runner/work/peregrine-launcher/peregrine-launcher/out/1.21.6/home/data/peregrine/libraries/org/ow2/asm/asm-analysis/9.10.1/asm-analysis-9.10.1.jar:/home/runner/work/peregrine-launcher/peregrine-launcher/out/1.21.6/home/data/peregrine/libraries/org/ow2/asm/asm-commons/9.10.1/asm-commons-9.10.1.jar:/home/runner/work/peregrine-launcher/peregrine-launcher/out/1.21.6/home/data/peregrine/libraries/org/ow2/asm/asm-tree/9.10.1/asm-tree-9.10.1.jar:/home/runner/work/peregrine-launcher/peregrine-launcher/out/1.21.6/home/data/peregrine/libraries/org/ow2/asm/asm-util/9.10.1/asm-util-9.10.1.jar:/home/runner/work/peregrine-launcher/peregrine-launcher/out/1.21.6/home/data/peregrine/libraries/net/fabricmc/sponge-mixin/0.17.4+mixin.0.8.7/sponge-mixin-0.17.4+mixin.0.8.7.jar:/home/runner/work/peregrine-launcher/peregrine-launcher/out/1.21.6/home/data/peregrine/libraries/net/fabricmc/intermediary/1.21.6/intermediary-1.21.6.jar:/home/runner/work/peregrine-launcher/peregrine-launcher/out/1.21.6/home/data/peregrine/libraries/net/fabricmc/fabric-loader/0.19.5/fabric-loader-0.19.5.jar:/home/runner/work/peregrine-launcher/peregrine-launcher/out/1.21.6/home/data/peregrine/libraries/com/fasterxml/jackson/core/jackson-annotations/2.13.4/jackson-annotations-2.13.4.jar:/home/runner/work/peregrine-launcher/peregrine-launcher/out/1.21.6/home/data/peregrine/libraries/com/fasterxml/jackson/core/jackson-core/2.13.4/jackson-core-2.13.4.jar:/home/runner/work/peregrine-launcher/peregrine-launcher/out/1.21.6/home/data/peregrine/libraries/com/fasterxml/jackson/core/jackson-databind/2.13.4.2/jackson-databind-2.13.4.2.jar:/home/runner/work/peregrine-launcher/peregrine-launcher/out/1.21.6/home/data/peregrine/libraries/com/github/oshi/oshi-core/6.6.5/oshi-core-6.6.5.jar:/home/runner/work/peregrine-launcher/peregrine-launcher/out/1.21.6/home/data/peregrine/libraries/com/github/stephenc/jcip/jcip-annotations/1.0-1/jcip-annotations-1.0-1.jar:/home/runner/work/peregrine-launcher/peregrine-launcher/out/1.21.6/home/data/peregrine/libraries/com/google/code/gson/gson/2.11.0/gson-2.11.0.jar:/home/runner/work/peregrine-launcher/peregrine-launcher/out/1.21.6/home/data/peregrine/libraries/com/google/guava/failureaccess/1.0.2/failureaccess-1.0.2.jar:/home/runner/work/peregrine-launcher/peregrine-launcher/out/1.21.6/home/data/peregrine/libraries/com/google/guava/guava/33.3.1-jre/guava-33.3.1-jre.jar:/home/runner/work/peregrine-launcher/peregrine-launcher/out/1.21.6/home/data/peregrine/libraries/com/ibm/icu/icu4j/76.1/icu4j-76.1.jar:/home/runner/work/peregrine-launcher/peregrine-launcher/out/1.21.6/home/data/peregrine/libraries/com/microsoft/azure/msal4j/1.17.2/msal4j-1.17.2.jar:/home/runner/work/peregrine-launcher/peregrine-launcher/out/1.21.6/home/data/peregrine/libraries/com/mojang/authlib/6.0.58/authlib-6.0.58.jar:/home/runner/work/peregrine-launcher/peregrine-launcher/out/1.21.6/home/data/peregrine/libraries/com/mojang/blocklist/1.0.10/blocklist-1.0.10.jar:/home/runner/work/peregrine-launcher/peregrine-launcher/out/1.21.6/home/data/peregrine/libraries/com/mojang/brigadier/1.3.10/brigadier-1.3.10.jar:/home/runner/work/peregrine-launcher/peregrine-launcher/out/1.21.6/home/data/peregrine/libraries/com/mojang/datafixerupper/8.0.16/datafixerupper-8.0.16.jar:/home/runner/work/peregrine-launcher/peregrine-launcher/out/1.21.6/home/data/peregrine/libraries/com/mojang/jtracy/1.0.29/jtracy-1.0.29.jar:/home/runner/work/peregrine-launcher/peregrine-launcher/out/1.21.6/home/data/peregrine/libraries/com/mojang/jtracy/1.0.29/jtracy-1.0.29-natives-linux.jar:/home/runner/work/peregrine-launcher/peregrine-launcher/out/1.21.6/home/data/peregrine/libraries/com/mojang/logging/1.5.10/logging-1.5.10.jar:/home/runner/work/peregrine-launcher/peregrine-launcher/out/1.21.6/home/data/peregrine/libraries/com/mojang/patchy/2.2.10/patchy-2.2.10.jar:/home/runner/work/peregrine-launcher/peregrine-launcher/out/1.21.6/home/data/peregrine/libraries/com/mojang/text2speech/1.18.11/text2speech-1.18.11.jar:/home/runner/work/peregrine-launcher/peregrine-launcher/out/1.21.6/home/data/peregrine/libraries/com/nimbusds/content-type/2.3/content-type-2.3.jar:/home/runner/work/peregrine-launcher/peregrine-launcher/out/1.21.6/home/data/peregrine/libraries/com/nimbusds/lang-tag/1.7/lang-tag-1.7.jar:/home/runner/work/peregrine-launcher/peregrine-launcher/out/1.21.6/home/data/peregrine/libraries/com/nimbusds/nimbus-jose-jwt/9.40/nimbus-jose-jwt-9.40.jar:/home/runner/work/peregrine-launcher/peregrine-launcher/out/1.21.6/home/data/peregrine/libraries/com/nimbusds/oauth2-oidc-sdk/11.18/oauth2-oidc-sdk-11.18.jar:/home/runner/work/peregrine-launcher/peregrine-launcher/out/1.21.6/home/data/peregrine/libraries/commons-codec/commons-codec/1.17.1/commons-codec-1.17.1.jar:/home/runner/work/peregrine-launcher/peregrine-launcher/out/1.21.6/home/data/peregrine/libraries/commons-io/commons-io/2.17.0/commons-io-2.17.0.jar:/home/runner/work/peregrine-launcher/peregrine-launcher/out/1.21.6/home/data/peregrine/libraries/commons-logging/commons-logging/1.3.4/commons-logging-1.3.4.jar:/home/runner/work/peregrine-launcher/peregrine-launcher/out/1.21.6/home/data/peregrine/libraries/io/netty/netty-buffer/4.1.118.Final/netty-buffer-4.1.118.Final.jar:/home/runner/work/peregrine-launcher/peregrine-launcher/out/1.21.6/home/data/peregrine/libraries/io/netty/netty-codec/4.1.118.Final/netty-codec-4.1.118.Final.jar:/home/runner/work/peregrine-launcher/peregrine-launcher/out/1.21.6/home/data/peregrine/libraries/io/netty/netty-common/4.1.118.Final/netty-common-4.1.118.Final.jar:/home/runner/work/peregrine-launcher/peregrine-launcher/out/1.21.6/home/data/peregrine/libraries/io/netty/netty-handler/4.1.118.Final/netty-handler-4.1.118.Final.jar:/home/runner/work/peregrine-launcher/peregrine-launcher/out/1.21.6/home/data/peregrine/libraries/io/netty/netty-resolver/4.1.118.Final/netty-resolver-4.1.118.Final.jar:/home/runner/work/peregrine-launcher/peregrine-launcher/out/1.21.6/home/data/peregrine/libraries/io/netty/netty-transport-classes-epoll/4.1.118.Final/netty-transport-classes-epoll-4.1.118.Final.jar:/home/runner/work/peregrine-launcher/peregrine-launcher/out/1.21.6/home/data/peregrine/libraries/io/netty/netty-transport-native-epoll/4.1.118.Final/netty-transport-native-epoll-4.1.118.Final-linux-aarch_64.jar:/home/runner/work/peregrine-launcher/peregrine-launcher/out/1.21.6/home/data/peregrine/libraries/io/netty/netty-transport-native-epoll/4.1.118.Final/netty-transport-native-epoll-4.1.118.Final-linux-x86_64.jar:/home/runner/work/peregrine-launcher/peregrine-launcher/out/1.21.6/home/data/peregrine/libraries/io/netty/netty-transport-native-unix-common/4.1.118.Final/netty-transport-native-unix-common-4.1.118.Final.jar:/home/runner/work/peregrine-launcher/peregrine-launcher/out/1.21.6/home/data/peregrine/libraries/io/netty/netty-transport/4.1.118.Final/netty-transport-4.1.118.Final.jar:/home/runner/work/peregrine-launcher/peregrine-launcher/out/1.21.6/home/data/peregrine/libraries/it/unimi/dsi/fastutil/8.5.15/fastutil-8.5.15.jar:/home/runner/work/peregrine-launcher/peregrine-launcher/out/1.21.6/home/data/peregrine/libraries/net/java/dev/jna/jna-platform/5.15.0/jna-platform-5.15.0.jar:/home/runner/work/peregrine-launcher/peregrine-launcher/out/1.21.6/home/data/peregrine/libraries/net/java/dev/jna/jna/5.15.0/jna-5.15.0.jar:/home/runner/work/peregrine-launcher/peregrine-launcher/out/1.21.6/home/data/peregrine/libraries/net/minidev/accessors-smart/2.5.1/accessors-smart-2.5.1.jar:/home/runner/work/peregrine-launcher/peregrine-launcher/out/1.21.6/home/data/peregrine/libraries/net/minidev/json-smart/2.5.1/json-smart-2.5.1.jar:/home/runner/work/peregrine-launcher/peregrine-launcher/out/1.21.6/home/data/peregrine/libraries/net/sf/jopt-simple/jopt-simple/5.0.4/jopt-simple-5.0.4.jar:/home/runner/work/peregrine-launcher/peregrine-launcher/out/1.21.6/home/data/peregrine/libraries/org/apache/commons/commons-compress/1.27.1/commons-compress-1.27.1.jar:/home/runner/work/peregrine-launcher/peregrine-launcher/out/1.21.6/home/data/peregrine/libraries/org/apache/commons/commons-lang3/3.17.0/commons-lang3-3.17.0.jar:/home/runner/work/peregrine-launcher/peregrine-launcher/out/1.21.6/home/data/peregrine/libraries/org/apache/httpcomponents/httpclient/4.5.14/httpclient-4.5.14.jar:/home/runner/work/peregrine-launcher/peregrine-launcher/out/1.21.6/home/data/peregrine/libraries/org/apache/httpcomponents/httpcore/4.4.16/httpcore-4.4.16.jar:/home/runner/work/peregrine-launcher/peregrine-launcher/out/1.21.6/home/data/peregrine/libraries/org/apache/logging/log4j/log4j-api/2.24.1/log4j-api-2.24.1.jar:/home/runner/work/peregrine-launcher/peregrine-launcher/out/1.21.6/home/data/peregrine/libraries/org/apache/logging/log4j/log4j-core/2.24.1/log4j-core-2.24.1.jar:/home/runner/work/peregrine-launcher/peregrine-launcher/out/1.21.6/home/data/peregrine/libraries/org/apache/logging/log4j/log4j-slf4j2-impl/2.24.1/log4j-slf4j2-impl-2.24.1.jar:/home/runner/work/peregrine-launcher/peregrine-launcher/out/1.21.6/home/data/peregrine/libraries/org/jcraft/jorbis/0.0.17/jorbis-0.0.17.jar:/home/runner/work/peregrine-launcher/peregrine-launcher/out/1.21.6/home/data/peregrine/libraries/org/joml/joml/1.10.8/joml-1.10.8.jar:/home/runner/work/peregrine-launcher/peregrine-launcher/out/1.21.6/home/data/peregrine/libraries/org/lwjgl/lwjgl-freetype/3.3.3/lwjgl-freetype-3.3.3.jar:/home/runner/work/peregrine-launcher/peregrine-launcher/out/1.21.6/home/data/peregrine/libraries/org/lwjgl/lwjgl-freetype/3.3.3/lwjgl-freetype-3.3.3-natives-linux.jar:/home/runner/work/peregrine-launcher/peregrine-launcher/out/1.21.6/home/data/peregrine/libraries/org/lwjgl/lwjgl-glfw/3.3.3/lwjgl-glfw-3.3.3.jar:/home/runner/work/peregrine-launcher/peregrine-launcher/out/1.21.6/home/data/peregrine/libraries/org/lwjgl/lwjgl-glfw/3.3.3/lwjgl-glfw-3.3.3-natives-linux.jar:/home/runner/work/peregrine-launcher/peregrine-launcher/out/1.21.6/home/data/peregrine/libraries/org/lwjgl/lwjgl-jemalloc/3.3.3/lwjgl-jemalloc-3.3.3.jar:/home/runner/work/peregrine-launcher/peregrine-launcher/out/1.21.6/home/data/peregrine/libraries/org/lwjgl/lwjgl-jemalloc/3.3.3/lwjgl-jemalloc-3.3.3-natives-linux.jar:/home/runner/work/peregrine-launcher/peregrine-launcher/out/1.21.6/home/data/peregrine/libraries/org/lwjgl/lwjgl-openal/3.3.3/lwjgl-openal-3.3.3.jar:/home/runner/work/peregrine-launcher/peregrine-launcher/out/1.21.6/home/data/peregrine/libraries/org/lwjgl/lwjgl-openal/3.3.3/lwjgl-openal-3.3.3-natives-linux.jar:/home/runner/work/peregrine-launcher/peregrine-launcher/out/1.21.6/home/data/peregrine/libraries/org/lwjgl/lwjgl-opengl/3.3.3/lwjgl-opengl-3.3.3.jar:/home/runner/work/peregrine-launcher/peregrine-launcher/out/1.21.6/home/data/peregrine/libraries/org/lwjgl/lwjgl-opengl/3.3.3/lwjgl-opengl-3.3.3-natives-linux.jar:/home/runner/work/peregrine-launcher/peregrine-launcher/out/1.21.6/home/data/peregrine/libraries/org/lwjgl/lwjgl-stb/3.3.3/lwjgl-stb-3.3.3.jar:/home/runner/work/peregrine-launcher/peregrine-launcher/out/1.21.6/home/data/peregrine/libraries/org/lwjgl/lwjgl-stb/3.3.3/lwjgl-stb-3.3.3-natives-linux.jar:/home/runner/work/peregrine-launcher/peregrine-launcher/out/1.21.6/home/data/peregrine/libraries/org/lwjgl/lwjgl-tinyfd/3.3.3/lwjgl-tinyfd-3.3.3.jar:/home/runner/work/peregrine-launcher/peregrine-launcher/out/1.21.6/home/data/peregrine/libraries/org/lwjgl/lwjgl-tinyfd/3.3.3/lwjgl-tinyfd-3.3.3-natives-linux.jar:/home/runner/work/peregrine-launcher/peregrine-launcher/out/1.21.6/home/data/peregrine/libraries/org/lwjgl/lwjgl/3.3.3/lwjgl-3.3.3.jar:/home/runner/work/peregrine-launcher/peregrine-launcher/out/1.21.6/home/data/peregrine/libraries/org/lwjgl/lwjgl/3.3.3/lwjgl-3.3.3-natives-linux.jar:/home/runner/work/peregrine-launcher/peregrine-launcher/out/1.21.6/home/data/peregrine/libraries/org/lz4/lz4-java/1.8.0/lz4-java-1.8.0.jar:/home/runner/work/peregrine-launcher/peregrine-launcher/out/1.21.6/home/data/peregrine/libraries/org/slf4j/slf4j-api/2.0.16/slf4j-api-2.0.16.jar:/home/runner/work/peregrine-launcher/peregrine-launcher/out/1.21.6/home/data/peregrine/versions/1.21.6/1.21.6.jar)
		at knot/com.sun.jna.Native.extractFromResourcePath(Native.java:1141) ~[jna-5.15.0.jar:?]
		at knot/com.sun.jna.NativeLibrary.loadLibrary(NativeLibrary.java:297) ~[jna-5.15.0.jar:?]
		at knot/com.sun.jna.NativeLibrary.getInstance(NativeLibrary.java:481) ~[jna-5.15.0.jar:?]
		at knot/com.sun.jna.NativeLibrary.getInstance(NativeLibrary.java:423) ~[jna-5.15.0.jar:?]
		at knot/com.mojang.text2speech.NarratorLinux$FliteLibrary.loadNative(NarratorLinux.java:79) ~[text2speech-1.18.11.jar:?]
		at knot/com.mojang.text2speech.NarratorLinux.<init>(NarratorLinux.java:18) ~[text2speech-1.18.11.jar:?]
		at knot/com.mojang.text2speech.Narrator.getNarrator(Narrator.java:41) [text2speech-1.18.11.jar:?]
		at knot/net.minecraft.class_333.<init>(class_333.java:20) [client-intermediary.jar:?]
		at knot/net.minecraft.class_310.<init>(class_310.java:703) [client-intermediary.jar:?]
		at knot/net.minecraft.client.main.Main.main(Main.java:249) [client-intermediary.jar:?]
		at net.fabricmc.loader.impl.game.minecraft.MinecraftGameProvider.launch(MinecraftGameProvider.java:517) [fabric-loader-0.19.5.jar:?]
		at net.fabricmc.loader.impl.launch.knot.Knot.launch(Knot.java:72) [fabric-loader-0.19.5.jar:?]
		at net.fabricmc.loader.impl.launch.knot.KnotClient.main(KnotClient.java:23) [fabric-loader-0.19.5.jar:?]
[16:25:27] [Render thread/INFO]: Reloading ResourceManager: vanilla, file/PeregrineTest, fabric, fabric-api, fabric-api-base, fabric-api-lookup-api-v1, fabric-biome-api-v1, fabric-block-api-v1, fabric-block-view-api-v2, fabric-command-api-v2, fabric-content-registries-v0, fabric-convention-tags-v1, fabric-convention-tags-v2, fabric-crash-report-info-v1, fabric-data-attachment-api-v1, fabric-data-generation-api-v1, fabric-dimensions-v1, fabric-entity-events-v1, fabric-events-interaction-v0, fabric-game-rule-api-v1, fabric-item-api-v1, fabric-item-group-api-v1, fabric-key-binding-api-v1, fabric-lifecycle-events-v1, fabric-loot-api-v2, fabric-loot-api-v3, fabric-message-api-v1, fabric-model-loading-api-v1, fabric-networking-api-v1, fabric-object-builder-api-v1, fabric-particles-v1, fabric-recipe-api-v1, fabric-registry-sync-v0, fabric-renderer-api-v1, fabric-renderer-indigo, fabric-rendering-fluids-v1, fabric-rendering-v1, fabric-resource-conditions-api-v1, fabric-resource-loader-v0, fabric-screen-api-v1, fabric-screen-handler-api-v1, fabric-sound-api-v1, fabric-tag-api-v1, fabric-transfer-api-v1, fabric-transitive-access-wideners-v1, fabricloader, peregrine-client
[16:25:27] [Render thread/INFO]: [STDOUT]: [Peregrine self-test] INFO phase title on Minecraft 1.21.6
[16:25:27] [Worker-Main-2/INFO]: Found unifont_pua-16.0.03.hex, loading
[16:25:27] [Worker-Main-1/INFO]: Found unifont_all_no_pua-16.0.03.hex, loading
[16:25:27] [Worker-Main-1/INFO]: Found unifont_jp_patch-16.0.03.hex, loading
[16:25:29] [Render thread/ERROR]: Error starting SoundSystem. Turning off sounds & music
java.lang.IllegalStateException: Failed to open OpenAL device
	at knot/net.minecraft.class_4225.method_38501(class_4225.java:297) ~[client-intermediary.jar:?]
	at knot/net.minecraft.class_4225.method_19661(class_4225.java:154) ~[client-intermediary.jar:?]
	at knot/net.minecraft.class_1140.method_4846(class_1140.java:118) ~[client-intermediary.jar:?]
	at knot/net.minecraft.class_1140.method_4837(class_1140.java:108) ~[client-intermediary.jar:?]
	at knot/net.minecraft.class_1144.method_18182(class_1144.java:122) ~[client-intermediary.jar:?]
	at knot/net.minecraft.class_1144.method_18788(class_1144.java:41) ~[client-intermediary.jar:?]
	at knot/net.minecraft.class_4080.method_18790(class_4080.java:14) ~[client-intermediary.jar:?]
	at java.base/java.util.concurrent.CompletableFuture$UniAccept.tryFire(Unknown Source) ~[?:?]
	at java.base/java.util.concurrent.CompletableFuture$Completion.run(Unknown Source) ~[?:?]
	at knot/net.minecraft.class_4014.method_67574(class_4014.java:60) ~[client-intermediary.jar:?]
	at knot/net.minecraft.class_1255.method_18859(class_1255.java:164) [client-intermediary.jar:?]
	at knot/net.minecraft.class_4093.method_18859(class_4093.java:23) [client-intermediary.jar:?]
	at knot/net.minecraft.class_1255.method_16075(class_1255.java:138) [client-intermediary.jar:?]
	at knot/net.minecraft.class_1255.method_5383(class_1255.java:123) [client-intermediary.jar:?]
	at knot/net.minecraft.class_310.method_1523(class_310.java:1318) [client-intermediary.jar:?]
	at knot/net.minecraft.class_310.method_1514(class_310.java:947) [client-intermediary.jar:?]
	at knot/net.minecraft.client.main.Main.main(Main.java:265) [client-intermediary.jar:?]
	at net.fabricmc.loader.impl.game.minecraft.MinecraftGameProvider.launch(MinecraftGameProvider.java:517) [fabric-loader-0.19.5.jar:?]
	at net.fabricmc.loader.impl.launch.knot.Knot.launch(Knot.java:72) [fabric-loader-0.19.5.jar:?]
	at net.fabricmc.loader.impl.launch.knot.KnotClient.main(KnotClient.java:23) [fabric-loader-0.19.5.jar:?]
[16:25:29] [Render thread/INFO]: Created: 1024x512x4 minecraft:textures/atlas/blocks.png-atlas
[16:25:30] [Render thread/INFO]: Created: 256x256x4 minecraft:textures/atlas/signs.png-atlas
[16:25:30] [Render thread/INFO]: Created: 512x512x4 minecraft:textures/atlas/shield_patterns.png-atlas
[16:25:30] [Render thread/INFO]: Created: 512x512x4 minecraft:textures/atlas/banner_patterns.png-atlas
[16:25:30] [Render thread/INFO]: Created: 2048x1024x4 minecraft:textures/atlas/armor_trims.png-atlas
[16:25:30] [Render thread/INFO]: Created: 128x64x4 minecraft:textures/atlas/decorated_pot.png-atlas
[16:25:30] [Render thread/INFO]: Created: 256x256x4 minecraft:textures/atlas/chest.png-atlas
[16:25:30] [Render thread/INFO]: Created: 512x256x4 minecraft:textures/atlas/shulker_boxes.png-atlas
[16:25:30] [Render thread/INFO]: Created: 512x256x4 minecraft:textures/atlas/beds.png-atlas
[16:25:30] [Render thread/INFO]: Created: 64x64x0 minecraft:textures/atlas/map_decorations.png-atlas
[16:25:30] [Render thread/INFO]: Created: 512x256x0 minecraft:textures/atlas/particles.png-atlas
[16:25:30] [Render thread/INFO]: Created: 512x256x0 minecraft:textures/atlas/paintings.png-atlas
[16:25:30] [Render thread/INFO]: Created: 1024x512x0 minecraft:textures/atlas/gui.png-atlas
[16:25:32] [Render thread/INFO]: [STDOUT]: [Peregrine self-test] PASS Peregrine main menu shows instead of Minecraft's
[16:25:36] [Render thread/INFO]: [STDOUT]: [Peregrine self-test] PASS Singleplayer button opens world list
[16:25:37] [Render thread/INFO]: [STDOUT]: [Peregrine self-test] PASS Multiplayer button opens server list
[16:25:38] [Render thread/INFO]: [STDOUT]: [Peregrine self-test] PASS Options button opens options
[16:25:40] [Render thread/INFO]: [STDOUT]: [Peregrine self-test] PASS Back to the main menu
[16:25:41] [Render thread/INFO]: Resizing Dynamic Transforms UBO, capacity limit of 2 reached during a single frame. New capacity will be 4.
[16:25:41] [Render thread/INFO]: [STDOUT]: [Peregrine self-test] PASS clicking Peregrine on the main menu opens the menu
[16:25:42] [Render thread/INFO]: [STDOUT]: [Peregrine self-test] PASS menu draws on the main menu
[16:25:45] [Render thread/INFO]: [STDOUT]: [Peregrine self-test] PASS Edit HUD button works on the main menu
[16:25:48] [Render thread/INFO]: [STDOUT]: [Peregrine self-test] PASS Back button leaves the editor
[16:25:49] [Render thread/INFO]: [STDOUT]: [Peregrine self-test] INFO counts {titleclick@212,185/0=1, click@95,205/0=1, editor=193, click@213,132/0=1, title=312, menu=225}
[16:25:49] [Render thread/INFO]: [STDOUT]: [Peregrine self-test] PASS finished with 0 failure(s)
[16:25:50] [Render thread/INFO]: Stopping!
