[16:27:48] [main/INFO]: Loading Minecraft 26.1.1 with Fabric Loader 0.19.5
[16:27:48] [main/INFO]: Mappings not present!
[16:27:48] [main/WARN]: Warnings were found!
 - Mod 'Dynamic FPS' (dynamic_fps) 3.11.7 recommends any version of modmenu, which is missing!
	 - You should install any version of modmenu for the optimal experience.
[16:27:48] [main/INFO]: Loading 68 mods:
	- badoptimizations 2.4.1
	- cloth-config 26.1.154
	   \-- cloth-basic-math 0.6.1
	- clumps 26.1.1.1
	- dynamic_fps 3.11.7
	   |-- dynamic_fps_common 3.11.7
	   \-- net_lostluma_battery 2.1.0
	- entityculling 1.11.3
	   |-- transition 1.0.26
	   \-- trender 1.0.17
	- fabric-api 0.155.3+26.1.2
	   |-- fabric-api-base 2.0.3+ece063234c
	   |-- fabric-api-lookup-api-v1 2.0.12+d5a053b64c
	   |-- fabric-biome-api-v1 18.0.5+2fa62b4e4c
	   |-- fabric-block-api-v1 3.0.2+ec56b6014c
	   |-- fabric-block-getter-api-v2 2.0.6+ec56b6014c
	   |-- fabric-command-api-v2 3.0.5+e2bdee784c
	   |-- fabric-content-registries-v0 11.3.1+af8a297c4c
	   |-- fabric-convention-tags-v2 4.6.2+4f11f7994c
	   |-- fabric-crash-report-info-v1 1.0.3+9f78a5a84c
	   |-- fabric-creative-tab-api-v1 5.0.12+a981f2874c
	   |-- fabric-data-attachment-api-v1 2.2.10+44a0bd1d4c
	   |-- fabric-data-generation-api-v1 24.3.4+cda368334c
	   |-- fabric-debug-api-v1 1.0.1+c792624d4c
	   |-- fabric-dimensions-v1 5.1.7+ad343a8d4c
	   |-- fabric-entity-events-v1 5.0.2+e2bdee784c
	   |-- fabric-events-interaction-v0 5.2.3+07b380be4c
	   |-- fabric-game-rule-api-v1 4.0.5+d871b99e4c
	   |-- fabric-item-api-v1 14.3.0+6d1aaa724c
	   |-- fabric-key-mapping-api-v1 2.0.4+e2bdee784c
	   |-- fabric-lifecycle-events-v1 4.1.1+df84eb3d4c
	   |-- fabric-loot-api-v3 3.0.12+00a1fba64c
	   |-- fabric-menu-api-v1 2.0.15+d871b99e4c
	   |-- fabric-message-api-v1 7.0.5+dae8ce3e4c
	   |-- fabric-model-loading-api-v1 8.0.11+c80601bb4c
	   |-- fabric-networking-api-v1 6.3.2+a217cccf4c
	   |-- fabric-object-builder-api-v1 23.1.1+abb459f14c
	   |-- fabric-particles-v1 5.0.16+b61fef434c
	   |-- fabric-permission-api-v1 1.0.3+5730ecca4c
	   |-- fabric-recipe-api-v1 9.0.17+be4b75ae4c
	   |-- fabric-registry-sync-v0 7.1.1+2fa62b4e4c
	   |-- fabric-renderer-api-v1 13.0.8+c80601bb4c
	   |-- fabric-renderer-indigo 8.1.5+1403e82c4c
	   |-- fabric-rendering-fluids-v1 6.0.1+d871b99e4c
	   |-- fabric-rendering-v1 23.3.1+e9207d814c
	   |-- fabric-resource-conditions-api-v1 6.1.0+83dd0ba34c
	   |-- fabric-resource-loader-v0 3.3.17+4fc5413f4c
	   |-- fabric-resource-loader-v1 2.0.10+7c44c7324c
	   |-- fabric-screen-api-v1 5.1.0+981dd9b24c
	   |-- fabric-serialization-api-v1 2.0.3+11a26f314c
	   |-- fabric-sound-api-v1 2.0.4+11a26f314c
	   |-- fabric-tag-api-v1 2.1.1+371cf5db4c
	   |-- fabric-transfer-api-v1 8.0.6+357ea7334c
	   \-- fabric-transitive-access-wideners-v1 8.1.3+3ff549fb4c
	- fabricloader 0.19.5
	   \-- mixinextras 0.5.5
	- ferritecore 9.0.0
	- immediatelyfast 1.15.3+26.1
	   \-- net_lenni0451_reflect 1.6.2
	- java 25
	- lithium 0.24.7+mc26.1.2
	- minecraft 26.1.1
	- moreculling 1.7.3
	   |-- conditional-mixin 0.6.3
	   \-- mixinsquared 0.2.0
	- peregrine-client 1.0.1
	- scalablelux 0.2.0+fabric.2b63825
	- sodium 0.8.9+mc26.1.1
[16:27:48] [main/INFO]: SpongePowered MIXIN Subsystem Version=0.8.7 Source=file:/home/runner/work/peregrine-launcher/peregrine-launcher/out/26.1.1/home/data/peregrine/libraries/net/fabricmc/sponge-mixin/0.17.4+mixin.0.8.7/sponge-mixin-0.17.4+mixin.0.8.7.jar Service=Knot/Fabric Env=CLIENT
[16:27:49] [main/INFO]: Config version: 6
[16:27:49] [main/INFO]: BadOptimizations is generating the config with default values
[16:27:49] [main/INFO]: Generating config file version 6
[16:27:49] [main/WARN]: Reference map 'clumps.refmap.json' for clumps.mixins.json could not be read. If this is a development environment you can ignore this message
[16:27:49] [main/WARN]: Reference map 'entityculling.refmap.mixins.json' for entityculling.mixins.json could not be read. If this is a development environment you can ignore this message
[16:27:49] [main/INFO]: Loaded configuration file for Lithium: 171 options available, 0 override(s) found.
[16:27:49] [main/INFO]: Loaded configuration file for Sodium: 35 options available, 0 override(s) found
[16:27:50] [main/INFO]: Searching for graphics cards...
[16:27:50] [main/WARN]: Could not find any graphics adapters! Probably the device is not on a bus we can probe, or there are no devices supporting 3D acceleration.
[16:27:50] [main/WARN]: Sodium has applied one or more workarounds to prevent crashes or other issues on your system: [NO_ERROR_CONTEXT_UNSUPPORTED]
[16:27:50] [main/WARN]: This is not necessarily an issue, but it may result in certain features or optimizations being disabled. You can sometimes fix these issues by upgrading your graphics driver.
[16:27:50] [main/INFO]: Initializing MixinExtras via com.llamalad7.mixinextras.service.MixinExtrasServiceImpl(version=0.5.5).
[16:27:51] [Datafixer Bootstrap/INFO]: 291 Datafixer optimizations took 616 milliseconds
[16:27:57] [Render thread/INFO]: Environment: Environment[sessionHost=https://sessionserver.mojang.com, servicesHost=https://api.minecraftservices.com, profilesHost=https://api.mojang.com, name=PROD]
[16:27:57] [Render thread/INFO]: Setting user: Tester
[16:27:57] [Render thread/INFO]: [Indigo] Different rendering plugin detected; not applying Indigo.
[16:27:57] [Download-2/ERROR]: Failed to fetch user properties
com.mojang.authlib.exceptions.InvalidCredentialsException: Status: 401
	at knot//com.mojang.authlib.exceptions.MinecraftClientHttpException.toAuthenticationException(MinecraftClientHttpException.java:59)
	at knot//com.mojang.authlib.yggdrasil.YggdrasilUserApiService.fetchProperties(YggdrasilUserApiService.java:150)
	at knot//net.minecraft.client.Minecraft.lambda$new$1(Minecraft.java:459)
	at java.base/java.util.concurrent.CompletableFuture$AsyncSupply.run(Unknown Source)
	at java.base/java.util.concurrent.ThreadPoolExecutor.runWorker(Unknown Source)
	at java.base/java.util.concurrent.ThreadPoolExecutor$Worker.run(Unknown Source)
	at java.base/java.lang.Thread.run(Unknown Source)
Caused by: com.mojang.authlib.exceptions.MinecraftClientHttpException: Status: 401
	at knot//com.mojang.authlib.minecraft.client.MinecraftClient.readInputStream(MinecraftClient.java:103)
	at knot//com.mojang.authlib.minecraft.client.MinecraftClient.get(MinecraftClient.java:56)
	at knot//com.mojang.authlib.yggdrasil.YggdrasilUserApiService.fetchProperties(YggdrasilUserApiService.java:121)
	... 5 more
[16:27:57] [Render thread/INFO]: [STDOUT]: [TRender] Initializing Client...
[16:27:57] [Render thread/INFO]: Setting exclusive fullscreen to true by default, as the user is not on Windows and the language cannot be guessed.
[16:27:57] [Render thread/INFO]: Backend library: LWJGL version 3.4.1-snapshot
[16:27:58] [Render thread/INFO]: Initializing ImmediatelyFast 1.15.3+26.1 on llvmpipe (LLVM 20.1.2, 256 bits) (Mesa) with OpenGL 4.5 (Core Profile) Mesa 25.2.8-0ubuntu0.24.04.4
[16:27:58] [Render thread/INFO]: OpenGL Vendor: Mesa
[16:27:58] [Render thread/INFO]: OpenGL Renderer: llvmpipe (LLVM 20.1.2, 256 bits)
[16:27:58] [Render thread/INFO]: OpenGL Version: 4.5 (Core Profile) Mesa 25.2.8-0ubuntu0.24.04.4
[16:27:58] [Render thread/INFO]: Using optional rendering extensions: GL_ARB_buffer_storage, GL_KHR_debug, GL_ARB_vertex_attrib_binding, GL_ARB_direct_state_access, GL_EXT_texture_filter_anisotropic
[16:27:59] [Render thread/ERROR]: Error while loading the narrator
com.mojang.text2speech.Narrator$InitializeException: Failed to load library flite
	at knot//com.mojang.text2speech.NarratorLinux$FliteLibrary.loadNative(NarratorLinux.java:81)
	at knot//com.mojang.text2speech.NarratorLinux.<init>(NarratorLinux.java:18)
	at knot//com.mojang.text2speech.Narrator.getNarrator(Narrator.java:41)
	at knot//net.minecraft.client.GameNarrator.<init>(GameNarrator.java:20)
	at knot//net.minecraft.client.Minecraft.<init>(Minecraft.java:726)
	at knot//net.minecraft.client.main.Main.main(Main.java:232)
	at net.fabricmc.loader.impl.game.minecraft.MinecraftGameProvider.launch(MinecraftGameProvider.java:517)
	at net.fabricmc.loader.impl.launch.knot.Knot.launch(Knot.java:72)
	at net.fabricmc.loader.impl.launch.knot.KnotClient.main(KnotClient.java:23)
Caused by: java.lang.UnsatisfiedLinkError: Unable to load library 'flite':
libflite.so: cannot open shared object file: No such file or directory
libflite.so: cannot open shared object file: No such file or directory
Native library (linux-x86-64/libflite.so) not found in resource path (/home/runner/work/peregrine-launcher/peregrine-launcher/out/26.1.1/home/data/peregrine/libraries/org/ow2/asm/asm/9.10.1/asm-9.10.1.jar:/home/runner/work/peregrine-launcher/peregrine-launcher/out/26.1.1/home/data/peregrine/libraries/org/ow2/asm/asm-analysis/9.10.1/asm-analysis-9.10.1.jar:/home/runner/work/peregrine-launcher/peregrine-launcher/out/26.1.1/home/data/peregrine/libraries/org/ow2/asm/asm-commons/9.10.1/asm-commons-9.10.1.jar:/home/runner/work/peregrine-launcher/peregrine-launcher/out/26.1.1/home/data/peregrine/libraries/org/ow2/asm/asm-tree/9.10.1/asm-tree-9.10.1.jar:/home/runner/work/peregrine-launcher/peregrine-launcher/out/26.1.1/home/data/peregrine/libraries/org/ow2/asm/asm-util/9.10.1/asm-util-9.10.1.jar:/home/runner/work/peregrine-launcher/peregrine-launcher/out/26.1.1/home/data/peregrine/libraries/net/fabricmc/sponge-mixin/0.17.4+mixin.0.8.7/sponge-mixin-0.17.4+mixin.0.8.7.jar:/home/runner/work/peregrine-launcher/peregrine-launcher/out/26.1.1/home/data/peregrine/libraries/net/fabricmc/fabric-loader/0.19.5/fabric-loader-0.19.5.jar:/home/runner/work/peregrine-launcher/peregrine-launcher/out/26.1.1/home/data/peregrine/libraries/at/yawk/lz4/lz4-java/1.10.1/lz4-java-1.10.1.jar:/home/runner/work/peregrine-launcher/peregrine-launcher/out/26.1.1/home/data/peregrine/libraries/com/azure/azure-json/1.4.0/azure-json-1.4.0.jar:/home/runner/work/peregrine-launcher/peregrine-launcher/out/26.1.1/home/data/peregrine/libraries/com/github/oshi/oshi-core/6.9.0/oshi-core-6.9.0.jar:/home/runner/work/peregrine-launcher/peregrine-launcher/out/26.1.1/home/data/peregrine/libraries/com/google/code/gson/gson/2.13.2/gson-2.13.2.jar:/home/runner/work/peregrine-launcher/peregrine-launcher/out/26.1.1/home/data/peregrine/libraries/com/google/guava/failureaccess/1.0.3/failureaccess-1.0.3.jar:/home/runner/work/peregrine-launcher/peregrine-launcher/out/26.1.1/home/data/peregrine/libraries/com/google/guava/guava/33.5.0-jre/guava-33.5.0-jre.jar:/home/runner/work/peregrine-launcher/peregrine-launcher/out/26.1.1/home/data/peregrine/libraries/com/ibm/icu/icu4j/77.1/icu4j-77.1.jar:/home/runner/work/peregrine-launcher/peregrine-launcher/out/26.1.1/home/data/peregrine/libraries/com/microsoft/azure/msal4j/1.23.1/msal4j-1.23.1.jar:/home/runner/work/peregrine-launcher/peregrine-launcher/out/26.1.1/home/data/peregrine/libraries/com/mojang/authlib/7.0.63/authlib-7.0.63.jar:/home/runner/work/peregrine-launcher/peregrine-launcher/out/26.1.1/home/data/peregrine/libraries/com/mojang/blocklist/1.0.10/blocklist-1.0.10.jar:/home/runner/work/peregrine-launcher/peregrine-launcher/out/26.1.1/home/data/peregrine/libraries/com/mojang/brigadier/1.3.10/brigadier-1.3.10.jar:/home/runner/work/peregrine-launcher/peregrine-launcher/out/26.1.1/home/data/peregrine/libraries/com/mojang/datafixerupper/9.0.19/datafixerupper-9.0.19.jar:/home/runner/work/peregrine-launcher/peregrine-launcher/out/26.1.1/home/data/peregrine/libraries/com/mojang/jtracy/1.0.37/jtracy-1.0.37.jar:/home/runner/work/peregrine-launcher/peregrine-launcher/out/26.1.1/home/data/peregrine/libraries/com/mojang/jtracy/1.0.37/jtracy-1.0.37-natives-linux.jar:/home/runner/work/peregrine-launcher/peregrine-launcher/out/26.1.1/home/data/peregrine/libraries/com/mojang/logging/1.6.11/logging-1.6.11.jar:/home/runner/work/peregrine-launcher/peregrine-launcher/out/26.1.1/home/data/peregrine/libraries/com/mojang/patchy/2.2.10/patchy-2.2.10.jar:/home/runner/work/peregrine-launcher/peregrine-launcher/out/26.1.1/home/data/peregrine/libraries/com/mojang/text2speech/1.18.11/text2speech-1.18.11.jar:/home/runner/work/peregrine-launcher/peregrine-launcher/out/26.1.1/home/data/peregrine/libraries/commons-codec/commons-codec/1.19.0/commons-codec-1.19.0.jar:/home/runner/work/peregrine-launcher/peregrine-launcher/out/26.1.1/home/data/peregrine/libraries/commons-io/commons-io/2.20.0/commons-io-2.20.0.jar:/home/runner/work/peregrine-launcher/peregrine-launcher/out/26.1.1/home/data/peregrine/libraries/io/netty/netty-buffer/4.2.7.Final/netty-buffer-4.2.7.Final.jar:/home/runner/work/peregrine-launcher/peregrine-launcher/out/26.1.1/home/data/peregrine/libraries/io/netty/netty-codec-base/4.2.7.Final/netty-codec-base-4.2.7.Final.jar:/home/runner/work/peregrine-launcher/peregrine-launcher/out/26.1.1/home/data/peregrine/libraries/io/netty/netty-codec-compression/4.2.7.Final/netty-codec-compression-4.2.7.Final.jar:/home/runner/work/peregrine-launcher/peregrine-launcher/out/26.1.1/home/data/peregrine/libraries/io/netty/netty-codec-http/4.2.7.Final/netty-codec-http-4.2.7.Final.jar:/home/runner/work/peregrine-launcher/peregrine-launcher/out/26.1.1/home/data/peregrine/libraries/io/netty/netty-common/4.2.7.Final/netty-common-4.2.7.Final.jar:/home/runner/work/peregrine-launcher/peregrine-launcher/out/26.1.1/home/data/peregrine/libraries/io/netty/netty-handler/4.2.7.Final/netty-handler-4.2.7.Final.jar:/home/runner/work/peregrine-launcher/peregrine-launcher/out/26.1.1/home/data/peregrine/libraries/io/netty/netty-resolver/4.2.7.Final/netty-resolver-4.2.7.Final.jar:/home/runner/work/peregrine-launcher/peregrine-launcher/out/26.1.1/home/data/peregrine/libraries/io/netty/netty-transport-classes-epoll/4.2.7.Final/netty-transport-classes-epoll-4.2.7.Final.jar:/home/runner/work/peregrine-launcher/peregrine-launcher/out/26.1.1/home/data/peregrine/libraries/io/netty/netty-transport-classes-kqueue/4.2.7.Final/netty-transport-classes-kqueue-4.2.7.Final.jar:/home/runner/work/peregrine-launcher/peregrine-launcher/out/26.1.1/home/data/peregrine/libraries/io/netty/netty-transport-native-epoll/4.2.7.Final/netty-transport-native-epoll-4.2.7.Final-linux-aarch_64.jar:/home/runner/work/peregrine-launcher/peregrine-launcher/out/26.1.1/home/data/peregrine/libraries/io/netty/netty-transport-native-epoll/4.2.7.Final/netty-transport-native-epoll-4.2.7.Final-linux-x86_64.jar:/home/runner/work/peregrine-launcher/peregrine-launcher/out/26.1.1/home/data/peregrine/libraries/io/netty/netty-transport-native-unix-common/4.2.7.Final/netty-transport-native-unix-common-4.2.7.Final.jar:/home/runner/work/peregrine-launcher/peregrine-launcher/out/26.1.1/home/data/peregrine/libraries/io/netty/netty-transport/4.2.7.Final/netty-transport-4.2.7.Final.jar:/home/runner/work/peregrine-launcher/peregrine-launcher/out/26.1.1/home/data/peregrine/libraries/it/unimi/dsi/fastutil/8.5.18/fastutil-8.5.18.jar:/home/runner/work/peregrine-launcher/peregrine-launcher/out/26.1.1/home/data/peregrine/libraries/net/java/dev/jna/jna-platform/5.17.0/jna-platform-5.17.0.jar:/home/runner/work/peregrine-launcher/peregrine-launcher/out/26.1.1/home/data/peregrine/libraries/net/java/dev/jna/jna/5.17.0/jna-5.17.0.jar:/home/runner/work/peregrine-launcher/peregrine-launcher/out/26.1.1/home/data/peregrine/libraries/net/sf/jopt-simple/jopt-simple/5.0.4/jopt-simple-5.0.4.jar:/home/runner/work/peregrine-launcher/peregrine-launcher/out/26.1.1/home/data/peregrine/libraries/org/apache/commons/commons-compress/1.28.0/commons-compress-1.28.0.jar:/home/runner/work/peregrine-launcher/peregrine-launcher/out/26.1.1/home/data/peregrine/libraries/org/apache/commons/commons-lang3/3.19.0/commons-lang3-3.19.0.jar:/home/runner/work/peregrine-launcher/peregrine-launcher/out/26.1.1/home/data/peregrine/libraries/org/apache/logging/log4j/log4j-api/2.25.2/log4j-api-2.25.2.jar:/home/runner/work/peregrine-launcher/peregrine-launcher/out/26.1.1/home/data/peregrine/libraries/org/apache/logging/log4j/log4j-core/2.25.2/log4j-core-2.25.2.jar:/home/runner/work/peregrine-launcher/peregrine-launcher/out/26.1.1/home/data/peregrine/libraries/org/apache/logging/log4j/log4j-slf4j2-impl/2.25.2/log4j-slf4j2-impl-2.25.2.jar:/home/runner/work/peregrine-launcher/peregrine-launcher/out/26.1.1/home/data/peregrine/libraries/org/jcraft/jorbis/0.0.17/jorbis-0.0.17.jar:/home/runner/work/peregrine-launcher/peregrine-launcher/out/26.1.1/home/data/peregrine/libraries/org/joml/joml/1.10.8/joml-1.10.8.jar:/home/runner/work/peregrine-launcher/peregrine-launcher/out/26.1.1/home/data/peregrine/libraries/org/jspecify/jspecify/1.0.0/jspecify-1.0.0.jar:/home/runner/work/peregrine-launcher/peregrine-launcher/out/26.1.1/home/data/peregrine/libraries/org/lwjgl/lwjgl-freetype/3.4.1/lwjgl-freetype-3.4.1.jar:/home/runner/work/peregrine-launcher/peregrine-launcher/out/26.1.1/home/data/peregrine/libraries/org/lwjgl/lwjgl-freetype/3.4.1/lwjgl-freetype-3.4.1-natives-linux.jar:/home/runner/work/peregrine-launcher/peregrine-launcher/out/26.1.1/home/data/peregrine/libraries/org/lwjgl/lwjgl-glfw/3.4.1/lwjgl-glfw-3.4.1.jar:/home/runner/work/peregrine-launcher/peregrine-launcher/out/26.1.1/home/data/peregrine/libraries/org/lwjgl/lwjgl-glfw/3.4.1/lwjgl-glfw-3.4.1-natives-linux.jar:/home/runner/work/peregrine-launcher/peregrine-launcher/out/26.1.1/home/data/peregrine/libraries/org/lwjgl/lwjgl-jemalloc/3.4.1/lwjgl-jemalloc-3.4.1.jar:/home/runner/work/peregrine-launcher/peregrine-launcher/out/26.1.1/home/data/peregrine/libraries/org/lwjgl/lwjgl-jemalloc/3.4.1/lwjgl-jemalloc-3.4.1-natives-linux.jar:/home/runner/work/peregrine-launcher/peregrine-launcher/out/26.1.1/home/data/peregrine/libraries/org/lwjgl/lwjgl-openal/3.4.1/lwjgl-openal-3.4.1.jar:/home/runner/work/peregrine-launcher/peregrine-launcher/out/26.1.1/home/data/peregrine/libraries/org/lwjgl/lwjgl-openal/3.4.1/lwjgl-openal-3.4.1-natives-linux.jar:/home/runner/work/peregrine-launcher/peregrine-launcher/out/26.1.1/home/data/peregrine/libraries/org/lwjgl/lwjgl-opengl/3.4.1/lwjgl-opengl-3.4.1.jar:/home/runner/work/peregrine-launcher/peregrine-launcher/out/26.1.1/home/data/peregrine/libraries/org/lwjgl/lwjgl-opengl/3.4.1/lwjgl-opengl-3.4.1-natives-linux.jar:/home/runner/work/peregrine-launcher/peregrine-launcher/out/26.1.1/home/data/peregrine/libraries/org/lwjgl/lwjgl-stb/3.4.1/lwjgl-stb-3.4.1.jar:/home/runner/work/peregrine-launcher/peregrine-launcher/out/26.1.1/home/data/peregrine/libraries/org/lwjgl/lwjgl-stb/3.4.1/lwjgl-stb-3.4.1-natives-linux.jar:/home/runner/work/peregrine-launcher/peregrine-launcher/out/26.1.1/home/data/peregrine/libraries/org/lwjgl/lwjgl-tinyfd/3.4.1/lwjgl-tinyfd-3.4.1.jar:/home/runner/work/peregrine-launcher/peregrine-launcher/out/26.1.1/home/data/peregrine/libraries/org/lwjgl/lwjgl-tinyfd/3.4.1/lwjgl-tinyfd-3.4.1-natives-linux.jar:/home/runner/work/peregrine-launcher/peregrine-launcher/out/26.1.1/home/data/peregrine/libraries/org/lwjgl/lwjgl/3.4.1/lwjgl-3.4.1.jar:/home/runner/work/peregrine-launcher/peregrine-launcher/out/26.1.1/home/data/peregrine/libraries/org/lwjgl/lwjgl/3.4.1/lwjgl-3.4.1-natives-linux.jar:/home/runner/work/peregrine-launcher/peregrine-launcher/out/26.1.1/home/data/peregrine/libraries/org/slf4j/slf4j-api/2.0.17/slf4j-api-2.0.17.jar:/home/runner/work/peregrine-launcher/peregrine-launcher/out/26.1.1/home/data/peregrine/versions/26.1.1/26.1.1.jar)
	at knot//com.sun.jna.NativeLibrary.loadLibrary(NativeLibrary.java:325)
	at knot//com.sun.jna.NativeLibrary.getInstance(NativeLibrary.java:481)
	at knot//com.sun.jna.NativeLibrary.getInstance(NativeLibrary.java:423)
	at knot//com.mojang.text2speech.NarratorLinux$FliteLibrary.loadNative(NarratorLinux.java:79)
	... 8 more
	Suppressed: java.lang.UnsatisfiedLinkError: libflite.so: cannot open shared object file: No such file or directory
		at knot//com.sun.jna.Native.open(Native Method)
		at knot//com.sun.jna.NativeLibrary.loadLibrary(NativeLibrary.java:213)
		... 11 more
	Suppressed: java.lang.UnsatisfiedLinkError: libflite.so: cannot open shared object file: No such file or directory
		at knot//com.sun.jna.Native.open(Native Method)
		at knot//com.sun.jna.NativeLibrary.loadLibrary(NativeLibrary.java:226)
		... 11 more
	Suppressed: java.io.IOException: Native library (linux-x86-64/libflite.so) not found in resource path (/home/runner/work/peregrine-launcher/peregrine-launcher/out/26.1.1/home/data/peregrine/libraries/org/ow2/asm/asm/9.10.1/asm-9.10.1.jar:/home/runner/work/peregrine-launcher/peregrine-launcher/out/26.1.1/home/data/peregrine/libraries/org/ow2/asm/asm-analysis/9.10.1/asm-analysis-9.10.1.jar:/home/runner/work/peregrine-launcher/peregrine-launcher/out/26.1.1/home/data/peregrine/libraries/org/ow2/asm/asm-commons/9.10.1/asm-commons-9.10.1.jar:/home/runner/work/peregrine-launcher/peregrine-launcher/out/26.1.1/home/data/peregrine/libraries/org/ow2/asm/asm-tree/9.10.1/asm-tree-9.10.1.jar:/home/runner/work/peregrine-launcher/peregrine-launcher/out/26.1.1/home/data/peregrine/libraries/org/ow2/asm/asm-util/9.10.1/asm-util-9.10.1.jar:/home/runner/work/peregrine-launcher/peregrine-launcher/out/26.1.1/home/data/peregrine/libraries/net/fabricmc/sponge-mixin/0.17.4+mixin.0.8.7/sponge-mixin-0.17.4+mixin.0.8.7.jar:/home/runner/work/peregrine-launcher/peregrine-launcher/out/26.1.1/home/data/peregrine/libraries/net/fabricmc/fabric-loader/0.19.5/fabric-loader-0.19.5.jar:/home/runner/work/peregrine-launcher/peregrine-launcher/out/26.1.1/home/data/peregrine/libraries/at/yawk/lz4/lz4-java/1.10.1/lz4-java-1.10.1.jar:/home/runner/work/peregrine-launcher/peregrine-launcher/out/26.1.1/home/data/peregrine/libraries/com/azure/azure-json/1.4.0/azure-json-1.4.0.jar:/home/runner/work/peregrine-launcher/peregrine-launcher/out/26.1.1/home/data/peregrine/libraries/com/github/oshi/oshi-core/6.9.0/oshi-core-6.9.0.jar:/home/runner/work/peregrine-launcher/peregrine-launcher/out/26.1.1/home/data/peregrine/libraries/com/google/code/gson/gson/2.13.2/gson-2.13.2.jar:/home/runner/work/peregrine-launcher/peregrine-launcher/out/26.1.1/home/data/peregrine/libraries/com/google/guava/failureaccess/1.0.3/failureaccess-1.0.3.jar:/home/runner/work/peregrine-launcher/peregrine-launcher/out/26.1.1/home/data/peregrine/libraries/com/google/guava/guava/33.5.0-jre/guava-33.5.0-jre.jar:/home/runner/work/peregrine-launcher/peregrine-launcher/out/26.1.1/home/data/peregrine/libraries/com/ibm/icu/icu4j/77.1/icu4j-77.1.jar:/home/runner/work/peregrine-launcher/peregrine-launcher/out/26.1.1/home/data/peregrine/libraries/com/microsoft/azure/msal4j/1.23.1/msal4j-1.23.1.jar:/home/runner/work/peregrine-launcher/peregrine-launcher/out/26.1.1/home/data/peregrine/libraries/com/mojang/authlib/7.0.63/authlib-7.0.63.jar:/home/runner/work/peregrine-launcher/peregrine-launcher/out/26.1.1/home/data/peregrine/libraries/com/mojang/blocklist/1.0.10/blocklist-1.0.10.jar:/home/runner/work/peregrine-launcher/peregrine-launcher/out/26.1.1/home/data/peregrine/libraries/com/mojang/brigadier/1.3.10/brigadier-1.3.10.jar:/home/runner/work/peregrine-launcher/peregrine-launcher/out/26.1.1/home/data/peregrine/libraries/com/mojang/datafixerupper/9.0.19/datafixerupper-9.0.19.jar:/home/runner/work/peregrine-launcher/peregrine-launcher/out/26.1.1/home/data/peregrine/libraries/com/mojang/jtracy/1.0.37/jtracy-1.0.37.jar:/home/runner/work/peregrine-launcher/peregrine-launcher/out/26.1.1/home/data/peregrine/libraries/com/mojang/jtracy/1.0.37/jtracy-1.0.37-natives-linux.jar:/home/runner/work/peregrine-launcher/peregrine-launcher/out/26.1.1/home/data/peregrine/libraries/com/mojang/logging/1.6.11/logging-1.6.11.jar:/home/runner/work/peregrine-launcher/peregrine-launcher/out/26.1.1/home/data/peregrine/libraries/com/mojang/patchy/2.2.10/patchy-2.2.10.jar:/home/runner/work/peregrine-launcher/peregrine-launcher/out/26.1.1/home/data/peregrine/libraries/com/mojang/text2speech/1.18.11/text2speech-1.18.11.jar:/home/runner/work/peregrine-launcher/peregrine-launcher/out/26.1.1/home/data/peregrine/libraries/commons-codec/commons-codec/1.19.0/commons-codec-1.19.0.jar:/home/runner/work/peregrine-launcher/peregrine-launcher/out/26.1.1/home/data/peregrine/libraries/commons-io/commons-io/2.20.0/commons-io-2.20.0.jar:/home/runner/work/peregrine-launcher/peregrine-launcher/out/26.1.1/home/data/peregrine/libraries/io/netty/netty-buffer/4.2.7.Final/netty-buffer-4.2.7.Final.jar:/home/runner/work/peregrine-launcher/peregrine-launcher/out/26.1.1/home/data/peregrine/libraries/io/netty/netty-codec-base/4.2.7.Final/netty-codec-base-4.2.7.Final.jar:/home/runner/work/peregrine-launcher/peregrine-launcher/out/26.1.1/home/data/peregrine/libraries/io/netty/netty-codec-compression/4.2.7.Final/netty-codec-compression-4.2.7.Final.jar:/home/runner/work/peregrine-launcher/peregrine-launcher/out/26.1.1/home/data/peregrine/libraries/io/netty/netty-codec-http/4.2.7.Final/netty-codec-http-4.2.7.Final.jar:/home/runner/work/peregrine-launcher/peregrine-launcher/out/26.1.1/home/data/peregrine/libraries/io/netty/netty-common/4.2.7.Final/netty-common-4.2.7.Final.jar:/home/runner/work/peregrine-launcher/peregrine-launcher/out/26.1.1/home/data/peregrine/libraries/io/netty/netty-handler/4.2.7.Final/netty-handler-4.2.7.Final.jar:/home/runner/work/peregrine-launcher/peregrine-launcher/out/26.1.1/home/data/peregrine/libraries/io/netty/netty-resolver/4.2.7.Final/netty-resolver-4.2.7.Final.jar:/home/runner/work/peregrine-launcher/peregrine-launcher/out/26.1.1/home/data/peregrine/libraries/io/netty/netty-transport-classes-epoll/4.2.7.Final/netty-transport-classes-epoll-4.2.7.Final.jar:/home/runner/work/peregrine-launcher/peregrine-launcher/out/26.1.1/home/data/peregrine/libraries/io/netty/netty-transport-classes-kqueue/4.2.7.Final/netty-transport-classes-kqueue-4.2.7.Final.jar:/home/runner/work/peregrine-launcher/peregrine-launcher/out/26.1.1/home/data/peregrine/libraries/io/netty/netty-transport-native-epoll/4.2.7.Final/netty-transport-native-epoll-4.2.7.Final-linux-aarch_64.jar:/home/runner/work/peregrine-launcher/peregrine-launcher/out/26.1.1/home/data/peregrine/libraries/io/netty/netty-transport-native-epoll/4.2.7.Final/netty-transport-native-epoll-4.2.7.Final-linux-x86_64.jar:/home/runner/work/peregrine-launcher/peregrine-launcher/out/26.1.1/home/data/peregrine/libraries/io/netty/netty-transport-native-unix-common/4.2.7.Final/netty-transport-native-unix-common-4.2.7.Final.jar:/home/runner/work/peregrine-launcher/peregrine-launcher/out/26.1.1/home/data/peregrine/libraries/io/netty/netty-transport/4.2.7.Final/netty-transport-4.2.7.Final.jar:/home/runner/work/peregrine-launcher/peregrine-launcher/out/26.1.1/home/data/peregrine/libraries/it/unimi/dsi/fastutil/8.5.18/fastutil-8.5.18.jar:/home/runner/work/peregrine-launcher/peregrine-launcher/out/26.1.1/home/data/peregrine/libraries/net/java/dev/jna/jna-platform/5.17.0/jna-platform-5.17.0.jar:/home/runner/work/peregrine-launcher/peregrine-launcher/out/26.1.1/home/data/peregrine/libraries/net/java/dev/jna/jna/5.17.0/jna-5.17.0.jar:/home/runner/work/peregrine-launcher/peregrine-launcher/out/26.1.1/home/data/peregrine/libraries/net/sf/jopt-simple/jopt-simple/5.0.4/jopt-simple-5.0.4.jar:/home/runner/work/peregrine-launcher/peregrine-launcher/out/26.1.1/home/data/peregrine/libraries/org/apache/commons/commons-compress/1.28.0/commons-compress-1.28.0.jar:/home/runner/work/peregrine-launcher/peregrine-launcher/out/26.1.1/home/data/peregrine/libraries/org/apache/commons/commons-lang3/3.19.0/commons-lang3-3.19.0.jar:/home/runner/work/peregrine-launcher/peregrine-launcher/out/26.1.1/home/data/peregrine/libraries/org/apache/logging/log4j/log4j-api/2.25.2/log4j-api-2.25.2.jar:/home/runner/work/peregrine-launcher/peregrine-launcher/out/26.1.1/home/data/peregrine/libraries/org/apache/logging/log4j/log4j-core/2.25.2/log4j-core-2.25.2.jar:/home/runner/work/peregrine-launcher/peregrine-launcher/out/26.1.1/home/data/peregrine/libraries/org/apache/logging/log4j/log4j-slf4j2-impl/2.25.2/log4j-slf4j2-impl-2.25.2.jar:/home/runner/work/peregrine-launcher/peregrine-launcher/out/26.1.1/home/data/peregrine/libraries/org/jcraft/jorbis/0.0.17/jorbis-0.0.17.jar:/home/runner/work/peregrine-launcher/peregrine-launcher/out/26.1.1/home/data/peregrine/libraries/org/joml/joml/1.10.8/joml-1.10.8.jar:/home/runner/work/peregrine-launcher/peregrine-launcher/out/26.1.1/home/data/peregrine/libraries/org/jspecify/jspecify/1.0.0/jspecify-1.0.0.jar:/home/runner/work/peregrine-launcher/peregrine-launcher/out/26.1.1/home/data/peregrine/libraries/org/lwjgl/lwjgl-freetype/3.4.1/lwjgl-freetype-3.4.1.jar:/home/runner/work/peregrine-launcher/peregrine-launcher/out/26.1.1/home/data/peregrine/libraries/org/lwjgl/lwjgl-freetype/3.4.1/lwjgl-freetype-3.4.1-natives-linux.jar:/home/runner/work/peregrine-launcher/peregrine-launcher/out/26.1.1/home/data/peregrine/libraries/org/lwjgl/lwjgl-glfw/3.4.1/lwjgl-glfw-3.4.1.jar:/home/runner/work/peregrine-launcher/peregrine-launcher/out/26.1.1/home/data/peregrine/libraries/org/lwjgl/lwjgl-glfw/3.4.1/lwjgl-glfw-3.4.1-natives-linux.jar:/home/runner/work/peregrine-launcher/peregrine-launcher/out/26.1.1/home/data/peregrine/libraries/org/lwjgl/lwjgl-jemalloc/3.4.1/lwjgl-jemalloc-3.4.1.jar:/home/runner/work/peregrine-launcher/peregrine-launcher/out/26.1.1/home/data/peregrine/libraries/org/lwjgl/lwjgl-jemalloc/3.4.1/lwjgl-jemalloc-3.4.1-natives-linux.jar:/home/runner/work/peregrine-launcher/peregrine-launcher/out/26.1.1/home/data/peregrine/libraries/org/lwjgl/lwjgl-openal/3.4.1/lwjgl-openal-3.4.1.jar:/home/runner/work/peregrine-launcher/peregrine-launcher/out/26.1.1/home/data/peregrine/libraries/org/lwjgl/lwjgl-openal/3.4.1/lwjgl-openal-3.4.1-natives-linux.jar:/home/runner/work/peregrine-launcher/peregrine-launcher/out/26.1.1/home/data/peregrine/libraries/org/lwjgl/lwjgl-opengl/3.4.1/lwjgl-opengl-3.4.1.jar:/home/runner/work/peregrine-launcher/peregrine-launcher/out/26.1.1/home/data/peregrine/libraries/org/lwjgl/lwjgl-opengl/3.4.1/lwjgl-opengl-3.4.1-natives-linux.jar:/home/runner/work/peregrine-launcher/peregrine-launcher/out/26.1.1/home/data/peregrine/libraries/org/lwjgl/lwjgl-stb/3.4.1/lwjgl-stb-3.4.1.jar:/home/runner/work/peregrine-launcher/peregrine-launcher/out/26.1.1/home/data/peregrine/libraries/org/lwjgl/lwjgl-stb/3.4.1/lwjgl-stb-3.4.1-natives-linux.jar:/home/runner/work/peregrine-launcher/peregrine-launcher/out/26.1.1/home/data/peregrine/libraries/org/lwjgl/lwjgl-tinyfd/3.4.1/lwjgl-tinyfd-3.4.1.jar:/home/runner/work/peregrine-launcher/peregrine-launcher/out/26.1.1/home/data/peregrine/libraries/org/lwjgl/lwjgl-tinyfd/3.4.1/lwjgl-tinyfd-3.4.1-natives-linux.jar:/home/runner/work/peregrine-launcher/peregrine-launcher/out/26.1.1/home/data/peregrine/libraries/org/lwjgl/lwjgl/3.4.1/lwjgl-3.4.1.jar:/home/runner/work/peregrine-launcher/peregrine-launcher/out/26.1.1/home/data/peregrine/libraries/org/lwjgl/lwjgl/3.4.1/lwjgl-3.4.1-natives-linux.jar:/home/runner/work/peregrine-launcher/peregrine-launcher/out/26.1.1/home/data/peregrine/libraries/org/slf4j/slf4j-api/2.0.17/slf4j-api-2.0.17.jar:/home/runner/work/peregrine-launcher/peregrine-launcher/out/26.1.1/home/data/peregrine/versions/26.1.1/26.1.1.jar)
		at knot//com.sun.jna.Native.extractFromResourcePath(Native.java:1141)
		at knot//com.sun.jna.NativeLibrary.loadLibrary(NativeLibrary.java:297)
		... 11 more
[16:27:59] [Render thread/INFO]: Reloading ResourceManager: vanilla, badoptimizations, cloth-config, conditional-mixin, dynamic_fps, dynamic_fps_common, entityculling, fabric-api, fabric-api-base, fabric-api-lookup-api-v1, fabric-biome-api-v1, fabric-block-api-v1, fabric-block-getter-api-v2, fabric-command-api-v2, fabric-content-registries-v0, fabric-convention-tags-v2, fabric-crash-report-info-v1, fabric-creative-tab-api-v1, fabric-data-attachment-api-v1, fabric-data-generation-api-v1, fabric-debug-api-v1, fabric-dimensions-v1, fabric-entity-events-v1, fabric-events-interaction-v0, fabric-game-rule-api-v1, fabric-item-api-v1, fabric-key-mapping-api-v1, fabric-lifecycle-events-v1, fabric-loot-api-v3, fabric-menu-api-v1, fabric-message-api-v1, fabric-model-loading-api-v1, fabric-networking-api-v1, fabric-object-builder-api-v1, fabric-particles-v1, fabric-permission-api-v1, fabric-recipe-api-v1, fabric-registry-sync-v0, fabric-renderer-api-v1, fabric-renderer-indigo, fabric-rendering-fluids-v1, fabric-rendering-v1, fabric-resource-conditions-api-v1, fabric-resource-loader-v0, fabric-resource-loader-v1, fabric-screen-api-v1, fabric-serialization-api-v1, fabric-sound-api-v1, fabric-tag-api-v1, fabric-transfer-api-v1, fabric-transitive-access-wideners-v1, fabricloader, immediatelyfast, lithium, moreculling, peregrine-client, scalablelux, sodium, trender, file/PeregrineTest
[16:27:59] [Download-2/INFO]: Could not authorize you against Realms server: java.lang.RuntimeException: Failed to parse into SignedJWT: 0
[16:27:59] [Download-2/ERROR]: Failed to fetch Realms feature flags
com.mojang.realmsclient.exception.RealmsServiceException: Realms authentication error with message 'java.lang.RuntimeException: Failed to parse into SignedJWT: 0'
	at knot//com.mojang.realmsclient.client.RealmsClient.execute(RealmsClient.java:526)
	at knot//com.mojang.realmsclient.client.RealmsClient.fetchFeatureFlags(RealmsClient.java:186)
	at java.base/java.util.concurrent.CompletableFuture$AsyncSupply.run(Unknown Source)
	at java.base/java.util.concurrent.ThreadPoolExecutor.runWorker(Unknown Source)
	at java.base/java.util.concurrent.ThreadPoolExecutor$Worker.run(Unknown Source)
	at java.base/java.lang.Thread.run(Unknown Source)
[16:27:59] [Render thread/WARN]: Dynamic FPS config missing or corrupted! Using defaults.
[16:27:59] [Render thread/INFO]: Cached all modded block culling states
[16:27:59] [Render thread/INFO]: [STDOUT]: [Peregrine self-test] INFO phase world on Minecraft 26.1.1
[16:28:00] [Worker-Main-2/INFO]: Found unifont_all_no_pua-17.0.01.hex, loading
[16:28:00] [Worker-Main-3/INFO]: Found unifont_pua-17.0.01.hex, loading
[16:28:00] [Worker-Main-2/INFO]: Found unifont_jp_patch-17.0.01.hex, loading
[16:28:02] [Render thread/ERROR]: Error starting SoundSystem. Turning off sounds & music
java.lang.IllegalStateException: Failed to open OpenAL device
	at knot//com.mojang.blaze3d.audio.Library.openDeviceOrFallback(Library.java:275)
	at knot//com.mojang.blaze3d.audio.Library.init(Library.java:150)
	at knot//net.minecraft.client.sounds.SoundEngine.loadLibrary(SoundEngine.java:120)
	at knot//net.minecraft.client.sounds.SoundEngine.reload(SoundEngine.java:109)
	at knot//net.minecraft.client.sounds.SoundManager.apply(SoundManager.java:122)
	at knot//net.minecraft.client.sounds.SoundManager.apply(SoundManager.java:41)
	at knot//net.minecraft.server.packs.resources.SimplePreparableReloadListener.lambda$reload$1(SimplePreparableReloadListener.java:15)
	at java.base/java.util.concurrent.CompletableFuture$UniAccept.tryFire(Unknown Source)
	at java.base/java.util.concurrent.CompletableFuture$Completion.run(Unknown Source)
	at knot//net.minecraft.server.packs.resources.SimpleReloadInstance.lambda$prepareTasks$3(SimpleReloadInstance.java:59)
	at knot//net.minecraft.util.thread.BlockableEventLoop.doRunTask(BlockableEventLoop.java:173)
	at knot//net.minecraft.util.thread.ReentrantBlockableEventLoop.doRunTask(ReentrantBlockableEventLoop.java:23)
	at knot//net.minecraft.util.thread.BlockableEventLoop.pollTask(BlockableEventLoop.java:147)
	at knot//net.minecraft.util.thread.BlockableEventLoop.runAllTasks(BlockableEventLoop.java:127)
	at knot//net.minecraft.client.Minecraft.runTick(Minecraft.java:1345)
	at knot//net.minecraft.client.Minecraft.run(Minecraft.java:991)
	at knot//net.minecraft.client.main.Main.main(Main.java:248)
	at net.fabricmc.loader.impl.game.minecraft.MinecraftGameProvider.launch(MinecraftGameProvider.java:517)
	at net.fabricmc.loader.impl.launch.knot.Knot.launch(Knot.java:72)
	at net.fabricmc.loader.impl.launch.knot.KnotClient.main(KnotClient.java:23)
[16:28:02] [Render thread/INFO]: Created: 512x256x0 minecraft:textures/atlas/particles.png-atlas
[16:28:02] [Render thread/INFO]: Created: 128x128x0 minecraft:textures/atlas/decorated_pot.png-atlas
[16:28:02] [Render thread/INFO]: Created: 2048x1024x0 minecraft:textures/atlas/armor_trims.png-atlas
[16:28:02] [Render thread/INFO]: Created: 512x256x0 minecraft:textures/atlas/paintings.png-atlas
[16:28:02] [Render thread/INFO]: Created: 1024x512x0 minecraft:textures/atlas/shield_patterns.png-atlas
[16:28:02] [Render thread/INFO]: Created: 2048x2048x4 minecraft:textures/atlas/blocks.png-atlas
[16:28:02] [Render thread/INFO]: Created: 512x512x0 minecraft:textures/atlas/chest.png-atlas
[16:28:02] [Render thread/INFO]: Created: 256x128x0 minecraft:textures/atlas/celestials.png-atlas
[16:28:02] [Render thread/INFO]: Created: 1024x512x0 minecraft:textures/atlas/banner_patterns.png-atlas
[16:28:02] [Render thread/INFO]: Created: 512x512x0 minecraft:textures/atlas/beds.png-atlas
[16:28:02] [Render thread/INFO]: Created: 1024x512x0 minecraft:textures/atlas/items.png-atlas
[16:28:03] [Render thread/INFO]: Created: 1024x1024x0 minecraft:textures/atlas/gui.png-atlas
[16:28:03] [Render thread/INFO]: Created: 128x64x0 minecraft:textures/atlas/map_decorations.png-atlas
[16:28:03] [Render thread/INFO]: Created: 512x256x0 minecraft:textures/atlas/signs.png-atlas
[16:28:03] [Render thread/INFO]: Created: 512x512x0 minecraft:textures/atlas/shulker_boxes.png-atlas
[16:28:03] [Render thread/INFO]: 29877 cache(s) were cleared!
[16:28:03] [Render thread/INFO]: Found new data pack fabric-convention-tags-v2, loading it automatically
[16:28:05] [Render thread/INFO]: Loaded 1515 recipes
[16:28:05] [Render thread/INFO]: Loaded 1617 advancements
[16:28:05] [Render thread/INFO]: Applied 0 biome modifications to 0 of 65 new biomes in 1.694 ms
[16:28:05] [Server thread/INFO]: Starting integrated minecraft server version 26.1.1
[16:28:05] [Server thread/INFO]: Generating keypair
[16:28:06] [Server thread/INFO]: [STDOUT]: [ScalableLux] Lighting scaling is disabled (due to low parallelism in the settings)
[16:28:06] [Server thread/INFO]: Loading 0 persistent chunks...
[16:28:06] [Server thread/INFO]: Preparing spawn area: 16%
[16:28:06] [Server thread/INFO]: Saving chunks for level 'ServerLevel[world]'/minecraft:overworld
[16:28:06] [Server thread/INFO]: Saving chunks for level 'ServerLevel[world]'/minecraft:the_nether
[16:28:06] [Server thread/INFO]: Saving chunks for level 'ServerLevel[world]'/minecraft:the_end
[16:28:06] [Server thread/INFO]: ThreadedAnvilChunkStorage (world): All chunks are saved
[16:28:06] [Server thread/INFO]: ThreadedAnvilChunkStorage (DIM-1): All chunks are saved
[16:28:06] [Server thread/INFO]: ThreadedAnvilChunkStorage (DIM1): All chunks are saved
[16:28:06] [Server thread/INFO]: ThreadedAnvilChunkStorage: All dimensions are saved
[16:28:09] [Server thread/INFO]: Loading 48 chunks for player spawn...
[16:28:09] [Server thread/INFO]: Preparing spawn area: 16%
[16:28:09] [Server thread/INFO]: Preparing spawn area: 16%
[16:28:09] [Server thread/INFO]: Preparing spawn area: 16%
[16:28:09] [Server thread/INFO]: Preparing spawn area: 16%
[16:28:10] [Server thread/INFO]: Preparing spawn area: 16%
[16:28:10] [Server thread/INFO]: Preparing spawn area: 16%
[16:28:10] [Server thread/INFO]: Preparing spawn area: 16%
[16:28:10] [Server thread/INFO]: Preparing spawn area: 16%
[16:28:10] [Server thread/INFO]: Preparing spawn area: 16%
[16:28:11] [Server thread/INFO]: Preparing spawn area: 16%
[16:28:11] [Server thread/INFO]: Preparing spawn area: 16%
[16:28:12] [Server thread/INFO]: Preparing spawn area: 16%
[16:28:12] [Server thread/INFO]: Preparing spawn area: 16%
[16:28:13] [Server thread/INFO]: Preparing spawn area: 30%
[16:28:13] [Server thread/INFO]: Preparing spawn area: 30%
[16:28:14] [Server thread/INFO]: Preparing spawn area: 58%
[16:28:14] [Server thread/INFO]: Preparing spawn area: 58%
[16:28:15] [Server thread/INFO]: Preparing spawn area: 60%
[16:28:15] [Server thread/INFO]: Preparing spawn area: 96%
[16:28:15] [Server thread/INFO]: Time elapsed: 9582 ms
[16:28:16] [Server thread/INFO]: Tester[local:E:411dc210] logged in with entity id 8 at (-202.5, 65.0, -293.5)
[16:28:16] [Server thread/INFO]: Tester joined the game
[16:28:16] [Server thread/INFO]: Changing view distance to 4, from 10
[16:28:16] [Server thread/INFO]: Changing simulation distance to 5, from 0
[16:28:16] [Render thread/INFO]: Started 1 worker threads
[16:28:16] [Render thread/INFO]: Loaded 2 advancements
[16:28:16] [Render thread/INFO]: Stopping worker threads
[16:28:16] [Render thread/INFO]: Started 1 worker threads
[16:28:17] [Render thread/INFO]: Resizing Dynamic Transforms UBO, capacity limit of 2 reached during a single frame. New capacity will be 4.
[16:28:17] [Render thread/INFO]: Resizing Dynamic Transforms UBO, capacity limit of 4 reached during a single frame. New capacity will be 8.
[16:28:18] [Render thread/INFO]: Resizing Dynamic Transforms UBO, capacity limit of 8 reached during a single frame. New capacity will be 16.
[16:28:18] [Render thread/INFO]: [STDOUT]: [Peregrine self-test] PASS joins the world
[16:28:18] [Server thread/INFO]: Changing view distance to 8, from 4
[16:28:18] [Render thread/INFO]: Stopping worker threads
[16:28:18] [Render thread/INFO]: Started 1 worker threads
[16:28:58] [Render thread/INFO]: [STDOUT]: [Peregrine self-test] INFO benchmark: 19 fps average, 8 lowest, render distance 8, over 20 s
[16:28:58] [Render thread/INFO]: [STDOUT]: [Peregrine self-test] PASS HUD draws in game
[16:29:03] [Render thread/INFO]: [STDOUT]: [Peregrine self-test] PASS Stable FPS eases off settings when FPS is low
[16:29:06] [Render thread/INFO]: [STDOUT]: [Peregrine self-test] PASS mouse clicks are counted (CPS)
[16:29:07] [Render thread/INFO]: [STDOUT]: [Peregrine self-test] PASS holding C zooms in
[16:29:10] [Render thread/INFO]: [STDOUT]: [Peregrine self-test] PASS Right Shift opens the menu
[16:29:13] [Render thread/INFO]: [STDOUT]: [Peregrine self-test] PASS typing and Backspace work in the search box
[16:29:16] [Render thread/INFO]: [STDOUT]: [Peregrine self-test] PASS clicking a card switches it
[16:29:17] [Render thread/INFO]: [STDOUT]: [Peregrine self-test] PASS Edit HUD opens the editor
[16:29:21] [Render thread/INFO]: [STDOUT]: [Peregrine self-test] PASS dragging moves a HUD item
[16:29:23] [Render thread/INFO]: [STDOUT]: [Peregrine self-test] PASS right-click opens the style panel
[16:29:25] [Render thread/INFO]: [STDOUT]: [Peregrine self-test] PASS picking a colour recolours the text
[16:29:27] [Render thread/INFO]: [STDOUT]: [Peregrine self-test] PASS dragging the corner makes it bigger
[16:29:30] [Render thread/INFO]: [STDOUT]: [Peregrine self-test] PASS Esc saves and closes the editor
[16:29:30] [Render thread/INFO]: [STDOUT]: [Peregrine self-test] PASS the gear opens a settings page
[16:29:33] [Render thread/INFO]: [STDOUT]: [Peregrine self-test] PASS clicking an option changes it
[16:29:35] [Render thread/INFO]: [STDOUT]: [Peregrine self-test] PASS the keybind button waits for a key
[16:29:37] [Render thread/INFO]: [STDOUT]: [Peregrine self-test] PASS pressing K binds it
[16:29:38] [Render thread/INFO]: [STDOUT]: [Peregrine self-test] PASS Customize opens the editor with the style panel
[16:29:40] [Render thread/INFO]: [STDOUT]: [Peregrine self-test] PASS Esc goes back to the settings page
[16:29:41] [Render thread/INFO]: [STDOUT]: [Peregrine self-test] PASS Esc goes back to the list
[16:29:42] [Render thread/INFO]: [STDOUT]: [Peregrine self-test] PASS the Settings tab opens
[16:29:45] [Render thread/INFO]: [STDOUT]: [Peregrine self-test] PASS the Keybinds tab opens
[16:29:48] [Render thread/INFO]: [STDOUT]: [Peregrine self-test] PASS back to the Mods tab
[16:29:50] [Render thread/INFO]: [STDOUT]: [Peregrine self-test] PASS Esc closes the menu
[16:29:51] [Render thread/INFO]: [STDOUT]: [Peregrine self-test] PASS pressing K in game switches the Clock
[16:29:52] [Render thread/INFO]: Stopping worker threads
[16:29:52] [Render thread/INFO]: Started 1 worker threads
[16:29:52] [Render thread/INFO]: Stopping worker threads
[16:29:52] [Render thread/INFO]: Started 1 worker threads
[16:29:52] [Render thread/INFO]: Reloading ResourceManager: vanilla, badoptimizations, cloth-config, conditional-mixin, dynamic_fps, dynamic_fps_common, entityculling, fabric-api, fabric-api-base, fabric-api-lookup-api-v1, fabric-biome-api-v1, fabric-block-api-v1, fabric-block-getter-api-v2, fabric-command-api-v2, fabric-content-registries-v0, fabric-convention-tags-v2, fabric-crash-report-info-v1, fabric-creative-tab-api-v1, fabric-data-attachment-api-v1, fabric-data-generation-api-v1, fabric-debug-api-v1, fabric-dimensions-v1, fabric-entity-events-v1, fabric-events-interaction-v0, fabric-game-rule-api-v1, fabric-item-api-v1, fabric-key-mapping-api-v1, fabric-lifecycle-events-v1, fabric-loot-api-v3, fabric-menu-api-v1, fabric-message-api-v1, fabric-model-loading-api-v1, fabric-networking-api-v1, fabric-object-builder-api-v1, fabric-particles-v1, fabric-permission-api-v1, fabric-recipe-api-v1, fabric-registry-sync-v0, fabric-renderer-api-v1, fabric-renderer-indigo, fabric-rendering-fluids-v1, fabric-rendering-v1, fabric-resource-conditions-api-v1, fabric-resource-loader-v0, fabric-resource-loader-v1, fabric-screen-api-v1, fabric-serialization-api-v1, fabric-sound-api-v1, fabric-tag-api-v1, fabric-transfer-api-v1, fabric-transitive-access-wideners-v1, fabricloader, immediatelyfast, lithium, moreculling, peregrine-client, scalablelux, sodium, trender, file/PeregrineTest
[16:29:52] [Render thread/INFO]: [STDOUT]: [Peregrine self-test] PASS clear_weather hook runs
[16:29:52] [Server thread/INFO]: Saving and pausing game...
[16:29:52] [Server thread/INFO]: Saving chunks for level 'ServerLevel[world]'/minecraft:overworld
[16:29:52] [Server thread/INFO]: Saving chunks for level 'ServerLevel[world]'/minecraft:the_nether
[16:29:52] [Server thread/INFO]: Saving chunks for level 'ServerLevel[world]'/minecraft:the_end
[16:29:52] [Render thread/INFO]: [STDOUT]: [Peregrine self-test] PASS clean_edges hook runs
[16:29:53] [Worker-Main-3/INFO]: Found unifont_all_no_pua-17.0.01.hex, loading
[16:29:53] [Worker-Main-1/INFO]: Found unifont_pua-17.0.01.hex, loading
[16:29:53] [Worker-Main-3/INFO]: Found unifont_jp_patch-17.0.01.hex, loading
[16:29:54] [Render thread/ERROR]: Error starting SoundSystem. Turning off sounds & music
java.lang.IllegalStateException: Failed to open OpenAL device
	at knot//com.mojang.blaze3d.audio.Library.openDeviceOrFallback(Library.java:275)
	at knot//com.mojang.blaze3d.audio.Library.init(Library.java:150)
	at knot//net.minecraft.client.sounds.SoundEngine.loadLibrary(SoundEngine.java:120)
	at knot//net.minecraft.client.sounds.SoundEngine.reload(SoundEngine.java:109)
	at knot//net.minecraft.client.sounds.SoundManager.apply(SoundManager.java:122)
	at knot//net.minecraft.client.sounds.SoundManager.apply(SoundManager.java:41)
	at knot//net.minecraft.server.packs.resources.SimplePreparableReloadListener.lambda$reload$1(SimplePreparableReloadListener.java:15)
	at java.base/java.util.concurrent.CompletableFuture$UniAccept.tryFire(Unknown Source)
	at java.base/java.util.concurrent.CompletableFuture$Completion.run(Unknown Source)
	at knot//net.minecraft.server.packs.resources.SimpleReloadInstance.lambda$prepareTasks$3(SimpleReloadInstance.java:59)
	at knot//net.minecraft.util.thread.BlockableEventLoop.doRunTask(BlockableEventLoop.java:173)
	at knot//net.minecraft.util.thread.ReentrantBlockableEventLoop.doRunTask(ReentrantBlockableEventLoop.java:23)
	at knot//net.minecraft.util.thread.BlockableEventLoop.pollTask(BlockableEventLoop.java:147)
	at knot//net.minecraft.util.thread.BlockableEventLoop.runAllTasks(BlockableEventLoop.java:127)
	at knot//net.minecraft.client.Minecraft.runTick(Minecraft.java:1345)
	at knot//net.minecraft.client.Minecraft.run(Minecraft.java:991)
	at knot//net.minecraft.client.main.Main.main(Main.java:248)
	at net.fabricmc.loader.impl.game.minecraft.MinecraftGameProvider.launch(MinecraftGameProvider.java:517)
	at net.fabricmc.loader.impl.launch.knot.Knot.launch(Knot.java:72)
	at net.fabricmc.loader.impl.launch.knot.KnotClient.main(KnotClient.java:23)
[16:29:54] [Render thread/INFO]: Created: 512x256x0 minecraft:textures/atlas/particles.png-atlas
[16:29:54] [Render thread/INFO]: Created: 128x128x0 minecraft:textures/atlas/decorated_pot.png-atlas
[16:29:54] [Render thread/INFO]: Created: 2048x1024x0 minecraft:textures/atlas/armor_trims.png-atlas
[16:29:54] [Render thread/INFO]: Created: 512x256x0 minecraft:textures/atlas/paintings.png-atlas
[16:29:54] [Render thread/INFO]: Created: 1024x512x0 minecraft:textures/atlas/shield_patterns.png-atlas
[16:29:54] [Render thread/INFO]: Created: 2048x2048x4 minecraft:textures/atlas/blocks.png-atlas
[16:29:54] [Render thread/INFO]: Created: 512x512x0 minecraft:textures/atlas/chest.png-atlas
[16:29:54] [Render thread/INFO]: Created: 256x128x0 minecraft:textures/atlas/celestials.png-atlas
[16:29:54] [Render thread/INFO]: Created: 1024x512x0 minecraft:textures/atlas/banner_patterns.png-atlas
[16:29:54] [Render thread/INFO]: Created: 512x512x0 minecraft:textures/atlas/beds.png-atlas
[16:29:54] [Render thread/INFO]: Created: 1024x512x0 minecraft:textures/atlas/items.png-atlas
[16:29:54] [Render thread/INFO]: Created: 1024x1024x0 minecraft:textures/atlas/gui.png-atlas
[16:29:54] [Render thread/INFO]: Created: 128x64x0 minecraft:textures/atlas/map_decorations.png-atlas
[16:29:54] [Render thread/INFO]: Created: 512x256x0 minecraft:textures/atlas/signs.png-atlas
[16:29:54] [Render thread/INFO]: Created: 512x512x0 minecraft:textures/atlas/shulker_boxes.png-atlas
[16:29:54] [Render thread/INFO]: 29877 cache(s) were cleared!
[16:29:54] [Render thread/INFO]: Stopping worker threads
[16:29:54] [Render thread/INFO]: Started 1 worker threads
[16:29:54] [Render thread/INFO]: [STDOUT]: [Peregrine self-test] PASS anti base leak: every block uses one rotation
[16:29:54] [Render thread/INFO]: [STDOUT]: [Peregrine self-test] PASS anti base leak: block model hook runs (diamond bedrock)
[16:29:54] [Render thread/INFO]: [STDOUT]: [Peregrine self-test] PASS bedrock is drawn as diamond blocks
[16:29:54] [Render thread/INFO]: [STDOUT]: [Peregrine self-test] PASS item physics lays the dropped item down
[16:29:56] [Render thread/INFO]: Reloading ResourceManager: vanilla, badoptimizations, cloth-config, conditional-mixin, dynamic_fps, dynamic_fps_common, entityculling, fabric-api, fabric-api-base, fabric-api-lookup-api-v1, fabric-biome-api-v1, fabric-block-api-v1, fabric-block-getter-api-v2, fabric-command-api-v2, fabric-content-registries-v0, fabric-convention-tags-v2, fabric-crash-report-info-v1, fabric-creative-tab-api-v1, fabric-data-attachment-api-v1, fabric-data-generation-api-v1, fabric-debug-api-v1, fabric-dimensions-v1, fabric-entity-events-v1, fabric-events-interaction-v0, fabric-game-rule-api-v1, fabric-item-api-v1, fabric-key-mapping-api-v1, fabric-lifecycle-events-v1, fabric-loot-api-v3, fabric-menu-api-v1, fabric-message-api-v1, fabric-model-loading-api-v1, fabric-networking-api-v1, fabric-object-builder-api-v1, fabric-particles-v1, fabric-permission-api-v1, fabric-recipe-api-v1, fabric-registry-sync-v0, fabric-renderer-api-v1, fabric-renderer-indigo, fabric-rendering-fluids-v1, fabric-rendering-v1, fabric-resource-conditions-api-v1, fabric-resource-loader-v0, fabric-resource-loader-v1, fabric-screen-api-v1, fabric-serialization-api-v1, fabric-sound-api-v1, fabric-tag-api-v1, fabric-transfer-api-v1, fabric-transitive-access-wideners-v1, fabricloader, immediatelyfast, lithium, moreculling, peregrine-client, scalablelux, sodium, trender, file/PeregrineTest
[16:29:57] [Server thread/INFO]: Saving and pausing game...
[16:29:57] [Server thread/INFO]: Saving chunks for level 'ServerLevel[world]'/minecraft:overworld
[16:29:57] [Worker-Main-3/INFO]: Found unifont_all_no_pua-17.0.01.hex, loading
[16:29:57] [Worker-Main-1/INFO]: Found unifont_pua-17.0.01.hex, loading
[16:29:57] [Server thread/INFO]: Saving chunks for level 'ServerLevel[world]'/minecraft:the_nether
[16:29:57] [Server thread/INFO]: Saving chunks for level 'ServerLevel[world]'/minecraft:the_end
[16:29:57] [Worker-Main-3/INFO]: Found unifont_jp_patch-17.0.01.hex, loading
[16:29:58] [Render thread/ERROR]: Error starting SoundSystem. Turning off sounds & music
java.lang.IllegalStateException: Failed to open OpenAL device
	at knot//com.mojang.blaze3d.audio.Library.openDeviceOrFallback(Library.java:275)
	at knot//com.mojang.blaze3d.audio.Library.init(Library.java:150)
	at knot//net.minecraft.client.sounds.SoundEngine.loadLibrary(SoundEngine.java:120)
	at knot//net.minecraft.client.sounds.SoundEngine.reload(SoundEngine.java:109)
	at knot//net.minecraft.client.sounds.SoundManager.apply(SoundManager.java:122)
	at knot//net.minecraft.client.sounds.SoundManager.apply(SoundManager.java:41)
	at knot//net.minecraft.server.packs.resources.SimplePreparableReloadListener.lambda$reload$1(SimplePreparableReloadListener.java:15)
	at java.base/java.util.concurrent.CompletableFuture$UniAccept.tryFire(Unknown Source)
	at java.base/java.util.concurrent.CompletableFuture$Completion.run(Unknown Source)
	at knot//net.minecraft.server.packs.resources.SimpleReloadInstance.lambda$prepareTasks$3(SimpleReloadInstance.java:59)
	at knot//net.minecraft.util.thread.BlockableEventLoop.doRunTask(BlockableEventLoop.java:173)
	at knot//net.minecraft.util.thread.ReentrantBlockableEventLoop.doRunTask(ReentrantBlockableEventLoop.java:23)
	at knot//net.minecraft.util.thread.BlockableEventLoop.pollTask(BlockableEventLoop.java:147)
	at knot//net.minecraft.util.thread.BlockableEventLoop.runAllTasks(BlockableEventLoop.java:127)
	at knot//net.minecraft.client.Minecraft.runTick(Minecraft.java:1345)
	at knot//net.minecraft.client.Minecraft.run(Minecraft.java:991)
	at knot//net.minecraft.client.main.Main.main(Main.java:248)
	at net.fabricmc.loader.impl.game.minecraft.MinecraftGameProvider.launch(MinecraftGameProvider.java:517)
	at net.fabricmc.loader.impl.launch.knot.Knot.launch(Knot.java:72)
	at net.fabricmc.loader.impl.launch.knot.KnotClient.main(KnotClient.java:23)
[16:29:58] [Render thread/INFO]: Created: 512x256x0 minecraft:textures/atlas/particles.png-atlas
[16:29:58] [Render thread/INFO]: Created: 128x128x0 minecraft:textures/atlas/decorated_pot.png-atlas
[16:29:58] [Render thread/INFO]: Created: 2048x1024x0 minecraft:textures/atlas/armor_trims.png-atlas
[16:29:58] [Render thread/INFO]: Created: 512x256x0 minecraft:textures/atlas/paintings.png-atlas
[16:29:58] [Render thread/INFO]: Created: 1024x512x0 minecraft:textures/atlas/shield_patterns.png-atlas
[16:29:58] [Render thread/INFO]: Created: 2048x2048x4 minecraft:textures/atlas/blocks.png-atlas
[16:29:58] [Render thread/INFO]: Created: 512x512x0 minecraft:textures/atlas/chest.png-atlas
[16:29:58] [Render thread/INFO]: Created: 256x128x0 minecraft:textures/atlas/celestials.png-atlas
[16:29:58] [Render thread/INFO]: Created: 1024x512x0 minecraft:textures/atlas/banner_patterns.png-atlas
[16:29:58] [Render thread/INFO]: Created: 512x512x0 minecraft:textures/atlas/beds.png-atlas
[16:29:58] [Render thread/INFO]: Created: 1024x512x0 minecraft:textures/atlas/items.png-atlas
[16:29:58] [Render thread/INFO]: Created: 1024x1024x0 minecraft:textures/atlas/gui.png-atlas
[16:29:58] [Render thread/INFO]: Created: 128x64x0 minecraft:textures/atlas/map_decorations.png-atlas
[16:29:58] [Render thread/INFO]: Created: 512x256x0 minecraft:textures/atlas/signs.png-atlas
[16:29:58] [Render thread/INFO]: Created: 512x512x0 minecraft:textures/atlas/shulker_boxes.png-atlas
[16:29:58] [Render thread/INFO]: 29877 cache(s) were cleared!
[16:29:58] [Render thread/INFO]: Stopping worker threads
[16:29:58] [Render thread/INFO]: Started 1 worker threads
[16:29:58] [Render thread/INFO]: [STDOUT]: [Peregrine self-test] PASS custom crosshair draws
[16:30:00] [Render thread/INFO]: [STDOUT]: [Peregrine self-test] PASS holding Alt starts freelook in third person
[16:30:02] [Render thread/INFO]: [STDOUT]: [Peregrine self-test] PASS letting go of Alt goes back to first person
[16:30:02] [Render thread/INFO]: [STDOUT]: [Peregrine self-test] PASS particles: lava sparks are thinned out
[16:30:02] [Render thread/INFO]: [STDOUT]: [Peregrine self-test] PASS fullbright lights up dark places
[16:30:02] [Render thread/INFO]: [STDOUT]: [Peregrine self-test] PASS 1.7 animations: held item moves
[16:30:03] [Render thread/INFO]: [STDOUT]: [Peregrine self-test] PASS hitboxes draw without F3+B
[16:30:03] [Render thread/INFO]: [STDOUT]: [Peregrine self-test] PASS resource packs leave the menus alone (test pack's button and splash skipped)
[16:30:03] [Render thread/INFO]: [STDOUT]: [Peregrine self-test] PASS small totem: the totem in your hand is drawn smaller
[16:30:04] [Render thread/INFO]: [STDOUT]: [Peregrine self-test] PASS your own name tag shows in third person
[16:30:06] [Render thread/INFO]: [STDOUT]: [Peregrine self-test] PASS fog is pushed away
[16:30:06] [Render thread/INFO]: [STDOUT]: [Peregrine self-test] PASS block outline in the chosen color
[16:30:06] [Render thread/INFO]: [STDOUT]: [Peregrine self-test] PASS ores you can see get an outline
[16:30:06] [Render thread/INFO]: [STDOUT]: [Peregrine self-test] PASS the sky stops moving
[16:30:06] [Render thread/INFO]: [STDOUT]: [Peregrine self-test] PASS swing speed changes the swing
[16:30:08] [Render thread/INFO]: [STDOUT]: [Peregrine self-test] INFO hooks: seed=1000 offset=1000 model=1000 bedrock=1000 items=116 crosshair=1929 camera=51 particles=1000 nightvision=1000 animation=196 hitbox=1000 nametag=91 scoreboard=0 fire=0 inventory=0 totem=98 packs=85 fog=1000 outline=1000 ores=1000 sky=1000 swing=22 sound=0
[16:30:08] [Render thread/INFO]: [STDOUT]: [Peregrine self-test] INFO counts {on:clear_weather=584658, keybind:clock=1, editor=333, click@95,205/0=1, click@159,102/0=1, zoom-hook=1956, click@183,106/0=1, click@182,100/0=1, zoom-active=67, click@221,121/0=1, click@152,90/1=1, click@229,51/0=1, menu=529, click@331,89/0=1, mouse=1, click@93,51/0=1, click@245,134/0=1, hud=2021, on:clean_edges=2021, click@95,51/0=1, click@159,85/0=1, click@162,51/0=1}
[16:30:08] [Render thread/INFO]: [STDOUT]: [Peregrine self-test] PASS finished with 0 failure(s)
[16:30:09] [CullThread/INFO]: [STDOUT]: Shutting down culling task!
[16:30:09] [Render thread/INFO]: Stopping!
[16:30:09] [Server thread/INFO]: Stopping server
[16:30:09] [Server thread/INFO]: Saving players
[16:30:09] [Server thread/INFO]: Tester lost connection: Disconnected
[16:30:09] [Server thread/INFO]: Tester left the game
[16:30:09] [Server thread/INFO]: Stopping singleplayer server as player logged out
[16:30:09] [Server thread/INFO]: Saving worlds
[16:30:10] [Server thread/INFO]: Saving chunks for level 'ServerLevel[world]'/minecraft:overworld
[16:30:10] [Server thread/INFO]: Saving chunks for level 'ServerLevel[world]'/minecraft:the_nether
[16:30:10] [Server thread/INFO]: Saving chunks for level 'ServerLevel[world]'/minecraft:the_end
[16:30:10] [Server thread/INFO]: ThreadedAnvilChunkStorage (world): All chunks are saved
[16:30:10] [Server thread/INFO]: ThreadedAnvilChunkStorage (DIM-1): All chunks are saved
[16:30:10] [Server thread/INFO]: ThreadedAnvilChunkStorage (DIM1): All chunks are saved
[16:30:10] [Server thread/INFO]: ThreadedAnvilChunkStorage: All dimensions are saved
[16:30:11] [Render thread/INFO]: Stopping worker threads
