  <log4j:Event logger="FabricLoader/GameProvider" timestamp="1791649506456" level="INFO" thread="main">
    <log4j:Message><![CDATA[Loading Minecraft 26.3 with Fabric Loader 0.19.5]]></log4j:Message>
  </log4j:Event>
  <log4j:Event logger="FabricLoader/Mappings" timestamp="1791649506458" level="INFO" thread="main">
    <log4j:Message><![CDATA[Mappings not present!]]></log4j:Message>
  </log4j:Event>
  <log4j:Event logger="FabricLoader" timestamp="1791649506619" level="INFO" thread="main">
    <log4j:Message><![CDATA[Loading 50 mods:
	- fabric-api 0.162.0+26.3
	   |-- fabric-advancement-api-v1 1.0.0+38c7a2d55d
	   |-- fabric-api-base 2.0.6+fcdff87f5d
	   |-- fabric-api-lookup-api-v1 2.0.24+3434d6d95d
	   |-- fabric-biome-api-v1 20.1.0+c6aa69a85d
	   |-- fabric-block-api-v1 3.1.0+0ae6f9115d
	   |-- fabric-block-getter-api-v2 2.0.9+3434d6d95d
	   |-- fabric-command-api-v2 3.1.2+fcdff87f5d
	   |-- fabric-content-registries-v0 15.0.4+74ed1ea55d
	   |-- fabric-convention-tags-v2 4.10.3+6b5b47fd5d
	   |-- fabric-crash-report-info-v1 1.0.7+fcdff87f5d
	   |-- fabric-creative-tab-api-v1 5.0.21+fcdff87f5d
	   |-- fabric-data-attachment-api-v1 2.2.31+b9b88df45d
	   |-- fabric-data-generation-api-v1 27.3.0+5be2453c5d
	   |-- fabric-debug-api-v1 1.0.4+3434d6d95d
	   |-- fabric-dimensions-v1 5.1.19+47f74c985d
	   |-- fabric-entity-events-v1 6.0.4+3434d6d95d
	   |-- fabric-events-interaction-v0 5.3.7+b9b88df45d
	   |-- fabric-game-rule-api-v1 4.0.10+3434d6d95d
	   |-- fabric-item-api-v1 14.7.0+cf6bc2db5d
	   |-- fabric-key-mapping-api-v1 2.0.8+3434d6d95d
	   |-- fabric-lifecycle-events-v1 4.1.9+ffef5f675d
	   |-- fabric-loot-api-v3 4.0.8+4068fd645d
	   |-- fabric-menu-api-v1 2.0.28+ed66f0a35d
	   |-- fabric-message-api-v1 7.0.10+3434d6d95d
	   |-- fabric-model-loading-api-v1 8.0.35+fcdff87f5d
	   |-- fabric-networking-api-v1 6.3.9+b9b88df45d
	   |-- fabric-object-builder-api-v1 24.1.10+3434d6d95d
	   |-- fabric-particles-v1 5.0.25+3434d6d95d
	   |-- fabric-permission-api-v1 1.0.8+fcdff87f5d
	   |-- fabric-recipe-api-v1 10.0.9+b9b88df45d
	   |-- fabric-registry-sync-v0 8.0.2+1ca9f6365d
	   |-- fabric-renderer-api-v1 17.0.15+79385d0b5d
	   |-- fabric-renderer-indigo 9.1.23+b9d63e335d
	   |-- fabric-rendering-fluids-v1 6.0.6+3434d6d95d
	   |-- fabric-rendering-v1 27.0.14+901a437c5d
	   |-- fabric-resource-conditions-api-v1 6.2.0+0d124ae85d
	   |-- fabric-resource-loader-v0 3.3.26+4fc5413f5d
	   |-- fabric-resource-loader-v1 3.0.4+ba0d6c0d5d
	   |-- fabric-screen-api-v1 5.2.4+48607d035d
	   |-- fabric-serialization-api-v1 2.0.7+74ed1ea55d
	   |-- fabric-sound-api-v1 2.0.7+3434d6d95d
	   |-- fabric-tag-api-v1 2.1.10+fcdff87f5d
	   |-- fabric-transfer-api-v1 8.0.25+fcdff87f5d
	   \-- fabric-transitive-access-wideners-v1 8.1.16+52268a0e5d
	- fabricloader 0.19.5
	   \-- mixinextras 0.5.5
	- java 25
	- minecraft 26.3
	- peregrine-client 1.0.1]]></log4j:Message>
  </log4j:Event>
  <log4j:Event logger="FabricLoader/Mixin" timestamp="1791649506707" level="INFO" thread="main">
    <log4j:Message><![CDATA[SpongePowered MIXIN Subsystem Version=0.8.7 Source=file:/home/runner/work/peregrine-launcher/peregrine-launcher/out/26.3/home/data/peregrine/libraries/net/fabricmc/sponge-mixin/0.17.4+mixin.0.8.7/sponge-mixin-0.17.4+mixin.0.8.7.jar Service=Knot/Fabric Env=CLIENT]]></log4j:Message>
  </log4j:Event>
  <log4j:Event logger="FabricLoader/Mixin" timestamp="1791649507658" level="WARN" thread="main">
    <log4j:Message><![CDATA[Error loading class: net/minecraft/client/renderer/ItemInHandRenderer (java.lang.ClassNotFoundException: net/minecraft/client/renderer/ItemInHandRenderer)]]></log4j:Message>
  </log4j:Event>
  <log4j:Event logger="FabricLoader/Mixin" timestamp="1791649507658" level="WARN" thread="main">
    <log4j:Message><![CDATA[@Mixin target net.minecraft.client.renderer.ItemInHandRenderer was not found peregrine-client-extras.mixins.json:OldAnimationsMixin from mod peregrine-client]]></log4j:Message>
  </log4j:Event>
  <log4j:Event logger="FabricLoader/Mixin" timestamp="1791649507664" level="WARN" thread="main">
    <log4j:Message><![CDATA[@Mixin target net.minecraft.client.renderer.ItemInHandRenderer was not found peregrine-client-extras.mixins.json:TotemHeldMixin from mod peregrine-client]]></log4j:Message>
  </log4j:Event>
  <log4j:Event logger="FabricLoader/MixinExtras|Service" timestamp="1791649508401" level="INFO" thread="main">
    <log4j:Message><![CDATA[Initializing MixinExtras via com.llamalad7.mixinextras.service.MixinExtrasServiceImpl(version=0.5.5).]]></log4j:Message>
  </log4j:Event>
  <log4j:Event logger="com.mojang.datafixers.DataFixerBuilder" timestamp="1791649509462" level="INFO" thread="Datafixer Bootstrap #0">
    <log4j:Message><![CDATA[307 Datafixer optimizations took 478 milliseconds]]></log4j:Message>
  </log4j:Event>
  <log4j:Event logger="com.mojang.authlib.services.MinecraftServicesDiscoveryService" timestamp="1791649514567" level="INFO" thread="Render thread">
    <log4j:Message><![CDATA[Environment: Environment[discoveryUrl=https://discovery.minecraftservices.com/minecraft/client, name=PROD]]]></log4j:Message>
  </log4j:Event>
  <log4j:Event logger="net.minecraft.client.Minecraft" timestamp="1791649514583" level="INFO" thread="Render thread">
    <log4j:Message><![CDATA[Setting user: Tester]]></log4j:Message>
  </log4j:Event>
  <log4j:Event logger="net.fabricmc.fabric.impl.client.indigo.Indigo" timestamp="1791649514878" level="INFO" thread="Render thread">
    <log4j:Message><![CDATA[[Indigo] Registering Indigo renderer!]]></log4j:Message>
  </log4j:Event>
  <log4j:Event logger="net.minecraft.client.Minecraft" timestamp="1791649515034" level="ERROR" thread="Download-2">
    <log4j:Message><![CDATA[Failed to fetch user properties]]></log4j:Message>
    <log4j:Throwable><![CDATA[com.mojang.authlib.exceptions.InvalidCredentialsException: Status: 401
	at knot//com.mojang.authlib.exceptions.MinecraftClientHttpException.toAuthenticationException(MinecraftClientHttpException.java:70)
	at knot//com.mojang.authlib.services.MinecraftServicesUserApiService.fetchProperties(MinecraftServicesUserApiService.java:168)
	at knot//net.minecraft.client.Minecraft.lambda$new$1(Minecraft.java:451)
	at java.base/java.util.concurrent.CompletableFuture$AsyncSupply.run(Unknown Source)
	at java.base/java.util.concurrent.ThreadPoolExecutor.runWorker(Unknown Source)
	at java.base/java.util.concurrent.ThreadPoolExecutor$Worker.run(Unknown Source)
	at java.base/java.lang.Thread.run(Unknown Source)
Caused by: MinecraftClientHttpException[type=HTTP_ERROR, status=401, response=ErrorResponse[path=/player/attributes, error=null, errorMessage=null, details=null]]
	at knot//com.mojang.authlib.minecraft.client.MinecraftClient.buildHttpException(MinecraftClient.java:170)
	at knot//com.mojang.authlib.minecraft.client.MinecraftClient.readServiceResponse(MinecraftClient.java:147)
	at knot//com.mojang.authlib.minecraft.client.MinecraftClient.getWithEtag(MinecraftClient.java:81)
	at knot//com.mojang.authlib.minecraft.client.MinecraftClient.get(MinecraftClient.java:65)
	at knot//com.mojang.authlib.services.MinecraftServicesUserApiService.fetchProperties(MinecraftServicesUserApiService.java:118)
	... 5 more
]]></log4j:Throwable>
  </log4j:Event>
  <log4j:Event logger="net.minecraft.client.Minecraft" timestamp="1791649515125" level="INFO" thread="Render thread">
    <log4j:Message><![CDATA[Backend library: LWJGL version 3.4.3-snapshot]]></log4j:Message>
  </log4j:Event>
  <log4j:Event logger="com.mojang.blaze3d.platform.SdlDebug" timestamp="1791649515145" level="INFO" thread="Render thread">
    <log4j:Message><![CDATA[SDL [SYSTEM]: App name: Minecraft]]></log4j:Message>
  </log4j:Event>
  <log4j:Event logger="com.mojang.blaze3d.platform.SdlDebug" timestamp="1791649515145" level="INFO" thread="Render thread">
    <log4j:Message><![CDATA[SDL [SYSTEM]: App version: 26.3]]></log4j:Message>
  </log4j:Event>
  <log4j:Event logger="com.mojang.blaze3d.platform.SdlDebug" timestamp="1791649515146" level="INFO" thread="Render thread">
    <log4j:Message><![CDATA[SDL [SYSTEM]: App ID: com.mojang.minecraft]]></log4j:Message>
  </log4j:Event>
  <log4j:Event logger="com.mojang.blaze3d.platform.SdlDebug" timestamp="1791649515146" level="INFO" thread="Render thread">
    <log4j:Message><![CDATA[SDL [SYSTEM]: SDL revision: SDL-3.4.14--128-NOTFOUND]]></log4j:Message>
  </log4j:Event>
ATTENTION: default value of option mesa_glthread overridden by environment.
  <log4j:Event logger="net.minecraft.client.Minecraft" timestamp="1791649515285" level="ERROR" thread="Render thread">
    <log4j:Message><![CDATA[Failed to create backend OpenGL]]></log4j:Message>
    <log4j:Throwable><![CDATA[com.mojang.renderpearl.api.device.BackendCreationException: Failed to create window for OpenGL context: Couldn't find matching GLX visual
	at knot//com.mojang.renderpearl.backend.opengl.GlDevice.<init>(GlDevice.java:83)
	at knot//com.mojang.renderpearl.backend.opengl.GlBackend.createDevice(GlBackend.java:68)
	at knot//net.minecraft.client.Minecraft.<init>(Minecraft.java:533)
	at knot//net.minecraft.client.main.Main.main(Main.java:278)
	at net.fabricmc.loader.impl.game.minecraft.MinecraftGameProvider.launch(MinecraftGameProvider.java:517)
	at net.fabricmc.loader.impl.launch.knot.Knot.launch(Knot.java:72)
	at net.fabricmc.loader.impl.launch.knot.KnotClient.main(KnotClient.java:23)
]]></log4j:Throwable>
  </log4j:Event>
  <log4j:Event logger="com.mojang.renderpearl.backend.vulkan.VulkanBackend" timestamp="1791649515312" level="INFO" thread="Render thread">
    <log4j:Message><![CDATA[Enabling optional FeatureSet [EXT MultiDraw]]]></log4j:Message>
  </log4j:Event>
  <log4j:Event logger="com.mojang.renderpearl.backend.vulkan.VulkanBackend" timestamp="1791649515312" level="INFO" thread="Render thread">
    <log4j:Message><![CDATA[Optional FeatureSet [AMD Buffer Marker] not supported]]></log4j:Message>
  </log4j:Event>
  <log4j:Event logger="com.mojang.renderpearl.backend.vulkan.VulkanBackend" timestamp="1791649515313" level="INFO" thread="Render thread">
    <log4j:Message><![CDATA[Enabling optional FeatureSet [Wireframe]]]></log4j:Message>
  </log4j:Event>
  <log4j:Event logger="com.mojang.renderpearl.backend.vulkan.VulkanBackend" timestamp="1791649515313" level="INFO" thread="Render thread">
    <log4j:Message><![CDATA[Enabling optional FeatureSet [Calibrated Timestamps]]]></log4j:Message>
  </log4j:Event>
  <log4j:Event logger="com.mojang.renderpearl.backend.vulkan.VulkanBackend" timestamp="1791649515313" level="INFO" thread="Render thread">
    <log4j:Message><![CDATA[Optional FeatureSet [NV Diagnostic Checkpoint] not supported]]></log4j:Message>
  </log4j:Event>
  <log4j:Event logger="net.minecraft.client.Minecraft" timestamp="1791649515358" level="INFO" thread="Render thread">
    <log4j:Message><![CDATA[Using graphics backend Vulkan, using drivers: 1.4.318 llvmpipe Mesa 25.2.8-0ubuntu0.24.04.4 (LLVM 20.1.2)]]></log4j:Message>
  </log4j:Event>
  <log4j:Event logger="net.minecraft.client.Minecraft" timestamp="1791649515358" level="INFO" thread="Render thread">
    <log4j:Message><![CDATA[Using graphics device: llvmpipe (LLVM 20.1.2, 256 bits) (0x10005)]]></log4j:Message>
  </log4j:Event>
  <log4j:Event logger="net.minecraft.client.Minecraft" timestamp="1791649515359" level="INFO" thread="Render thread">
    <log4j:Message><![CDATA[Using graphics device extensions: VK_EXT_calibrated_timestamps (D), VK_KHR_synchronization2 (D), VK_EXT_multi_draw (D), VK_EXT_vertex_attribute_divisor (D), VK_KHR_swapchain (D), VK_KHR_surface (I), VK_KHR_push_descriptor (D), VK_KHR_xlib_surface (I), VK_EXT_debug_utils (I), VK_KHR_dynamic_rendering (D)]]></log4j:Message>
  </log4j:Event>
  <log4j:Event logger="com.mojang.blaze3d.platform.Window" timestamp="1791649515365" level="INFO" thread="Render thread">
    <log4j:Message><![CDATA[Created window using SDL video driver: x11]]></log4j:Message>
  </log4j:Event>
  <log4j:Event logger="com.mojang.realmsclient.client.RealmsClient" timestamp="1791649515916" level="INFO" thread="Download-2">
    <log4j:Message><![CDATA[Could not authorize you against Realms server: java.lang.RuntimeException: Failed to parse into SignedJWT: 0]]></log4j:Message>
  </log4j:Event>
  <log4j:Event logger="com.mojang.realmsclient.client.RealmsClient" timestamp="1791649515917" level="ERROR" thread="Download-2">
    <log4j:Message><![CDATA[Failed to fetch Realms feature flags]]></log4j:Message>
    <log4j:Throwable><![CDATA[com.mojang.realmsclient.exception.RealmsServiceException: Realms authentication error with message 'java.lang.RuntimeException: Failed to parse into SignedJWT: 0'
	at knot//com.mojang.realmsclient.client.RealmsClient.execute(RealmsClient.java:625)
	at knot//com.mojang.realmsclient.client.RealmsClient.fetchFeatureFlags(RealmsClient.java:204)
	at java.base/java.util.concurrent.CompletableFuture$AsyncSupply.run(Unknown Source)
	at java.base/java.util.concurrent.ThreadPoolExecutor.runWorker(Unknown Source)
	at java.base/java.util.concurrent.ThreadPoolExecutor$Worker.run(Unknown Source)
	at java.base/java.lang.Thread.run(Unknown Source)
]]></log4j:Throwable>
  </log4j:Event>
  <log4j:Event logger="com.mojang.text2speech.Narrator" timestamp="1791649515996" level="ERROR" thread="Render thread">
    <log4j:Message><![CDATA[Error while loading the narrator]]></log4j:Message>
    <log4j:Throwable><![CDATA[com.mojang.text2speech.Narrator$InitializeException: Failed to load library flite
	at knot//com.mojang.text2speech.NarratorLinux$FliteLibrary.loadNative(NarratorLinux.java:82)
	at knot//com.mojang.text2speech.NarratorLinux.<init>(NarratorLinux.java:19)
	at knot//com.mojang.text2speech.Narrator.getNarrator(Narrator.java:41)
	at knot//net.minecraft.client.GameNarrator.<init>(GameNarrator.java:20)
	at knot//net.minecraft.client.Minecraft.<init>(Minecraft.java:740)
	at knot//net.minecraft.client.main.Main.main(Main.java:278)
	at net.fabricmc.loader.impl.game.minecraft.MinecraftGameProvider.launch(MinecraftGameProvider.java:517)
	at net.fabricmc.loader.impl.launch.knot.Knot.launch(Knot.java:72)
	at net.fabricmc.loader.impl.launch.knot.KnotClient.main(KnotClient.java:23)
Caused by: java.lang.UnsatisfiedLinkError: Unable to load library 'flite':
libflite.so: cannot open shared object file: No such file or directory
libflite.so: cannot open shared object file: No such file or directory
Native library (linux-x86-64/libflite.so) not found in resource path (/home/runner/work/peregrine-launcher/peregrine-launcher/out/26.3/home/data/peregrine/libraries/org/ow2/asm/asm/9.10.1/asm-9.10.1.jar:/home/runner/work/peregrine-launcher/peregrine-launcher/out/26.3/home/data/peregrine/libraries/org/ow2/asm/asm-analysis/9.10.1/asm-analysis-9.10.1.jar:/home/runner/work/peregrine-launcher/peregrine-launcher/out/26.3/home/data/peregrine/libraries/org/ow2/asm/asm-commons/9.10.1/asm-commons-9.10.1.jar:/home/runner/work/peregrine-launcher/peregrine-launcher/out/26.3/home/data/peregrine/libraries/org/ow2/asm/asm-tree/9.10.1/asm-tree-9.10.1.jar:/home/runner/work/peregrine-launcher/peregrine-launcher/out/26.3/home/data/peregrine/libraries/org/ow2/asm/asm-util/9.10.1/asm-util-9.10.1.jar:/home/runner/work/peregrine-launcher/peregrine-launcher/out/26.3/home/data/peregrine/libraries/net/fabricmc/sponge-mixin/0.17.4+mixin.0.8.7/sponge-mixin-0.17.4+mixin.0.8.7.jar:/home/runner/work/peregrine-launcher/peregrine-launcher/out/26.3/home/data/peregrine/libraries/net/fabricmc/fabric-loader/0.19.5/fabric-loader-0.19.5.jar:/home/runner/work/peregrine-launcher/peregrine-launcher/out/26.3/home/data/peregrine/libraries/at/yawk/lz4/lz4-java/1.10.1/lz4-java-1.10.1.jar:/home/runner/work/peregrine-launcher/peregrine-launcher/out/26.3/home/data/peregrine/libraries/com/azure/azure-json/1.4.0/azure-json-1.4.0.jar:/home/runner/work/peregrine-launcher/peregrine-launcher/out/26.3/home/data/peregrine/libraries/com/github/oshi/oshi-core/6.9.0/oshi-core-6.9.0.jar:/home/runner/work/peregrine-launcher/peregrine-launcher/out/26.3/home/data/peregrine/libraries/com/google/code/gson/gson/2.14.0/gson-2.14.0.jar:/home/runner/work/peregrine-launcher/peregrine-launcher/out/26.3/home/data/peregrine/libraries/com/google/guava/failureaccess/1.0.3/failureaccess-1.0.3.jar:/home/runner/work/peregrine-launcher/peregrine-launcher/out/26.3/home/data/peregrine/libraries/com/google/guava/guava/33.6.0-jre/guava-33.6.0-jre.jar:/home/runner/work/peregrine-launcher/peregrine-launcher/out/26.3/home/data/peregrine/libraries/com/ibm/icu/icu4j/78.3/icu4j-78.3.jar:/home/runner/work/peregrine-launcher/peregrine-launcher/out/26.3/home/data/peregrine/libraries/com/microsoft/azure/msal4j/1.24.1/msal4j-1.24.1.jar:/home/runner/work/peregrine-launcher/peregrine-launcher/out/26.3/home/data/peregrine/libraries/com/mojang/authlib/10.0.77/authlib-10.0.77.jar:/home/runner/work/peregrine-launcher/peregrine-launcher/out/26.3/home/data/peregrine/libraries/com/mojang/blocklist/1.0.10/blocklist-1.0.10.jar:/home/runner/work/peregrine-launcher/peregrine-launcher/out/26.3/home/data/peregrine/libraries/com/mojang/brigadier/1.3.11/brigadier-1.3.11.jar:/home/runner/work/peregrine-launcher/peregrine-launcher/out/26.3/home/data/peregrine/libraries/com/mojang/datafixerupper/10.0.21/datafixerupper-10.0.21.jar:/home/runner/work/peregrine-launcher/peregrine-launcher/out/26.3/home/data/peregrine/libraries/com/mojang/jtracy/1.14.38/jtracy-1.14.38.jar:/home/runner/work/peregrine-launcher/peregrine-launcher/out/26.3/home/data/peregrine/libraries/com/mojang/jtracy/1.14.38/jtracy-1.14.38-natives-linux.jar:/home/runner/work/peregrine-launcher/peregrine-launcher/out/26.3/home/data/peregrine/libraries/com/mojang/logging/1.7.12/logging-1.7.12.jar:/home/runner/work/peregrine-launcher/peregrine-launcher/out/26.3/home/data/peregrine/libraries/com/mojang/patchy/2.2.10/patchy-2.2.10.jar:/home/runner/work/peregrine-launcher/peregrine-launcher/out/26.3/home/data/peregrine/libraries/com/mojang/text2speech/1.19.12/text2speech-1.19.12.jar:/home/runner/work/peregrine-launcher/peregrine-launcher/out/26.3/home/data/peregrine/libraries/commons-codec/commons-codec/1.22.0/commons-codec-1.22.0.jar:/home/runner/work/peregrine-launcher/peregrine-launcher/out/26.3/home/data/peregrine/libraries/commons-io/commons-io/2.20.0/commons-io-2.20.0.jar:/home/runner/work/peregrine-launcher/peregrine-launcher/out/26.3/home/data/peregrine/libraries/io/netty/netty-buffer/4.2.16.Final/netty-buffer-4.2.16.Final.jar:/home/runner/work/peregrine-launcher/peregrine-launcher/out/26.3/home/data/peregrine/libraries/io/netty/netty-codec-base/4.2.16.Final/netty-codec-base-4.2.16.Final.jar:/home/runner/work/peregrine-launcher/peregrine-launcher/out/26.3/home/data/peregrine/libraries/io/netty/netty-codec-compression/4.2.16.Final/netty-codec-compression-4.2.16.Final.jar:/home/runner/work/peregrine-launcher/peregrine-launcher/out/26.3/home/data/peregrine/libraries/io/netty/netty-codec-http/4.2.16.Final/netty-codec-http-4.2.16.Final.jar:/home/runner/work/peregrine-launcher/peregrine-launcher/out/26.3/home/data/peregrine/libraries/io/netty/netty-common/4.2.16.Final/netty-common-4.2.16.Final.jar:/home/runner/work/peregrine-launcher/peregrine-launcher/out/26.3/home/data/peregrine/libraries/io/netty/netty-handler/4.2.16.Final/netty-handler-4.2.16.Final.jar:/home/runner/work/peregrine-launcher/peregrine-launcher/out/26.3/home/data/peregrine/libraries/io/netty/netty-resolver/4.2.16.Final/netty-resolver-4.2.16.Final.jar:/home/runner/work/peregrine-launcher/peregrine-launcher/out/26.3/home/data/peregrine/libraries/io/netty/netty-transport-classes-epoll/4.2.16.Final/netty-transport-classes-epoll-4.2.16.Final.jar:/home/runner/work/peregrine-launcher/peregrine-launcher/out/26.3/home/data/peregrine/libraries/io/netty/netty-transport-classes-kqueue/4.2.16.Final/netty-transport-classes-kqueue-4.2.16.Final.jar:/home/runner/work/peregrine-launcher/peregrine-launcher/out/26.3/home/data/peregrine/libraries/io/netty/netty-transport-native-epoll/4.2.16.Final/netty-transport-native-epoll-4.2.16.Final-linux-aarch_64.jar:/home/runner/work/peregrine-launcher/peregrine-launcher/out/26.3/home/data/peregrine/libraries/io/netty/netty-transport-native-epoll/4.2.16.Final/netty-transport-native-epoll-4.2.16.Final-linux-x86_64.jar:/home/runner/work/peregrine-launcher/peregrine-launcher/out/26.3/home/data/peregrine/libraries/io/netty/netty-transport-native-unix-common/4.2.16.Final/netty-transport-native-unix-common-4.2.16.Final.jar:/home/runner/work/peregrine-launcher/peregrine-launcher/out/26.3/home/data/peregrine/libraries/io/netty/netty-transport/4.2.16.Final/netty-transport-4.2.16.Final.jar:/home/runner/work/peregrine-launcher/peregrine-launcher/out/26.3/home/data/peregrine/libraries/it/unimi/dsi/fastutil/8.5.18/fastutil-8.5.18.jar:/home/runner/work/peregrine-launcher/peregrine-launcher/out/26.3/home/data/peregrine/libraries/net/java/dev/jna/jna-platform/5.17.0/jna-platform-5.17.0.jar:/home/runner/work/peregrine-launcher/peregrine-launcher/out/26.3/home/data/peregrine/libraries/net/java/dev/jna/jna/5.17.0/jna-5.17.0.jar:/home/runner/work/peregrine-launcher/peregrine-launcher/out/26.3/home/data/peregrine/libraries/net/sf/jopt-simple/jopt-simple/5.0.4/jopt-simple-5.0.4.jar:/home/runner/work/peregrine-launcher/peregrine-launcher/out/26.3/home/data/peregrine/libraries/org/apache/commons/commons-compress/1.28.0/commons-compress-1.28.0.jar:/home/runner/work/peregrine-launcher/peregrine-launcher/out/26.3/home/data/peregrine/libraries/org/apache/commons/commons-lang3/3.20.0/commons-lang3-3.20.0.jar:/home/runner/work/peregrine-launcher/peregrine-launcher/out/26.3/home/data/peregrine/libraries/org/apache/logging/log4j/log4j-api/2.26.0/log4j-api-2.26.0.jar:/home/runner/work/peregrine-launcher/peregrine-launcher/out/26.3/home/data/peregrine/libraries/org/apache/logging/log4j/log4j-core/2.26.0/log4j-core-2.26.0.jar:/home/runner/work/peregrine-launcher/peregrine-launcher/out/26.3/home/data/peregrine/libraries/org/apache/logging/log4j/log4j-slf4j2-impl/2.26.0/log4j-slf4j2-impl-2.26.0.jar:/home/runner/work/peregrine-launcher/peregrine-launcher/out/26.3/home/data/peregrine/libraries/org/jcraft/jorbis/0.0.17/jorbis-0.0.17.jar:/home/runner/work/peregrine-launcher/peregrine-launcher/out/26.3/home/data/peregrine/libraries/org/joml/joml/1.10.9/joml-1.10.9.jar:/home/runner/work/peregrine-launcher/peregrine-launcher/out/26.3/home/data/peregrine/libraries/org/jspecify/jspecify/1.0.0/jspecify-1.0.0.jar:/home/runner/work/peregrine-launcher/peregrine-launcher/out/26.3/home/data/peregrine/libraries/org/lwjgl/lwjgl-freetype/3.4.3/lwjgl-freetype-3.4.3.jar:/home/runner/work/peregrine-launcher/peregrine-launcher/out/26.3/home/data/peregrine/libraries/org/lwjgl/lwjgl-freetype/3.4.3/lwjgl-freetype-3.4.3-natives-linux.jar:/home/runner/work/peregrine-launcher/peregrine-launcher/out/26.3/home/data/peregrine/libraries/org/lwjgl/lwjgl-jemalloc/3.4.3/lwjgl-jemalloc-3.4.3.jar:/home/runner/work/peregrine-launcher/peregrine-launcher/out/26.3/home/data/peregrine/libraries/org/lwjgl/lwjgl-jemalloc/3.4.3/lwjgl-jemalloc-3.4.3-natives-linux.jar:/home/runner/work/peregrine-launcher/peregrine-launcher/out/26.3/home/data/peregrine/libraries/org/lwjgl/lwjgl-openal/3.4.3/lwjgl-openal-3.4.3.jar:/home/runner/work/peregrine-launcher/peregrine-launcher/out/26.3/home/data/peregrine/libraries/org/lwjgl/lwjgl-openal/3.4.3/lwjgl-openal-3.4.3-natives-linux.jar:/home/runner/work/peregrine-launcher/peregrine-launcher/out/26.3/home/data/peregrine/libraries/org/lwjgl/lwjgl-opengl/3.4.3/lwjgl-opengl-3.4.3.jar:/home/runner/work/peregrine-launcher/peregrine-launcher/out/26.3/home/data/peregrine/libraries/org/lwjgl/lwjgl-opengl/3.4.3/lwjgl-opengl-3.4.3-natives-linux.jar:/home/runner/work/peregrine-launcher/peregrine-launcher/out/26.3/home/data/peregrine/libraries/org/lwjgl/lwjgl-sdl/3.4.3/lwjgl-sdl-3.4.3.jar:/home/runner/work/peregrine-launcher/peregrine-launcher/out/26.3/home/data/peregrine/libraries/org/lwjgl/lwjgl-sdl/3.4.3/lwjgl-sdl-3.4.3-natives-linux.jar:/home/runner/work/peregrine-launcher/peregrine-launcher/out/26.3/home/data/peregrine/libraries/org/lwjgl/lwjgl-shaderc/3.4.3/lwjgl-shaderc-3.4.3.jar:/home/runner/work/peregrine-launcher/peregrine-launcher/out/26.3/home/data/peregrine/libraries/org/lwjgl/lwjgl-shaderc/3.4.3/lwjgl-shaderc-3.4.3-natives-linux.jar:/home/runner/work/peregrine-launcher/peregrine-launcher/out/26.3/home/data/peregrine/libraries/org/lwjgl/lwjgl-spvc/3.4.3/lwjgl-spvc-3.4.3.jar:/home/runner/work/peregrine-launcher/peregrine-launcher/out/26.3/home/data/peregrine/libraries/org/lwjgl/lwjgl-spvc/3.4.3/lwjgl-spvc-3.4.3-natives-linux.jar:/home/runner/work/peregrine-launcher/peregrine-launcher/out/26.3/home/data/peregrine/libraries/org/lwjgl/lwjgl-stb/3.4.3/lwjgl-stb-3.4.3.jar:/home/runner/work/peregrine-launcher/peregrine-launcher/out/26.3/home/data/peregrine/libraries/org/lwjgl/lwjgl-stb/3.4.3/lwjgl-stb-3.4.3-natives-linux.jar:/home/runner/work/peregrine-launcher/peregrine-launcher/out/26.3/home/data/peregrine/libraries/org/lwjgl/lwjgl-vma/3.4.3/lwjgl-vma-3.4.3.jar:/home/runner/work/peregrine-launcher/peregrine-launcher/out/26.3/home/data/peregrine/libraries/org/lwjgl/lwjgl-vma/3.4.3/lwjgl-vma-3.4.3-natives-linux.jar:/home/runner/work/peregrine-launcher/peregrine-launcher/out/26.3/home/data/peregrine/libraries/org/lwjgl/lwjgl-vulkan/3.4.3/lwjgl-vulkan-3.4.3.jar:/home/runner/work/peregrine-launcher/peregrine-launcher/out/26.3/home/data/peregrine/libraries/org/lwjgl/lwjgl/3.4.3/lwjgl-3.4.3.jar:/home/runner/work/peregrine-launcher/peregrine-launcher/out/26.3/home/data/peregrine/libraries/org/lwjgl/lwjgl/3.4.3/lwjgl-3.4.3-natives-linux.jar:/home/runner/work/peregrine-launcher/peregrine-launcher/out/26.3/home/data/peregrine/libraries/org/slf4j/slf4j-api/2.0.17/slf4j-api-2.0.17.jar:/home/runner/work/peregrine-launcher/peregrine-launcher/out/26.3/home/data/peregrine/versions/26.3/26.3.jar)
	at knot//com.sun.jna.NativeLibrary.loadLibrary(NativeLibrary.java:325)
	at knot//com.sun.jna.NativeLibrary.getInstance(NativeLibrary.java:481)
	at knot//com.sun.jna.NativeLibrary.getInstance(NativeLibrary.java:423)
	at knot//com.mojang.text2speech.NarratorLinux$FliteLibrary.loadNative(NarratorLinux.java:80)
	... 8 more
	Suppressed: java.lang.UnsatisfiedLinkError: libflite.so: cannot open shared object file: No such file or directory
		at knot//com.sun.jna.Native.open(Native Method)
		at knot//com.sun.jna.NativeLibrary.loadLibrary(NativeLibrary.java:213)
		... 11 more
	Suppressed: java.lang.UnsatisfiedLinkError: libflite.so: cannot open shared object file: No such file or directory
		at knot//com.sun.jna.Native.open(Native Method)
		at knot//com.sun.jna.NativeLibrary.loadLibrary(NativeLibrary.java:226)
		... 11 more
	Suppressed: java.io.IOException: Native library (linux-x86-64/libflite.so) not found in resource path (/home/runner/work/peregrine-launcher/peregrine-launcher/out/26.3/home/data/peregrine/libraries/org/ow2/asm/asm/9.10.1/asm-9.10.1.jar:/home/runner/work/peregrine-launcher/peregrine-launcher/out/26.3/home/data/peregrine/libraries/org/ow2/asm/asm-analysis/9.10.1/asm-analysis-9.10.1.jar:/home/runner/work/peregrine-launcher/peregrine-launcher/out/26.3/home/data/peregrine/libraries/org/ow2/asm/asm-commons/9.10.1/asm-commons-9.10.1.jar:/home/runner/work/peregrine-launcher/peregrine-launcher/out/26.3/home/data/peregrine/libraries/org/ow2/asm/asm-tree/9.10.1/asm-tree-9.10.1.jar:/home/runner/work/peregrine-launcher/peregrine-launcher/out/26.3/home/data/peregrine/libraries/org/ow2/asm/asm-util/9.10.1/asm-util-9.10.1.jar:/home/runner/work/peregrine-launcher/peregrine-launcher/out/26.3/home/data/peregrine/libraries/net/fabricmc/sponge-mixin/0.17.4+mixin.0.8.7/sponge-mixin-0.17.4+mixin.0.8.7.jar:/home/runner/work/peregrine-launcher/peregrine-launcher/out/26.3/home/data/peregrine/libraries/net/fabricmc/fabric-loader/0.19.5/fabric-loader-0.19.5.jar:/home/runner/work/peregrine-launcher/peregrine-launcher/out/26.3/home/data/peregrine/libraries/at/yawk/lz4/lz4-java/1.10.1/lz4-java-1.10.1.jar:/home/runner/work/peregrine-launcher/peregrine-launcher/out/26.3/home/data/peregrine/libraries/com/azure/azure-json/1.4.0/azure-json-1.4.0.jar:/home/runner/work/peregrine-launcher/peregrine-launcher/out/26.3/home/data/peregrine/libraries/com/github/oshi/oshi-core/6.9.0/oshi-core-6.9.0.jar:/home/runner/work/peregrine-launcher/peregrine-launcher/out/26.3/home/data/peregrine/libraries/com/google/code/gson/gson/2.14.0/gson-2.14.0.jar:/home/runner/work/peregrine-launcher/peregrine-launcher/out/26.3/home/data/peregrine/libraries/com/google/guava/failureaccess/1.0.3/failureaccess-1.0.3.jar:/home/runner/work/peregrine-launcher/peregrine-launcher/out/26.3/home/data/peregrine/libraries/com/google/guava/guava/33.6.0-jre/guava-33.6.0-jre.jar:/home/runner/work/peregrine-launcher/peregrine-launcher/out/26.3/home/data/peregrine/libraries/com/ibm/icu/icu4j/78.3/icu4j-78.3.jar:/home/runner/work/peregrine-launcher/peregrine-launcher/out/26.3/home/data/peregrine/libraries/com/microsoft/azure/msal4j/1.24.1/msal4j-1.24.1.jar:/home/runner/work/peregrine-launcher/peregrine-launcher/out/26.3/home/data/peregrine/libraries/com/mojang/authlib/10.0.77/authlib-10.0.77.jar:/home/runner/work/peregrine-launcher/peregrine-launcher/out/26.3/home/data/peregrine/libraries/com/mojang/blocklist/1.0.10/blocklist-1.0.10.jar:/home/runner/work/peregrine-launcher/peregrine-launcher/out/26.3/home/data/peregrine/libraries/com/mojang/brigadier/1.3.11/brigadier-1.3.11.jar:/home/runner/work/peregrine-launcher/peregrine-launcher/out/26.3/home/data/peregrine/libraries/com/mojang/datafixerupper/10.0.21/datafixerupper-10.0.21.jar:/home/runner/work/peregrine-launcher/peregrine-launcher/out/26.3/home/data/peregrine/libraries/com/mojang/jtracy/1.14.38/jtracy-1.14.38.jar:/home/runner/work/peregrine-launcher/peregrine-launcher/out/26.3/home/data/peregrine/libraries/com/mojang/jtracy/1.14.38/jtracy-1.14.38-natives-linux.jar:/home/runner/work/peregrine-launcher/peregrine-launcher/out/26.3/home/data/peregrine/libraries/com/mojang/logging/1.7.12/logging-1.7.12.jar:/home/runner/work/peregrine-launcher/peregrine-launcher/out/26.3/home/data/peregrine/libraries/com/mojang/patchy/2.2.10/patchy-2.2.10.jar:/home/runner/work/peregrine-launcher/peregrine-launcher/out/26.3/home/data/peregrine/libraries/com/mojang/text2speech/1.19.12/text2speech-1.19.12.jar:/home/runner/work/peregrine-launcher/peregrine-launcher/out/26.3/home/data/peregrine/libraries/commons-codec/commons-codec/1.22.0/commons-codec-1.22.0.jar:/home/runner/work/peregrine-launcher/peregrine-launcher/out/26.3/home/data/peregrine/libraries/commons-io/commons-io/2.20.0/commons-io-2.20.0.jar:/home/runner/work/peregrine-launcher/peregrine-launcher/out/26.3/home/data/peregrine/libraries/io/netty/netty-buffer/4.2.16.Final/netty-buffer-4.2.16.Final.jar:/home/runner/work/peregrine-launcher/peregrine-launcher/out/26.3/home/data/peregrine/libraries/io/netty/netty-codec-base/4.2.16.Final/netty-codec-base-4.2.16.Final.jar:/home/runner/work/peregrine-launcher/peregrine-launcher/out/26.3/home/data/peregrine/libraries/io/netty/netty-codec-compression/4.2.16.Final/netty-codec-compression-4.2.16.Final.jar:/home/runner/work/peregrine-launcher/peregrine-launcher/out/26.3/home/data/peregrine/libraries/io/netty/netty-codec-http/4.2.16.Final/netty-codec-http-4.2.16.Final.jar:/home/runner/work/peregrine-launcher/peregrine-launcher/out/26.3/home/data/peregrine/libraries/io/netty/netty-common/4.2.16.Final/netty-common-4.2.16.Final.jar:/home/runner/work/peregrine-launcher/peregrine-launcher/out/26.3/home/data/peregrine/libraries/io/netty/netty-handler/4.2.16.Final/netty-handler-4.2.16.Final.jar:/home/runner/work/peregrine-launcher/peregrine-launcher/out/26.3/home/data/peregrine/libraries/io/netty/netty-resolver/4.2.16.Final/netty-resolver-4.2.16.Final.jar:/home/runner/work/peregrine-launcher/peregrine-launcher/out/26.3/home/data/peregrine/libraries/io/netty/netty-transport-classes-epoll/4.2.16.Final/netty-transport-classes-epoll-4.2.16.Final.jar:/home/runner/work/peregrine-launcher/peregrine-launcher/out/26.3/home/data/peregrine/libraries/io/netty/netty-transport-classes-kqueue/4.2.16.Final/netty-transport-classes-kqueue-4.2.16.Final.jar:/home/runner/work/peregrine-launcher/peregrine-launcher/out/26.3/home/data/peregrine/libraries/io/netty/netty-transport-native-epoll/4.2.16.Final/netty-transport-native-epoll-4.2.16.Final-linux-aarch_64.jar:/home/runner/work/peregrine-launcher/peregrine-launcher/out/26.3/home/data/peregrine/libraries/io/netty/netty-transport-native-epoll/4.2.16.Final/netty-transport-native-epoll-4.2.16.Final-linux-x86_64.jar:/home/runner/work/peregrine-launcher/peregrine-launcher/out/26.3/home/data/peregrine/libraries/io/netty/netty-transport-native-unix-common/4.2.16.Final/netty-transport-native-unix-common-4.2.16.Final.jar:/home/runner/work/peregrine-launcher/peregrine-launcher/out/26.3/home/data/peregrine/libraries/io/netty/netty-transport/4.2.16.Final/netty-transport-4.2.16.Final.jar:/home/runner/work/peregrine-launcher/peregrine-launcher/out/26.3/home/data/peregrine/libraries/it/unimi/dsi/fastutil/8.5.18/fastutil-8.5.18.jar:/home/runner/work/peregrine-launcher/peregrine-launcher/out/26.3/home/data/peregrine/libraries/net/java/dev/jna/jna-platform/5.17.0/jna-platform-5.17.0.jar:/home/runner/work/peregrine-launcher/peregrine-launcher/out/26.3/home/data/peregrine/libraries/net/java/dev/jna/jna/5.17.0/jna-5.17.0.jar:/home/runner/work/peregrine-launcher/peregrine-launcher/out/26.3/home/data/peregrine/libraries/net/sf/jopt-simple/jopt-simple/5.0.4/jopt-simple-5.0.4.jar:/home/runner/work/peregrine-launcher/peregrine-launcher/out/26.3/home/data/peregrine/libraries/org/apache/commons/commons-compress/1.28.0/commons-compress-1.28.0.jar:/home/runner/work/peregrine-launcher/peregrine-launcher/out/26.3/home/data/peregrine/libraries/org/apache/commons/commons-lang3/3.20.0/commons-lang3-3.20.0.jar:/home/runner/work/peregrine-launcher/peregrine-launcher/out/26.3/home/data/peregrine/libraries/org/apache/logging/log4j/log4j-api/2.26.0/log4j-api-2.26.0.jar:/home/runner/work/peregrine-launcher/peregrine-launcher/out/26.3/home/data/peregrine/libraries/org/apache/logging/log4j/log4j-core/2.26.0/log4j-core-2.26.0.jar:/home/runner/work/peregrine-launcher/peregrine-launcher/out/26.3/home/data/peregrine/libraries/org/apache/logging/log4j/log4j-slf4j2-impl/2.26.0/log4j-slf4j2-impl-2.26.0.jar:/home/runner/work/peregrine-launcher/peregrine-launcher/out/26.3/home/data/peregrine/libraries/org/jcraft/jorbis/0.0.17/jorbis-0.0.17.jar:/home/runner/work/peregrine-launcher/peregrine-launcher/out/26.3/home/data/peregrine/libraries/org/joml/joml/1.10.9/joml-1.10.9.jar:/home/runner/work/peregrine-launcher/peregrine-launcher/out/26.3/home/data/peregrine/libraries/org/jspecify/jspecify/1.0.0/jspecify-1.0.0.jar:/home/runner/work/peregrine-launcher/peregrine-launcher/out/26.3/home/data/peregrine/libraries/org/lwjgl/lwjgl-freetype/3.4.3/lwjgl-freetype-3.4.3.jar:/home/runner/work/peregrine-launcher/peregrine-launcher/out/26.3/home/data/peregrine/libraries/org/lwjgl/lwjgl-freetype/3.4.3/lwjgl-freetype-3.4.3-natives-linux.jar:/home/runner/work/peregrine-launcher/peregrine-launcher/out/26.3/home/data/peregrine/libraries/org/lwjgl/lwjgl-jemalloc/3.4.3/lwjgl-jemalloc-3.4.3.jar:/home/runner/work/peregrine-launcher/peregrine-launcher/out/26.3/home/data/peregrine/libraries/org/lwjgl/lwjgl-jemalloc/3.4.3/lwjgl-jemalloc-3.4.3-natives-linux.jar:/home/runner/work/peregrine-launcher/peregrine-launcher/out/26.3/home/data/peregrine/libraries/org/lwjgl/lwjgl-openal/3.4.3/lwjgl-openal-3.4.3.jar:/home/runner/work/peregrine-launcher/peregrine-launcher/out/26.3/home/data/peregrine/libraries/org/lwjgl/lwjgl-openal/3.4.3/lwjgl-openal-3.4.3-natives-linux.jar:/home/runner/work/peregrine-launcher/peregrine-launcher/out/26.3/home/data/peregrine/libraries/org/lwjgl/lwjgl-opengl/3.4.3/lwjgl-opengl-3.4.3.jar:/home/runner/work/peregrine-launcher/peregrine-launcher/out/26.3/home/data/peregrine/libraries/org/lwjgl/lwjgl-opengl/3.4.3/lwjgl-opengl-3.4.3-natives-linux.jar:/home/runner/work/peregrine-launcher/peregrine-launcher/out/26.3/home/data/peregrine/libraries/org/lwjgl/lwjgl-sdl/3.4.3/lwjgl-sdl-3.4.3.jar:/home/runner/work/peregrine-launcher/peregrine-launcher/out/26.3/home/data/peregrine/libraries/org/lwjgl/lwjgl-sdl/3.4.3/lwjgl-sdl-3.4.3-natives-linux.jar:/home/runner/work/peregrine-launcher/peregrine-launcher/out/26.3/home/data/peregrine/libraries/org/lwjgl/lwjgl-shaderc/3.4.3/lwjgl-shaderc-3.4.3.jar:/home/runner/work/peregrine-launcher/peregrine-launcher/out/26.3/home/data/peregrine/libraries/org/lwjgl/lwjgl-shaderc/3.4.3/lwjgl-shaderc-3.4.3-natives-linux.jar:/home/runner/work/peregrine-launcher/peregrine-launcher/out/26.3/home/data/peregrine/libraries/org/lwjgl/lwjgl-spvc/3.4.3/lwjgl-spvc-3.4.3.jar:/home/runner/work/peregrine-launcher/peregrine-launcher/out/26.3/home/data/peregrine/libraries/org/lwjgl/lwjgl-spvc/3.4.3/lwjgl-spvc-3.4.3-natives-linux.jar:/home/runner/work/peregrine-launcher/peregrine-launcher/out/26.3/home/data/peregrine/libraries/org/lwjgl/lwjgl-stb/3.4.3/lwjgl-stb-3.4.3.jar:/home/runner/work/peregrine-launcher/peregrine-launcher/out/26.3/home/data/peregrine/libraries/org/lwjgl/lwjgl-stb/3.4.3/lwjgl-stb-3.4.3-natives-linux.jar:/home/runner/work/peregrine-launcher/peregrine-launcher/out/26.3/home/data/peregrine/libraries/org/lwjgl/lwjgl-vma/3.4.3/lwjgl-vma-3.4.3.jar:/home/runner/work/peregrine-launcher/peregrine-launcher/out/26.3/home/data/peregrine/libraries/org/lwjgl/lwjgl-vma/3.4.3/lwjgl-vma-3.4.3-natives-linux.jar:/home/runner/work/peregrine-launcher/peregrine-launcher/out/26.3/home/data/peregrine/libraries/org/lwjgl/lwjgl-vulkan/3.4.3/lwjgl-vulkan-3.4.3.jar:/home/runner/work/peregrine-launcher/peregrine-launcher/out/26.3/home/data/peregrine/libraries/org/lwjgl/lwjgl/3.4.3/lwjgl-3.4.3.jar:/home/runner/work/peregrine-launcher/peregrine-launcher/out/26.3/home/data/peregrine/libraries/org/lwjgl/lwjgl/3.4.3/lwjgl-3.4.3-natives-linux.jar:/home/runner/work/peregrine-launcher/peregrine-launcher/out/26.3/home/data/peregrine/libraries/org/slf4j/slf4j-api/2.0.17/slf4j-api-2.0.17.jar:/home/runner/work/peregrine-launcher/peregrine-launcher/out/26.3/home/data/peregrine/versions/26.3/26.3.jar)
		at knot//com.sun.jna.Native.extractFromResourcePath(Native.java:1141)
		at knot//com.sun.jna.NativeLibrary.loadLibrary(NativeLibrary.java:297)
		... 11 more
]]></log4j:Throwable>
  </log4j:Event>
  <log4j:Event logger="net.minecraft.server.packs.resources.ReloadableResourceManager" timestamp="1791649516077" level="INFO" thread="Render thread">
    <log4j:Message><![CDATA[Reloading ResourceManager: vanilla, vanilla, fabric-advancement-api-v1, fabric-api, fabric-api-base, fabric-api-lookup-api-v1, fabric-biome-api-v1, fabric-block-api-v1, fabric-block-getter-api-v2, fabric-command-api-v2, fabric-content-registries-v0, fabric-convention-tags-v2, fabric-crash-report-info-v1, fabric-creative-tab-api-v1, fabric-data-attachment-api-v1, fabric-data-generation-api-v1, fabric-debug-api-v1, fabric-dimensions-v1, fabric-entity-events-v1, fabric-events-interaction-v0, fabric-game-rule-api-v1, fabric-item-api-v1, fabric-key-mapping-api-v1, fabric-lifecycle-events-v1, fabric-loot-api-v3, fabric-menu-api-v1, fabric-message-api-v1, fabric-model-loading-api-v1, fabric-networking-api-v1, fabric-object-builder-api-v1, fabric-particles-v1, fabric-permission-api-v1, fabric-recipe-api-v1, fabric-registry-sync-v0, fabric-renderer-api-v1, fabric-renderer-indigo, fabric-rendering-fluids-v1, fabric-rendering-v1, fabric-resource-conditions-api-v1, fabric-resource-loader-v0, fabric-resource-loader-v1, fabric-screen-api-v1, fabric-serialization-api-v1, fabric-sound-api-v1, fabric-tag-api-v1, fabric-transfer-api-v1, fabric-transitive-access-wideners-v1, fabricloader, peregrine-client, file/PeregrineTest]]></log4j:Message>
  </log4j:Event>
  <log4j:Event logger="net.minecraft.client.gui.font.providers.UnihexProvider" timestamp="1791649516597" level="INFO" thread="Worker-Main-3">
    <log4j:Message><![CDATA[Found unifont_all_no_pua-17.0.01.hex, loading]]></log4j:Message>
  </log4j:Event>
  <log4j:Event logger="net.minecraft.client.gui.font.providers.UnihexProvider" timestamp="1791649516663" level="INFO" thread="Worker-Main-1">
    <log4j:Message><![CDATA[Found unifont_pua-17.0.01.hex, loading]]></log4j:Message>
  </log4j:Event>
  <log4j:Event logger="net.minecraft.client.gui.font.providers.UnihexProvider" timestamp="1791649516916" level="INFO" thread="Worker-Main-3">
    <log4j:Message><![CDATA[Found unifont_jp_patch-17.0.01.hex, loading]]></log4j:Message>
  </log4j:Event>
  <log4j:Event logger="net.minecraft.server.LoggedPrintStream" timestamp="1791649517635" level="INFO" thread="Render thread">
    <log4j:Message><![CDATA[[STDOUT]: [Peregrine self-test] INFO phase world on Minecraft 26.3]]></log4j:Message>
  </log4j:Event>
ALSA lib confmisc.c:855:(parse_card) cannot find card '0'
ALSA lib conf.c:5208:(_snd_config_evaluate) function snd_func_card_inum returned error: No such file or directory
ALSA lib confmisc.c:422:(snd_func_concat) error evaluating strings
ALSA lib conf.c:5208:(_snd_config_evaluate) function snd_func_concat returned error: No such file or directory
ALSA lib confmisc.c:1342:(snd_func_refer) error evaluating name
ALSA lib conf.c:5208:(_snd_config_evaluate) function snd_func_refer returned error: No such file or directory
ALSA lib conf.c:5731:(snd_config_expand) Evaluate error: No such file or directory
ALSA lib pcm.c:2721:(snd_pcm_open_noupdate) Unknown PCM default
ALSA lib confmisc.c:855:(parse_card) cannot find card '0'
ALSA lib conf.c:5208:(_snd_config_evaluate) function snd_func_card_inum returned error: No such file or directory
ALSA lib confmisc.c:422:(snd_func_concat) error evaluating strings
ALSA lib conf.c:5208:(_snd_config_evaluate) function snd_func_concat returned error: No such file or directory
ALSA lib confmisc.c:1342:(snd_func_refer) error evaluating name
ALSA lib conf.c:5208:(_snd_config_evaluate) function snd_func_refer returned error: No such file or directory
ALSA lib conf.c:5731:(snd_config_expand) Evaluate error: No such file or directory
ALSA lib pcm.c:2721:(snd_pcm_open_noupdate) Unknown PCM default
  <log4j:Event logger="net.minecraft.client.sounds.SoundEngine" timestamp="1791649519540" level="ERROR" thread="Render thread">
    <log4j:Message><![CDATA[Error starting SoundSystem. Turning off sounds & music]]></log4j:Message>
    <log4j:Throwable><![CDATA[java.lang.IllegalStateException: Failed to open OpenAL device
	at knot//com.mojang.blaze3d.audio.Library.openDeviceOrFallback(Library.java:274)
	at knot//com.mojang.blaze3d.audio.Library.init(Library.java:149)
	at knot//net.minecraft.client.sounds.SoundEngine.loadLibrary(SoundEngine.java:121)
	at knot//net.minecraft.client.sounds.SoundEngine.reload(SoundEngine.java:110)
	at knot//net.minecraft.client.sounds.SoundManager.apply(SoundManager.java:122)
	at knot//net.minecraft.client.sounds.SoundManager.apply(SoundManager.java:41)
	at knot//net.minecraft.server.packs.resources.SimplePreparableReloadListener.lambda$reload$1(SimplePreparableReloadListener.java:15)
	at java.base/java.util.concurrent.CompletableFuture$UniAccept.tryFire(Unknown Source)
	at java.base/java.util.concurrent.CompletableFuture$Completion.run(Unknown Source)
	at knot//net.minecraft.server.packs.resources.SimpleReloadInstance.lambda$prepareTasks$3(SimpleReloadInstance.java:59)
	at knot//net.minecraft.util.thread.BlockableEventLoop.doRunTask(BlockableEventLoop.java:173)
	at knot//net.minecraft.util.thread.ReentrantBlockableEventLoop.doRunTask(ReentrantBlockableEventLoop.java:23)
	at knot//net.minecraft.util.thread.BlockableEventLoop.pollTask(BlockableEventLoop.java:147)
	at knot//net.minecraft.util.thread.BlockableEventLoop.runAllTasks(BlockableEventLoop.java:127)
	at knot//net.minecraft.client.Minecraft.runTick(Minecraft.java:1240)
	at knot//net.minecraft.client.Minecraft.run(Minecraft.java:967)
	at knot//net.minecraft.client.main.Main.main(Main.java:292)
	at net.fabricmc.loader.impl.game.minecraft.MinecraftGameProvider.launch(MinecraftGameProvider.java:517)
	at net.fabricmc.loader.impl.launch.knot.Knot.launch(Knot.java:72)
	at net.fabricmc.loader.impl.launch.knot.KnotClient.main(KnotClient.java:23)
]]></log4j:Throwable>
  </log4j:Event>
  <log4j:Event logger="net.minecraft.client.renderer.texture.TextureAtlas" timestamp="1791649519541" level="INFO" thread="Render thread">
    <log4j:Message><![CDATA[Created: 512x256x0 minecraft:textures/atlas/particles.png-atlas]]></log4j:Message>
  </log4j:Event>
  <log4j:Event logger="net.minecraft.client.renderer.texture.TextureAtlas" timestamp="1791649519574" level="INFO" thread="Render thread">
    <log4j:Message><![CDATA[Created: 256x128x0 minecraft:textures/atlas/celestials.png-atlas]]></log4j:Message>
  </log4j:Event>
  <log4j:Event logger="net.minecraft.client.renderer.texture.TextureAtlas" timestamp="1791649519575" level="INFO" thread="Render thread">
    <log4j:Message><![CDATA[Created: 128x128x0 minecraft:textures/atlas/decorated_pot.png-atlas]]></log4j:Message>
  </log4j:Event>
  <log4j:Event logger="net.minecraft.client.renderer.texture.TextureAtlas" timestamp="1791649519577" level="INFO" thread="Render thread">
    <log4j:Message><![CDATA[Created: 512x256x0 minecraft:textures/atlas/paintings.png-atlas]]></log4j:Message>
  </log4j:Event>
  <log4j:Event logger="net.minecraft.client.renderer.texture.TextureAtlas" timestamp="1791649519582" level="INFO" thread="Render thread">
    <log4j:Message><![CDATA[Created: 1024x512x0 minecraft:textures/atlas/shield_patterns.png-atlas]]></log4j:Message>
  </log4j:Event>
  <log4j:Event logger="net.minecraft.client.renderer.texture.TextureAtlas" timestamp="1791649519586" level="INFO" thread="Render thread">
    <log4j:Message><![CDATA[Created: 1024x512x0 minecraft:textures/atlas/banner_patterns.png-atlas]]></log4j:Message>
  </log4j:Event>
  <log4j:Event logger="net.minecraft.client.renderer.texture.TextureAtlas" timestamp="1791649519589" level="INFO" thread="Render thread">
    <log4j:Message><![CDATA[Created: 2048x2048x4 minecraft:textures/atlas/blocks.png-atlas]]></log4j:Message>
  </log4j:Event>
  <log4j:Event logger="net.minecraft.client.renderer.texture.TextureAtlas" timestamp="1791649519693" level="INFO" thread="Render thread">
    <log4j:Message><![CDATA[Created: 1024x512x0 minecraft:textures/atlas/items.png-atlas]]></log4j:Message>
  </log4j:Event>
  <log4j:Event logger="net.minecraft.client.renderer.texture.TextureAtlas" timestamp="1791649519705" level="INFO" thread="Render thread">
    <log4j:Message><![CDATA[Created: 1024x1024x0 minecraft:textures/atlas/gui.png-atlas]]></log4j:Message>
  </log4j:Event>
  <log4j:Event logger="net.minecraft.client.renderer.texture.TextureAtlas" timestamp="1791649519713" level="INFO" thread="Render thread">
    <log4j:Message><![CDATA[Created: 128x64x0 minecraft:textures/atlas/map_decorations.png-atlas]]></log4j:Message>
  </log4j:Event>
  <log4j:Event logger="net.minecraft.client.renderer.texture.TextureAtlas" timestamp="1791649519714" level="INFO" thread="Render thread">
    <log4j:Message><![CDATA[Created: 512x512x0 minecraft:textures/atlas/chest.png-atlas]]></log4j:Message>
  </log4j:Event>
  <log4j:Event logger="net.minecraft.client.renderer.texture.TextureAtlas" timestamp="1791649519715" level="INFO" thread="Render thread">
    <log4j:Message><![CDATA[Created: 512x512x0 minecraft:textures/atlas/shulker_boxes.png-atlas]]></log4j:Message>
  </log4j:Event>
  <log4j:Event logger="net.minecraft.server.MinecraftServer" timestamp="1791649520420" level="INFO" thread="Render thread">
    <log4j:Message><![CDATA[Found new data pack fabric-convention-tags-v2, loading it automatically]]></log4j:Message>
  </log4j:Event>
  <log4j:Event logger="net.minecraft.advancements.AdvancementTree" timestamp="1791649522035" level="INFO" thread="Worker-Main-3">
    <log4j:Message><![CDATA[Loaded 1866 advancements]]></log4j:Message>
  </log4j:Event>
  <log4j:Event logger="net.fabricmc.fabric.impl.biome.modification.BiomeModificationImpl" timestamp="1791649522333" level="INFO" thread="Render thread">
    <log4j:Message><![CDATA[Applied 0 biome modifications to 0 of 67 new biomes in 1.218 ms]]></log4j:Message>
  </log4j:Event>
  <log4j:Event logger="net.minecraft.client.server.IntegratedServer" timestamp="1791649522349" level="INFO" thread="Server thread">
    <log4j:Message><![CDATA[Starting integrated minecraft server version 26.3]]></log4j:Message>
  </log4j:Event>
  <log4j:Event logger="net.minecraft.server.MinecraftServer" timestamp="1791649522350" level="INFO" thread="Server thread">
    <log4j:Message><![CDATA[Generating keypair]]></log4j:Message>
  </log4j:Event>
  <log4j:Event logger="net.minecraft.server.level.progress.LoggingLevelLoadListener" timestamp="1791649522837" level="INFO" thread="Server thread">
    <log4j:Message><![CDATA[Loading 0 persistent chunks...]]></log4j:Message>
  </log4j:Event>
  <log4j:Event logger="net.minecraft.server.level.progress.LoggingLevelLoadListener" timestamp="1791649522844" level="INFO" thread="Server thread">
    <log4j:Message><![CDATA[Preparing spawn area: 16%]]></log4j:Message>
  </log4j:Event>
  <log4j:Event logger="net.minecraft.server.MinecraftServer" timestamp="1791649522855" level="INFO" thread="Server thread">
    <log4j:Message><![CDATA[Saving chunks for level 'ServerLevel[world]'/minecraft:overworld]]></log4j:Message>
  </log4j:Event>
  <log4j:Event logger="net.minecraft.server.MinecraftServer" timestamp="1791649522892" level="INFO" thread="Server thread">
    <log4j:Message><![CDATA[Saving chunks for level 'ServerLevel[world]'/minecraft:the_nether]]></log4j:Message>
  </log4j:Event>
  <log4j:Event logger="net.minecraft.server.MinecraftServer" timestamp="1791649522905" level="INFO" thread="Server thread">
    <log4j:Message><![CDATA[Saving chunks for level 'ServerLevel[world]'/minecraft:the_end]]></log4j:Message>
  </log4j:Event>
  <log4j:Event logger="net.minecraft.server.level.progress.LoggingLevelLoadListener" timestamp="1791649526219" level="INFO" thread="Server thread">
    <log4j:Message><![CDATA[Loading 48 chunks for player spawn...]]></log4j:Message>
  </log4j:Event>
  <log4j:Event logger="net.minecraft.server.level.progress.LoggingLevelLoadListener" timestamp="1791649526230" level="INFO" thread="Server thread">
    <log4j:Message><![CDATA[Preparing spawn area: 16%]]></log4j:Message>
  </log4j:Event>
  <log4j:Event logger="net.minecraft.server.level.progress.LoggingLevelLoadListener" timestamp="1791649526268" level="INFO" thread="Server thread">
    <log4j:Message><![CDATA[Preparing spawn area: 18%]]></log4j:Message>
  </log4j:Event>
  <log4j:Event logger="net.minecraft.server.level.progress.LoggingLevelLoadListener" timestamp="1791649526281" level="INFO" thread="Server thread">
    <log4j:Message><![CDATA[Preparing spawn area: 18%]]></log4j:Message>
  </log4j:Event>
  <log4j:Event logger="net.minecraft.server.level.progress.LoggingLevelLoadListener" timestamp="1791649526323" level="INFO" thread="Server thread">
    <log4j:Message><![CDATA[Preparing spawn area: 18%]]></log4j:Message>
  </log4j:Event>
  <log4j:Event logger="net.minecraft.server.level.progress.LoggingLevelLoadListener" timestamp="1791649526373" level="INFO" thread="Server thread">
    <log4j:Message><![CDATA[Preparing spawn area: 18%]]></log4j:Message>
  </log4j:Event>
  <log4j:Event logger="net.minecraft.server.level.progress.LoggingLevelLoadListener" timestamp="1791649526428" level="INFO" thread="Server thread">
    <log4j:Message><![CDATA[Preparing spawn area: 18%]]></log4j:Message>
  </log4j:Event>
  <log4j:Event logger="net.minecraft.server.level.progress.LoggingLevelLoadListener" timestamp="1791649526473" level="INFO" thread="Server thread">
    <log4j:Message><![CDATA[Preparing spawn area: 18%]]></log4j:Message>
  </log4j:Event>
  <log4j:Event logger="net.minecraft.server.level.progress.LoggingLevelLoadListener" timestamp="1791649526873" level="INFO" thread="Server thread">
    <log4j:Message><![CDATA[Preparing spawn area: 18%]]></log4j:Message>
  </log4j:Event>
  <log4j:Event logger="net.minecraft.server.level.progress.LoggingLevelLoadListener" timestamp="1791649527373" level="INFO" thread="Server thread">
    <log4j:Message><![CDATA[Preparing spawn area: 18%]]></log4j:Message>
  </log4j:Event>
  <log4j:Event logger="net.minecraft.server.level.progress.LoggingLevelLoadListener" timestamp="1791649527873" level="INFO" thread="Server thread">
    <log4j:Message><![CDATA[Preparing spawn area: 30%]]></log4j:Message>
  </log4j:Event>
  <log4j:Event logger="net.minecraft.server.level.progress.LoggingLevelLoadListener" timestamp="1791649528373" level="INFO" thread="Server thread">
    <log4j:Message><![CDATA[Preparing spawn area: 30%]]></log4j:Message>
  </log4j:Event>
  <log4j:Event logger="net.minecraft.server.level.progress.LoggingLevelLoadListener" timestamp="1791649528875" level="INFO" thread="Server thread">
    <log4j:Message><![CDATA[Preparing spawn area: 30%]]></log4j:Message>
  </log4j:Event>
  <log4j:Event logger="net.minecraft.server.level.progress.LoggingLevelLoadListener" timestamp="1791649529354" level="INFO" thread="Server thread">
    <log4j:Message><![CDATA[Preparing spawn area: 30%]]></log4j:Message>
  </log4j:Event>
  <log4j:Event logger="net.minecraft.server.level.progress.LoggingLevelLoadListener" timestamp="1791649529875" level="INFO" thread="Server thread">
    <log4j:Message><![CDATA[Preparing spawn area: 58%]]></log4j:Message>
  </log4j:Event>
  <log4j:Event logger="net.minecraft.server.level.progress.LoggingLevelLoadListener" timestamp="1791649530373" level="INFO" thread="Server thread">
    <log4j:Message><![CDATA[Preparing spawn area: 58%]]></log4j:Message>
  </log4j:Event>
  <log4j:Event logger="net.minecraft.server.level.progress.LoggingLevelLoadListener" timestamp="1791649530674" level="INFO" thread="Server thread">
    <log4j:Message><![CDATA[Time elapsed: 7836 ms]]></log4j:Message>
  </log4j:Event>
  <log4j:Event logger="net.minecraft.server.players.PlayerList" timestamp="1791649530864" level="INFO" thread="Server thread">
    <log4j:Message><![CDATA[Tester[local:E:5106c98a] logged in with entity id 21 at (26.5, 69.0, -57.5)]]></log4j:Message>
  </log4j:Event>
  <log4j:Event logger="net.minecraft.server.MinecraftServer" timestamp="1791649530931" level="INFO" thread="Server thread">
    <log4j:Message><![CDATA[System chat: Tester joined the game]]></log4j:Message>
  </log4j:Event>
  <log4j:Event logger="net.minecraft.client.server.IntegratedServer" timestamp="1791649531086" level="INFO" thread="Server thread">
    <log4j:Message><![CDATA[Changing view distance to 4, from 10]]></log4j:Message>
  </log4j:Event>
  <log4j:Event logger="net.minecraft.advancements.AdvancementTree" timestamp="1791649531087" level="INFO" thread="Render thread">
    <log4j:Message><![CDATA[Loaded 2 advancements]]></log4j:Message>
  </log4j:Event>
  <log4j:Event logger="net.minecraft.client.server.IntegratedServer" timestamp="1791649531098" level="INFO" thread="Server thread">
    <log4j:Message><![CDATA[Changing simulation distance to 5, from 0]]></log4j:Message>
  </log4j:Event>
  <log4j:Event logger="net.minecraft.client.renderer.ShaderManager" timestamp="1791649531193" level="WARN" thread="Render thread">
    <log4j:Message><![CDATA[Requested post effect does not exist: minecraft:end_of_frame]]></log4j:Message>
  </log4j:Event>
  <log4j:Event logger="net.minecraft.client.renderer.DynamicGpuDataStorageMapped" timestamp="1791649531265" level="INFO" thread="Render thread">
    <log4j:Message><![CDATA[Resizing Dynamic Transforms UBO, capacity limit of 2 reached during a single frame. New capacity will be 4.]]></log4j:Message>
  </log4j:Event>
  <log4j:Event logger="net.minecraft.client.renderer.DynamicGpuDataStorageMapped" timestamp="1791649532043" level="INFO" thread="Render thread">
    <log4j:Message><![CDATA[Resizing Dynamic Transforms UBO, capacity limit of 4 reached during a single frame. New capacity will be 8.]]></log4j:Message>
  </log4j:Event>
  <log4j:Event logger="net.minecraft.client.renderer.DynamicGpuDataStorageMapped" timestamp="1791649532746" level="INFO" thread="Render thread">
    <log4j:Message><![CDATA[Resizing Dynamic Transforms UBO, capacity limit of 8 reached during a single frame. New capacity will be 16.]]></log4j:Message>
  </log4j:Event>
  <log4j:Event logger="net.minecraft.client.renderer.DynamicGpuDataStorageMapped" timestamp="1791649533890" level="INFO" thread="Render thread">
    <log4j:Message><![CDATA[Resizing Chunk Sections Command Buffer, capacity limit of 2 reached during a single frame. New capacity will be 16.]]></log4j:Message>
  </log4j:Event>
  <log4j:Event logger="net.minecraft.client.renderer.DynamicGpuDataStorageNonMapped" timestamp="1791649533890" level="INFO" thread="Render thread">
    <log4j:Message><![CDATA[Resizing Chunk Sections Instanced, capacity limit of 2 reached during a single frame. New capacity will be 8.]]></log4j:Message>
  </log4j:Event>
  <log4j:Event logger="net.minecraft.server.LoggedPrintStream" timestamp="1791649534613" level="INFO" thread="Render thread">
    <log4j:Message><![CDATA[[STDOUT]: [Peregrine self-test] PASS joins the world]]></log4j:Message>
  </log4j:Event>
  <log4j:Event logger="net.minecraft.client.server.IntegratedServer" timestamp="1791649534636" level="INFO" thread="Server thread">
    <log4j:Message><![CDATA[Changing view distance to 8, from 4]]></log4j:Message>
  </log4j:Event>
  <log4j:Event logger="net.minecraft.client.renderer.DynamicGpuDataStorageMapped" timestamp="1791649535476" level="INFO" thread="Render thread">
    <log4j:Message><![CDATA[Resizing Chunk Sections Command Buffer, capacity limit of 16 reached during a single frame. New capacity will be 64.]]></log4j:Message>
  </log4j:Event>
  <log4j:Event logger="net.minecraft.client.renderer.DynamicGpuDataStorageNonMapped" timestamp="1791649535480" level="INFO" thread="Render thread">
    <log4j:Message><![CDATA[Resizing Chunk Sections Instanced, capacity limit of 8 reached during a single frame. New capacity will be 32.]]></log4j:Message>
  </log4j:Event>
  <log4j:Event logger="net.minecraft.client.renderer.DynamicGpuDataStorageMapped" timestamp="1791649535943" level="INFO" thread="Render thread">
    <log4j:Message><![CDATA[Resizing Chunk Sections Command Buffer, capacity limit of 64 reached during a single frame. New capacity will be 128.]]></log4j:Message>
  </log4j:Event>
  <log4j:Event logger="net.minecraft.client.renderer.DynamicGpuDataStorageNonMapped" timestamp="1791649535943" level="INFO" thread="Render thread">
    <log4j:Message><![CDATA[Resizing Chunk Sections Instanced, capacity limit of 32 reached during a single frame. New capacity will be 64.]]></log4j:Message>
  </log4j:Event>
  <log4j:Event logger="net.minecraft.client.renderer.DynamicGpuDataStorageMapped" timestamp="1791649536353" level="INFO" thread="Render thread">
    <log4j:Message><![CDATA[Resizing Chunk Sections Command Buffer, capacity limit of 128 reached during a single frame. New capacity will be 256.]]></log4j:Message>
  </log4j:Event>
  <log4j:Event logger="net.minecraft.client.renderer.DynamicGpuDataStorageNonMapped" timestamp="1791649536838" level="INFO" thread="Render thread">
    <log4j:Message><![CDATA[Resizing Chunk Sections Instanced, capacity limit of 64 reached during a single frame. New capacity will be 128.]]></log4j:Message>
  </log4j:Event>
  <log4j:Event logger="net.minecraft.server.LoggedPrintStream" timestamp="1791649574243" level="INFO" thread="Render thread">
    <log4j:Message><![CDATA[[STDOUT]: [Peregrine self-test] INFO benchmark: 16 fps average, 15 lowest, render distance 8, over 20 s]]></log4j:Message>
  </log4j:Event>
  <log4j:Event logger="net.minecraft.server.LoggedPrintStream" timestamp="1791649574302" level="INFO" thread="Render thread">
    <log4j:Message><![CDATA[[STDOUT]: [Peregrine self-test] PASS HUD draws in game]]></log4j:Message>
  </log4j:Event>
  <log4j:Event logger="net.minecraft.server.LoggedPrintStream" timestamp="1791649579262" level="INFO" thread="Render thread">
    <log4j:Message><![CDATA[[STDOUT]: [Peregrine self-test] PASS Stable FPS eases off settings when FPS is low]]></log4j:Message>
  </log4j:Event>
  <log4j:Event logger="net.minecraft.server.LoggedPrintStream" timestamp="1791649582949" level="INFO" thread="Render thread">
    <log4j:Message><![CDATA[[STDOUT]: [Peregrine self-test] PASS mouse clicks are counted (CPS)]]></log4j:Message>
  </log4j:Event>
  <log4j:Event logger="net.minecraft.server.LoggedPrintStream" timestamp="1791649584019" level="INFO" thread="Render thread">
    <log4j:Message><![CDATA[[STDOUT]: [Peregrine self-test] PASS holding C zooms in]]></log4j:Message>
  </log4j:Event>
  <log4j:Event logger="net.minecraft.server.LoggedPrintStream" timestamp="1791649586595" level="INFO" thread="Render thread">
    <log4j:Message><![CDATA[[STDOUT]: [Peregrine self-test] PASS Right Shift opens the menu]]></log4j:Message>
  </log4j:Event>
  <log4j:Event logger="net.minecraft.server.LoggedPrintStream" timestamp="1791649589795" level="INFO" thread="Render thread">
    <log4j:Message><![CDATA[[STDOUT]: [Peregrine self-test] PASS typing and Backspace work in the search box]]></log4j:Message>
  </log4j:Event>
  <log4j:Event logger="net.minecraft.server.LoggedPrintStream" timestamp="1791649592284" level="INFO" thread="Render thread">
    <log4j:Message><![CDATA[[STDOUT]: [Peregrine self-test] PASS clicking a card switches it]]></log4j:Message>
  </log4j:Event>
  <log4j:Event logger="net.minecraft.server.LoggedPrintStream" timestamp="1791649593500" level="INFO" thread="Render thread">
    <log4j:Message><![CDATA[[STDOUT]: [Peregrine self-test] PASS Edit HUD opens the editor]]></log4j:Message>
  </log4j:Event>
  <log4j:Event logger="net.minecraft.server.LoggedPrintStream" timestamp="1791649597269" level="INFO" thread="Render thread">
    <log4j:Message><![CDATA[[STDOUT]: [Peregrine self-test] PASS dragging moves a HUD item]]></log4j:Message>
  </log4j:Event>
  <log4j:Event logger="net.minecraft.server.LoggedPrintStream" timestamp="1791649599401" level="INFO" thread="Render thread">
    <log4j:Message><![CDATA[[STDOUT]: [Peregrine self-test] PASS right-click opens the style panel]]></log4j:Message>
  </log4j:Event>
  <log4j:Event logger="net.minecraft.server.LoggedPrintStream" timestamp="1791649601917" level="INFO" thread="Render thread">
    <log4j:Message><![CDATA[[STDOUT]: [Peregrine self-test] PASS picking a colour recolours the text]]></log4j:Message>
  </log4j:Event>
  <log4j:Event logger="net.minecraft.server.LoggedPrintStream" timestamp="1791649604003" level="INFO" thread="Render thread">
    <log4j:Message><![CDATA[[STDOUT]: [Peregrine self-test] PASS dragging the corner makes it bigger]]></log4j:Message>
  </log4j:Event>
  <log4j:Event logger="net.minecraft.server.LoggedPrintStream" timestamp="1791649606017" level="INFO" thread="Render thread">
    <log4j:Message><![CDATA[[STDOUT]: [Peregrine self-test] PASS Esc saves and closes the editor]]></log4j:Message>
  </log4j:Event>
  <log4j:Event logger="net.minecraft.server.LoggedPrintStream" timestamp="1791649606934" level="INFO" thread="Render thread">
    <log4j:Message><![CDATA[[STDOUT]: [Peregrine self-test] PASS the gear opens a settings page]]></log4j:Message>
  </log4j:Event>
  <log4j:Event logger="net.minecraft.server.LoggedPrintStream" timestamp="1791649609751" level="INFO" thread="Render thread">
    <log4j:Message><![CDATA[[STDOUT]: [Peregrine self-test] PASS clicking an option changes it]]></log4j:Message>
  </log4j:Event>
  <log4j:Event logger="net.minecraft.server.LoggedPrintStream" timestamp="1791649611140" level="INFO" thread="Render thread">
    <log4j:Message><![CDATA[[STDOUT]: [Peregrine self-test] PASS the keybind button waits for a key]]></log4j:Message>
  </log4j:Event>
  <log4j:Event logger="net.minecraft.server.LoggedPrintStream" timestamp="1791649613406" level="INFO" thread="Render thread">
    <log4j:Message><![CDATA[[STDOUT]: [Peregrine self-test] PASS pressing K binds it]]></log4j:Message>
  </log4j:Event>
  <log4j:Event logger="net.minecraft.server.LoggedPrintStream" timestamp="1791649614359" level="INFO" thread="Render thread">
    <log4j:Message><![CDATA[[STDOUT]: [Peregrine self-test] PASS Customize opens the editor with the style panel]]></log4j:Message>
  </log4j:Event>
  <log4j:Event logger="net.minecraft.server.LoggedPrintStream" timestamp="1791649617035" level="INFO" thread="Render thread">
    <log4j:Message><![CDATA[[STDOUT]: [Peregrine self-test] PASS Esc goes back to the settings page]]></log4j:Message>
  </log4j:Event>
  <log4j:Event logger="net.minecraft.server.LoggedPrintStream" timestamp="1791649617609" level="INFO" thread="Render thread">
    <log4j:Message><![CDATA[[STDOUT]: [Peregrine self-test] PASS Esc goes back to the list]]></log4j:Message>
  </log4j:Event>
  <log4j:Event logger="net.minecraft.server.LoggedPrintStream" timestamp="1791649618493" level="INFO" thread="Render thread">
    <log4j:Message><![CDATA[[STDOUT]: [Peregrine self-test] PASS the Settings tab opens]]></log4j:Message>
  </log4j:Event>
  <log4j:Event logger="net.minecraft.server.LoggedPrintStream" timestamp="1791649621407" level="INFO" thread="Render thread">
    <log4j:Message><![CDATA[[STDOUT]: [Peregrine self-test] PASS the Keybinds tab opens]]></log4j:Message>
  </log4j:Event>
  <log4j:Event logger="net.minecraft.server.LoggedPrintStream" timestamp="1791649624298" level="INFO" thread="Render thread">
    <log4j:Message><![CDATA[[STDOUT]: [Peregrine self-test] PASS back to the Mods tab]]></log4j:Message>
  </log4j:Event>
  <log4j:Event logger="net.minecraft.server.LoggedPrintStream" timestamp="1791649626990" level="INFO" thread="Render thread">
    <log4j:Message><![CDATA[[STDOUT]: [Peregrine self-test] PASS Esc closes the menu]]></log4j:Message>
  </log4j:Event>
  <log4j:Event logger="net.minecraft.server.LoggedPrintStream" timestamp="1791649627606" level="INFO" thread="Render thread">
    <log4j:Message><![CDATA[[STDOUT]: [Peregrine self-test] PASS pressing K in game switches the Clock]]></log4j:Message>
  </log4j:Event>
  <log4j:Event logger="net.minecraft.server.packs.resources.ReloadableResourceManager" timestamp="1791649629014" level="INFO" thread="Render thread">
    <log4j:Message><![CDATA[Reloading ResourceManager: vanilla, vanilla, fabric-advancement-api-v1, fabric-api, fabric-api-base, fabric-api-lookup-api-v1, fabric-biome-api-v1, fabric-block-api-v1, fabric-block-getter-api-v2, fabric-command-api-v2, fabric-content-registries-v0, fabric-convention-tags-v2, fabric-crash-report-info-v1, fabric-creative-tab-api-v1, fabric-data-attachment-api-v1, fabric-data-generation-api-v1, fabric-debug-api-v1, fabric-dimensions-v1, fabric-entity-events-v1, fabric-events-interaction-v0, fabric-game-rule-api-v1, fabric-item-api-v1, fabric-key-mapping-api-v1, fabric-lifecycle-events-v1, fabric-loot-api-v3, fabric-menu-api-v1, fabric-message-api-v1, fabric-model-loading-api-v1, fabric-networking-api-v1, fabric-object-builder-api-v1, fabric-particles-v1, fabric-permission-api-v1, fabric-recipe-api-v1, fabric-registry-sync-v0, fabric-renderer-api-v1, fabric-renderer-indigo, fabric-rendering-fluids-v1, fabric-rendering-v1, fabric-resource-conditions-api-v1, fabric-resource-loader-v0, fabric-resource-loader-v1, fabric-screen-api-v1, fabric-serialization-api-v1, fabric-sound-api-v1, fabric-tag-api-v1, fabric-transfer-api-v1, fabric-transitive-access-wideners-v1, fabricloader, peregrine-client, file/PeregrineTest]]></log4j:Message>
  </log4j:Event>
  <log4j:Event logger="net.minecraft.server.LoggedPrintStream" timestamp="1791649629121" level="INFO" thread="Render thread">
    <log4j:Message><![CDATA[[STDOUT]: [Peregrine self-test] PASS clear_weather hook runs]]></log4j:Message>
  </log4j:Event>
  <log4j:Event logger="net.minecraft.client.server.IntegratedServer" timestamp="1791649629122" level="INFO" thread="Server thread">
    <log4j:Message><![CDATA[Saving and pausing game...]]></log4j:Message>
  </log4j:Event>
  <log4j:Event logger="net.minecraft.server.MinecraftServer" timestamp="1791649629142" level="INFO" thread="Server thread">
    <log4j:Message><![CDATA[Saving chunks for level 'ServerLevel[world]'/minecraft:overworld]]></log4j:Message>
  </log4j:Event>
  <log4j:Event logger="net.minecraft.server.MinecraftServer" timestamp="1791649629180" level="INFO" thread="Server thread">
    <log4j:Message><![CDATA[Saving chunks for level 'ServerLevel[world]'/minecraft:the_nether]]></log4j:Message>
  </log4j:Event>
  <log4j:Event logger="net.minecraft.server.MinecraftServer" timestamp="1791649629181" level="INFO" thread="Server thread">
    <log4j:Message><![CDATA[Saving chunks for level 'ServerLevel[world]'/minecraft:the_end]]></log4j:Message>
  </log4j:Event>
  <log4j:Event logger="net.minecraft.server.LoggedPrintStream" timestamp="1791649629206" level="INFO" thread="Render thread">
    <log4j:Message><![CDATA[[STDOUT]: [Peregrine self-test] PASS clean_edges hook runs]]></log4j:Message>
  </log4j:Event>
  <log4j:Event logger="net.minecraft.client.gui.font.providers.UnihexProvider" timestamp="1791649629243" level="INFO" thread="Worker-Main-3">
    <log4j:Message><![CDATA[Found unifont_all_no_pua-17.0.01.hex, loading]]></log4j:Message>
  </log4j:Event>
  <log4j:Event logger="net.minecraft.client.gui.font.providers.UnihexProvider" timestamp="1791649629311" level="INFO" thread="Worker-Main-2">
    <log4j:Message><![CDATA[Found unifont_pua-17.0.01.hex, loading]]></log4j:Message>
  </log4j:Event>
  <log4j:Event logger="net.minecraft.client.gui.font.providers.UnihexProvider" timestamp="1791649629417" level="INFO" thread="Worker-Main-3">
    <log4j:Message><![CDATA[Found unifont_jp_patch-17.0.01.hex, loading]]></log4j:Message>
  </log4j:Event>
ALSA lib confmisc.c:855:(parse_card) cannot find card '0'
ALSA lib conf.c:5208:(_snd_config_evaluate) function snd_func_card_inum returned error: No such file or directory
ALSA lib confmisc.c:422:(snd_func_concat) error evaluating strings
ALSA lib conf.c:5208:(_snd_config_evaluate) function snd_func_concat returned error: No such file or directory
ALSA lib confmisc.c:1342:(snd_func_refer) error evaluating name
ALSA lib conf.c:5208:(_snd_config_evaluate) function snd_func_refer returned error: No such file or directory
ALSA lib conf.c:5731:(snd_config_expand) Evaluate error: No such file or directory
ALSA lib pcm.c:2721:(snd_pcm_open_noupdate) Unknown PCM default
ALSA lib confmisc.c:855:(parse_card) cannot find card '0'
ALSA lib conf.c:5208:(_snd_config_evaluate) function snd_func_card_inum returned error: No such file or directory
ALSA lib confmisc.c:422:(snd_func_concat) error evaluating strings
ALSA lib conf.c:5208:(_snd_config_evaluate) function snd_func_concat returned error: No such file or directory
ALSA lib confmisc.c:1342:(snd_func_refer) error evaluating name
ALSA lib conf.c:5208:(_snd_config_evaluate) function snd_func_refer returned error: No such file or directory
ALSA lib conf.c:5731:(snd_config_expand) Evaluate error: No such file or directory
ALSA lib pcm.c:2721:(snd_pcm_open_noupdate) Unknown PCM default
  <log4j:Event logger="net.minecraft.client.sounds.SoundEngine" timestamp="1791649631730" level="ERROR" thread="Render thread">
    <log4j:Message><![CDATA[Error starting SoundSystem. Turning off sounds & music]]></log4j:Message>
    <log4j:Throwable><![CDATA[java.lang.IllegalStateException: Failed to open OpenAL device
	at knot//com.mojang.blaze3d.audio.Library.openDeviceOrFallback(Library.java:274)
	at knot//com.mojang.blaze3d.audio.Library.init(Library.java:149)
	at knot//net.minecraft.client.sounds.SoundEngine.loadLibrary(SoundEngine.java:121)
	at knot//net.minecraft.client.sounds.SoundEngine.reload(SoundEngine.java:110)
	at knot//net.minecraft.client.sounds.SoundManager.apply(SoundManager.java:122)
	at knot//net.minecraft.client.sounds.SoundManager.apply(SoundManager.java:41)
	at knot//net.minecraft.server.packs.resources.SimplePreparableReloadListener.lambda$reload$1(SimplePreparableReloadListener.java:15)
	at java.base/java.util.concurrent.CompletableFuture$UniAccept.tryFire(Unknown Source)
	at java.base/java.util.concurrent.CompletableFuture$Completion.run(Unknown Source)
	at knot//net.minecraft.server.packs.resources.SimpleReloadInstance.lambda$prepareTasks$3(SimpleReloadInstance.java:59)
	at knot//net.minecraft.util.thread.BlockableEventLoop.doRunTask(BlockableEventLoop.java:173)
	at knot//net.minecraft.util.thread.ReentrantBlockableEventLoop.doRunTask(ReentrantBlockableEventLoop.java:23)
	at knot//net.minecraft.util.thread.BlockableEventLoop.pollTask(BlockableEventLoop.java:147)
	at knot//net.minecraft.util.thread.BlockableEventLoop.runAllTasks(BlockableEventLoop.java:127)
	at knot//net.minecraft.client.Minecraft.runTick(Minecraft.java:1240)
	at knot//net.minecraft.client.Minecraft.run(Minecraft.java:967)
	at knot//net.minecraft.client.main.Main.main(Main.java:292)
	at net.fabricmc.loader.impl.game.minecraft.MinecraftGameProvider.launch(MinecraftGameProvider.java:517)
	at net.fabricmc.loader.impl.launch.knot.Knot.launch(Knot.java:72)
	at net.fabricmc.loader.impl.launch.knot.KnotClient.main(KnotClient.java:23)
]]></log4j:Throwable>
  </log4j:Event>
  <log4j:Event logger="net.minecraft.client.renderer.texture.TextureAtlas" timestamp="1791649631731" level="INFO" thread="Render thread">
    <log4j:Message><![CDATA[Created: 512x256x0 minecraft:textures/atlas/particles.png-atlas]]></log4j:Message>
  </log4j:Event>
  <log4j:Event logger="net.minecraft.client.renderer.texture.TextureAtlas" timestamp="1791649631735" level="INFO" thread="Render thread">
    <log4j:Message><![CDATA[Created: 256x128x0 minecraft:textures/atlas/celestials.png-atlas]]></log4j:Message>
  </log4j:Event>
  <log4j:Event logger="net.minecraft.client.renderer.texture.TextureAtlas" timestamp="1791649631735" level="INFO" thread="Render thread">
    <log4j:Message><![CDATA[Created: 128x128x0 minecraft:textures/atlas/decorated_pot.png-atlas]]></log4j:Message>
  </log4j:Event>
  <log4j:Event logger="net.minecraft.client.renderer.texture.TextureAtlas" timestamp="1791649631735" level="INFO" thread="Render thread">
    <log4j:Message><![CDATA[Created: 512x256x0 minecraft:textures/atlas/paintings.png-atlas]]></log4j:Message>
  </log4j:Event>
  <log4j:Event logger="net.minecraft.client.renderer.texture.TextureAtlas" timestamp="1791649631736" level="INFO" thread="Render thread">
    <log4j:Message><![CDATA[Created: 1024x512x0 minecraft:textures/atlas/shield_patterns.png-atlas]]></log4j:Message>
  </log4j:Event>
  <log4j:Event logger="net.minecraft.client.renderer.texture.TextureAtlas" timestamp="1791649631737" level="INFO" thread="Render thread">
    <log4j:Message><![CDATA[Created: 1024x512x0 minecraft:textures/atlas/banner_patterns.png-atlas]]></log4j:Message>
  </log4j:Event>
  <log4j:Event logger="net.minecraft.client.renderer.texture.TextureAtlas" timestamp="1791649631738" level="INFO" thread="Render thread">
    <log4j:Message><![CDATA[Created: 2048x2048x4 minecraft:textures/atlas/blocks.png-atlas]]></log4j:Message>
  </log4j:Event>
  <log4j:Event logger="net.minecraft.client.renderer.texture.TextureAtlas" timestamp="1791649631781" level="INFO" thread="Render thread">
    <log4j:Message><![CDATA[Created: 1024x512x0 minecraft:textures/atlas/items.png-atlas]]></log4j:Message>
  </log4j:Event>
  <log4j:Event logger="net.minecraft.client.renderer.texture.TextureAtlas" timestamp="1791649631792" level="INFO" thread="Render thread">
    <log4j:Message><![CDATA[Created: 1024x1024x0 minecraft:textures/atlas/gui.png-atlas]]></log4j:Message>
  </log4j:Event>
  <log4j:Event logger="net.minecraft.client.renderer.texture.TextureAtlas" timestamp="1791649631801" level="INFO" thread="Render thread">
    <log4j:Message><![CDATA[Created: 128x64x0 minecraft:textures/atlas/map_decorations.png-atlas]]></log4j:Message>
  </log4j:Event>
  <log4j:Event logger="net.minecraft.client.renderer.texture.TextureAtlas" timestamp="1791649631802" level="INFO" thread="Render thread">
    <log4j:Message><![CDATA[Created: 512x512x0 minecraft:textures/atlas/chest.png-atlas]]></log4j:Message>
  </log4j:Event>
  <log4j:Event logger="net.minecraft.client.renderer.texture.TextureAtlas" timestamp="1791649631803" level="INFO" thread="Render thread">
    <log4j:Message><![CDATA[Created: 512x512x0 minecraft:textures/atlas/shulker_boxes.png-atlas]]></log4j:Message>
  </log4j:Event>
  <log4j:Event logger="net.minecraft.server.LoggedPrintStream" timestamp="1791649632147" level="INFO" thread="Render thread">
    <log4j:Message><![CDATA[[STDOUT]: [Peregrine self-test] PASS anti base leak: every block uses one rotation]]></log4j:Message>
  </log4j:Event>
  <log4j:Event logger="net.minecraft.server.LoggedPrintStream" timestamp="1791649632148" level="INFO" thread="Render thread">
    <log4j:Message><![CDATA[[STDOUT]: [Peregrine self-test] PASS anti base leak: block model hook runs (diamond bedrock)]]></log4j:Message>
  </log4j:Event>
  <log4j:Event logger="net.minecraft.client.renderer.ShaderManager" timestamp="1791649632266" level="WARN" thread="Render thread">
    <log4j:Message><![CDATA[Requested post effect does not exist: minecraft:end_of_frame]]></log4j:Message>
  </log4j:Event>
  <log4j:Event logger="net.minecraft.server.LoggedPrintStream" timestamp="1791649632315" level="INFO" thread="Render thread">
    <log4j:Message><![CDATA[[STDOUT]: [Peregrine self-test] PASS bedrock is drawn as diamond blocks]]></log4j:Message>
  </log4j:Event>
  <log4j:Event logger="net.minecraft.server.LoggedPrintStream" timestamp="1791649632421" level="INFO" thread="Render thread">
    <log4j:Message><![CDATA[[STDOUT]: [Peregrine self-test] PASS item physics lays the dropped item down]]></log4j:Message>
  </log4j:Event>
  <log4j:Event logger="net.minecraft.client.renderer.DynamicGpuDataStorageMapped" timestamp="1791649633313" level="INFO" thread="Render thread">
    <log4j:Message><![CDATA[Resizing Chunk Sections Command Buffer, capacity limit of 256 reached during a single frame. New capacity will be 512.]]></log4j:Message>
  </log4j:Event>
  <log4j:Event logger="net.minecraft.server.packs.resources.ReloadableResourceManager" timestamp="1791649634233" level="INFO" thread="Render thread">
    <log4j:Message><![CDATA[Reloading ResourceManager: vanilla, vanilla, fabric-advancement-api-v1, fabric-api, fabric-api-base, fabric-api-lookup-api-v1, fabric-biome-api-v1, fabric-block-api-v1, fabric-block-getter-api-v2, fabric-command-api-v2, fabric-content-registries-v0, fabric-convention-tags-v2, fabric-crash-report-info-v1, fabric-creative-tab-api-v1, fabric-data-attachment-api-v1, fabric-data-generation-api-v1, fabric-debug-api-v1, fabric-dimensions-v1, fabric-entity-events-v1, fabric-events-interaction-v0, fabric-game-rule-api-v1, fabric-item-api-v1, fabric-key-mapping-api-v1, fabric-lifecycle-events-v1, fabric-loot-api-v3, fabric-menu-api-v1, fabric-message-api-v1, fabric-model-loading-api-v1, fabric-networking-api-v1, fabric-object-builder-api-v1, fabric-particles-v1, fabric-permission-api-v1, fabric-recipe-api-v1, fabric-registry-sync-v0, fabric-renderer-api-v1, fabric-renderer-indigo, fabric-rendering-fluids-v1, fabric-rendering-v1, fabric-resource-conditions-api-v1, fabric-resource-loader-v0, fabric-resource-loader-v1, fabric-screen-api-v1, fabric-serialization-api-v1, fabric-sound-api-v1, fabric-tag-api-v1, fabric-transfer-api-v1, fabric-transitive-access-wideners-v1, fabricloader, peregrine-client, file/PeregrineTest]]></log4j:Message>
  </log4j:Event>
  <log4j:Event logger="net.minecraft.client.server.IntegratedServer" timestamp="1791649634422" level="INFO" thread="Server thread">
    <log4j:Message><![CDATA[Saving and pausing game...]]></log4j:Message>
  </log4j:Event>
  <log4j:Event logger="net.minecraft.server.MinecraftServer" timestamp="1791649634429" level="INFO" thread="Server thread">
    <log4j:Message><![CDATA[Saving chunks for level 'ServerLevel[world]'/minecraft:overworld]]></log4j:Message>
  </log4j:Event>
  <log4j:Event logger="net.minecraft.client.gui.font.providers.UnihexProvider" timestamp="1791649634430" level="INFO" thread="Worker-Main-2">
    <log4j:Message><![CDATA[Found unifont_all_no_pua-17.0.01.hex, loading]]></log4j:Message>
  </log4j:Event>
  <log4j:Event logger="net.minecraft.server.MinecraftServer" timestamp="1791649634460" level="INFO" thread="Server thread">
    <log4j:Message><![CDATA[Saving chunks for level 'ServerLevel[world]'/minecraft:the_nether]]></log4j:Message>
  </log4j:Event>
  <log4j:Event logger="net.minecraft.server.MinecraftServer" timestamp="1791649634460" level="INFO" thread="Server thread">
    <log4j:Message><![CDATA[Saving chunks for level 'ServerLevel[world]'/minecraft:the_end]]></log4j:Message>
  </log4j:Event>
  <log4j:Event logger="net.minecraft.client.gui.font.providers.UnihexProvider" timestamp="1791649634476" level="INFO" thread="Worker-Main-3">
    <log4j:Message><![CDATA[Found unifont_pua-17.0.01.hex, loading]]></log4j:Message>
  </log4j:Event>
  <log4j:Event logger="net.minecraft.client.gui.font.providers.UnihexProvider" timestamp="1791649634544" level="INFO" thread="Worker-Main-2">
    <log4j:Message><![CDATA[Found unifont_jp_patch-17.0.01.hex, loading]]></log4j:Message>
  </log4j:Event>
  <log4j:Event logger="net.minecraft.server.LoggedPrintStream" timestamp="1791649635839" level="INFO" thread="Render thread">
    <log4j:Message><![CDATA[[STDOUT]: [Peregrine self-test] PASS custom crosshair draws]]></log4j:Message>
  </log4j:Event>
  <log4j:Event logger="net.minecraft.server.LoggedPrintStream" timestamp="1791649637987" level="INFO" thread="Render thread">
    <log4j:Message><![CDATA[[STDOUT]: [Peregrine self-test] PASS holding Alt starts freelook in third person]]></log4j:Message>
  </log4j:Event>
ALSA lib confmisc.c:855:(parse_card) cannot find card '0'
ALSA lib conf.c:5208:(_snd_config_evaluate) function snd_func_card_inum returned error: No such file or directory
ALSA lib confmisc.c:422:(snd_func_concat) error evaluating strings
ALSA lib conf.c:5208:(_snd_config_evaluate) function snd_func_concat returned error: No such file or directory
ALSA lib confmisc.c:1342:(snd_func_refer) error evaluating name
ALSA lib conf.c:5208:(_snd_config_evaluate) function snd_func_refer returned error: No such file or directory
ALSA lib conf.c:5731:(snd_config_expand) Evaluate error: No such file or directory
ALSA lib pcm.c:2721:(snd_pcm_open_noupdate) Unknown PCM default
ALSA lib confmisc.c:855:(parse_card) cannot find card '0'
ALSA lib conf.c:5208:(_snd_config_evaluate) function snd_func_card_inum returned error: No such file or directory
ALSA lib confmisc.c:422:(snd_func_concat) error evaluating strings
ALSA lib conf.c:5208:(_snd_config_evaluate) function snd_func_concat returned error: No such file or directory
ALSA lib confmisc.c:1342:(snd_func_refer) error evaluating name
ALSA lib conf.c:5208:(_snd_config_evaluate) function snd_func_refer returned error: No such file or directory
ALSA lib conf.c:5731:(snd_config_expand) Evaluate error: No such file or directory
ALSA lib pcm.c:2721:(snd_pcm_open_noupdate) Unknown PCM default
  <log4j:Event logger="net.minecraft.client.sounds.SoundEngine" timestamp="1791649638375" level="ERROR" thread="Render thread">
    <log4j:Message><![CDATA[Error starting SoundSystem. Turning off sounds & music]]></log4j:Message>
    <log4j:Throwable><![CDATA[java.lang.IllegalStateException: Failed to open OpenAL device
	at knot//com.mojang.blaze3d.audio.Library.openDeviceOrFallback(Library.java:274)
	at knot//com.mojang.blaze3d.audio.Library.init(Library.java:149)
	at knot//net.minecraft.client.sounds.SoundEngine.loadLibrary(SoundEngine.java:121)
	at knot//net.minecraft.client.sounds.SoundEngine.reload(SoundEngine.java:110)
	at knot//net.minecraft.client.sounds.SoundManager.apply(SoundManager.java:122)
	at knot//net.minecraft.client.sounds.SoundManager.apply(SoundManager.java:41)
	at knot//net.minecraft.server.packs.resources.SimplePreparableReloadListener.lambda$reload$1(SimplePreparableReloadListener.java:15)
	at java.base/java.util.concurrent.CompletableFuture$UniAccept.tryFire(Unknown Source)
	at java.base/java.util.concurrent.CompletableFuture$Completion.run(Unknown Source)
	at knot//net.minecraft.server.packs.resources.SimpleReloadInstance.lambda$prepareTasks$3(SimpleReloadInstance.java:59)
	at knot//net.minecraft.util.thread.BlockableEventLoop.doRunTask(BlockableEventLoop.java:173)
	at knot//net.minecraft.util.thread.ReentrantBlockableEventLoop.doRunTask(ReentrantBlockableEventLoop.java:23)
	at knot//net.minecraft.util.thread.BlockableEventLoop.pollTask(BlockableEventLoop.java:147)
	at knot//net.minecraft.util.thread.BlockableEventLoop.runAllTasks(BlockableEventLoop.java:127)
	at knot//net.minecraft.client.Minecraft.runTick(Minecraft.java:1240)
	at knot//net.minecraft.client.Minecraft.run(Minecraft.java:967)
	at knot//net.minecraft.client.main.Main.main(Main.java:292)
	at net.fabricmc.loader.impl.game.minecraft.MinecraftGameProvider.launch(MinecraftGameProvider.java:517)
	at net.fabricmc.loader.impl.launch.knot.Knot.launch(Knot.java:72)
	at net.fabricmc.loader.impl.launch.knot.KnotClient.main(KnotClient.java:23)
]]></log4j:Throwable>
  </log4j:Event>
  <log4j:Event logger="net.minecraft.client.renderer.texture.TextureAtlas" timestamp="1791649638376" level="INFO" thread="Render thread">
    <log4j:Message><![CDATA[Created: 512x256x0 minecraft:textures/atlas/particles.png-atlas]]></log4j:Message>
  </log4j:Event>
  <log4j:Event logger="net.minecraft.client.renderer.texture.TextureAtlas" timestamp="1791649638378" level="INFO" thread="Render thread">
    <log4j:Message><![CDATA[Created: 256x128x0 minecraft:textures/atlas/celestials.png-atlas]]></log4j:Message>
  </log4j:Event>
  <log4j:Event logger="net.minecraft.client.renderer.texture.TextureAtlas" timestamp="1791649638378" level="INFO" thread="Render thread">
    <log4j:Message><![CDATA[Created: 128x128x0 minecraft:textures/atlas/decorated_pot.png-atlas]]></log4j:Message>
  </log4j:Event>
  <log4j:Event logger="net.minecraft.client.renderer.texture.TextureAtlas" timestamp="1791649638378" level="INFO" thread="Render thread">
    <log4j:Message><![CDATA[Created: 512x256x0 minecraft:textures/atlas/paintings.png-atlas]]></log4j:Message>
  </log4j:Event>
  <log4j:Event logger="net.minecraft.client.renderer.texture.TextureAtlas" timestamp="1791649638379" level="INFO" thread="Render thread">
    <log4j:Message><![CDATA[Created: 1024x512x0 minecraft:textures/atlas/shield_patterns.png-atlas]]></log4j:Message>
  </log4j:Event>
  <log4j:Event logger="net.minecraft.client.renderer.texture.TextureAtlas" timestamp="1791649638379" level="INFO" thread="Render thread">
    <log4j:Message><![CDATA[Created: 1024x512x0 minecraft:textures/atlas/banner_patterns.png-atlas]]></log4j:Message>
  </log4j:Event>
  <log4j:Event logger="net.minecraft.client.renderer.texture.TextureAtlas" timestamp="1791649638380" level="INFO" thread="Render thread">
    <log4j:Message><![CDATA[Created: 2048x2048x4 minecraft:textures/atlas/blocks.png-atlas]]></log4j:Message>
  </log4j:Event>
  <log4j:Event logger="net.minecraft.client.renderer.texture.TextureAtlas" timestamp="1791649638413" level="INFO" thread="Render thread">
    <log4j:Message><![CDATA[Created: 1024x512x0 minecraft:textures/atlas/items.png-atlas]]></log4j:Message>
  </log4j:Event>
  <log4j:Event logger="net.minecraft.client.renderer.texture.TextureAtlas" timestamp="1791649638420" level="INFO" thread="Render thread">
    <log4j:Message><![CDATA[Created: 1024x1024x0 minecraft:textures/atlas/gui.png-atlas]]></log4j:Message>
  </log4j:Event>
  <log4j:Event logger="net.minecraft.client.renderer.texture.TextureAtlas" timestamp="1791649638426" level="INFO" thread="Render thread">
    <log4j:Message><![CDATA[Created: 128x64x0 minecraft:textures/atlas/map_decorations.png-atlas]]></log4j:Message>
  </log4j:Event>
  <log4j:Event logger="net.minecraft.client.renderer.texture.TextureAtlas" timestamp="1791649638427" level="INFO" thread="Render thread">
    <log4j:Message><![CDATA[Created: 512x512x0 minecraft:textures/atlas/chest.png-atlas]]></log4j:Message>
  </log4j:Event>
  <log4j:Event logger="net.minecraft.client.renderer.texture.TextureAtlas" timestamp="1791649638427" level="INFO" thread="Render thread">
    <log4j:Message><![CDATA[Created: 512x512x0 minecraft:textures/atlas/shulker_boxes.png-atlas]]></log4j:Message>
  </log4j:Event>
  <log4j:Event logger="net.minecraft.client.renderer.ShaderManager" timestamp="1791649638859" level="WARN" thread="Render thread">
    <log4j:Message><![CDATA[Requested post effect does not exist: minecraft:end_of_frame]]></log4j:Message>
  </log4j:Event>
  <log4j:Event logger="net.minecraft.server.LoggedPrintStream" timestamp="1791649640409" level="INFO" thread="Render thread">
    <log4j:Message><![CDATA[[STDOUT]: [Peregrine self-test] PASS letting go of Alt goes back to first person]]></log4j:Message>
  </log4j:Event>
  <log4j:Event logger="net.minecraft.server.LoggedPrintStream" timestamp="1791649640479" level="INFO" thread="Render thread">
    <log4j:Message><![CDATA[[STDOUT]: [Peregrine self-test] PASS particles: lava sparks are thinned out]]></log4j:Message>
  </log4j:Event>
  <log4j:Event logger="net.minecraft.server.LoggedPrintStream" timestamp="1791649640630" level="INFO" thread="Render thread">
    <log4j:Message><![CDATA[[STDOUT]: [Peregrine self-test] PASS fullbright lights up dark places]]></log4j:Message>
  </log4j:Event>
  <log4j:Event logger="net.minecraft.server.LoggedPrintStream" timestamp="1791649640949" level="INFO" thread="Render thread">
    <log4j:Message><![CDATA[[STDOUT]: [Peregrine self-test] PASS 1.7 animations: held item moves]]></log4j:Message>
  </log4j:Event>
  <log4j:Event logger="net.minecraft.server.LoggedPrintStream" timestamp="1791649640950" level="INFO" thread="Render thread">
    <log4j:Message><![CDATA[[STDOUT]: [Peregrine self-test] PASS hitboxes draw without F3+B]]></log4j:Message>
  </log4j:Event>
  <log4j:Event logger="net.minecraft.server.LoggedPrintStream" timestamp="1791649641016" level="INFO" thread="Render thread">
    <log4j:Message><![CDATA[[STDOUT]: [Peregrine self-test] PASS resource packs leave the menus alone (test pack's button and splash skipped)]]></log4j:Message>
  </log4j:Event>
  <log4j:Event logger="net.minecraft.server.LoggedPrintStream" timestamp="1791649641080" level="INFO" thread="Render thread">
    <log4j:Message><![CDATA[[STDOUT]: [Peregrine self-test] PASS small totem: the totem in your hand is drawn smaller]]></log4j:Message>
  </log4j:Event>
  <log4j:Event logger="net.minecraft.server.LoggedPrintStream" timestamp="1791649642985" level="INFO" thread="Render thread">
    <log4j:Message><![CDATA[[STDOUT]: [Peregrine self-test] PASS your own name tag shows in third person]]></log4j:Message>
  </log4j:Event>
  <log4j:Event logger="net.minecraft.server.LoggedPrintStream" timestamp="1791649644687" level="INFO" thread="Render thread">
    <log4j:Message><![CDATA[[STDOUT]: [Peregrine self-test] PASS fog is pushed away]]></log4j:Message>
  </log4j:Event>
  <log4j:Event logger="net.minecraft.server.LoggedPrintStream" timestamp="1791649644730" level="INFO" thread="Render thread">
    <log4j:Message><![CDATA[[STDOUT]: [Peregrine self-test] PASS block outline in the chosen color]]></log4j:Message>
  </log4j:Event>
  <log4j:Event logger="net.minecraft.server.LoggedPrintStream" timestamp="1791649644771" level="INFO" thread="Render thread">
    <log4j:Message><![CDATA[[STDOUT]: [Peregrine self-test] PASS ores you can see get an outline]]></log4j:Message>
  </log4j:Event>
  <log4j:Event logger="net.minecraft.server.LoggedPrintStream" timestamp="1791649644814" level="INFO" thread="Render thread">
    <log4j:Message><![CDATA[[STDOUT]: [Peregrine self-test] PASS the sky stops moving]]></log4j:Message>
  </log4j:Event>
  <log4j:Event logger="net.minecraft.server.LoggedPrintStream" timestamp="1791649644855" level="INFO" thread="Render thread">
    <log4j:Message><![CDATA[[STDOUT]: [Peregrine self-test] PASS swing speed changes the swing]]></log4j:Message>
  </log4j:Event>
  <log4j:Event logger="net.minecraft.server.LoggedPrintStream" timestamp="1791649646576" level="INFO" thread="Render thread">
    <log4j:Message><![CDATA[[STDOUT]: [Peregrine self-test] INFO hooks: seed=1000 offset=1000 model=1000 bedrock=12 items=135 crosshair=113 camera=31 particles=654 nightvision=212 animation=152 hitbox=134 nametag=64 scoreboard=0 fire=0 inventory=0 totem=76 packs=87 fog=47 outline=47 ores=47 sky=47 swing=1 sound=0]]></log4j:Message>
  </log4j:Event>
  <log4j:Event logger="net.minecraft.server.LoggedPrintStream" timestamp="1791649646618" level="INFO" thread="Render thread">
    <log4j:Message><![CDATA[[STDOUT]: [Peregrine self-test] INFO counts {on:clear_weather=657262, keybind:clock=1, click@95,205/0=1, editor=240, click@159,102/0=1, click@83,47/0=1, zoom-hook=1615, click@73,44/1=1, click@183,106/0=1, click@10,4/0=1, zoom-active=50, click@229,51/0=1, menu=389, mouse=1, click@245,134/0=1, hud=1659, on:clean_edges=1659, click@95,51/0=1, click@159,85/0=1, click@162,51/0=1, click@341,89/0=1, click@122,82/0=1}]]></log4j:Message>
  </log4j:Event>
  <log4j:Event logger="net.minecraft.server.LoggedPrintStream" timestamp="1791649646618" level="INFO" thread="Render thread">
    <log4j:Message><![CDATA[[STDOUT]: [Peregrine self-test] PASS finished with 0 failure(s)]]></log4j:Message>
  </log4j:Event>
  <log4j:Event logger="net.minecraft.client.Minecraft" timestamp="1791649647749" level="INFO" thread="Render thread">
    <log4j:Message><![CDATA[Stopping!]]></log4j:Message>
  </log4j:Event>
  <log4j:Event logger="net.minecraft.server.MinecraftServer" timestamp="1791649647772" level="INFO" thread="Server thread">
    <log4j:Message><![CDATA[Stopping server]]></log4j:Message>
  </log4j:Event>
  <log4j:Event logger="net.minecraft.server.MinecraftServer" timestamp="1791649647773" level="INFO" thread="Server thread">
    <log4j:Message><![CDATA[Saving players]]></log4j:Message>
  </log4j:Event>
  <log4j:Event logger="net.minecraft.server.network.ServerGamePacketListenerImpl" timestamp="1791649647778" level="INFO" thread="Server thread">
    <log4j:Message><![CDATA[Tester lost connection: Disconnected]]></log4j:Message>
  </log4j:Event>
  <log4j:Event logger="net.minecraft.server.MinecraftServer" timestamp="1791649647778" level="INFO" thread="Server thread">
    <log4j:Message><![CDATA[System chat: Tester left the game]]></log4j:Message>
  </log4j:Event>
  <log4j:Event logger="net.minecraft.server.network.ServerCommonPacketListenerImpl" timestamp="1791649647783" level="INFO" thread="Server thread">
    <log4j:Message><![CDATA[Stopping singleplayer server as player logged out]]></log4j:Message>
  </log4j:Event>
  <log4j:Event logger="net.minecraft.server.MinecraftServer" timestamp="1791649647783" level="INFO" thread="Server thread">
    <log4j:Message><![CDATA[Saving worlds]]></log4j:Message>
  </log4j:Event>
  <log4j:Event logger="net.minecraft.server.MinecraftServer" timestamp="1791649648324" level="INFO" thread="Server thread">
    <log4j:Message><![CDATA[Saving chunks for level 'ServerLevel[world]'/minecraft:overworld]]></log4j:Message>
  </log4j:Event>
  <log4j:Event logger="net.minecraft.server.MinecraftServer" timestamp="1791649648803" level="INFO" thread="Server thread">
    <log4j:Message><![CDATA[Saving chunks for level 'ServerLevel[world]'/minecraft:the_nether]]></log4j:Message>
  </log4j:Event>
  <log4j:Event logger="net.minecraft.server.MinecraftServer" timestamp="1791649648809" level="INFO" thread="Server thread">
    <log4j:Message><![CDATA[Saving chunks for level 'ServerLevel[world]'/minecraft:the_end]]></log4j:Message>
  </log4j:Event>
