[16:25:06] [main/INFO]: Loading Minecraft 26.3 with Fabric Loader 0.19.5
[16:25:06] [main/INFO]: Mappings not present!
[16:25:06] [main/INFO]: Loading 50 mods:
	- fabric-api 0.162.0+26.3
	   |-- fabric-advancement-api-v1 1.0.0+38c7a2d55d
	   |-- fabric-api-base 2.0.6+fcdff87f5d
	   |-- fabric-api-lookup-api-v1 2.0.24+3434d6d95d
	   |-- fabric-biome-api-v1 20.1.0+c6aa69a85d
	   |-- fabric-block-api-v1 3.1.0+0ae6f9115d
	   |-- fabric-block-getter-api-v2 2.0.9+3434d6d95d
	   |-- fabric-command-api-v2 3.1.2+fcdff87f5d
	   |-- fabric-content-registries-v0 15.0.4+74ed1ea55d
	   |-- fabric-convention-tags-v2 4.10.3+6b5b47fd5d
	   |-- fabric-crash-report-info-v1 1.0.7+fcdff87f5d
	   |-- fabric-creative-tab-api-v1 5.0.21+fcdff87f5d
	   |-- fabric-data-attachment-api-v1 2.2.31+b9b88df45d
	   |-- fabric-data-generation-api-v1 27.3.0+5be2453c5d
	   |-- fabric-debug-api-v1 1.0.4+3434d6d95d
	   |-- fabric-dimensions-v1 5.1.19+47f74c985d
	   |-- fabric-entity-events-v1 6.0.4+3434d6d95d
	   |-- fabric-events-interaction-v0 5.3.7+b9b88df45d
	   |-- fabric-game-rule-api-v1 4.0.10+3434d6d95d
	   |-- fabric-item-api-v1 14.7.0+cf6bc2db5d
	   |-- fabric-key-mapping-api-v1 2.0.8+3434d6d95d
	   |-- fabric-lifecycle-events-v1 4.1.9+ffef5f675d
	   |-- fabric-loot-api-v3 4.0.8+4068fd645d
	   |-- fabric-menu-api-v1 2.0.28+ed66f0a35d
	   |-- fabric-message-api-v1 7.0.10+3434d6d95d
	   |-- fabric-model-loading-api-v1 8.0.35+fcdff87f5d
	   |-- fabric-networking-api-v1 6.3.9+b9b88df45d
	   |-- fabric-object-builder-api-v1 24.1.10+3434d6d95d
	   |-- fabric-particles-v1 5.0.25+3434d6d95d
	   |-- fabric-permission-api-v1 1.0.8+fcdff87f5d
	   |-- fabric-recipe-api-v1 10.0.9+b9b88df45d
	   |-- fabric-registry-sync-v0 8.0.2+1ca9f6365d
	   |-- fabric-renderer-api-v1 17.0.15+79385d0b5d
	   |-- fabric-renderer-indigo 9.1.23+b9d63e335d
	   |-- fabric-rendering-fluids-v1 6.0.6+3434d6d95d
	   |-- fabric-rendering-v1 27.0.14+901a437c5d
	   |-- fabric-resource-conditions-api-v1 6.2.0+0d124ae85d
	   |-- fabric-resource-loader-v0 3.3.26+4fc5413f5d
	   |-- fabric-resource-loader-v1 3.0.4+ba0d6c0d5d
	   |-- fabric-screen-api-v1 5.2.4+48607d035d
	   |-- fabric-serialization-api-v1 2.0.7+74ed1ea55d
	   |-- fabric-sound-api-v1 2.0.7+3434d6d95d
	   |-- fabric-tag-api-v1 2.1.10+fcdff87f5d
	   |-- fabric-transfer-api-v1 8.0.25+fcdff87f5d
	   \-- fabric-transitive-access-wideners-v1 8.1.16+52268a0e5d
	- fabricloader 0.19.5
	   \-- mixinextras 0.5.5
	- java 25
	- minecraft 26.3
	- peregrine-client 1.0.1
[16:25:06] [main/INFO]: SpongePowered MIXIN Subsystem Version=0.8.7 Source=file:/home/runner/work/peregrine-launcher/peregrine-launcher/out/26.3/home/data/peregrine/libraries/net/fabricmc/sponge-mixin/0.17.4+mixin.0.8.7/sponge-mixin-0.17.4+mixin.0.8.7.jar Service=Knot/Fabric Env=CLIENT
[16:25:07] [main/WARN]: Error loading class: net/minecraft/client/renderer/ItemInHandRenderer (java.lang.ClassNotFoundException: net/minecraft/client/renderer/ItemInHandRenderer)
[16:25:07] [main/WARN]: @Mixin target net.minecraft.client.renderer.ItemInHandRenderer was not found peregrine-client-extras.mixins.json:OldAnimationsMixin from mod peregrine-client
[16:25:07] [main/WARN]: @Mixin target net.minecraft.client.renderer.ItemInHandRenderer was not found peregrine-client-extras.mixins.json:TotemHeldMixin from mod peregrine-client
[16:25:08] [main/INFO]: Initializing MixinExtras via com.llamalad7.mixinextras.service.MixinExtrasServiceImpl(version=0.5.5).
[16:25:09] [Datafixer Bootstrap #0/INFO]: 307 Datafixer optimizations took 478 milliseconds
[16:25:14] [Render thread/INFO]: Environment: Environment[discoveryUrl=https://discovery.minecraftservices.com/minecraft/client, name=PROD]
[16:25:14] [Render thread/INFO]: Setting user: Tester
[16:25:14] [Render thread/INFO]: [Indigo] Registering Indigo renderer!
[16:25:15] [Download-2/ERROR]: Failed to fetch user properties
com.mojang.authlib.exceptions.InvalidCredentialsException: Status: 401
	at knot//com.mojang.authlib.exceptions.MinecraftClientHttpException.toAuthenticationException(MinecraftClientHttpException.java:70)
	at knot//com.mojang.authlib.services.MinecraftServicesUserApiService.fetchProperties(MinecraftServicesUserApiService.java:168)
	at knot//net.minecraft.client.Minecraft.lambda$new$1(Minecraft.java:451)
	at java.base/java.util.concurrent.CompletableFuture$AsyncSupply.run(Unknown Source)
	at java.base/java.util.concurrent.ThreadPoolExecutor.runWorker(Unknown Source)
	at java.base/java.util.concurrent.ThreadPoolExecutor$Worker.run(Unknown Source)
	at java.base/java.lang.Thread.run(Unknown Source)
Caused by: MinecraftClientHttpException[type=HTTP_ERROR, status=401, response=ErrorResponse[path=/player/attributes, error=null, errorMessage=null, details=null]]
	at knot//com.mojang.authlib.minecraft.client.MinecraftClient.buildHttpException(MinecraftClient.java:170)
	at knot//com.mojang.authlib.minecraft.client.MinecraftClient.readServiceResponse(MinecraftClient.java:147)
	at knot//com.mojang.authlib.minecraft.client.MinecraftClient.getWithEtag(MinecraftClient.java:81)
	at knot//com.mojang.authlib.minecraft.client.MinecraftClient.get(MinecraftClient.java:65)
	at knot//com.mojang.authlib.services.MinecraftServicesUserApiService.fetchProperties(MinecraftServicesUserApiService.java:118)
	... 5 more
[16:25:15] [Render thread/INFO]: Backend library: LWJGL version 3.4.3-snapshot
[16:25:15] [Render thread/INFO]: SDL [SYSTEM]: App name: Minecraft
[16:25:15] [Render thread/INFO]: SDL [SYSTEM]: App version: 26.3
[16:25:15] [Render thread/INFO]: SDL [SYSTEM]: App ID: com.mojang.minecraft
[16:25:15] [Render thread/INFO]: SDL [SYSTEM]: SDL revision: SDL-3.4.14--128-NOTFOUND
[16:25:15] [Render thread/ERROR]: Failed to create backend OpenGL
com.mojang.renderpearl.api.device.BackendCreationException: Failed to create window for OpenGL context: Couldn't find matching GLX visual
	at knot//com.mojang.renderpearl.backend.opengl.GlDevice.<init>(GlDevice.java:83)
	at knot//com.mojang.renderpearl.backend.opengl.GlBackend.createDevice(GlBackend.java:68)
	at knot//net.minecraft.client.Minecraft.<init>(Minecraft.java:533)
	at knot//net.minecraft.client.main.Main.main(Main.java:278)
	at net.fabricmc.loader.impl.game.minecraft.MinecraftGameProvider.launch(MinecraftGameProvider.java:517)
	at net.fabricmc.loader.impl.launch.knot.Knot.launch(Knot.java:72)
	at net.fabricmc.loader.impl.launch.knot.KnotClient.main(KnotClient.java:23)
[16:25:15] [Render thread/INFO]: Enabling optional FeatureSet [EXT MultiDraw]
[16:25:15] [Render thread/INFO]: Optional FeatureSet [AMD Buffer Marker] not supported
[16:25:15] [Render thread/INFO]: Enabling optional FeatureSet [Wireframe]
[16:25:15] [Render thread/INFO]: Enabling optional FeatureSet [Calibrated Timestamps]
[16:25:15] [Render thread/INFO]: Optional FeatureSet [NV Diagnostic Checkpoint] not supported
[16:25:15] [Render thread/INFO]: Using graphics backend Vulkan, using drivers: 1.4.318 llvmpipe Mesa 25.2.8-0ubuntu0.24.04.4 (LLVM 20.1.2)
[16:25:15] [Render thread/INFO]: Using graphics device: llvmpipe (LLVM 20.1.2, 256 bits) (0x10005)
[16:25:15] [Render thread/INFO]: Using graphics device extensions: VK_EXT_calibrated_timestamps (D), VK_KHR_synchronization2 (D), VK_EXT_multi_draw (D), VK_EXT_vertex_attribute_divisor (D), VK_KHR_swapchain (D), VK_KHR_surface (I), VK_KHR_push_descriptor (D), VK_KHR_xlib_surface (I), VK_EXT_debug_utils (I), VK_KHR_dynamic_rendering (D)
[16:25:15] [Render thread/INFO]: Created window using SDL video driver: x11
[16:25:15] [Download-2/INFO]: Could not authorize you against Realms server: java.lang.RuntimeException: Failed to parse into SignedJWT: 0
[16:25:15] [Download-2/ERROR]: Failed to fetch Realms feature flags
com.mojang.realmsclient.exception.RealmsServiceException: Realms authentication error with message 'java.lang.RuntimeException: Failed to parse into SignedJWT: 0'
	at knot//com.mojang.realmsclient.client.RealmsClient.execute(RealmsClient.java:625)
	at knot//com.mojang.realmsclient.client.RealmsClient.fetchFeatureFlags(RealmsClient.java:204)
	at java.base/java.util.concurrent.CompletableFuture$AsyncSupply.run(Unknown Source)
	at java.base/java.util.concurrent.ThreadPoolExecutor.runWorker(Unknown Source)
	at java.base/java.util.concurrent.ThreadPoolExecutor$Worker.run(Unknown Source)
	at java.base/java.lang.Thread.run(Unknown Source)
[16:25:15] [Render thread/ERROR]: Error while loading the narrator
com.mojang.text2speech.Narrator$InitializeException: Failed to load library flite
	at knot//com.mojang.text2speech.NarratorLinux$FliteLibrary.loadNative(NarratorLinux.java:82)
	at knot//com.mojang.text2speech.NarratorLinux.<init>(NarratorLinux.java:19)
	at knot//com.mojang.text2speech.Narrator.getNarrator(Narrator.java:41)
	at knot//net.minecraft.client.GameNarrator.<init>(GameNarrator.java:20)
	at knot//net.minecraft.client.Minecraft.<init>(Minecraft.java:740)
	at knot//net.minecraft.client.main.Main.main(Main.java:278)
	at net.fabricmc.loader.impl.game.minecraft.MinecraftGameProvider.launch(MinecraftGameProvider.java:517)
	at net.fabricmc.loader.impl.launch.knot.Knot.launch(Knot.java:72)
	at net.fabricmc.loader.impl.launch.knot.KnotClient.main(KnotClient.java:23)
Caused by: java.lang.UnsatisfiedLinkError: Unable to load library 'flite':
libflite.so: cannot open shared object file: No such file or directory
libflite.so: cannot open shared object file: No such file or directory
Native library (linux-x86-64/libflite.so) not found in resource path (/home/runner/work/peregrine-launcher/peregrine-launcher/out/26.3/home/data/peregrine/libraries/org/ow2/asm/asm/9.10.1/asm-9.10.1.jar:/home/runner/work/peregrine-launcher/peregrine-launcher/out/26.3/home/data/peregrine/libraries/org/ow2/asm/asm-analysis/9.10.1/asm-analysis-9.10.1.jar:/home/runner/work/peregrine-launcher/peregrine-launcher/out/26.3/home/data/peregrine/libraries/org/ow2/asm/asm-commons/9.10.1/asm-commons-9.10.1.jar:/home/runner/work/peregrine-launcher/peregrine-launcher/out/26.3/home/data/peregrine/libraries/org/ow2/asm/asm-tree/9.10.1/asm-tree-9.10.1.jar:/home/runner/work/peregrine-launcher/peregrine-launcher/out/26.3/home/data/peregrine/libraries/org/ow2/asm/asm-util/9.10.1/asm-util-9.10.1.jar:/home/runner/work/peregrine-launcher/peregrine-launcher/out/26.3/home/data/peregrine/libraries/net/fabricmc/sponge-mixin/0.17.4+mixin.0.8.7/sponge-mixin-0.17.4+mixin.0.8.7.jar:/home/runner/work/peregrine-launcher/peregrine-launcher/out/26.3/home/data/peregrine/libraries/net/fabricmc/fabric-loader/0.19.5/fabric-loader-0.19.5.jar:/home/runner/work/peregrine-launcher/peregrine-launcher/out/26.3/home/data/peregrine/libraries/at/yawk/lz4/lz4-java/1.10.1/lz4-java-1.10.1.jar:/home/runner/work/peregrine-launcher/peregrine-launcher/out/26.3/home/data/peregrine/libraries/com/azure/azure-json/1.4.0/azure-json-1.4.0.jar:/home/runner/work/peregrine-launcher/peregrine-launcher/out/26.3/home/data/peregrine/libraries/com/github/oshi/oshi-core/6.9.0/oshi-core-6.9.0.jar:/home/runner/work/peregrine-launcher/peregrine-launcher/out/26.3/home/data/peregrine/libraries/com/google/code/gson/gson/2.14.0/gson-2.14.0.jar:/home/runner/work/peregrine-launcher/peregrine-launcher/out/26.3/home/data/peregrine/libraries/com/google/guava/failureaccess/1.0.3/failureaccess-1.0.3.jar:/home/runner/work/peregrine-launcher/peregrine-launcher/out/26.3/home/data/peregrine/libraries/com/google/guava/guava/33.6.0-jre/guava-33.6.0-jre.jar:/home/runner/work/peregrine-launcher/peregrine-launcher/out/26.3/home/data/peregrine/libraries/com/ibm/icu/icu4j/78.3/icu4j-78.3.jar:/home/runner/work/peregrine-launcher/peregrine-launcher/out/26.3/home/data/peregrine/libraries/com/microsoft/azure/msal4j/1.24.1/msal4j-1.24.1.jar:/home/runner/work/peregrine-launcher/peregrine-launcher/out/26.3/home/data/peregrine/libraries/com/mojang/authlib/10.0.77/authlib-10.0.77.jar:/home/runner/work/peregrine-launcher/peregrine-launcher/out/26.3/home/data/peregrine/libraries/com/mojang/blocklist/1.0.10/blocklist-1.0.10.jar:/home/runner/work/peregrine-launcher/peregrine-launcher/out/26.3/home/data/peregrine/libraries/com/mojang/brigadier/1.3.11/brigadier-1.3.11.jar:/home/runner/work/peregrine-launcher/peregrine-launcher/out/26.3/home/data/peregrine/libraries/com/mojang/datafixerupper/10.0.21/datafixerupper-10.0.21.jar:/home/runner/work/peregrine-launcher/peregrine-launcher/out/26.3/home/data/peregrine/libraries/com/mojang/jtracy/1.14.38/jtracy-1.14.38.jar:/home/runner/work/peregrine-launcher/peregrine-launcher/out/26.3/home/data/peregrine/libraries/com/mojang/jtracy/1.14.38/jtracy-1.14.38-natives-linux.jar:/home/runner/work/peregrine-launcher/peregrine-launcher/out/26.3/home/data/peregrine/libraries/com/mojang/logging/1.7.12/logging-1.7.12.jar:/home/runner/work/peregrine-launcher/peregrine-launcher/out/26.3/home/data/peregrine/libraries/com/mojang/patchy/2.2.10/patchy-2.2.10.jar:/home/runner/work/peregrine-launcher/peregrine-launcher/out/26.3/home/data/peregrine/libraries/com/mojang/text2speech/1.19.12/text2speech-1.19.12.jar:/home/runner/work/peregrine-launcher/peregrine-launcher/out/26.3/home/data/peregrine/libraries/commons-codec/commons-codec/1.22.0/commons-codec-1.22.0.jar:/home/runner/work/peregrine-launcher/peregrine-launcher/out/26.3/home/data/peregrine/libraries/commons-io/commons-io/2.20.0/commons-io-2.20.0.jar:/home/runner/work/peregrine-launcher/peregrine-launcher/out/26.3/home/data/peregrine/libraries/io/netty/netty-buffer/4.2.16.Final/netty-buffer-4.2.16.Final.jar:/home/runner/work/peregrine-launcher/peregrine-launcher/out/26.3/home/data/peregrine/libraries/io/netty/netty-codec-base/4.2.16.Final/netty-codec-base-4.2.16.Final.jar:/home/runner/work/peregrine-launcher/peregrine-launcher/out/26.3/home/data/peregrine/libraries/io/netty/netty-codec-compression/4.2.16.Final/netty-codec-compression-4.2.16.Final.jar:/home/runner/work/peregrine-launcher/peregrine-launcher/out/26.3/home/data/peregrine/libraries/io/netty/netty-codec-http/4.2.16.Final/netty-codec-http-4.2.16.Final.jar:/home/runner/work/peregrine-launcher/peregrine-launcher/out/26.3/home/data/peregrine/libraries/io/netty/netty-common/4.2.16.Final/netty-common-4.2.16.Final.jar:/home/runner/work/peregrine-launcher/peregrine-launcher/out/26.3/home/data/peregrine/libraries/io/netty/netty-handler/4.2.16.Final/netty-handler-4.2.16.Final.jar:/home/runner/work/peregrine-launcher/peregrine-launcher/out/26.3/home/data/peregrine/libraries/io/netty/netty-resolver/4.2.16.Final/netty-resolver-4.2.16.Final.jar:/home/runner/work/peregrine-launcher/peregrine-launcher/out/26.3/home/data/peregrine/libraries/io/netty/netty-transport-classes-epoll/4.2.16.Final/netty-transport-classes-epoll-4.2.16.Final.jar:/home/runner/work/peregrine-launcher/peregrine-launcher/out/26.3/home/data/peregrine/libraries/io/netty/netty-transport-classes-kqueue/4.2.16.Final/netty-transport-classes-kqueue-4.2.16.Final.jar:/home/runner/work/peregrine-launcher/peregrine-launcher/out/26.3/home/data/peregrine/libraries/io/netty/netty-transport-native-epoll/4.2.16.Final/netty-transport-native-epoll-4.2.16.Final-linux-aarch_64.jar:/home/runner/work/peregrine-launcher/peregrine-launcher/out/26.3/home/data/peregrine/libraries/io/netty/netty-transport-native-epoll/4.2.16.Final/netty-transport-native-epoll-4.2.16.Final-linux-x86_64.jar:/home/runner/work/peregrine-launcher/peregrine-launcher/out/26.3/home/data/peregrine/libraries/io/netty/netty-transport-native-unix-common/4.2.16.Final/netty-transport-native-unix-common-4.2.16.Final.jar:/home/runner/work/peregrine-launcher/peregrine-launcher/out/26.3/home/data/peregrine/libraries/io/netty/netty-transport/4.2.16.Final/netty-transport-4.2.16.Final.jar:/home/runner/work/peregrine-launcher/peregrine-launcher/out/26.3/home/data/peregrine/libraries/it/unimi/dsi/fastutil/8.5.18/fastutil-8.5.18.jar:/home/runner/work/peregrine-launcher/peregrine-launcher/out/26.3/home/data/peregrine/libraries/net/java/dev/jna/jna-platform/5.17.0/jna-platform-5.17.0.jar:/home/runner/work/peregrine-launcher/peregrine-launcher/out/26.3/home/data/peregrine/libraries/net/java/dev/jna/jna/5.17.0/jna-5.17.0.jar:/home/runner/work/peregrine-launcher/peregrine-launcher/out/26.3/home/data/peregrine/libraries/net/sf/jopt-simple/jopt-simple/5.0.4/jopt-simple-5.0.4.jar:/home/runner/work/peregrine-launcher/peregrine-launcher/out/26.3/home/data/peregrine/libraries/org/apache/commons/commons-compress/1.28.0/commons-compress-1.28.0.jar:/home/runner/work/peregrine-launcher/peregrine-launcher/out/26.3/home/data/peregrine/libraries/org/apache/commons/commons-lang3/3.20.0/commons-lang3-3.20.0.jar:/home/runner/work/peregrine-launcher/peregrine-launcher/out/26.3/home/data/peregrine/libraries/org/apache/logging/log4j/log4j-api/2.26.0/log4j-api-2.26.0.jar:/home/runner/work/peregrine-launcher/peregrine-launcher/out/26.3/home/data/peregrine/libraries/org/apache/logging/log4j/log4j-core/2.26.0/log4j-core-2.26.0.jar:/home/runner/work/peregrine-launcher/peregrine-launcher/out/26.3/home/data/peregrine/libraries/org/apache/logging/log4j/log4j-slf4j2-impl/2.26.0/log4j-slf4j2-impl-2.26.0.jar:/home/runner/work/peregrine-launcher/peregrine-launcher/out/26.3/home/data/peregrine/libraries/org/jcraft/jorbis/0.0.17/jorbis-0.0.17.jar:/home/runner/work/peregrine-launcher/peregrine-launcher/out/26.3/home/data/peregrine/libraries/org/joml/joml/1.10.9/joml-1.10.9.jar:/home/runner/work/peregrine-launcher/peregrine-launcher/out/26.3/home/data/peregrine/libraries/org/jspecify/jspecify/1.0.0/jspecify-1.0.0.jar:/home/runner/work/peregrine-launcher/peregrine-launcher/out/26.3/home/data/peregrine/libraries/org/lwjgl/lwjgl-freetype/3.4.3/lwjgl-freetype-3.4.3.jar:/home/runner/work/peregrine-launcher/peregrine-launcher/out/26.3/home/data/peregrine/libraries/org/lwjgl/lwjgl-freetype/3.4.3/lwjgl-freetype-3.4.3-natives-linux.jar:/home/runner/work/peregrine-launcher/peregrine-launcher/out/26.3/home/data/peregrine/libraries/org/lwjgl/lwjgl-jemalloc/3.4.3/lwjgl-jemalloc-3.4.3.jar:/home/runner/work/peregrine-launcher/peregrine-launcher/out/26.3/home/data/peregrine/libraries/org/lwjgl/lwjgl-jemalloc/3.4.3/lwjgl-jemalloc-3.4.3-natives-linux.jar:/home/runner/work/peregrine-launcher/peregrine-launcher/out/26.3/home/data/peregrine/libraries/org/lwjgl/lwjgl-openal/3.4.3/lwjgl-openal-3.4.3.jar:/home/runner/work/peregrine-launcher/peregrine-launcher/out/26.3/home/data/peregrine/libraries/org/lwjgl/lwjgl-openal/3.4.3/lwjgl-openal-3.4.3-natives-linux.jar:/home/runner/work/peregrine-launcher/peregrine-launcher/out/26.3/home/data/peregrine/libraries/org/lwjgl/lwjgl-opengl/3.4.3/lwjgl-opengl-3.4.3.jar:/home/runner/work/peregrine-launcher/peregrine-launcher/out/26.3/home/data/peregrine/libraries/org/lwjgl/lwjgl-opengl/3.4.3/lwjgl-opengl-3.4.3-natives-linux.jar:/home/runner/work/peregrine-launcher/peregrine-launcher/out/26.3/home/data/peregrine/libraries/org/lwjgl/lwjgl-sdl/3.4.3/lwjgl-sdl-3.4.3.jar:/home/runner/work/peregrine-launcher/peregrine-launcher/out/26.3/home/data/peregrine/libraries/org/lwjgl/lwjgl-sdl/3.4.3/lwjgl-sdl-3.4.3-natives-linux.jar:/home/runner/work/peregrine-launcher/peregrine-launcher/out/26.3/home/data/peregrine/libraries/org/lwjgl/lwjgl-shaderc/3.4.3/lwjgl-shaderc-3.4.3.jar:/home/runner/work/peregrine-launcher/peregrine-launcher/out/26.3/home/data/peregrine/libraries/org/lwjgl/lwjgl-shaderc/3.4.3/lwjgl-shaderc-3.4.3-natives-linux.jar:/home/runner/work/peregrine-launcher/peregrine-launcher/out/26.3/home/data/peregrine/libraries/org/lwjgl/lwjgl-spvc/3.4.3/lwjgl-spvc-3.4.3.jar:/home/runner/work/peregrine-launcher/peregrine-launcher/out/26.3/home/data/peregrine/libraries/org/lwjgl/lwjgl-spvc/3.4.3/lwjgl-spvc-3.4.3-natives-linux.jar:/home/runner/work/peregrine-launcher/peregrine-launcher/out/26.3/home/data/peregrine/libraries/org/lwjgl/lwjgl-stb/3.4.3/lwjgl-stb-3.4.3.jar:/home/runner/work/peregrine-launcher/peregrine-launcher/out/26.3/home/data/peregrine/libraries/org/lwjgl/lwjgl-stb/3.4.3/lwjgl-stb-3.4.3-natives-linux.jar:/home/runner/work/peregrine-launcher/peregrine-launcher/out/26.3/home/data/peregrine/libraries/org/lwjgl/lwjgl-vma/3.4.3/lwjgl-vma-3.4.3.jar:/home/runner/work/peregrine-launcher/peregrine-launcher/out/26.3/home/data/peregrine/libraries/org/lwjgl/lwjgl-vma/3.4.3/lwjgl-vma-3.4.3-natives-linux.jar:/home/runner/work/peregrine-launcher/peregrine-launcher/out/26.3/home/data/peregrine/libraries/org/lwjgl/lwjgl-vulkan/3.4.3/lwjgl-vulkan-3.4.3.jar:/home/runner/work/peregrine-launcher/peregrine-launcher/out/26.3/home/data/peregrine/libraries/org/lwjgl/lwjgl/3.4.3/lwjgl-3.4.3.jar:/home/runner/work/peregrine-launcher/peregrine-launcher/out/26.3/home/data/peregrine/libraries/org/lwjgl/lwjgl/3.4.3/lwjgl-3.4.3-natives-linux.jar:/home/runner/work/peregrine-launcher/peregrine-launcher/out/26.3/home/data/peregrine/libraries/org/slf4j/slf4j-api/2.0.17/slf4j-api-2.0.17.jar:/home/runner/work/peregrine-launcher/peregrine-launcher/out/26.3/home/data/peregrine/versions/26.3/26.3.jar)
	at knot//com.sun.jna.NativeLibrary.loadLibrary(NativeLibrary.java:325)
	at knot//com.sun.jna.NativeLibrary.getInstance(NativeLibrary.java:481)
	at knot//com.sun.jna.NativeLibrary.getInstance(NativeLibrary.java:423)
	at knot//com.mojang.text2speech.NarratorLinux$FliteLibrary.loadNative(NarratorLinux.java:80)
	... 8 more
	Suppressed: java.lang.UnsatisfiedLinkError: libflite.so: cannot open shared object file: No such file or directory
		at knot//com.sun.jna.Native.open(Native Method)
		at knot//com.sun.jna.NativeLibrary.loadLibrary(NativeLibrary.java:213)
		... 11 more
	Suppressed: java.lang.UnsatisfiedLinkError: libflite.so: cannot open shared object file: No such file or directory
		at knot//com.sun.jna.Native.open(Native Method)
		at knot//com.sun.jna.NativeLibrary.loadLibrary(NativeLibrary.java:226)
		... 11 more
	Suppressed: java.io.IOException: Native library (linux-x86-64/libflite.so) not found in resource path (/home/runner/work/peregrine-launcher/peregrine-launcher/out/26.3/home/data/peregrine/libraries/org/ow2/asm/asm/9.10.1/asm-9.10.1.jar:/home/runner/work/peregrine-launcher/peregrine-launcher/out/26.3/home/data/peregrine/libraries/org/ow2/asm/asm-analysis/9.10.1/asm-analysis-9.10.1.jar:/home/runner/work/peregrine-launcher/peregrine-launcher/out/26.3/home/data/peregrine/libraries/org/ow2/asm/asm-commons/9.10.1/asm-commons-9.10.1.jar:/home/runner/work/peregrine-launcher/peregrine-launcher/out/26.3/home/data/peregrine/libraries/org/ow2/asm/asm-tree/9.10.1/asm-tree-9.10.1.jar:/home/runner/work/peregrine-launcher/peregrine-launcher/out/26.3/home/data/peregrine/libraries/org/ow2/asm/asm-util/9.10.1/asm-util-9.10.1.jar:/home/runner/work/peregrine-launcher/peregrine-launcher/out/26.3/home/data/peregrine/libraries/net/fabricmc/sponge-mixin/0.17.4+mixin.0.8.7/sponge-mixin-0.17.4+mixin.0.8.7.jar:/home/runner/work/peregrine-launcher/peregrine-launcher/out/26.3/home/data/peregrine/libraries/net/fabricmc/fabric-loader/0.19.5/fabric-loader-0.19.5.jar:/home/runner/work/peregrine-launcher/peregrine-launcher/out/26.3/home/data/peregrine/libraries/at/yawk/lz4/lz4-java/1.10.1/lz4-java-1.10.1.jar:/home/runner/work/peregrine-launcher/peregrine-launcher/out/26.3/home/data/peregrine/libraries/com/azure/azure-json/1.4.0/azure-json-1.4.0.jar:/home/runner/work/peregrine-launcher/peregrine-launcher/out/26.3/home/data/peregrine/libraries/com/github/oshi/oshi-core/6.9.0/oshi-core-6.9.0.jar:/home/runner/work/peregrine-launcher/peregrine-launcher/out/26.3/home/data/peregrine/libraries/com/google/code/gson/gson/2.14.0/gson-2.14.0.jar:/home/runner/work/peregrine-launcher/peregrine-launcher/out/26.3/home/data/peregrine/libraries/com/google/guava/failureaccess/1.0.3/failureaccess-1.0.3.jar:/home/runner/work/peregrine-launcher/peregrine-launcher/out/26.3/home/data/peregrine/libraries/com/google/guava/guava/33.6.0-jre/guava-33.6.0-jre.jar:/home/runner/work/peregrine-launcher/peregrine-launcher/out/26.3/home/data/peregrine/libraries/com/ibm/icu/icu4j/78.3/icu4j-78.3.jar:/home/runner/work/peregrine-launcher/peregrine-launcher/out/26.3/home/data/peregrine/libraries/com/microsoft/azure/msal4j/1.24.1/msal4j-1.24.1.jar:/home/runner/work/peregrine-launcher/peregrine-launcher/out/26.3/home/data/peregrine/libraries/com/mojang/authlib/10.0.77/authlib-10.0.77.jar:/home/runner/work/peregrine-launcher/peregrine-launcher/out/26.3/home/data/peregrine/libraries/com/mojang/blocklist/1.0.10/blocklist-1.0.10.jar:/home/runner/work/peregrine-launcher/peregrine-launcher/out/26.3/home/data/peregrine/libraries/com/mojang/brigadier/1.3.11/brigadier-1.3.11.jar:/home/runner/work/peregrine-launcher/peregrine-launcher/out/26.3/home/data/peregrine/libraries/com/mojang/datafixerupper/10.0.21/datafixerupper-10.0.21.jar:/home/runner/work/peregrine-launcher/peregrine-launcher/out/26.3/home/data/peregrine/libraries/com/mojang/jtracy/1.14.38/jtracy-1.14.38.jar:/home/runner/work/peregrine-launcher/peregrine-launcher/out/26.3/home/data/peregrine/libraries/com/mojang/jtracy/1.14.38/jtracy-1.14.38-natives-linux.jar:/home/runner/work/peregrine-launcher/peregrine-launcher/out/26.3/home/data/peregrine/libraries/com/mojang/logging/1.7.12/logging-1.7.12.jar:/home/runner/work/peregrine-launcher/peregrine-launcher/out/26.3/home/data/peregrine/libraries/com/mojang/patchy/2.2.10/patchy-2.2.10.jar:/home/runner/work/peregrine-launcher/peregrine-launcher/out/26.3/home/data/peregrine/libraries/com/mojang/text2speech/1.19.12/text2speech-1.19.12.jar:/home/runner/work/peregrine-launcher/peregrine-launcher/out/26.3/home/data/peregrine/libraries/commons-codec/commons-codec/1.22.0/commons-codec-1.22.0.jar:/home/runner/work/peregrine-launcher/peregrine-launcher/out/26.3/home/data/peregrine/libraries/commons-io/commons-io/2.20.0/commons-io-2.20.0.jar:/home/runner/work/peregrine-launcher/peregrine-launcher/out/26.3/home/data/peregrine/libraries/io/netty/netty-buffer/4.2.16.Final/netty-buffer-4.2.16.Final.jar:/home/runner/work/peregrine-launcher/peregrine-launcher/out/26.3/home/data/peregrine/libraries/io/netty/netty-codec-base/4.2.16.Final/netty-codec-base-4.2.16.Final.jar:/home/runner/work/peregrine-launcher/peregrine-launcher/out/26.3/home/data/peregrine/libraries/io/netty/netty-codec-compression/4.2.16.Final/netty-codec-compression-4.2.16.Final.jar:/home/runner/work/peregrine-launcher/peregrine-launcher/out/26.3/home/data/peregrine/libraries/io/netty/netty-codec-http/4.2.16.Final/netty-codec-http-4.2.16.Final.jar:/home/runner/work/peregrine-launcher/peregrine-launcher/out/26.3/home/data/peregrine/libraries/io/netty/netty-common/4.2.16.Final/netty-common-4.2.16.Final.jar:/home/runner/work/peregrine-launcher/peregrine-launcher/out/26.3/home/data/peregrine/libraries/io/netty/netty-handler/4.2.16.Final/netty-handler-4.2.16.Final.jar:/home/runner/work/peregrine-launcher/peregrine-launcher/out/26.3/home/data/peregrine/libraries/io/netty/netty-resolver/4.2.16.Final/netty-resolver-4.2.16.Final.jar:/home/runner/work/peregrine-launcher/peregrine-launcher/out/26.3/home/data/peregrine/libraries/io/netty/netty-transport-classes-epoll/4.2.16.Final/netty-transport-classes-epoll-4.2.16.Final.jar:/home/runner/work/peregrine-launcher/peregrine-launcher/out/26.3/home/data/peregrine/libraries/io/netty/netty-transport-classes-kqueue/4.2.16.Final/netty-transport-classes-kqueue-4.2.16.Final.jar:/home/runner/work/peregrine-launcher/peregrine-launcher/out/26.3/home/data/peregrine/libraries/io/netty/netty-transport-native-epoll/4.2.16.Final/netty-transport-native-epoll-4.2.16.Final-linux-aarch_64.jar:/home/runner/work/peregrine-launcher/peregrine-launcher/out/26.3/home/data/peregrine/libraries/io/netty/netty-transport-native-epoll/4.2.16.Final/netty-transport-native-epoll-4.2.16.Final-linux-x86_64.jar:/home/runner/work/peregrine-launcher/peregrine-launcher/out/26.3/home/data/peregrine/libraries/io/netty/netty-transport-native-unix-common/4.2.16.Final/netty-transport-native-unix-common-4.2.16.Final.jar:/home/runner/work/peregrine-launcher/peregrine-launcher/out/26.3/home/data/peregrine/libraries/io/netty/netty-transport/4.2.16.Final/netty-transport-4.2.16.Final.jar:/home/runner/work/peregrine-launcher/peregrine-launcher/out/26.3/home/data/peregrine/libraries/it/unimi/dsi/fastutil/8.5.18/fastutil-8.5.18.jar:/home/runner/work/peregrine-launcher/peregrine-launcher/out/26.3/home/data/peregrine/libraries/net/java/dev/jna/jna-platform/5.17.0/jna-platform-5.17.0.jar:/home/runner/work/peregrine-launcher/peregrine-launcher/out/26.3/home/data/peregrine/libraries/net/java/dev/jna/jna/5.17.0/jna-5.17.0.jar:/home/runner/work/peregrine-launcher/peregrine-launcher/out/26.3/home/data/peregrine/libraries/net/sf/jopt-simple/jopt-simple/5.0.4/jopt-simple-5.0.4.jar:/home/runner/work/peregrine-launcher/peregrine-launcher/out/26.3/home/data/peregrine/libraries/org/apache/commons/commons-compress/1.28.0/commons-compress-1.28.0.jar:/home/runner/work/peregrine-launcher/peregrine-launcher/out/26.3/home/data/peregrine/libraries/org/apache/commons/commons-lang3/3.20.0/commons-lang3-3.20.0.jar:/home/runner/work/peregrine-launcher/peregrine-launcher/out/26.3/home/data/peregrine/libraries/org/apache/logging/log4j/log4j-api/2.26.0/log4j-api-2.26.0.jar:/home/runner/work/peregrine-launcher/peregrine-launcher/out/26.3/home/data/peregrine/libraries/org/apache/logging/log4j/log4j-core/2.26.0/log4j-core-2.26.0.jar:/home/runner/work/peregrine-launcher/peregrine-launcher/out/26.3/home/data/peregrine/libraries/org/apache/logging/log4j/log4j-slf4j2-impl/2.26.0/log4j-slf4j2-impl-2.26.0.jar:/home/runner/work/peregrine-launcher/peregrine-launcher/out/26.3/home/data/peregrine/libraries/org/jcraft/jorbis/0.0.17/jorbis-0.0.17.jar:/home/runner/work/peregrine-launcher/peregrine-launcher/out/26.3/home/data/peregrine/libraries/org/joml/joml/1.10.9/joml-1.10.9.jar:/home/runner/work/peregrine-launcher/peregrine-launcher/out/26.3/home/data/peregrine/libraries/org/jspecify/jspecify/1.0.0/jspecify-1.0.0.jar:/home/runner/work/peregrine-launcher/peregrine-launcher/out/26.3/home/data/peregrine/libraries/org/lwjgl/lwjgl-freetype/3.4.3/lwjgl-freetype-3.4.3.jar:/home/runner/work/peregrine-launcher/peregrine-launcher/out/26.3/home/data/peregrine/libraries/org/lwjgl/lwjgl-freetype/3.4.3/lwjgl-freetype-3.4.3-natives-linux.jar:/home/runner/work/peregrine-launcher/peregrine-launcher/out/26.3/home/data/peregrine/libraries/org/lwjgl/lwjgl-jemalloc/3.4.3/lwjgl-jemalloc-3.4.3.jar:/home/runner/work/peregrine-launcher/peregrine-launcher/out/26.3/home/data/peregrine/libraries/org/lwjgl/lwjgl-jemalloc/3.4.3/lwjgl-jemalloc-3.4.3-natives-linux.jar:/home/runner/work/peregrine-launcher/peregrine-launcher/out/26.3/home/data/peregrine/libraries/org/lwjgl/lwjgl-openal/3.4.3/lwjgl-openal-3.4.3.jar:/home/runner/work/peregrine-launcher/peregrine-launcher/out/26.3/home/data/peregrine/libraries/org/lwjgl/lwjgl-openal/3.4.3/lwjgl-openal-3.4.3-natives-linux.jar:/home/runner/work/peregrine-launcher/peregrine-launcher/out/26.3/home/data/peregrine/libraries/org/lwjgl/lwjgl-opengl/3.4.3/lwjgl-opengl-3.4.3.jar:/home/runner/work/peregrine-launcher/peregrine-launcher/out/26.3/home/data/peregrine/libraries/org/lwjgl/lwjgl-opengl/3.4.3/lwjgl-opengl-3.4.3-natives-linux.jar:/home/runner/work/peregrine-launcher/peregrine-launcher/out/26.3/home/data/peregrine/libraries/org/lwjgl/lwjgl-sdl/3.4.3/lwjgl-sdl-3.4.3.jar:/home/runner/work/peregrine-launcher/peregrine-launcher/out/26.3/home/data/peregrine/libraries/org/lwjgl/lwjgl-sdl/3.4.3/lwjgl-sdl-3.4.3-natives-linux.jar:/home/runner/work/peregrine-launcher/peregrine-launcher/out/26.3/home/data/peregrine/libraries/org/lwjgl/lwjgl-shaderc/3.4.3/lwjgl-shaderc-3.4.3.jar:/home/runner/work/peregrine-launcher/peregrine-launcher/out/26.3/home/data/peregrine/libraries/org/lwjgl/lwjgl-shaderc/3.4.3/lwjgl-shaderc-3.4.3-natives-linux.jar:/home/runner/work/peregrine-launcher/peregrine-launcher/out/26.3/home/data/peregrine/libraries/org/lwjgl/lwjgl-spvc/3.4.3/lwjgl-spvc-3.4.3.jar:/home/runner/work/peregrine-launcher/peregrine-launcher/out/26.3/home/data/peregrine/libraries/org/lwjgl/lwjgl-spvc/3.4.3/lwjgl-spvc-3.4.3-natives-linux.jar:/home/runner/work/peregrine-launcher/peregrine-launcher/out/26.3/home/data/peregrine/libraries/org/lwjgl/lwjgl-stb/3.4.3/lwjgl-stb-3.4.3.jar:/home/runner/work/peregrine-launcher/peregrine-launcher/out/26.3/home/data/peregrine/libraries/org/lwjgl/lwjgl-stb/3.4.3/lwjgl-stb-3.4.3-natives-linux.jar:/home/runner/work/peregrine-launcher/peregrine-launcher/out/26.3/home/data/peregrine/libraries/org/lwjgl/lwjgl-vma/3.4.3/lwjgl-vma-3.4.3.jar:/home/runner/work/peregrine-launcher/peregrine-launcher/out/26.3/home/data/peregrine/libraries/org/lwjgl/lwjgl-vma/3.4.3/lwjgl-vma-3.4.3-natives-linux.jar:/home/runner/work/peregrine-launcher/peregrine-launcher/out/26.3/home/data/peregrine/libraries/org/lwjgl/lwjgl-vulkan/3.4.3/lwjgl-vulkan-3.4.3.jar:/home/runner/work/peregrine-launcher/peregrine-launcher/out/26.3/home/data/peregrine/libraries/org/lwjgl/lwjgl/3.4.3/lwjgl-3.4.3.jar:/home/runner/work/peregrine-launcher/peregrine-launcher/out/26.3/home/data/peregrine/libraries/org/lwjgl/lwjgl/3.4.3/lwjgl-3.4.3-natives-linux.jar:/home/runner/work/peregrine-launcher/peregrine-launcher/out/26.3/home/data/peregrine/libraries/org/slf4j/slf4j-api/2.0.17/slf4j-api-2.0.17.jar:/home/runner/work/peregrine-launcher/peregrine-launcher/out/26.3/home/data/peregrine/versions/26.3/26.3.jar)
		at knot//com.sun.jna.Native.extractFromResourcePath(Native.java:1141)
		at knot//com.sun.jna.NativeLibrary.loadLibrary(NativeLibrary.java:297)
		... 11 more
[16:25:16] [Render thread/INFO]: Reloading ResourceManager: vanilla, vanilla, fabric-advancement-api-v1, fabric-api, fabric-api-base, fabric-api-lookup-api-v1, fabric-biome-api-v1, fabric-block-api-v1, fabric-block-getter-api-v2, fabric-command-api-v2, fabric-content-registries-v0, fabric-convention-tags-v2, fabric-crash-report-info-v1, fabric-creative-tab-api-v1, fabric-data-attachment-api-v1, fabric-data-generation-api-v1, fabric-debug-api-v1, fabric-dimensions-v1, fabric-entity-events-v1, fabric-events-interaction-v0, fabric-game-rule-api-v1, fabric-item-api-v1, fabric-key-mapping-api-v1, fabric-lifecycle-events-v1, fabric-loot-api-v3, fabric-menu-api-v1, fabric-message-api-v1, fabric-model-loading-api-v1, fabric-networking-api-v1, fabric-object-builder-api-v1, fabric-particles-v1, fabric-permission-api-v1, fabric-recipe-api-v1, fabric-registry-sync-v0, fabric-renderer-api-v1, fabric-renderer-indigo, fabric-rendering-fluids-v1, fabric-rendering-v1, fabric-resource-conditions-api-v1, fabric-resource-loader-v0, fabric-resource-loader-v1, fabric-screen-api-v1, fabric-serialization-api-v1, fabric-sound-api-v1, fabric-tag-api-v1, fabric-transfer-api-v1, fabric-transitive-access-wideners-v1, fabricloader, peregrine-client, file/PeregrineTest
[16:25:16] [Worker-Main-3/INFO]: Found unifont_all_no_pua-17.0.01.hex, loading
[16:25:16] [Worker-Main-1/INFO]: Found unifont_pua-17.0.01.hex, loading
[16:25:16] [Worker-Main-3/INFO]: Found unifont_jp_patch-17.0.01.hex, loading
[16:25:17] [Render thread/INFO]: [STDOUT]: [Peregrine self-test] INFO phase world on Minecraft 26.3
[16:25:19] [Render thread/ERROR]: Error starting SoundSystem. Turning off sounds & music
java.lang.IllegalStateException: Failed to open OpenAL device
	at knot//com.mojang.blaze3d.audio.Library.openDeviceOrFallback(Library.java:274)
	at knot//com.mojang.blaze3d.audio.Library.init(Library.java:149)
	at knot//net.minecraft.client.sounds.SoundEngine.loadLibrary(SoundEngine.java:121)
	at knot//net.minecraft.client.sounds.SoundEngine.reload(SoundEngine.java:110)
	at knot//net.minecraft.client.sounds.SoundManager.apply(SoundManager.java:122)
	at knot//net.minecraft.client.sounds.SoundManager.apply(SoundManager.java:41)
	at knot//net.minecraft.server.packs.resources.SimplePreparableReloadListener.lambda$reload$1(SimplePreparableReloadListener.java:15)
	at java.base/java.util.concurrent.CompletableFuture$UniAccept.tryFire(Unknown Source)
	at java.base/java.util.concurrent.CompletableFuture$Completion.run(Unknown Source)
	at knot//net.minecraft.server.packs.resources.SimpleReloadInstance.lambda$prepareTasks$3(SimpleReloadInstance.java:59)
	at knot//net.minecraft.util.thread.BlockableEventLoop.doRunTask(BlockableEventLoop.java:173)
	at knot//net.minecraft.util.thread.ReentrantBlockableEventLoop.doRunTask(ReentrantBlockableEventLoop.java:23)
	at knot//net.minecraft.util.thread.BlockableEventLoop.pollTask(BlockableEventLoop.java:147)
	at knot//net.minecraft.util.thread.BlockableEventLoop.runAllTasks(BlockableEventLoop.java:127)
	at knot//net.minecraft.client.Minecraft.runTick(Minecraft.java:1240)
	at knot//net.minecraft.client.Minecraft.run(Minecraft.java:967)
	at knot//net.minecraft.client.main.Main.main(Main.java:292)
	at net.fabricmc.loader.impl.game.minecraft.MinecraftGameProvider.launch(MinecraftGameProvider.java:517)
	at net.fabricmc.loader.impl.launch.knot.Knot.launch(Knot.java:72)
	at net.fabricmc.loader.impl.launch.knot.KnotClient.main(KnotClient.java:23)
[16:25:19] [Render thread/INFO]: Created: 512x256x0 minecraft:textures/atlas/particles.png-atlas
[16:25:19] [Render thread/INFO]: Created: 256x128x0 minecraft:textures/atlas/celestials.png-atlas
[16:25:19] [Render thread/INFO]: Created: 128x128x0 minecraft:textures/atlas/decorated_pot.png-atlas
[16:25:19] [Render thread/INFO]: Created: 512x256x0 minecraft:textures/atlas/paintings.png-atlas
[16:25:19] [Render thread/INFO]: Created: 1024x512x0 minecraft:textures/atlas/shield_patterns.png-atlas
[16:25:19] [Render thread/INFO]: Created: 1024x512x0 minecraft:textures/atlas/banner_patterns.png-atlas
[16:25:19] [Render thread/INFO]: Created: 2048x2048x4 minecraft:textures/atlas/blocks.png-atlas
[16:25:19] [Render thread/INFO]: Created: 1024x512x0 minecraft:textures/atlas/items.png-atlas
[16:25:19] [Render thread/INFO]: Created: 1024x1024x0 minecraft:textures/atlas/gui.png-atlas
[16:25:19] [Render thread/INFO]: Created: 128x64x0 minecraft:textures/atlas/map_decorations.png-atlas
[16:25:19] [Render thread/INFO]: Created: 512x512x0 minecraft:textures/atlas/chest.png-atlas
[16:25:19] [Render thread/INFO]: Created: 512x512x0 minecraft:textures/atlas/shulker_boxes.png-atlas
[16:25:20] [Render thread/INFO]: Found new data pack fabric-convention-tags-v2, loading it automatically
[16:25:22] [Worker-Main-3/INFO]: Loaded 1866 advancements
[16:25:22] [Render thread/INFO]: Applied 0 biome modifications to 0 of 67 new biomes in 1.218 ms
[16:25:22] [Server thread/INFO]: Starting integrated minecraft server version 26.3
[16:25:22] [Server thread/INFO]: Generating keypair
[16:25:22] [Server thread/INFO]: Loading 0 persistent chunks...
[16:25:22] [Server thread/INFO]: Preparing spawn area: 16%
[16:25:22] [Server thread/INFO]: Saving chunks for level 'ServerLevel[world]'/minecraft:overworld
[16:25:22] [Server thread/INFO]: Saving chunks for level 'ServerLevel[world]'/minecraft:the_nether
[16:25:22] [Server thread/INFO]: Saving chunks for level 'ServerLevel[world]'/minecraft:the_end
[16:25:26] [Server thread/INFO]: Loading 48 chunks for player spawn...
[16:25:26] [Server thread/INFO]: Preparing spawn area: 16%
[16:25:26] [Server thread/INFO]: Preparing spawn area: 18%
[16:25:26] [Server thread/INFO]: Preparing spawn area: 18%
[16:25:26] [Server thread/INFO]: Preparing spawn area: 18%
[16:25:26] [Server thread/INFO]: Preparing spawn area: 18%
[16:25:26] [Server thread/INFO]: Preparing spawn area: 18%
[16:25:26] [Server thread/INFO]: Preparing spawn area: 18%
[16:25:26] [Server thread/INFO]: Preparing spawn area: 18%
[16:25:27] [Server thread/INFO]: Preparing spawn area: 18%
[16:25:27] [Server thread/INFO]: Preparing spawn area: 30%
[16:25:28] [Server thread/INFO]: Preparing spawn area: 30%
[16:25:28] [Server thread/INFO]: Preparing spawn area: 30%
[16:25:29] [Server thread/INFO]: Preparing spawn area: 30%
[16:25:29] [Server thread/INFO]: Preparing spawn area: 58%
[16:25:30] [Server thread/INFO]: Preparing spawn area: 58%
[16:25:30] [Server thread/INFO]: Time elapsed: 7836 ms
[16:25:30] [Server thread/INFO]: Tester[local:E:5106c98a] logged in with entity id 21 at (26.5, 69.0, -57.5)
[16:25:30] [Server thread/INFO]: System chat: Tester joined the game
[16:25:31] [Server thread/INFO]: Changing view distance to 4, from 10
[16:25:31] [Render thread/INFO]: Loaded 2 advancements
[16:25:31] [Server thread/INFO]: Changing simulation distance to 5, from 0
[16:25:31] [Render thread/WARN]: Requested post effect does not exist: minecraft:end_of_frame
[16:25:31] [Render thread/INFO]: Resizing Dynamic Transforms UBO, capacity limit of 2 reached during a single frame. New capacity will be 4.
[16:25:32] [Render thread/INFO]: Resizing Dynamic Transforms UBO, capacity limit of 4 reached during a single frame. New capacity will be 8.
[16:25:32] [Render thread/INFO]: Resizing Dynamic Transforms UBO, capacity limit of 8 reached during a single frame. New capacity will be 16.
[16:25:33] [Render thread/INFO]: Resizing Chunk Sections Command Buffer, capacity limit of 2 reached during a single frame. New capacity will be 16.
[16:25:33] [Render thread/INFO]: Resizing Chunk Sections Instanced, capacity limit of 2 reached during a single frame. New capacity will be 8.
[16:25:34] [Render thread/INFO]: [STDOUT]: [Peregrine self-test] PASS joins the world
[16:25:34] [Server thread/INFO]: Changing view distance to 8, from 4
[16:25:35] [Render thread/INFO]: Resizing Chunk Sections Command Buffer, capacity limit of 16 reached during a single frame. New capacity will be 64.
[16:25:35] [Render thread/INFO]: Resizing Chunk Sections Instanced, capacity limit of 8 reached during a single frame. New capacity will be 32.
[16:25:35] [Render thread/INFO]: Resizing Chunk Sections Command Buffer, capacity limit of 64 reached during a single frame. New capacity will be 128.
[16:25:35] [Render thread/INFO]: Resizing Chunk Sections Instanced, capacity limit of 32 reached during a single frame. New capacity will be 64.
[16:25:36] [Render thread/INFO]: Resizing Chunk Sections Command Buffer, capacity limit of 128 reached during a single frame. New capacity will be 256.
[16:25:36] [Render thread/INFO]: Resizing Chunk Sections Instanced, capacity limit of 64 reached during a single frame. New capacity will be 128.
[16:26:14] [Render thread/INFO]: [STDOUT]: [Peregrine self-test] INFO benchmark: 16 fps average, 15 lowest, render distance 8, over 20 s
[16:26:14] [Render thread/INFO]: [STDOUT]: [Peregrine self-test] PASS HUD draws in game
[16:26:19] [Render thread/INFO]: [STDOUT]: [Peregrine self-test] PASS Stable FPS eases off settings when FPS is low
[16:26:22] [Render thread/INFO]: [STDOUT]: [Peregrine self-test] PASS mouse clicks are counted (CPS)
[16:26:24] [Render thread/INFO]: [STDOUT]: [Peregrine self-test] PASS holding C zooms in
[16:26:26] [Render thread/INFO]: [STDOUT]: [Peregrine self-test] PASS Right Shift opens the menu
[16:26:29] [Render thread/INFO]: [STDOUT]: [Peregrine self-test] PASS typing and Backspace work in the search box
[16:26:32] [Render thread/INFO]: [STDOUT]: [Peregrine self-test] PASS clicking a card switches it
[16:26:33] [Render thread/INFO]: [STDOUT]: [Peregrine self-test] PASS Edit HUD opens the editor
[16:26:37] [Render thread/INFO]: [STDOUT]: [Peregrine self-test] PASS dragging moves a HUD item
[16:26:39] [Render thread/INFO]: [STDOUT]: [Peregrine self-test] PASS right-click opens the style panel
[16:26:41] [Render thread/INFO]: [STDOUT]: [Peregrine self-test] PASS picking a colour recolours the text
[16:26:44] [Render thread/INFO]: [STDOUT]: [Peregrine self-test] PASS dragging the corner makes it bigger
[16:26:46] [Render thread/INFO]: [STDOUT]: [Peregrine self-test] PASS Esc saves and closes the editor
[16:26:46] [Render thread/INFO]: [STDOUT]: [Peregrine self-test] PASS the gear opens a settings page
[16:26:49] [Render thread/INFO]: [STDOUT]: [Peregrine self-test] PASS clicking an option changes it
[16:26:51] [Render thread/INFO]: [STDOUT]: [Peregrine self-test] PASS the keybind button waits for a key
[16:26:53] [Render thread/INFO]: [STDOUT]: [Peregrine self-test] PASS pressing K binds it
[16:26:54] [Render thread/INFO]: [STDOUT]: [Peregrine self-test] PASS Customize opens the editor with the style panel
[16:26:57] [Render thread/INFO]: [STDOUT]: [Peregrine self-test] PASS Esc goes back to the settings page
[16:26:57] [Render thread/INFO]: [STDOUT]: [Peregrine self-test] PASS Esc goes back to the list
[16:26:58] [Render thread/INFO]: [STDOUT]: [Peregrine self-test] PASS the Settings tab opens
[16:27:01] [Render thread/INFO]: [STDOUT]: [Peregrine self-test] PASS the Keybinds tab opens
[16:27:04] [Render thread/INFO]: [STDOUT]: [Peregrine self-test] PASS back to the Mods tab
[16:27:06] [Render thread/INFO]: [STDOUT]: [Peregrine self-test] PASS Esc closes the menu
[16:27:07] [Render thread/INFO]: [STDOUT]: [Peregrine self-test] PASS pressing K in game switches the Clock
[16:27:09] [Render thread/INFO]: Reloading ResourceManager: vanilla, vanilla, fabric-advancement-api-v1, fabric-api, fabric-api-base, fabric-api-lookup-api-v1, fabric-biome-api-v1, fabric-block-api-v1, fabric-block-getter-api-v2, fabric-command-api-v2, fabric-content-registries-v0, fabric-convention-tags-v2, fabric-crash-report-info-v1, fabric-creative-tab-api-v1, fabric-data-attachment-api-v1, fabric-data-generation-api-v1, fabric-debug-api-v1, fabric-dimensions-v1, fabric-entity-events-v1, fabric-events-interaction-v0, fabric-game-rule-api-v1, fabric-item-api-v1, fabric-key-mapping-api-v1, fabric-lifecycle-events-v1, fabric-loot-api-v3, fabric-menu-api-v1, fabric-message-api-v1, fabric-model-loading-api-v1, fabric-networking-api-v1, fabric-object-builder-api-v1, fabric-particles-v1, fabric-permission-api-v1, fabric-recipe-api-v1, fabric-registry-sync-v0, fabric-renderer-api-v1, fabric-renderer-indigo, fabric-rendering-fluids-v1, fabric-rendering-v1, fabric-resource-conditions-api-v1, fabric-resource-loader-v0, fabric-resource-loader-v1, fabric-screen-api-v1, fabric-serialization-api-v1, fabric-sound-api-v1, fabric-tag-api-v1, fabric-transfer-api-v1, fabric-transitive-access-wideners-v1, fabricloader, peregrine-client, file/PeregrineTest
[16:27:09] [Render thread/INFO]: [STDOUT]: [Peregrine self-test] PASS clear_weather hook runs
[16:27:09] [Server thread/INFO]: Saving and pausing game...
[16:27:09] [Server thread/INFO]: Saving chunks for level 'ServerLevel[world]'/minecraft:overworld
[16:27:09] [Server thread/INFO]: Saving chunks for level 'ServerLevel[world]'/minecraft:the_nether
[16:27:09] [Server thread/INFO]: Saving chunks for level 'ServerLevel[world]'/minecraft:the_end
[16:27:09] [Render thread/INFO]: [STDOUT]: [Peregrine self-test] PASS clean_edges hook runs
[16:27:09] [Worker-Main-3/INFO]: Found unifont_all_no_pua-17.0.01.hex, loading
[16:27:09] [Worker-Main-2/INFO]: Found unifont_pua-17.0.01.hex, loading
[16:27:09] [Worker-Main-3/INFO]: Found unifont_jp_patch-17.0.01.hex, loading
[16:27:11] [Render thread/ERROR]: Error starting SoundSystem. Turning off sounds & music
java.lang.IllegalStateException: Failed to open OpenAL device
	at knot//com.mojang.blaze3d.audio.Library.openDeviceOrFallback(Library.java:274)
	at knot//com.mojang.blaze3d.audio.Library.init(Library.java:149)
	at knot//net.minecraft.client.sounds.SoundEngine.loadLibrary(SoundEngine.java:121)
	at knot//net.minecraft.client.sounds.SoundEngine.reload(SoundEngine.java:110)
	at knot//net.minecraft.client.sounds.SoundManager.apply(SoundManager.java:122)
	at knot//net.minecraft.client.sounds.SoundManager.apply(SoundManager.java:41)
	at knot//net.minecraft.server.packs.resources.SimplePreparableReloadListener.lambda$reload$1(SimplePreparableReloadListener.java:15)
	at java.base/java.util.concurrent.CompletableFuture$UniAccept.tryFire(Unknown Source)
	at java.base/java.util.concurrent.CompletableFuture$Completion.run(Unknown Source)
	at knot//net.minecraft.server.packs.resources.SimpleReloadInstance.lambda$prepareTasks$3(SimpleReloadInstance.java:59)
	at knot//net.minecraft.util.thread.BlockableEventLoop.doRunTask(BlockableEventLoop.java:173)
	at knot//net.minecraft.util.thread.ReentrantBlockableEventLoop.doRunTask(ReentrantBlockableEventLoop.java:23)
	at knot//net.minecraft.util.thread.BlockableEventLoop.pollTask(BlockableEventLoop.java:147)
	at knot//net.minecraft.util.thread.BlockableEventLoop.runAllTasks(BlockableEventLoop.java:127)
	at knot//net.minecraft.client.Minecraft.runTick(Minecraft.java:1240)
	at knot//net.minecraft.client.Minecraft.run(Minecraft.java:967)
	at knot//net.minecraft.client.main.Main.main(Main.java:292)
	at net.fabricmc.loader.impl.game.minecraft.MinecraftGameProvider.launch(MinecraftGameProvider.java:517)
	at net.fabricmc.loader.impl.launch.knot.Knot.launch(Knot.java:72)
	at net.fabricmc.loader.impl.launch.knot.KnotClient.main(KnotClient.java:23)
[16:27:11] [Render thread/INFO]: Created: 512x256x0 minecraft:textures/atlas/particles.png-atlas
[16:27:11] [Render thread/INFO]: Created: 256x128x0 minecraft:textures/atlas/celestials.png-atlas
[16:27:11] [Render thread/INFO]: Created: 128x128x0 minecraft:textures/atlas/decorated_pot.png-atlas
[16:27:11] [Render thread/INFO]: Created: 512x256x0 minecraft:textures/atlas/paintings.png-atlas
[16:27:11] [Render thread/INFO]: Created: 1024x512x0 minecraft:textures/atlas/shield_patterns.png-atlas
[16:27:11] [Render thread/INFO]: Created: 1024x512x0 minecraft:textures/atlas/banner_patterns.png-atlas
[16:27:11] [Render thread/INFO]: Created: 2048x2048x4 minecraft:textures/atlas/blocks.png-atlas
[16:27:11] [Render thread/INFO]: Created: 1024x512x0 minecraft:textures/atlas/items.png-atlas
[16:27:11] [Render thread/INFO]: Created: 1024x1024x0 minecraft:textures/atlas/gui.png-atlas
[16:27:11] [Render thread/INFO]: Created: 128x64x0 minecraft:textures/atlas/map_decorations.png-atlas
[16:27:11] [Render thread/INFO]: Created: 512x512x0 minecraft:textures/atlas/chest.png-atlas
[16:27:11] [Render thread/INFO]: Created: 512x512x0 minecraft:textures/atlas/shulker_boxes.png-atlas
[16:27:12] [Render thread/INFO]: [STDOUT]: [Peregrine self-test] PASS anti base leak: every block uses one rotation
[16:27:12] [Render thread/INFO]: [STDOUT]: [Peregrine self-test] PASS anti base leak: block model hook runs (diamond bedrock)
[16:27:12] [Render thread/WARN]: Requested post effect does not exist: minecraft:end_of_frame
[16:27:12] [Render thread/INFO]: [STDOUT]: [Peregrine self-test] PASS bedrock is drawn as diamond blocks
[16:27:12] [Render thread/INFO]: [STDOUT]: [Peregrine self-test] PASS item physics lays the dropped item down
[16:27:13] [Render thread/INFO]: Resizing Chunk Sections Command Buffer, capacity limit of 256 reached during a single frame. New capacity will be 512.
[16:27:14] [Render thread/INFO]: Reloading ResourceManager: vanilla, vanilla, fabric-advancement-api-v1, fabric-api, fabric-api-base, fabric-api-lookup-api-v1, fabric-biome-api-v1, fabric-block-api-v1, fabric-block-getter-api-v2, fabric-command-api-v2, fabric-content-registries-v0, fabric-convention-tags-v2, fabric-crash-report-info-v1, fabric-creative-tab-api-v1, fabric-data-attachment-api-v1, fabric-data-generation-api-v1, fabric-debug-api-v1, fabric-dimensions-v1, fabric-entity-events-v1, fabric-events-interaction-v0, fabric-game-rule-api-v1, fabric-item-api-v1, fabric-key-mapping-api-v1, fabric-lifecycle-events-v1, fabric-loot-api-v3, fabric-menu-api-v1, fabric-message-api-v1, fabric-model-loading-api-v1, fabric-networking-api-v1, fabric-object-builder-api-v1, fabric-particles-v1, fabric-permission-api-v1, fabric-recipe-api-v1, fabric-registry-sync-v0, fabric-renderer-api-v1, fabric-renderer-indigo, fabric-rendering-fluids-v1, fabric-rendering-v1, fabric-resource-conditions-api-v1, fabric-resource-loader-v0, fabric-resource-loader-v1, fabric-screen-api-v1, fabric-serialization-api-v1, fabric-sound-api-v1, fabric-tag-api-v1, fabric-transfer-api-v1, fabric-transitive-access-wideners-v1, fabricloader, peregrine-client, file/PeregrineTest
[16:27:14] [Server thread/INFO]: Saving and pausing game...
[16:27:14] [Server thread/INFO]: Saving chunks for level 'ServerLevel[world]'/minecraft:overworld
[16:27:14] [Worker-Main-2/INFO]: Found unifont_all_no_pua-17.0.01.hex, loading
[16:27:14] [Server thread/INFO]: Saving chunks for level 'ServerLevel[world]'/minecraft:the_nether
[16:27:14] [Server thread/INFO]: Saving chunks for level 'ServerLevel[world]'/minecraft:the_end
[16:27:14] [Worker-Main-3/INFO]: Found unifont_pua-17.0.01.hex, loading
[16:27:14] [Worker-Main-2/INFO]: Found unifont_jp_patch-17.0.01.hex, loading
[16:27:15] [Render thread/INFO]: [STDOUT]: [Peregrine self-test] PASS custom crosshair draws
[16:27:17] [Render thread/INFO]: [STDOUT]: [Peregrine self-test] PASS holding Alt starts freelook in third person
[16:27:18] [Render thread/ERROR]: Error starting SoundSystem. Turning off sounds & music
java.lang.IllegalStateException: Failed to open OpenAL device
	at knot//com.mojang.blaze3d.audio.Library.openDeviceOrFallback(Library.java:274)
	at knot//com.mojang.blaze3d.audio.Library.init(Library.java:149)
	at knot//net.minecraft.client.sounds.SoundEngine.loadLibrary(SoundEngine.java:121)
	at knot//net.minecraft.client.sounds.SoundEngine.reload(SoundEngine.java:110)
	at knot//net.minecraft.client.sounds.SoundManager.apply(SoundManager.java:122)
	at knot//net.minecraft.client.sounds.SoundManager.apply(SoundManager.java:41)
	at knot//net.minecraft.server.packs.resources.SimplePreparableReloadListener.lambda$reload$1(SimplePreparableReloadListener.java:15)
	at java.base/java.util.concurrent.CompletableFuture$UniAccept.tryFire(Unknown Source)
	at java.base/java.util.concurrent.CompletableFuture$Completion.run(Unknown Source)
	at knot//net.minecraft.server.packs.resources.SimpleReloadInstance.lambda$prepareTasks$3(SimpleReloadInstance.java:59)
	at knot//net.minecraft.util.thread.BlockableEventLoop.doRunTask(BlockableEventLoop.java:173)
	at knot//net.minecraft.util.thread.ReentrantBlockableEventLoop.doRunTask(ReentrantBlockableEventLoop.java:23)
	at knot//net.minecraft.util.thread.BlockableEventLoop.pollTask(BlockableEventLoop.java:147)
	at knot//net.minecraft.util.thread.BlockableEventLoop.runAllTasks(BlockableEventLoop.java:127)
	at knot//net.minecraft.client.Minecraft.runTick(Minecraft.java:1240)
	at knot//net.minecraft.client.Minecraft.run(Minecraft.java:967)
	at knot//net.minecraft.client.main.Main.main(Main.java:292)
	at net.fabricmc.loader.impl.game.minecraft.MinecraftGameProvider.launch(MinecraftGameProvider.java:517)
	at net.fabricmc.loader.impl.launch.knot.Knot.launch(Knot.java:72)
	at net.fabricmc.loader.impl.launch.knot.KnotClient.main(KnotClient.java:23)
[16:27:18] [Render thread/INFO]: Created: 512x256x0 minecraft:textures/atlas/particles.png-atlas
[16:27:18] [Render thread/INFO]: Created: 256x128x0 minecraft:textures/atlas/celestials.png-atlas
[16:27:18] [Render thread/INFO]: Created: 128x128x0 minecraft:textures/atlas/decorated_pot.png-atlas
[16:27:18] [Render thread/INFO]: Created: 512x256x0 minecraft:textures/atlas/paintings.png-atlas
[16:27:18] [Render thread/INFO]: Created: 1024x512x0 minecraft:textures/atlas/shield_patterns.png-atlas
[16:27:18] [Render thread/INFO]: Created: 1024x512x0 minecraft:textures/atlas/banner_patterns.png-atlas
[16:27:18] [Render thread/INFO]: Created: 2048x2048x4 minecraft:textures/atlas/blocks.png-atlas
[16:27:18] [Render thread/INFO]: Created: 1024x512x0 minecraft:textures/atlas/items.png-atlas
[16:27:18] [Render thread/INFO]: Created: 1024x1024x0 minecraft:textures/atlas/gui.png-atlas
[16:27:18] [Render thread/INFO]: Created: 128x64x0 minecraft:textures/atlas/map_decorations.png-atlas
[16:27:18] [Render thread/INFO]: Created: 512x512x0 minecraft:textures/atlas/chest.png-atlas
[16:27:18] [Render thread/INFO]: Created: 512x512x0 minecraft:textures/atlas/shulker_boxes.png-atlas
[16:27:18] [Render thread/WARN]: Requested post effect does not exist: minecraft:end_of_frame
[16:27:20] [Render thread/INFO]: [STDOUT]: [Peregrine self-test] PASS letting go of Alt goes back to first person
[16:27:20] [Render thread/INFO]: [STDOUT]: [Peregrine self-test] PASS particles: lava sparks are thinned out
[16:27:20] [Render thread/INFO]: [STDOUT]: [Peregrine self-test] PASS fullbright lights up dark places
[16:27:20] [Render thread/INFO]: [STDOUT]: [Peregrine self-test] PASS 1.7 animations: held item moves
[16:27:20] [Render thread/INFO]: [STDOUT]: [Peregrine self-test] PASS hitboxes draw without F3+B
[16:27:21] [Render thread/INFO]: [STDOUT]: [Peregrine self-test] PASS resource packs leave the menus alone (test pack's button and splash skipped)
[16:27:21] [Render thread/INFO]: [STDOUT]: [Peregrine self-test] PASS small totem: the totem in your hand is drawn smaller
[16:27:22] [Render thread/INFO]: [STDOUT]: [Peregrine self-test] PASS your own name tag shows in third person
[16:27:24] [Render thread/INFO]: [STDOUT]: [Peregrine self-test] PASS fog is pushed away
[16:27:24] [Render thread/INFO]: [STDOUT]: [Peregrine self-test] PASS block outline in the chosen color
[16:27:24] [Render thread/INFO]: [STDOUT]: [Peregrine self-test] PASS ores you can see get an outline
[16:27:24] [Render thread/INFO]: [STDOUT]: [Peregrine self-test] PASS the sky stops moving
[16:27:24] [Render thread/INFO]: [STDOUT]: [Peregrine self-test] PASS swing speed changes the swing
[16:27:26] [Render thread/INFO]: [STDOUT]: [Peregrine self-test] INFO hooks: seed=1000 offset=1000 model=1000 bedrock=12 items=135 crosshair=113 camera=31 particles=654 nightvision=212 animation=152 hitbox=134 nametag=64 scoreboard=0 fire=0 inventory=0 totem=76 packs=87 fog=47 outline=47 ores=47 sky=47 swing=1 sound=0
[16:27:26] [Render thread/INFO]: [STDOUT]: [Peregrine self-test] INFO counts {on:clear_weather=657262, keybind:clock=1, click@95,205/0=1, editor=240, click@159,102/0=1, click@83,47/0=1, zoom-hook=1615, click@73,44/1=1, click@183,106/0=1, click@10,4/0=1, zoom-active=50, click@229,51/0=1, menu=389, mouse=1, click@245,134/0=1, hud=1659, on:clean_edges=1659, click@95,51/0=1, click@159,85/0=1, click@162,51/0=1, click@341,89/0=1, click@122,82/0=1}
[16:27:26] [Render thread/INFO]: [STDOUT]: [Peregrine self-test] PASS finished with 0 failure(s)
[16:27:27] [Render thread/INFO]: Stopping!
[16:27:27] [Server thread/INFO]: Stopping server
[16:27:27] [Server thread/INFO]: Saving players
[16:27:27] [Server thread/INFO]: Tester lost connection: Disconnected
[16:27:27] [Server thread/INFO]: System chat: Tester left the game
[16:27:27] [Server thread/INFO]: Stopping singleplayer server as player logged out
[16:27:27] [Server thread/INFO]: Saving worlds
[16:27:28] [Server thread/INFO]: Saving chunks for level 'ServerLevel[world]'/minecraft:overworld
[16:27:28] [Server thread/INFO]: Saving chunks for level 'ServerLevel[world]'/minecraft:the_nether
[16:27:28] [Server thread/INFO]: Saving chunks for level 'ServerLevel[world]'/minecraft:the_end
