[16:27:39] [main/INFO]: Loading Minecraft 1.21.3 with Fabric Loader 0.19.5
[16:27:39] [main/WARN]: Warnings were found!
 - Mod 'Dynamic FPS' (dynamic_fps) 3.11.8 recommends any version of modmenu, which is missing!
	 - You should install any version of modmenu for the optimal experience.
[16:27:39] [main/INFO]: Loading 72 mods:
	- badoptimizations 2.4.1
	- cloth-config 16.0.143
	   \-- cloth-basic-math 0.6.1
	- clumps 21.0.0.2
	- dynamic_fps 3.11.8
	   \-- net_lostluma_battery 2.1.0
	- entityculling 1.11.3
	   |-- transition 1.0.26
	   \-- trender 1.0.17
	- fabric-api 0.114.1+1.21.3
	   |-- fabric-api-base 0.4.50+119c825640
	   |-- fabric-api-lookup-api-v1 1.6.81+fd37071f40
	   |-- fabric-biome-api-v1 14.0.7+add2a48640
	   |-- fabric-block-api-v1 1.0.28+fd37071f40
	   |-- fabric-block-view-api-v2 1.0.16+fd37071f40
	   |-- fabric-blockrenderlayer-v1 2.0.4+fd37071f40
	   |-- fabric-client-tags-api-v1 1.1.25+a730659c40
	   |-- fabric-command-api-v1 1.2.58+f71b366f40
	   |-- fabric-command-api-v2 2.2.37+c9d82ab240
	   |-- fabric-commands-v0 0.2.75+df3654b340
	   |-- fabric-content-registries-v0 9.1.8+fd37071f40
	   |-- fabric-convention-tags-v1 2.1.4+7f945d5b40
	   |-- fabric-convention-tags-v2 2.9.4+129f0c1f40
	   |-- fabric-crash-report-info-v1 0.3.3+fd37071f40
	   |-- fabric-data-attachment-api-v1 1.4.0+dbad41f140
	   |-- fabric-data-generation-api-v1 21.1.2+a730659c40
	   |-- fabric-dimensions-v1 4.0.7+fd37071f40
	   |-- fabric-entity-events-v1 2.0.8+825023f840
	   |-- fabric-events-interaction-v0 2.0.12+c2c3ac4740
	   |-- fabric-game-rule-api-v1 1.0.59+fd37071f40
	   |-- fabric-item-api-v1 11.1.7+fd37071f40
	   |-- fabric-item-group-api-v1 4.1.17+fd37071f40
	   |-- fabric-key-binding-api-v1 1.0.53+fd37071f40
	   |-- fabric-keybindings-v0 0.2.51+df3654b340
	   |-- fabric-lifecycle-events-v1 2.5.1+6da5ef6940
	   |-- fabric-loot-api-v2 3.0.26+3f89f5a540
	   |-- fabric-loot-api-v3 1.0.14+fd37071f40
	   |-- fabric-message-api-v1 6.0.22+5a9b22c640
	   |-- fabric-model-loading-api-v1 3.0.9+fd37071f40
	   |-- fabric-networking-api-v1 4.3.5+fd37071f40
	   |-- fabric-object-builder-api-v1 17.0.9+fd37071f40
	   |-- fabric-particles-v1 4.0.10+fd37071f40
	   |-- fabric-recipe-api-v1 7.0.5+8ea69ff840
	   |-- fabric-registry-sync-v0 5.4.1+3f3c499540
	   |-- fabric-renderer-api-v1 4.0.5+fd37071f40
	   |-- fabric-renderer-indigo 1.9.5+fd37071f40
	   |-- fabric-rendering-data-attachment-v1 0.3.54+73761d2e40
	   |-- fabric-rendering-fluids-v1 3.1.15+fd37071f40
	   |-- fabric-rendering-v0 1.1.84+df3654b340
	   |-- fabric-rendering-v1 8.0.8+6922831640
	   |-- fabric-resource-conditions-api-v1 5.0.8+fd37071f40
	   |-- fabric-resource-loader-v0 3.0.6+fd37071f40
	   |-- fabric-screen-api-v1 2.0.34+fd37071f40
	   |-- fabric-screen-handler-api-v1 1.3.103+fd37071f40
	   |-- fabric-sound-api-v1 1.0.29+fd37071f40
	   |-- fabric-tag-api-v1 1.0.0+a730659c40
	   |-- fabric-transfer-api-v1 5.4.3+cb44d14340
	   \-- fabric-transitive-access-wideners-v1 6.2.0+54a41b1c40
	- fabricloader 0.19.5
	   \-- mixinextras 0.5.5
	- ferritecore 7.1.0-hotfix
	- immediatelyfast 1.7.2+1.21.3
	   \-- net_lenni0451_reflect 1.3.4
	- java 21
	- lithium 0.14.6+mc1.21.3
	- minecraft 1.21.3
	- moreculling 1.1.1
	   |-- conditional-mixin 0.6.3
	   \-- mixinsquared 0.2.0
	- peregrine-client 1.0.1
	- scalablelux 0.1.1+fabric.452731d
	- sodium 0.6.13+mc1.21.3
[16:27:39] [main/INFO]: SpongePowered MIXIN Subsystem Version=0.8.7 Source=file:/home/runner/work/peregrine-launcher/peregrine-launcher/out/1.21.3/home/data/peregrine/libraries/net/fabricmc/sponge-mixin/0.17.4+mixin.0.8.7/sponge-mixin-0.17.4+mixin.0.8.7.jar Service=Knot/Fabric Env=CLIENT
[16:27:39] [main/INFO]: Config version: 6
[16:27:39] [main/INFO]: BadOptimizations is generating the config with default values
[16:27:39] [main/INFO]: Generating config file version 6
[16:27:40] [main/WARN]: Mod 'ferritecore' attempted to override option 'mixin.alloc.blockstate', which doesn't exist, ignoring
[16:27:40] [main/INFO]: Loaded configuration file for Lithium: 140 options available, 1 override(s) found
[16:27:40] [main/INFO]: Loaded configuration file for Sodium: 43 options available, 0 override(s) found
[16:27:40] [main/INFO]: Force-enabling mixin 'compat.transfer_api.TransferApiHelperMixin' as rule 'mixin.compat.transfer_api' (added by mods [lithium]) enables it
[16:27:40] [main/INFO]: Searching for graphics cards...
[16:27:40] [main/WARN]: Could not find any graphics adapters! Probably the device is not on a bus we can probe, or there are no devices supporting 3D acceleration.
[16:27:40] [main/WARN]: Unable to determine desktop session type because the environment variable XDG_SESSION_TYPE is not set! Your user session may not be configured correctly.
[16:27:40] [main/INFO]: Initializing MixinExtras via com.llamalad7.mixinextras.service.MixinExtrasServiceImpl(version=0.5.5).
[16:27:41] [Datafixer Bootstrap/INFO]: 237 Datafixer optimizations took 372 milliseconds
[16:27:45] [Render thread/INFO]: Environment: Environment[sessionHost=https://sessionserver.mojang.com, servicesHost=https://api.minecraftservices.com, name=PROD]
[16:27:45] [Render thread/INFO]: Setting user: Tester
[16:27:45] [Render thread/WARN]: Dynamic FPS config missing or corrupted! Using defaults.
[16:27:45] [Render thread/INFO]: [Indigo] Different rendering plugin detected; not applying Indigo.
[16:27:45] [Render thread/INFO]: [STDOUT]: [TRender] Initializing Client...
[16:27:45] [Render thread/INFO]: Backend library: LWJGL version 3.3.3-snapshot
[16:27:46] [Render thread/INFO]: OpenGL Vendor: Mesa
[16:27:46] [Render thread/INFO]: OpenGL Renderer: llvmpipe (LLVM 20.1.2, 256 bits)
[16:27:46] [Render thread/INFO]: OpenGL Version: 4.5 (Core Profile) Mesa 25.2.8-0ubuntu0.24.04.4
[16:27:46] [Render thread/INFO]: Initializing ImmediatelyFast 1.7.2+1.21.3 on llvmpipe (LLVM 20.1.2, 256 bits) (Mesa) with OpenGL 4.5 (Core Profile) Mesa 25.2.8-0ubuntu0.24.04.4
[16:27:46] [Render thread/WARN]: Removed resource pack badoptimizations from options because it is no longer compatible
[16:27:46] [Render thread/ERROR]: Error while loading the narrator
com.mojang.text2speech.Narrator$InitializeException: Failed to load library flite
	at knot/com.mojang.text2speech.NarratorLinux$FliteLibrary.loadNative(NarratorLinux.java:69) ~[text2speech-1.17.9.jar:?]
	at knot/com.mojang.text2speech.NarratorLinux.<init>(NarratorLinux.java:18) ~[text2speech-1.17.9.jar:?]
	at knot/com.mojang.text2speech.Narrator.getNarrator(Narrator.java:41) [text2speech-1.17.9.jar:?]
	at knot/net.minecraft.class_333.<init>(class_333.java:19) [client-intermediary.jar:?]
	at knot/net.minecraft.class_310.<init>(class_310.java:700) [client-intermediary.jar:?]
	at knot/net.minecraft.client.main.Main.main(Main.java:248) [client-intermediary.jar:?]
	at net.fabricmc.loader.impl.game.minecraft.MinecraftGameProvider.launch(MinecraftGameProvider.java:517) [fabric-loader-0.19.5.jar:?]
	at net.fabricmc.loader.impl.launch.knot.Knot.launch(Knot.java:72) [fabric-loader-0.19.5.jar:?]
	at net.fabricmc.loader.impl.launch.knot.KnotClient.main(KnotClient.java:23) [fabric-loader-0.19.5.jar:?]
Caused by: java.lang.UnsatisfiedLinkError: Unable to load library 'flite':
libflite.so: cannot open shared object file: No such file or directory
libflite.so: cannot open shared object file: No such file or directory
Native library (linux-x86-64/libflite.so) not found in resource path (/home/runner/work/peregrine-launcher/peregrine-launcher/out/1.21.3/home/data/peregrine/libraries/org/ow2/asm/asm/9.10.1/asm-9.10.1.jar:/home/runner/work/peregrine-launcher/peregrine-launcher/out/1.21.3/home/data/peregrine/libraries/org/ow2/asm/asm-analysis/9.10.1/asm-analysis-9.10.1.jar:/home/runner/work/peregrine-launcher/peregrine-launcher/out/1.21.3/home/data/peregrine/libraries/org/ow2/asm/asm-commons/9.10.1/asm-commons-9.10.1.jar:/home/runner/work/peregrine-launcher/peregrine-launcher/out/1.21.3/home/data/peregrine/libraries/org/ow2/asm/asm-tree/9.10.1/asm-tree-9.10.1.jar:/home/runner/work/peregrine-launcher/peregrine-launcher/out/1.21.3/home/data/peregrine/libraries/org/ow2/asm/asm-util/9.10.1/asm-util-9.10.1.jar:/home/runner/work/peregrine-launcher/peregrine-launcher/out/1.21.3/home/data/peregrine/libraries/net/fabricmc/sponge-mixin/0.17.4+mixin.0.8.7/sponge-mixin-0.17.4+mixin.0.8.7.jar:/home/runner/work/peregrine-launcher/peregrine-launcher/out/1.21.3/home/data/peregrine/libraries/net/fabricmc/intermediary/1.21.3/intermediary-1.21.3.jar:/home/runner/work/peregrine-launcher/peregrine-launcher/out/1.21.3/home/data/peregrine/libraries/net/fabricmc/fabric-loader/0.19.5/fabric-loader-0.19.5.jar:/home/runner/work/peregrine-launcher/peregrine-launcher/out/1.21.3/home/data/peregrine/libraries/com/fasterxml/jackson/core/jackson-annotations/2.13.4/jackson-annotations-2.13.4.jar:/home/runner/work/peregrine-launcher/peregrine-launcher/out/1.21.3/home/data/peregrine/libraries/com/fasterxml/jackson/core/jackson-core/2.13.4/jackson-core-2.13.4.jar:/home/runner/work/peregrine-launcher/peregrine-launcher/out/1.21.3/home/data/peregrine/libraries/com/fasterxml/jackson/core/jackson-databind/2.13.4.2/jackson-databind-2.13.4.2.jar:/home/runner/work/peregrine-launcher/peregrine-launcher/out/1.21.3/home/data/peregrine/libraries/com/github/oshi/oshi-core/6.4.10/oshi-core-6.4.10.jar:/home/runner/work/peregrine-launcher/peregrine-launcher/out/1.21.3/home/data/peregrine/libraries/com/github/stephenc/jcip/jcip-annotations/1.0-1/jcip-annotations-1.0-1.jar:/home/runner/work/peregrine-launcher/peregrine-launcher/out/1.21.3/home/data/peregrine/libraries/com/google/code/gson/gson/2.10.1/gson-2.10.1.jar:/home/runner/work/peregrine-launcher/peregrine-launcher/out/1.21.3/home/data/peregrine/libraries/com/google/guava/failureaccess/1.0.1/failureaccess-1.0.1.jar:/home/runner/work/peregrine-launcher/peregrine-launcher/out/1.21.3/home/data/peregrine/libraries/com/google/guava/guava/32.1.2-jre/guava-32.1.2-jre.jar:/home/runner/work/peregrine-launcher/peregrine-launcher/out/1.21.3/home/data/peregrine/libraries/com/ibm/icu/icu4j/73.2/icu4j-73.2.jar:/home/runner/work/peregrine-launcher/peregrine-launcher/out/1.21.3/home/data/peregrine/libraries/com/microsoft/azure/msal4j/1.15.0/msal4j-1.15.0.jar:/home/runner/work/peregrine-launcher/peregrine-launcher/out/1.21.3/home/data/peregrine/libraries/com/mojang/authlib/6.0.55/authlib-6.0.55.jar:/home/runner/work/peregrine-launcher/peregrine-launcher/out/1.21.3/home/data/peregrine/libraries/com/mojang/blocklist/1.0.10/blocklist-1.0.10.jar:/home/runner/work/peregrine-launcher/peregrine-launcher/out/1.21.3/home/data/peregrine/libraries/com/mojang/brigadier/1.3.10/brigadier-1.3.10.jar:/home/runner/work/peregrine-launcher/peregrine-launcher/out/1.21.3/home/data/peregrine/libraries/com/mojang/datafixerupper/8.0.16/datafixerupper-8.0.16.jar:/home/runner/work/peregrine-launcher/peregrine-launcher/out/1.21.3/home/data/peregrine/libraries/com/mojang/jtracy/1.0.29/jtracy-1.0.29.jar:/home/runner/work/peregrine-launcher/peregrine-launcher/out/1.21.3/home/data/peregrine/libraries/com/mojang/jtracy/1.0.29/jtracy-1.0.29-natives-linux.jar:/home/runner/work/peregrine-launcher/peregrine-launcher/out/1.21.3/home/data/peregrine/libraries/com/mojang/logging/1.4.9/logging-1.4.9.jar:/home/runner/work/peregrine-launcher/peregrine-launcher/out/1.21.3/home/data/peregrine/libraries/com/mojang/patchy/2.2.10/patchy-2.2.10.jar:/home/runner/work/peregrine-launcher/peregrine-launcher/out/1.21.3/home/data/peregrine/libraries/com/mojang/text2speech/1.17.9/text2speech-1.17.9.jar:/home/runner/work/peregrine-launcher/peregrine-launcher/out/1.21.3/home/data/peregrine/libraries/com/nimbusds/content-type/2.3/content-type-2.3.jar:/home/runner/work/peregrine-launcher/peregrine-launcher/out/1.21.3/home/data/peregrine/libraries/com/nimbusds/lang-tag/1.7/lang-tag-1.7.jar:/home/runner/work/peregrine-launcher/peregrine-launcher/out/1.21.3/home/data/peregrine/libraries/com/nimbusds/nimbus-jose-jwt/9.37.3/nimbus-jose-jwt-9.37.3.jar:/home/runner/work/peregrine-launcher/peregrine-launcher/out/1.21.3/home/data/peregrine/libraries/com/nimbusds/oauth2-oidc-sdk/11.9.1/oauth2-oidc-sdk-11.9.1.jar:/home/runner/work/peregrine-launcher/peregrine-launcher/out/1.21.3/home/data/peregrine/libraries/commons-codec/commons-codec/1.16.0/commons-codec-1.16.0.jar:/home/runner/work/peregrine-launcher/peregrine-launcher/out/1.21.3/home/data/peregrine/libraries/commons-io/commons-io/2.15.1/commons-io-2.15.1.jar:/home/runner/work/peregrine-launcher/peregrine-launcher/out/1.21.3/home/data/peregrine/libraries/commons-logging/commons-logging/1.2/commons-logging-1.2.jar:/home/runner/work/peregrine-launcher/peregrine-launcher/out/1.21.3/home/data/peregrine/libraries/io/netty/netty-buffer/4.1.97.Final/netty-buffer-4.1.97.Final.jar:/home/runner/work/peregrine-launcher/peregrine-launcher/out/1.21.3/home/data/peregrine/libraries/io/netty/netty-codec/4.1.97.Final/netty-codec-4.1.97.Final.jar:/home/runner/work/peregrine-launcher/peregrine-launcher/out/1.21.3/home/data/peregrine/libraries/io/netty/netty-common/4.1.97.Final/netty-common-4.1.97.Final.jar:/home/runner/work/peregrine-launcher/peregrine-launcher/out/1.21.3/home/data/peregrine/libraries/io/netty/netty-handler/4.1.97.Final/netty-handler-4.1.97.Final.jar:/home/runner/work/peregrine-launcher/peregrine-launcher/out/1.21.3/home/data/peregrine/libraries/io/netty/netty-resolver/4.1.97.Final/netty-resolver-4.1.97.Final.jar:/home/runner/work/peregrine-launcher/peregrine-launcher/out/1.21.3/home/data/peregrine/libraries/io/netty/netty-transport-classes-epoll/4.1.97.Final/netty-transport-classes-epoll-4.1.97.Final.jar:/home/runner/work/peregrine-launcher/peregrine-launcher/out/1.21.3/home/data/peregrine/libraries/io/netty/netty-transport-native-epoll/4.1.97.Final/netty-transport-native-epoll-4.1.97.Final-linux-aarch_64.jar:/home/runner/work/peregrine-launcher/peregrine-launcher/out/1.21.3/home/data/peregrine/libraries/io/netty/netty-transport-native-epoll/4.1.97.Final/netty-transport-native-epoll-4.1.97.Final-linux-x86_64.jar:/home/runner/work/peregrine-launcher/peregrine-launcher/out/1.21.3/home/data/peregrine/libraries/io/netty/netty-transport-native-unix-common/4.1.97.Final/netty-transport-native-unix-common-4.1.97.Final.jar:/home/runner/work/peregrine-launcher/peregrine-launcher/out/1.21.3/home/data/peregrine/libraries/io/netty/netty-transport/4.1.97.Final/netty-transport-4.1.97.Final.jar:/home/runner/work/peregrine-launcher/peregrine-launcher/out/1.21.3/home/data/peregrine/libraries/it/unimi/dsi/fastutil/8.5.12/fastutil-8.5.12.jar:/home/runner/work/peregrine-launcher/peregrine-launcher/out/1.21.3/home/data/peregrine/libraries/net/java/dev/jna/jna-platform/5.14.0/jna-platform-5.14.0.jar:/home/runner/work/peregrine-launcher/peregrine-launcher/out/1.21.3/home/data/peregrine/libraries/net/java/dev/jna/jna/5.14.0/jna-5.14.0.jar:/home/runner/work/peregrine-launcher/peregrine-launcher/out/1.21.3/home/data/peregrine/libraries/net/minidev/accessors-smart/2.5.0/accessors-smart-2.5.0.jar:/home/runner/work/peregrine-launcher/peregrine-launcher/out/1.21.3/home/data/peregrine/libraries/net/minidev/json-smart/2.5.0/json-smart-2.5.0.jar:/home/runner/work/peregrine-launcher/peregrine-launcher/out/1.21.3/home/data/peregrine/libraries/net/sf/jopt-simple/jopt-simple/5.0.4/jopt-simple-5.0.4.jar:/home/runner/work/peregrine-launcher/peregrine-launcher/out/1.21.3/home/data/peregrine/libraries/org/apache/commons/commons-compress/1.26.0/commons-compress-1.26.0.jar:/home/runner/work/peregrine-launcher/peregrine-launcher/out/1.21.3/home/data/peregrine/libraries/org/apache/commons/commons-lang3/3.14.0/commons-lang3-3.14.0.jar:/home/runner/work/peregrine-launcher/peregrine-launcher/out/1.21.3/home/data/peregrine/libraries/org/apache/httpcomponents/httpclient/4.5.13/httpclient-4.5.13.jar:/home/runner/work/peregrine-launcher/peregrine-launcher/out/1.21.3/home/data/peregrine/libraries/org/apache/httpcomponents/httpcore/4.4.16/httpcore-4.4.16.jar:/home/runner/work/peregrine-launcher/peregrine-launcher/out/1.21.3/home/data/peregrine/libraries/org/apache/logging/log4j/log4j-api/2.22.1/log4j-api-2.22.1.jar:/home/runner/work/peregrine-launcher/peregrine-launcher/out/1.21.3/home/data/peregrine/libraries/org/apache/logging/log4j/log4j-core/2.22.1/log4j-core-2.22.1.jar:/home/runner/work/peregrine-launcher/peregrine-launcher/out/1.21.3/home/data/peregrine/libraries/org/apache/logging/log4j/log4j-slf4j2-impl/2.22.1/log4j-slf4j2-impl-2.22.1.jar:/home/runner/work/peregrine-launcher/peregrine-launcher/out/1.21.3/home/data/peregrine/libraries/org/jcraft/jorbis/0.0.17/jorbis-0.0.17.jar:/home/runner/work/peregrine-launcher/peregrine-launcher/out/1.21.3/home/data/peregrine/libraries/org/joml/joml/1.10.5/joml-1.10.5.jar:/home/runner/work/peregrine-launcher/peregrine-launcher/out/1.21.3/home/data/peregrine/libraries/org/lwjgl/lwjgl-freetype/3.3.3/lwjgl-freetype-3.3.3.jar:/home/runner/work/peregrine-launcher/peregrine-launcher/out/1.21.3/home/data/peregrine/libraries/org/lwjgl/lwjgl-freetype/3.3.3/lwjgl-freetype-3.3.3-natives-linux.jar:/home/runner/work/peregrine-launcher/peregrine-launcher/out/1.21.3/home/data/peregrine/libraries/org/lwjgl/lwjgl-glfw/3.3.3/lwjgl-glfw-3.3.3.jar:/home/runner/work/peregrine-launcher/peregrine-launcher/out/1.21.3/home/data/peregrine/libraries/org/lwjgl/lwjgl-glfw/3.3.3/lwjgl-glfw-3.3.3-natives-linux.jar:/home/runner/work/peregrine-launcher/peregrine-launcher/out/1.21.3/home/data/peregrine/libraries/org/lwjgl/lwjgl-jemalloc/3.3.3/lwjgl-jemalloc-3.3.3.jar:/home/runner/work/peregrine-launcher/peregrine-launcher/out/1.21.3/home/data/peregrine/libraries/org/lwjgl/lwjgl-jemalloc/3.3.3/lwjgl-jemalloc-3.3.3-natives-linux.jar:/home/runner/work/peregrine-launcher/peregrine-launcher/out/1.21.3/home/data/peregrine/libraries/org/lwjgl/lwjgl-openal/3.3.3/lwjgl-openal-3.3.3.jar:/home/runner/work/peregrine-launcher/peregrine-launcher/out/1.21.3/home/data/peregrine/libraries/org/lwjgl/lwjgl-openal/3.3.3/lwjgl-openal-3.3.3-natives-linux.jar:/home/runner/work/peregrine-launcher/peregrine-launcher/out/1.21.3/home/data/peregrine/libraries/org/lwjgl/lwjgl-opengl/3.3.3/lwjgl-opengl-3.3.3.jar:/home/runner/work/peregrine-launcher/peregrine-launcher/out/1.21.3/home/data/peregrine/libraries/org/lwjgl/lwjgl-opengl/3.3.3/lwjgl-opengl-3.3.3-natives-linux.jar:/home/runner/work/peregrine-launcher/peregrine-launcher/out/1.21.3/home/data/peregrine/libraries/org/lwjgl/lwjgl-stb/3.3.3/lwjgl-stb-3.3.3.jar:/home/runner/work/peregrine-launcher/peregrine-launcher/out/1.21.3/home/data/peregrine/libraries/org/lwjgl/lwjgl-stb/3.3.3/lwjgl-stb-3.3.3-natives-linux.jar:/home/runner/work/peregrine-launcher/peregrine-launcher/out/1.21.3/home/data/peregrine/libraries/org/lwjgl/lwjgl-tinyfd/3.3.3/lwjgl-tinyfd-3.3.3.jar:/home/runner/work/peregrine-launcher/peregrine-launcher/out/1.21.3/home/data/peregrine/libraries/org/lwjgl/lwjgl-tinyfd/3.3.3/lwjgl-tinyfd-3.3.3-natives-linux.jar:/home/runner/work/peregrine-launcher/peregrine-launcher/out/1.21.3/home/data/peregrine/libraries/org/lwjgl/lwjgl/3.3.3/lwjgl-3.3.3.jar:/home/runner/work/peregrine-launcher/peregrine-launcher/out/1.21.3/home/data/peregrine/libraries/org/lwjgl/lwjgl/3.3.3/lwjgl-3.3.3-natives-linux.jar:/home/runner/work/peregrine-launcher/peregrine-launcher/out/1.21.3/home/data/peregrine/libraries/org/lz4/lz4-java/1.8.0/lz4-java-1.8.0.jar:/home/runner/work/peregrine-launcher/peregrine-launcher/out/1.21.3/home/data/peregrine/libraries/org/slf4j/slf4j-api/2.0.9/slf4j-api-2.0.9.jar:/home/runner/work/peregrine-launcher/peregrine-launcher/out/1.21.3/home/data/peregrine/versions/1.21.3/1.21.3.jar)
	at knot/com.sun.jna.NativeLibrary.loadLibrary(NativeLibrary.java:325) ~[jna-5.14.0.jar:?]
	at knot/com.sun.jna.NativeLibrary.getInstance(NativeLibrary.java:481) ~[jna-5.14.0.jar:?]
	at knot/com.sun.jna.NativeLibrary.getInstance(NativeLibrary.java:423) ~[jna-5.14.0.jar:?]
	at knot/com.mojang.text2speech.NarratorLinux$FliteLibrary.loadNative(NarratorLinux.java:67) ~[text2speech-1.17.9.jar:?]
	... 8 more
	Suppressed: java.lang.UnsatisfiedLinkError: libflite.so: cannot open shared object file: No such file or directory
		at knot/com.sun.jna.Native.open(Native Method) ~[jna-5.14.0.jar:?]
		at knot/com.sun.jna.NativeLibrary.loadLibrary(NativeLibrary.java:213) ~[jna-5.14.0.jar:?]
		at knot/com.sun.jna.NativeLibrary.getInstance(NativeLibrary.java:481) ~[jna-5.14.0.jar:?]
		at knot/com.sun.jna.NativeLibrary.getInstance(NativeLibrary.java:423) ~[jna-5.14.0.jar:?]
		at knot/com.mojang.text2speech.NarratorLinux$FliteLibrary.loadNative(NarratorLinux.java:67) ~[text2speech-1.17.9.jar:?]
		at knot/com.mojang.text2speech.NarratorLinux.<init>(NarratorLinux.java:18) ~[text2speech-1.17.9.jar:?]
		at knot/com.mojang.text2speech.Narrator.getNarrator(Narrator.java:41) [text2speech-1.17.9.jar:?]
		at knot/net.minecraft.class_333.<init>(class_333.java:19) [client-intermediary.jar:?]
		at knot/net.minecraft.class_310.<init>(class_310.java:700) [client-intermediary.jar:?]
		at knot/net.minecraft.client.main.Main.main(Main.java:248) [client-intermediary.jar:?]
		at net.fabricmc.loader.impl.game.minecraft.MinecraftGameProvider.launch(MinecraftGameProvider.java:517) [fabric-loader-0.19.5.jar:?]
		at net.fabricmc.loader.impl.launch.knot.Knot.launch(Knot.java:72) [fabric-loader-0.19.5.jar:?]
		at net.fabricmc.loader.impl.launch.knot.KnotClient.main(KnotClient.java:23) [fabric-loader-0.19.5.jar:?]
	Suppressed: java.lang.UnsatisfiedLinkError: libflite.so: cannot open shared object file: No such file or directory
		at knot/com.sun.jna.Native.open(Native Method) ~[jna-5.14.0.jar:?]
		at knot/com.sun.jna.NativeLibrary.loadLibrary(NativeLibrary.java:226) ~[jna-5.14.0.jar:?]
		at knot/com.sun.jna.NativeLibrary.getInstance(NativeLibrary.java:481) ~[jna-5.14.0.jar:?]
		at knot/com.sun.jna.NativeLibrary.getInstance(NativeLibrary.java:423) ~[jna-5.14.0.jar:?]
		at knot/com.mojang.text2speech.NarratorLinux$FliteLibrary.loadNative(NarratorLinux.java:67) ~[text2speech-1.17.9.jar:?]
		at knot/com.mojang.text2speech.NarratorLinux.<init>(NarratorLinux.java:18) ~[text2speech-1.17.9.jar:?]
		at knot/com.mojang.text2speech.Narrator.getNarrator(Narrator.java:41) [text2speech-1.17.9.jar:?]
		at knot/net.minecraft.class_333.<init>(class_333.java:19) [client-intermediary.jar:?]
		at knot/net.minecraft.class_310.<init>(class_310.java:700) [client-intermediary.jar:?]
		at knot/net.minecraft.client.main.Main.main(Main.java:248) [client-intermediary.jar:?]
		at net.fabricmc.loader.impl.game.minecraft.MinecraftGameProvider.launch(MinecraftGameProvider.java:517) [fabric-loader-0.19.5.jar:?]
		at net.fabricmc.loader.impl.launch.knot.Knot.launch(Knot.java:72) [fabric-loader-0.19.5.jar:?]
		at net.fabricmc.loader.impl.launch.knot.KnotClient.main(KnotClient.java:23) [fabric-loader-0.19.5.jar:?]
	Suppressed: java.io.IOException: Native library (linux-x86-64/libflite.so) not found in resource path (/home/runner/work/peregrine-launcher/peregrine-launcher/out/1.21.3/home/data/peregrine/libraries/org/ow2/asm/asm/9.10.1/asm-9.10.1.jar:/home/runner/work/peregrine-launcher/peregrine-launcher/out/1.21.3/home/data/peregrine/libraries/org/ow2/asm/asm-analysis/9.10.1/asm-analysis-9.10.1.jar:/home/runner/work/peregrine-launcher/peregrine-launcher/out/1.21.3/home/data/peregrine/libraries/org/ow2/asm/asm-commons/9.10.1/asm-commons-9.10.1.jar:/home/runner/work/peregrine-launcher/peregrine-launcher/out/1.21.3/home/data/peregrine/libraries/org/ow2/asm/asm-tree/9.10.1/asm-tree-9.10.1.jar:/home/runner/work/peregrine-launcher/peregrine-launcher/out/1.21.3/home/data/peregrine/libraries/org/ow2/asm/asm-util/9.10.1/asm-util-9.10.1.jar:/home/runner/work/peregrine-launcher/peregrine-launcher/out/1.21.3/home/data/peregrine/libraries/net/fabricmc/sponge-mixin/0.17.4+mixin.0.8.7/sponge-mixin-0.17.4+mixin.0.8.7.jar:/home/runner/work/peregrine-launcher/peregrine-launcher/out/1.21.3/home/data/peregrine/libraries/net/fabricmc/intermediary/1.21.3/intermediary-1.21.3.jar:/home/runner/work/peregrine-launcher/peregrine-launcher/out/1.21.3/home/data/peregrine/libraries/net/fabricmc/fabric-loader/0.19.5/fabric-loader-0.19.5.jar:/home/runner/work/peregrine-launcher/peregrine-launcher/out/1.21.3/home/data/peregrine/libraries/com/fasterxml/jackson/core/jackson-annotations/2.13.4/jackson-annotations-2.13.4.jar:/home/runner/work/peregrine-launcher/peregrine-launcher/out/1.21.3/home/data/peregrine/libraries/com/fasterxml/jackson/core/jackson-core/2.13.4/jackson-core-2.13.4.jar:/home/runner/work/peregrine-launcher/peregrine-launcher/out/1.21.3/home/data/peregrine/libraries/com/fasterxml/jackson/core/jackson-databind/2.13.4.2/jackson-databind-2.13.4.2.jar:/home/runner/work/peregrine-launcher/peregrine-launcher/out/1.21.3/home/data/peregrine/libraries/com/github/oshi/oshi-core/6.4.10/oshi-core-6.4.10.jar:/home/runner/work/peregrine-launcher/peregrine-launcher/out/1.21.3/home/data/peregrine/libraries/com/github/stephenc/jcip/jcip-annotations/1.0-1/jcip-annotations-1.0-1.jar:/home/runner/work/peregrine-launcher/peregrine-launcher/out/1.21.3/home/data/peregrine/libraries/com/google/code/gson/gson/2.10.1/gson-2.10.1.jar:/home/runner/work/peregrine-launcher/peregrine-launcher/out/1.21.3/home/data/peregrine/libraries/com/google/guava/failureaccess/1.0.1/failureaccess-1.0.1.jar:/home/runner/work/peregrine-launcher/peregrine-launcher/out/1.21.3/home/data/peregrine/libraries/com/google/guava/guava/32.1.2-jre/guava-32.1.2-jre.jar:/home/runner/work/peregrine-launcher/peregrine-launcher/out/1.21.3/home/data/peregrine/libraries/com/ibm/icu/icu4j/73.2/icu4j-73.2.jar:/home/runner/work/peregrine-launcher/peregrine-launcher/out/1.21.3/home/data/peregrine/libraries/com/microsoft/azure/msal4j/1.15.0/msal4j-1.15.0.jar:/home/runner/work/peregrine-launcher/peregrine-launcher/out/1.21.3/home/data/peregrine/libraries/com/mojang/authlib/6.0.55/authlib-6.0.55.jar:/home/runner/work/peregrine-launcher/peregrine-launcher/out/1.21.3/home/data/peregrine/libraries/com/mojang/blocklist/1.0.10/blocklist-1.0.10.jar:/home/runner/work/peregrine-launcher/peregrine-launcher/out/1.21.3/home/data/peregrine/libraries/com/mojang/brigadier/1.3.10/brigadier-1.3.10.jar:/home/runner/work/peregrine-launcher/peregrine-launcher/out/1.21.3/home/data/peregrine/libraries/com/mojang/datafixerupper/8.0.16/datafixerupper-8.0.16.jar:/home/runner/work/peregrine-launcher/peregrine-launcher/out/1.21.3/home/data/peregrine/libraries/com/mojang/jtracy/1.0.29/jtracy-1.0.29.jar:/home/runner/work/peregrine-launcher/peregrine-launcher/out/1.21.3/home/data/peregrine/libraries/com/mojang/jtracy/1.0.29/jtracy-1.0.29-natives-linux.jar:/home/runner/work/peregrine-launcher/peregrine-launcher/out/1.21.3/home/data/peregrine/libraries/com/mojang/logging/1.4.9/logging-1.4.9.jar:/home/runner/work/peregrine-launcher/peregrine-launcher/out/1.21.3/home/data/peregrine/libraries/com/mojang/patchy/2.2.10/patchy-2.2.10.jar:/home/runner/work/peregrine-launcher/peregrine-launcher/out/1.21.3/home/data/peregrine/libraries/com/mojang/text2speech/1.17.9/text2speech-1.17.9.jar:/home/runner/work/peregrine-launcher/peregrine-launcher/out/1.21.3/home/data/peregrine/libraries/com/nimbusds/content-type/2.3/content-type-2.3.jar:/home/runner/work/peregrine-launcher/peregrine-launcher/out/1.21.3/home/data/peregrine/libraries/com/nimbusds/lang-tag/1.7/lang-tag-1.7.jar:/home/runner/work/peregrine-launcher/peregrine-launcher/out/1.21.3/home/data/peregrine/libraries/com/nimbusds/nimbus-jose-jwt/9.37.3/nimbus-jose-jwt-9.37.3.jar:/home/runner/work/peregrine-launcher/peregrine-launcher/out/1.21.3/home/data/peregrine/libraries/com/nimbusds/oauth2-oidc-sdk/11.9.1/oauth2-oidc-sdk-11.9.1.jar:/home/runner/work/peregrine-launcher/peregrine-launcher/out/1.21.3/home/data/peregrine/libraries/commons-codec/commons-codec/1.16.0/commons-codec-1.16.0.jar:/home/runner/work/peregrine-launcher/peregrine-launcher/out/1.21.3/home/data/peregrine/libraries/commons-io/commons-io/2.15.1/commons-io-2.15.1.jar:/home/runner/work/peregrine-launcher/peregrine-launcher/out/1.21.3/home/data/peregrine/libraries/commons-logging/commons-logging/1.2/commons-logging-1.2.jar:/home/runner/work/peregrine-launcher/peregrine-launcher/out/1.21.3/home/data/peregrine/libraries/io/netty/netty-buffer/4.1.97.Final/netty-buffer-4.1.97.Final.jar:/home/runner/work/peregrine-launcher/peregrine-launcher/out/1.21.3/home/data/peregrine/libraries/io/netty/netty-codec/4.1.97.Final/netty-codec-4.1.97.Final.jar:/home/runner/work/peregrine-launcher/peregrine-launcher/out/1.21.3/home/data/peregrine/libraries/io/netty/netty-common/4.1.97.Final/netty-common-4.1.97.Final.jar:/home/runner/work/peregrine-launcher/peregrine-launcher/out/1.21.3/home/data/peregrine/libraries/io/netty/netty-handler/4.1.97.Final/netty-handler-4.1.97.Final.jar:/home/runner/work/peregrine-launcher/peregrine-launcher/out/1.21.3/home/data/peregrine/libraries/io/netty/netty-resolver/4.1.97.Final/netty-resolver-4.1.97.Final.jar:/home/runner/work/peregrine-launcher/peregrine-launcher/out/1.21.3/home/data/peregrine/libraries/io/netty/netty-transport-classes-epoll/4.1.97.Final/netty-transport-classes-epoll-4.1.97.Final.jar:/home/runner/work/peregrine-launcher/peregrine-launcher/out/1.21.3/home/data/peregrine/libraries/io/netty/netty-transport-native-epoll/4.1.97.Final/netty-transport-native-epoll-4.1.97.Final-linux-aarch_64.jar:/home/runner/work/peregrine-launcher/peregrine-launcher/out/1.21.3/home/data/peregrine/libraries/io/netty/netty-transport-native-epoll/4.1.97.Final/netty-transport-native-epoll-4.1.97.Final-linux-x86_64.jar:/home/runner/work/peregrine-launcher/peregrine-launcher/out/1.21.3/home/data/peregrine/libraries/io/netty/netty-transport-native-unix-common/4.1.97.Final/netty-transport-native-unix-common-4.1.97.Final.jar:/home/runner/work/peregrine-launcher/peregrine-launcher/out/1.21.3/home/data/peregrine/libraries/io/netty/netty-transport/4.1.97.Final/netty-transport-4.1.97.Final.jar:/home/runner/work/peregrine-launcher/peregrine-launcher/out/1.21.3/home/data/peregrine/libraries/it/unimi/dsi/fastutil/8.5.12/fastutil-8.5.12.jar:/home/runner/work/peregrine-launcher/peregrine-launcher/out/1.21.3/home/data/peregrine/libraries/net/java/dev/jna/jna-platform/5.14.0/jna-platform-5.14.0.jar:/home/runner/work/peregrine-launcher/peregrine-launcher/out/1.21.3/home/data/peregrine/libraries/net/java/dev/jna/jna/5.14.0/jna-5.14.0.jar:/home/runner/work/peregrine-launcher/peregrine-launcher/out/1.21.3/home/data/peregrine/libraries/net/minidev/accessors-smart/2.5.0/accessors-smart-2.5.0.jar:/home/runner/work/peregrine-launcher/peregrine-launcher/out/1.21.3/home/data/peregrine/libraries/net/minidev/json-smart/2.5.0/json-smart-2.5.0.jar:/home/runner/work/peregrine-launcher/peregrine-launcher/out/1.21.3/home/data/peregrine/libraries/net/sf/jopt-simple/jopt-simple/5.0.4/jopt-simple-5.0.4.jar:/home/runner/work/peregrine-launcher/peregrine-launcher/out/1.21.3/home/data/peregrine/libraries/org/apache/commons/commons-compress/1.26.0/commons-compress-1.26.0.jar:/home/runner/work/peregrine-launcher/peregrine-launcher/out/1.21.3/home/data/peregrine/libraries/org/apache/commons/commons-lang3/3.14.0/commons-lang3-3.14.0.jar:/home/runner/work/peregrine-launcher/peregrine-launcher/out/1.21.3/home/data/peregrine/libraries/org/apache/httpcomponents/httpclient/4.5.13/httpclient-4.5.13.jar:/home/runner/work/peregrine-launcher/peregrine-launcher/out/1.21.3/home/data/peregrine/libraries/org/apache/httpcomponents/httpcore/4.4.16/httpcore-4.4.16.jar:/home/runner/work/peregrine-launcher/peregrine-launcher/out/1.21.3/home/data/peregrine/libraries/org/apache/logging/log4j/log4j-api/2.22.1/log4j-api-2.22.1.jar:/home/runner/work/peregrine-launcher/peregrine-launcher/out/1.21.3/home/data/peregrine/libraries/org/apache/logging/log4j/log4j-core/2.22.1/log4j-core-2.22.1.jar:/home/runner/work/peregrine-launcher/peregrine-launcher/out/1.21.3/home/data/peregrine/libraries/org/apache/logging/log4j/log4j-slf4j2-impl/2.22.1/log4j-slf4j2-impl-2.22.1.jar:/home/runner/work/peregrine-launcher/peregrine-launcher/out/1.21.3/home/data/peregrine/libraries/org/jcraft/jorbis/0.0.17/jorbis-0.0.17.jar:/home/runner/work/peregrine-launcher/peregrine-launcher/out/1.21.3/home/data/peregrine/libraries/org/joml/joml/1.10.5/joml-1.10.5.jar:/home/runner/work/peregrine-launcher/peregrine-launcher/out/1.21.3/home/data/peregrine/libraries/org/lwjgl/lwjgl-freetype/3.3.3/lwjgl-freetype-3.3.3.jar:/home/runner/work/peregrine-launcher/peregrine-launcher/out/1.21.3/home/data/peregrine/libraries/org/lwjgl/lwjgl-freetype/3.3.3/lwjgl-freetype-3.3.3-natives-linux.jar:/home/runner/work/peregrine-launcher/peregrine-launcher/out/1.21.3/home/data/peregrine/libraries/org/lwjgl/lwjgl-glfw/3.3.3/lwjgl-glfw-3.3.3.jar:/home/runner/work/peregrine-launcher/peregrine-launcher/out/1.21.3/home/data/peregrine/libraries/org/lwjgl/lwjgl-glfw/3.3.3/lwjgl-glfw-3.3.3-natives-linux.jar:/home/runner/work/peregrine-launcher/peregrine-launcher/out/1.21.3/home/data/peregrine/libraries/org/lwjgl/lwjgl-jemalloc/3.3.3/lwjgl-jemalloc-3.3.3.jar:/home/runner/work/peregrine-launcher/peregrine-launcher/out/1.21.3/home/data/peregrine/libraries/org/lwjgl/lwjgl-jemalloc/3.3.3/lwjgl-jemalloc-3.3.3-natives-linux.jar:/home/runner/work/peregrine-launcher/peregrine-launcher/out/1.21.3/home/data/peregrine/libraries/org/lwjgl/lwjgl-openal/3.3.3/lwjgl-openal-3.3.3.jar:/home/runner/work/peregrine-launcher/peregrine-launcher/out/1.21.3/home/data/peregrine/libraries/org/lwjgl/lwjgl-openal/3.3.3/lwjgl-openal-3.3.3-natives-linux.jar:/home/runner/work/peregrine-launcher/peregrine-launcher/out/1.21.3/home/data/peregrine/libraries/org/lwjgl/lwjgl-opengl/3.3.3/lwjgl-opengl-3.3.3.jar:/home/runner/work/peregrine-launcher/peregrine-launcher/out/1.21.3/home/data/peregrine/libraries/org/lwjgl/lwjgl-opengl/3.3.3/lwjgl-opengl-3.3.3-natives-linux.jar:/home/runner/work/peregrine-launcher/peregrine-launcher/out/1.21.3/home/data/peregrine/libraries/org/lwjgl/lwjgl-stb/3.3.3/lwjgl-stb-3.3.3.jar:/home/runner/work/peregrine-launcher/peregrine-launcher/out/1.21.3/home/data/peregrine/libraries/org/lwjgl/lwjgl-stb/3.3.3/lwjgl-stb-3.3.3-natives-linux.jar:/home/runner/work/peregrine-launcher/peregrine-launcher/out/1.21.3/home/data/peregrine/libraries/org/lwjgl/lwjgl-tinyfd/3.3.3/lwjgl-tinyfd-3.3.3.jar:/home/runner/work/peregrine-launcher/peregrine-launcher/out/1.21.3/home/data/peregrine/libraries/org/lwjgl/lwjgl-tinyfd/3.3.3/lwjgl-tinyfd-3.3.3-natives-linux.jar:/home/runner/work/peregrine-launcher/peregrine-launcher/out/1.21.3/home/data/peregrine/libraries/org/lwjgl/lwjgl/3.3.3/lwjgl-3.3.3.jar:/home/runner/work/peregrine-launcher/peregrine-launcher/out/1.21.3/home/data/peregrine/libraries/org/lwjgl/lwjgl/3.3.3/lwjgl-3.3.3-natives-linux.jar:/home/runner/work/peregrine-launcher/peregrine-launcher/out/1.21.3/home/data/peregrine/libraries/org/lz4/lz4-java/1.8.0/lz4-java-1.8.0.jar:/home/runner/work/peregrine-launcher/peregrine-launcher/out/1.21.3/home/data/peregrine/libraries/org/slf4j/slf4j-api/2.0.9/slf4j-api-2.0.9.jar:/home/runner/work/peregrine-launcher/peregrine-launcher/out/1.21.3/home/data/peregrine/versions/1.21.3/1.21.3.jar)
		at knot/com.sun.jna.Native.extractFromResourcePath(Native.java:1141) ~[jna-5.14.0.jar:?]
		at knot/com.sun.jna.NativeLibrary.loadLibrary(NativeLibrary.java:297) ~[jna-5.14.0.jar:?]
		at knot/com.sun.jna.NativeLibrary.getInstance(NativeLibrary.java:481) ~[jna-5.14.0.jar:?]
		at knot/com.sun.jna.NativeLibrary.getInstance(NativeLibrary.java:423) ~[jna-5.14.0.jar:?]
		at knot/com.mojang.text2speech.NarratorLinux$FliteLibrary.loadNative(NarratorLinux.java:67) ~[text2speech-1.17.9.jar:?]
		at knot/com.mojang.text2speech.NarratorLinux.<init>(NarratorLinux.java:18) ~[text2speech-1.17.9.jar:?]
		at knot/com.mojang.text2speech.Narrator.getNarrator(Narrator.java:41) [text2speech-1.17.9.jar:?]
		at knot/net.minecraft.class_333.<init>(class_333.java:19) [client-intermediary.jar:?]
		at knot/net.minecraft.class_310.<init>(class_310.java:700) [client-intermediary.jar:?]
		at knot/net.minecraft.client.main.Main.main(Main.java:248) [client-intermediary.jar:?]
		at net.fabricmc.loader.impl.game.minecraft.MinecraftGameProvider.launch(MinecraftGameProvider.java:517) [fabric-loader-0.19.5.jar:?]
		at net.fabricmc.loader.impl.launch.knot.Knot.launch(Knot.java:72) [fabric-loader-0.19.5.jar:?]
		at net.fabricmc.loader.impl.launch.knot.KnotClient.main(KnotClient.java:23) [fabric-loader-0.19.5.jar:?]
[16:27:46] [Render thread/INFO]: Reloading ResourceManager: vanilla, file/PeregrineTest, fabric, badoptimizations, cloth-config, conditional-mixin, dynamic_fps, entityculling, fabric-api, fabric-api-base, fabric-api-lookup-api-v1, fabric-biome-api-v1, fabric-block-api-v1, fabric-block-view-api-v2, fabric-blockrenderlayer-v1, fabric-client-tags-api-v1, fabric-command-api-v1, fabric-command-api-v2, fabric-commands-v0, fabric-content-registries-v0, fabric-convention-tags-v1, fabric-convention-tags-v2, fabric-crash-report-info-v1, fabric-data-attachment-api-v1, fabric-data-generation-api-v1, fabric-dimensions-v1, fabric-entity-events-v1, fabric-events-interaction-v0, fabric-game-rule-api-v1, fabric-item-api-v1, fabric-item-group-api-v1, fabric-key-binding-api-v1, fabric-keybindings-v0, fabric-lifecycle-events-v1, fabric-loot-api-v2, fabric-loot-api-v3, fabric-message-api-v1, fabric-model-loading-api-v1, fabric-networking-api-v1, fabric-object-builder-api-v1, fabric-particles-v1, fabric-recipe-api-v1, fabric-registry-sync-v0, fabric-renderer-api-v1, fabric-renderer-indigo, fabric-rendering-data-attachment-v1, fabric-rendering-fluids-v1, fabric-rendering-v0, fabric-rendering-v1, fabric-resource-conditions-api-v1, fabric-resource-loader-v0, fabric-screen-api-v1, fabric-screen-handler-api-v1, fabric-sound-api-v1, fabric-tag-api-v1, fabric-transfer-api-v1, fabric-transitive-access-wideners-v1, fabricloader, immediatelyfast, lithium, moreculling, peregrine-client, scalablelux, sodium, trender
[16:27:46] [Render thread/INFO]: Cached all modded block culling states
[16:27:46] [Render thread/INFO]: [STDOUT]: [Peregrine self-test] INFO phase world on Minecraft 1.21.3
[16:27:46] [Worker-Main-1/INFO]: Found unifont_all_no_pua-15.1.05.hex, loading
[16:27:47] [Worker-Main-1/INFO]: Found unifont_jp_patch-15.1.05.hex, loading
[16:27:49] [Render thread/WARN]: Missing sound for event: minecraft:block.spawner.fall
[16:27:49] [Render thread/ERROR]: Error starting SoundSystem. Turning off sounds & music
java.lang.IllegalStateException: Failed to open OpenAL device
	at knot/net.minecraft.class_4225.method_38501(class_4225.java:302) ~[client-intermediary.jar:?]
	at knot/net.minecraft.class_4225.method_19661(class_4225.java:154) ~[client-intermediary.jar:?]
	at knot/net.minecraft.class_1140.method_4846(class_1140.java:116) ~[client-intermediary.jar:?]
	at knot/net.minecraft.class_1140.method_4837(class_1140.java:106) ~[client-intermediary.jar:?]
	at knot/net.minecraft.class_1144.method_18182(class_1144.java:125) ~[client-intermediary.jar:?]
	at knot/net.minecraft.class_1144.method_18788(class_1144.java:43) ~[client-intermediary.jar:?]
	at knot/net.minecraft.class_4080.method_18790(class_4080.java:14) ~[client-intermediary.jar:?]
	at java.base/java.util.concurrent.CompletableFuture$UniAccept.tryFire(Unknown Source) ~[?:?]
	at java.base/java.util.concurrent.CompletableFuture$Completion.run(Unknown Source) ~[?:?]
	at knot/net.minecraft.class_4014.method_18365(class_4014.java:68) ~[client-intermediary.jar:?]
	at knot/net.minecraft.class_1255.method_18859(class_1255.java:164) [client-intermediary.jar:?]
	at knot/net.minecraft.class_4093.method_18859(class_4093.java:23) [client-intermediary.jar:?]
	at knot/net.minecraft.class_1255.method_16075(class_1255.java:138) [client-intermediary.jar:?]
	at knot/net.minecraft.class_1255.method_5383(class_1255.java:123) [client-intermediary.jar:?]
	at knot/net.minecraft.class_310.method_1523(class_310.java:1307) [client-intermediary.jar:?]
	at knot/net.minecraft.class_310.method_1514(class_310.java:933) [client-intermediary.jar:?]
	at knot/net.minecraft.client.main.Main.main(Main.java:265) [client-intermediary.jar:?]
	at net.fabricmc.loader.impl.game.minecraft.MinecraftGameProvider.launch(MinecraftGameProvider.java:517) [fabric-loader-0.19.5.jar:?]
	at net.fabricmc.loader.impl.launch.knot.Knot.launch(Knot.java:72) [fabric-loader-0.19.5.jar:?]
	at net.fabricmc.loader.impl.launch.knot.KnotClient.main(KnotClient.java:23) [fabric-loader-0.19.5.jar:?]
[16:27:49] [Render thread/INFO]: Created: 1024x512x4 minecraft:textures/atlas/blocks.png-atlas
[16:27:49] [Render thread/INFO]: Created: 256x256x4 minecraft:textures/atlas/signs.png-atlas
[16:27:49] [Render thread/INFO]: Created: 512x512x4 minecraft:textures/atlas/banner_patterns.png-atlas
[16:27:49] [Render thread/INFO]: Created: 512x512x4 minecraft:textures/atlas/shield_patterns.png-atlas
[16:27:49] [Render thread/INFO]: Created: 1024x1024x4 minecraft:textures/atlas/armor_trims.png-atlas
[16:27:49] [Render thread/INFO]: Created: 256x256x4 minecraft:textures/atlas/chest.png-atlas
[16:27:49] [Render thread/INFO]: Created: 128x64x4 minecraft:textures/atlas/decorated_pot.png-atlas
[16:27:49] [Render thread/INFO]: Created: 512x256x4 minecraft:textures/atlas/beds.png-atlas
[16:27:49] [Render thread/INFO]: Created: 512x256x4 minecraft:textures/atlas/shulker_boxes.png-atlas
[16:27:49] [Render thread/INFO]: Created: 64x64x0 minecraft:textures/atlas/map_decorations.png-atlas
[16:27:49] [Render thread/INFO]: Created: 512x256x0 minecraft:textures/atlas/particles.png-atlas
[16:27:49] [Render thread/INFO]: Created: 512x256x0 minecraft:textures/atlas/paintings.png-atlas
[16:27:49] [Render thread/INFO]: Created: 256x128x0 minecraft:textures/atlas/mob_effects.png-atlas
[16:27:49] [Render thread/INFO]: Created: 1024x512x0 minecraft:textures/atlas/gui.png-atlas
[16:27:49] [Render thread/INFO]: Found new data pack fabric, loading it automatically
[16:27:49] [Render thread/INFO]: Found new data pack fabric-convention-tags-v2, loading it automatically
[16:27:50] [Render thread/INFO]: Loaded 1337 recipes
[16:27:50] [Render thread/INFO]: Loaded 1448 advancements
[16:27:51] [Render thread/INFO]: Applied 0 biome modifications to 0 of 64 new biomes in 1.288 ms
[16:27:51] [Server thread/INFO]: Starting integrated minecraft server version 1.21.3
[16:27:51] [Server thread/INFO]: Generating keypair
[16:27:51] [Server thread/INFO]: Preparing start region for dimension minecraft:overworld
[16:27:51] [Server thread/INFO]: [STDOUT]: [ScalableLux] Lighting scaling is disabled (due to low parallelism in the settings)
[16:27:54] [Render thread/INFO]: Preparing spawn area: 0%
[16:27:54] [Render thread/INFO]: Preparing spawn area: 0%
[16:27:54] [Render thread/INFO]: Preparing spawn area: 0%
[16:27:54] [Render thread/INFO]: Preparing spawn area: 0%
[16:27:54] [Render thread/INFO]: Preparing spawn area: 0%
[16:27:54] [Render thread/INFO]: Preparing spawn area: 0%
[16:27:54] [Render thread/INFO]: Preparing spawn area: 0%
[16:27:54] [Render thread/INFO]: Time elapsed: 3230 ms
[16:27:54] [Server thread/INFO]: Changing view distance to 4, from 10
[16:27:54] [Server thread/INFO]: Changing simulation distance to 5, from 0
[16:27:55] [Server thread/INFO]: Tester[local:E:c43aa4e8] logged in with entity id 4 at (44.5, 67.0, 11.5)
[16:27:55] [Server thread/INFO]: Tester joined the game
[16:27:55] [Render thread/INFO]: Started 1 worker threads
[16:27:55] [Render thread/INFO]: Loaded 2 advancements
[16:27:55] [Render thread/INFO]: Stopping worker threads
[16:27:55] [Render thread/INFO]: Started 1 worker threads
[16:27:56] [Render thread/INFO]: [STDOUT]: [Peregrine self-test] PASS joins the world
[16:27:56] [Server thread/INFO]: Changing view distance to 8, from 4
[16:27:56] [Render thread/INFO]: Stopping worker threads
[16:27:56] [Render thread/INFO]: Started 1 worker threads
[16:28:36] [Render thread/INFO]: [STDOUT]: [Peregrine self-test] INFO benchmark: 28 fps average, 15 lowest, render distance 8, over 20 s
[16:28:36] [Render thread/INFO]: [STDOUT]: [Peregrine self-test] PASS HUD draws in game
[16:28:41] [Render thread/INFO]: [STDOUT]: [Peregrine self-test] PASS Stable FPS eases off settings when FPS is low
[16:28:45] [Render thread/INFO]: [STDOUT]: [Peregrine self-test] PASS mouse clicks are counted (CPS)
[16:28:46] [Render thread/INFO]: [STDOUT]: [Peregrine self-test] PASS holding C zooms in
[16:28:48] [Render thread/INFO]: [STDOUT]: [Peregrine self-test] PASS Right Shift opens the menu
[16:28:52] [Render thread/INFO]: [STDOUT]: [Peregrine self-test] PASS typing and Backspace work in the search box
[16:28:54] [Render thread/INFO]: [STDOUT]: [Peregrine self-test] PASS clicking a card switches it
[16:28:55] [Render thread/INFO]: [STDOUT]: [Peregrine self-test] PASS Edit HUD opens the editor
[16:28:59] [Render thread/INFO]: [STDOUT]: [Peregrine self-test] PASS dragging moves a HUD item
[16:29:01] [Render thread/INFO]: [STDOUT]: [Peregrine self-test] PASS right-click opens the style panel
[16:29:04] [Render thread/INFO]: [STDOUT]: [Peregrine self-test] PASS picking a colour recolours the text
[16:29:06] [Render thread/INFO]: [STDOUT]: [Peregrine self-test] PASS dragging the corner makes it bigger
[16:29:08] [Render thread/INFO]: [STDOUT]: [Peregrine self-test] PASS Esc saves and closes the editor
[16:29:09] [Render thread/INFO]: [STDOUT]: [Peregrine self-test] PASS the gear opens a settings page
[16:29:12] [Render thread/INFO]: [STDOUT]: [Peregrine self-test] PASS clicking an option changes it
[16:29:13] [Render thread/INFO]: [STDOUT]: [Peregrine self-test] PASS the keybind button waits for a key
[16:29:15] [Render thread/INFO]: [STDOUT]: [Peregrine self-test] PASS pressing K binds it
[16:29:16] [Render thread/INFO]: [STDOUT]: [Peregrine self-test] PASS Customize opens the editor with the style panel
[16:29:19] [Render thread/INFO]: [STDOUT]: [Peregrine self-test] PASS Esc goes back to the settings page
[16:29:20] [Render thread/INFO]: [STDOUT]: [Peregrine self-test] PASS Esc goes back to the list
[16:29:20] [Render thread/INFO]: [STDOUT]: [Peregrine self-test] PASS the Settings tab opens
[16:29:23] [Render thread/INFO]: [STDOUT]: [Peregrine self-test] PASS the Keybinds tab opens
[16:29:26] [Render thread/INFO]: [STDOUT]: [Peregrine self-test] PASS back to the Mods tab
[16:29:29] [Render thread/INFO]: [STDOUT]: [Peregrine self-test] PASS Esc closes the menu
[16:29:29] [Render thread/INFO]: [STDOUT]: [Peregrine self-test] PASS pressing K in game switches the Clock
[16:29:31] [Render thread/INFO]: Stopping worker threads
[16:29:31] [Render thread/INFO]: Started 1 worker threads
[16:29:31] [Render thread/INFO]: Stopping worker threads
[16:29:31] [Render thread/INFO]: Started 1 worker threads
[16:29:31] [Render thread/INFO]: Reloading ResourceManager: vanilla, file/PeregrineTest, fabric, badoptimizations, cloth-config, conditional-mixin, dynamic_fps, entityculling, fabric-api, fabric-api-base, fabric-api-lookup-api-v1, fabric-biome-api-v1, fabric-block-api-v1, fabric-block-view-api-v2, fabric-blockrenderlayer-v1, fabric-client-tags-api-v1, fabric-command-api-v1, fabric-command-api-v2, fabric-commands-v0, fabric-content-registries-v0, fabric-convention-tags-v1, fabric-convention-tags-v2, fabric-crash-report-info-v1, fabric-data-attachment-api-v1, fabric-data-generation-api-v1, fabric-dimensions-v1, fabric-entity-events-v1, fabric-events-interaction-v0, fabric-game-rule-api-v1, fabric-item-api-v1, fabric-item-group-api-v1, fabric-key-binding-api-v1, fabric-keybindings-v0, fabric-lifecycle-events-v1, fabric-loot-api-v2, fabric-loot-api-v3, fabric-message-api-v1, fabric-model-loading-api-v1, fabric-networking-api-v1, fabric-object-builder-api-v1, fabric-particles-v1, fabric-recipe-api-v1, fabric-registry-sync-v0, fabric-renderer-api-v1, fabric-renderer-indigo, fabric-rendering-data-attachment-v1, fabric-rendering-fluids-v1, fabric-rendering-v0, fabric-rendering-v1, fabric-resource-conditions-api-v1, fabric-resource-loader-v0, fabric-screen-api-v1, fabric-screen-handler-api-v1, fabric-sound-api-v1, fabric-tag-api-v1, fabric-transfer-api-v1, fabric-transitive-access-wideners-v1, fabricloader, immediatelyfast, lithium, moreculling, peregrine-client, scalablelux, sodium, trender
[16:29:31] [Worker-Main-1/INFO]: Found unifont_all_no_pua-15.1.05.hex, loading
[16:29:31] [Render thread/INFO]: [STDOUT]: [Peregrine self-test] PASS clear_weather hook runs
[16:29:31] [Server thread/INFO]: Saving and pausing game...
[16:29:31] [Server thread/INFO]: Saving chunks for level 'ServerLevel[world]'/minecraft:overworld
[16:29:31] [Server thread/INFO]: Saving chunks for level 'ServerLevel[world]'/minecraft:the_nether
[16:29:31] [Server thread/INFO]: Saving chunks for level 'ServerLevel[world]'/minecraft:the_end
[16:29:31] [Render thread/INFO]: [STDOUT]: [Peregrine self-test] PASS clean_edges hook runs
[16:29:31] [Worker-Main-1/INFO]: Found unifont_jp_patch-15.1.05.hex, loading
[16:29:32] [Render thread/WARN]: Missing sound for event: minecraft:block.spawner.fall
[16:29:32] [Render thread/ERROR]: Error starting SoundSystem. Turning off sounds & music
java.lang.IllegalStateException: Failed to open OpenAL device
	at knot/net.minecraft.class_4225.method_38501(class_4225.java:302) ~[client-intermediary.jar:?]
	at knot/net.minecraft.class_4225.method_19661(class_4225.java:154) ~[client-intermediary.jar:?]
	at knot/net.minecraft.class_1140.method_4846(class_1140.java:116) ~[client-intermediary.jar:?]
	at knot/net.minecraft.class_1140.method_4837(class_1140.java:106) ~[client-intermediary.jar:?]
	at knot/net.minecraft.class_1144.method_18182(class_1144.java:125) ~[client-intermediary.jar:?]
	at knot/net.minecraft.class_1144.method_18788(class_1144.java:43) ~[client-intermediary.jar:?]
	at knot/net.minecraft.class_4080.method_18790(class_4080.java:14) ~[client-intermediary.jar:?]
	at java.base/java.util.concurrent.CompletableFuture$UniAccept.tryFire(Unknown Source) ~[?:?]
	at java.base/java.util.concurrent.CompletableFuture$Completion.run(Unknown Source) ~[?:?]
	at knot/net.minecraft.class_4014.method_18365(class_4014.java:68) ~[client-intermediary.jar:?]
	at knot/net.minecraft.class_1255.method_18859(class_1255.java:164) [client-intermediary.jar:?]
	at knot/net.minecraft.class_4093.method_18859(class_4093.java:23) [client-intermediary.jar:?]
	at knot/net.minecraft.class_1255.method_16075(class_1255.java:138) [client-intermediary.jar:?]
	at knot/net.minecraft.class_1255.method_5383(class_1255.java:123) [client-intermediary.jar:?]
	at knot/net.minecraft.class_310.method_1523(class_310.java:1307) [client-intermediary.jar:?]
	at knot/net.minecraft.class_310.method_1514(class_310.java:933) [client-intermediary.jar:?]
	at knot/net.minecraft.client.main.Main.main(Main.java:265) [client-intermediary.jar:?]
	at net.fabricmc.loader.impl.game.minecraft.MinecraftGameProvider.launch(MinecraftGameProvider.java:517) [fabric-loader-0.19.5.jar:?]
	at net.fabricmc.loader.impl.launch.knot.Knot.launch(Knot.java:72) [fabric-loader-0.19.5.jar:?]
	at net.fabricmc.loader.impl.launch.knot.KnotClient.main(KnotClient.java:23) [fabric-loader-0.19.5.jar:?]
[16:29:32] [Render thread/INFO]: Created: 1024x512x4 minecraft:textures/atlas/blocks.png-atlas
[16:29:32] [Render thread/INFO]: Created: 256x256x4 minecraft:textures/atlas/signs.png-atlas
[16:29:32] [Render thread/INFO]: Created: 512x512x4 minecraft:textures/atlas/banner_patterns.png-atlas
[16:29:32] [Render thread/INFO]: Created: 512x512x4 minecraft:textures/atlas/shield_patterns.png-atlas
[16:29:32] [Render thread/INFO]: Created: 1024x1024x4 minecraft:textures/atlas/armor_trims.png-atlas
[16:29:32] [Render thread/INFO]: Created: 256x256x4 minecraft:textures/atlas/chest.png-atlas
[16:29:32] [Render thread/INFO]: Created: 128x64x4 minecraft:textures/atlas/decorated_pot.png-atlas
[16:29:32] [Render thread/INFO]: Created: 512x256x4 minecraft:textures/atlas/beds.png-atlas
[16:29:32] [Render thread/INFO]: Created: 512x256x4 minecraft:textures/atlas/shulker_boxes.png-atlas
[16:29:32] [Render thread/INFO]: Created: 64x64x0 minecraft:textures/atlas/map_decorations.png-atlas
[16:29:32] [Render thread/INFO]: Created: 512x256x0 minecraft:textures/atlas/particles.png-atlas
[16:29:32] [Render thread/INFO]: Created: 512x256x0 minecraft:textures/atlas/paintings.png-atlas
[16:29:32] [Render thread/INFO]: Created: 256x128x0 minecraft:textures/atlas/mob_effects.png-atlas
[16:29:32] [Render thread/INFO]: Created: 1024x512x0 minecraft:textures/atlas/gui.png-atlas
[16:29:32] [Render thread/INFO]: Stopping worker threads
[16:29:32] [Render thread/INFO]: Started 1 worker threads
[16:29:33] [Render thread/INFO]: [STDOUT]: [Peregrine self-test] PASS anti base leak: every block uses one rotation
[16:29:33] [Render thread/INFO]: [STDOUT]: [Peregrine self-test] PASS anti base leak: block model hook runs (diamond bedrock)
[16:29:33] [Render thread/INFO]: [STDOUT]: [Peregrine self-test] PASS bedrock is drawn as diamond blocks
[16:29:33] [Render thread/INFO]: [STDOUT]: [Peregrine self-test] PASS item physics lays the dropped item down
[16:29:34] [Render thread/INFO]: Reloading ResourceManager: vanilla, file/PeregrineTest, fabric, badoptimizations, cloth-config, conditional-mixin, dynamic_fps, entityculling, fabric-api, fabric-api-base, fabric-api-lookup-api-v1, fabric-biome-api-v1, fabric-block-api-v1, fabric-block-view-api-v2, fabric-blockrenderlayer-v1, fabric-client-tags-api-v1, fabric-command-api-v1, fabric-command-api-v2, fabric-commands-v0, fabric-content-registries-v0, fabric-convention-tags-v1, fabric-convention-tags-v2, fabric-crash-report-info-v1, fabric-data-attachment-api-v1, fabric-data-generation-api-v1, fabric-dimensions-v1, fabric-entity-events-v1, fabric-events-interaction-v0, fabric-game-rule-api-v1, fabric-item-api-v1, fabric-item-group-api-v1, fabric-key-binding-api-v1, fabric-keybindings-v0, fabric-lifecycle-events-v1, fabric-loot-api-v2, fabric-loot-api-v3, fabric-message-api-v1, fabric-model-loading-api-v1, fabric-networking-api-v1, fabric-object-builder-api-v1, fabric-particles-v1, fabric-recipe-api-v1, fabric-registry-sync-v0, fabric-renderer-api-v1, fabric-renderer-indigo, fabric-rendering-data-attachment-v1, fabric-rendering-fluids-v1, fabric-rendering-v0, fabric-rendering-v1, fabric-resource-conditions-api-v1, fabric-resource-loader-v0, fabric-screen-api-v1, fabric-screen-handler-api-v1, fabric-sound-api-v1, fabric-tag-api-v1, fabric-transfer-api-v1, fabric-transitive-access-wideners-v1, fabricloader, immediatelyfast, lithium, moreculling, peregrine-client, scalablelux, sodium, trender
[16:29:35] [Worker-Main-3/INFO]: Found unifont_all_no_pua-15.1.05.hex, loading
[16:29:35] [Server thread/INFO]: Saving and pausing game...
[16:29:35] [Server thread/INFO]: Saving chunks for level 'ServerLevel[world]'/minecraft:overworld
[16:29:35] [Server thread/INFO]: Saving chunks for level 'ServerLevel[world]'/minecraft:the_nether
[16:29:35] [Server thread/INFO]: Saving chunks for level 'ServerLevel[world]'/minecraft:the_end
[16:29:35] [Worker-Main-3/INFO]: Found unifont_jp_patch-15.1.05.hex, loading
[16:29:35] [Render thread/WARN]: Missing sound for event: minecraft:block.spawner.fall
[16:29:35] [Render thread/ERROR]: Error starting SoundSystem. Turning off sounds & music
java.lang.IllegalStateException: Failed to open OpenAL device
	at knot/net.minecraft.class_4225.method_38501(class_4225.java:302) ~[client-intermediary.jar:?]
	at knot/net.minecraft.class_4225.method_19661(class_4225.java:154) ~[client-intermediary.jar:?]
	at knot/net.minecraft.class_1140.method_4846(class_1140.java:116) ~[client-intermediary.jar:?]
	at knot/net.minecraft.class_1140.method_4837(class_1140.java:106) ~[client-intermediary.jar:?]
	at knot/net.minecraft.class_1144.method_18182(class_1144.java:125) ~[client-intermediary.jar:?]
	at knot/net.minecraft.class_1144.method_18788(class_1144.java:43) ~[client-intermediary.jar:?]
	at knot/net.minecraft.class_4080.method_18790(class_4080.java:14) ~[client-intermediary.jar:?]
	at java.base/java.util.concurrent.CompletableFuture$UniAccept.tryFire(Unknown Source) ~[?:?]
	at java.base/java.util.concurrent.CompletableFuture$Completion.run(Unknown Source) ~[?:?]
	at knot/net.minecraft.class_4014.method_18365(class_4014.java:68) ~[client-intermediary.jar:?]
	at knot/net.minecraft.class_1255.method_18859(class_1255.java:164) [client-intermediary.jar:?]
	at knot/net.minecraft.class_4093.method_18859(class_4093.java:23) [client-intermediary.jar:?]
	at knot/net.minecraft.class_1255.method_16075(class_1255.java:138) [client-intermediary.jar:?]
	at knot/net.minecraft.class_1255.method_5383(class_1255.java:123) [client-intermediary.jar:?]
	at knot/net.minecraft.class_310.method_1523(class_310.java:1307) [client-intermediary.jar:?]
	at knot/net.minecraft.class_310.method_1514(class_310.java:933) [client-intermediary.jar:?]
	at knot/net.minecraft.client.main.Main.main(Main.java:265) [client-intermediary.jar:?]
	at net.fabricmc.loader.impl.game.minecraft.MinecraftGameProvider.launch(MinecraftGameProvider.java:517) [fabric-loader-0.19.5.jar:?]
	at net.fabricmc.loader.impl.launch.knot.Knot.launch(Knot.java:72) [fabric-loader-0.19.5.jar:?]
	at net.fabricmc.loader.impl.launch.knot.KnotClient.main(KnotClient.java:23) [fabric-loader-0.19.5.jar:?]
[16:29:36] [Render thread/INFO]: Created: 1024x512x4 minecraft:textures/atlas/blocks.png-atlas
[16:29:36] [Render thread/INFO]: Created: 256x256x4 minecraft:textures/atlas/signs.png-atlas
[16:29:36] [Render thread/INFO]: Created: 512x512x4 minecraft:textures/atlas/banner_patterns.png-atlas
[16:29:36] [Render thread/INFO]: Created: 512x512x4 minecraft:textures/atlas/shield_patterns.png-atlas
[16:29:36] [Render thread/INFO]: Created: 1024x1024x4 minecraft:textures/atlas/armor_trims.png-atlas
[16:29:36] [Render thread/INFO]: Created: 256x256x4 minecraft:textures/atlas/chest.png-atlas
[16:29:36] [Render thread/INFO]: Created: 128x64x4 minecraft:textures/atlas/decorated_pot.png-atlas
[16:29:36] [Render thread/INFO]: Created: 512x256x4 minecraft:textures/atlas/beds.png-atlas
[16:29:36] [Render thread/INFO]: Created: 512x256x4 minecraft:textures/atlas/shulker_boxes.png-atlas
[16:29:36] [Render thread/INFO]: Created: 64x64x0 minecraft:textures/atlas/map_decorations.png-atlas
[16:29:36] [Render thread/INFO]: Created: 512x256x0 minecraft:textures/atlas/particles.png-atlas
[16:29:36] [Render thread/INFO]: Created: 512x256x0 minecraft:textures/atlas/paintings.png-atlas
[16:29:36] [Render thread/INFO]: Created: 256x128x0 minecraft:textures/atlas/mob_effects.png-atlas
[16:29:36] [Render thread/INFO]: Created: 1024x512x0 minecraft:textures/atlas/gui.png-atlas
[16:29:36] [Render thread/INFO]: Stopping worker threads
[16:29:36] [Render thread/INFO]: Started 1 worker threads
[16:29:36] [Render thread/INFO]: [STDOUT]: [Peregrine self-test] PASS custom crosshair draws
[16:29:38] [Render thread/INFO]: [STDOUT]: [Peregrine self-test] PASS holding Alt starts freelook in third person
[16:29:41] [Render thread/INFO]: [STDOUT]: [Peregrine self-test] PASS letting go of Alt goes back to first person
[16:29:41] [Render thread/INFO]: [STDOUT]: [Peregrine self-test] PASS particles: lava sparks are thinned out
[16:29:41] [Render thread/INFO]: [STDOUT]: [Peregrine self-test] PASS fullbright lights up dark places
[16:29:41] [Render thread/INFO]: [STDOUT]: [Peregrine self-test] PASS 1.7 animations: held item moves
[16:29:41] [Render thread/INFO]: [STDOUT]: [Peregrine self-test] PASS hitboxes draw without F3+B
[16:29:41] [Render thread/INFO]: [STDOUT]: [Peregrine self-test] PASS resource packs leave the menus alone (test pack's button and splash skipped)
[16:29:41] [Render thread/INFO]: [STDOUT]: [Peregrine self-test] PASS small totem: the totem in your hand is drawn smaller
[16:29:43] [Render thread/INFO]: [STDOUT]: [Peregrine self-test] PASS your own name tag shows in third person
[16:29:45] [Render thread/INFO]: [STDOUT]: [Peregrine self-test] PASS fog is pushed away
[16:29:45] [Render thread/INFO]: [STDOUT]: [Peregrine self-test] PASS block outline in the chosen color
[16:29:45] [Render thread/INFO]: [STDOUT]: [Peregrine self-test] PASS ores you can see get an outline
[16:29:45] [Render thread/INFO]: [STDOUT]: [Peregrine self-test] PASS the sky stops moving
[16:29:45] [Render thread/INFO]: [STDOUT]: [Peregrine self-test] PASS swing speed changes the swing
[16:29:47] [Render thread/INFO]: [STDOUT]: [Peregrine self-test] INFO hooks: seed=1000 offset=752 model=1000 bedrock=16 items=487 crosshair=3291 camera=72 particles=1000 nightvision=1000 animation=394 hitbox=626 nametag=139 scoreboard=0 fire=0 inventory=0 totem=197 packs=108 fog=1000 outline=462 ores=448 sky=1000 swing=22 sound=0
[16:29:47] [Render thread/INFO]: [STDOUT]: [Peregrine self-test] INFO counts {on:clear_weather=518774, keybind:clock=1, editor=576, click@95,205/0=1, click@159,102/0=1, click@222,121/0=1, zoom-hook=6578, click@183,106/0=1, zoom-active=288, click@229,51/0=1, menu=855, click@331,89/0=1, mouse=1, click@93,51/0=1, click@245,134/0=1, hud=3433, click@153,90/1=1, on:clean_edges=3433, click@95,51/0=1, click@159,85/0=1, click@162,51/0=1, click@183,100/0=1}
[16:29:47] [Render thread/INFO]: [STDOUT]: [Peregrine self-test] PASS finished with 0 failure(s)
[16:29:48] [CullThread/INFO]: [STDOUT]: Shutting down culling task!
[16:29:48] [Render thread/INFO]: Stopping!
[16:29:48] [Server thread/INFO]: Tester lost connection: Disconnected
[16:29:48] [Server thread/INFO]: Tester left the game
[16:29:48] [Server thread/INFO]: Stopping singleplayer server as player logged out
[16:29:48] [Server thread/INFO]: Stopping server
[16:29:48] [Server thread/INFO]: Saving players
[16:29:48] [Server thread/INFO]: Saving worlds
[16:29:48] [Server thread/INFO]: Saving chunks for level 'ServerLevel[world]'/minecraft:overworld
[16:29:49] [Server thread/INFO]: Saving chunks for level 'ServerLevel[world]'/minecraft:the_nether
[16:29:49] [Server thread/INFO]: Saving chunks for level 'ServerLevel[world]'/minecraft:the_end
[16:29:49] [Server thread/INFO]: ThreadedAnvilChunkStorage (world): All chunks are saved
[16:29:49] [Server thread/INFO]: ThreadedAnvilChunkStorage (DIM-1): All chunks are saved
[16:29:49] [Server thread/INFO]: ThreadedAnvilChunkStorage (DIM1): All chunks are saved
[16:29:49] [Server thread/INFO]: ThreadedAnvilChunkStorage: All dimensions are saved
[16:29:49] [Render thread/INFO]: Stopping worker threads
