  <log4j:Event logger="FabricLoader/GameProvider" timestamp="1791649675935" level="INFO" thread="main">
    <log4j:Message><![CDATA[Loading Minecraft 1.21.4 with Fabric Loader 0.19.5]]></log4j:Message>
  </log4j:Event>
  <log4j:Event logger="FabricLoader/Resolution" timestamp="1791649676169" level="WARN" thread="main">
    <log4j:Message><![CDATA[Warnings were found!
 - Mod 'Dynamic FPS' (dynamic_fps) 3.11.8 recommends any version of modmenu, which is missing!
	 - You should install any version of modmenu for the optimal experience.]]></log4j:Message>
  </log4j:Event>
  <log4j:Event logger="FabricLoader" timestamp="1791649676171" level="INFO" thread="main">
    <log4j:Message><![CDATA[Loading 72 mods:
	- badoptimizations 2.4.1
	- cloth-config 17.0.144
	   \-- cloth-basic-math 0.6.1
	- clumps 22.0.0.1
	- dynamic_fps 3.11.8
	   \-- net_lostluma_battery 2.1.0
	- entityculling 1.11.3
	   |-- transition 1.0.26
	   \-- trender 1.0.17
	- fabric-api 0.119.4+1.21.4
	   |-- fabric-api-base 0.4.54+b47eab6b04
	   |-- fabric-api-lookup-api-v1 1.6.86+b1caf1e904
	   |-- fabric-biome-api-v1 15.0.6+b1c29d8e04
	   |-- fabric-block-api-v1 1.0.31+7feeb73304
	   |-- fabric-block-view-api-v2 1.0.20+9c49cc8c04
	   |-- fabric-blockrenderlayer-v1 2.0.8+7feeb73304
	   |-- fabric-client-tags-api-v1 1.1.29+20ea1e2304
	   |-- fabric-command-api-v1 1.2.62+f71b366f04
	   |-- fabric-command-api-v2 2.2.41+e496eb1504
	   |-- fabric-commands-v0 0.2.79+df3654b304
	   |-- fabric-content-registries-v0 9.1.19+25d1a67604
	   |-- fabric-convention-tags-v1 2.1.20+7f945d5b04
	   |-- fabric-convention-tags-v2 2.14.1+aebda09404
	   |-- fabric-crash-report-info-v1 0.3.6+7feeb73304
	   |-- fabric-data-attachment-api-v1 1.6.2+e99da0f704
	   |-- fabric-data-generation-api-v1 22.3.1+0f4e5f5504
	   |-- fabric-dimensions-v1 4.0.10+7feeb73304
	   |-- fabric-entity-events-v1 2.0.15+62245bef04
	   |-- fabric-events-interaction-v0 4.0.4+a4eebcf004
	   |-- fabric-game-rule-api-v1 1.0.63+7d48d43904
	   |-- fabric-item-api-v1 11.4.0+189dd6fe04
	   |-- fabric-item-group-api-v1 4.2.2+fcb9601404
	   |-- fabric-key-binding-api-v1 1.0.57+7d48d43904
	   |-- fabric-keybindings-v0 0.2.55+df3654b304
	   |-- fabric-lifecycle-events-v1 2.5.4+bf2a60eb04
	   |-- fabric-loot-api-v2 3.0.38+3f89f5a504
	   |-- fabric-loot-api-v3 1.0.26+203e6b2304
	   |-- fabric-message-api-v1 6.0.26+238a33c004
	   |-- fabric-model-loading-api-v1 4.3.0+ae23723504
	   |-- fabric-networking-api-v1 4.4.0+db5e668204
	   |-- fabric-object-builder-api-v1 18.0.14+38b0d59804
	   |-- fabric-particles-v1 4.0.14+7feeb73304
	   |-- fabric-recipe-api-v1 8.1.1+640e77ae04
	   |-- fabric-registry-sync-v0 6.1.11+4a9c1ece04
	   |-- fabric-renderer-api-v1 5.0.3+50f0feb204
	   |-- fabric-renderer-indigo 2.0.3+50f0feb204
	   |-- fabric-rendering-data-attachment-v1 0.3.58+73761d2e04
	   |-- fabric-rendering-fluids-v1 3.1.19+7feeb73304
	   |-- fabric-rendering-v1 10.2.1+0d31b09f04
	   |-- fabric-resource-conditions-api-v1 5.0.13+203e6b2304
	   |-- fabric-resource-loader-v0 3.1.1+360374ac04
	   |-- fabric-screen-api-v1 2.0.38+7feeb73304
	   |-- fabric-screen-handler-api-v1 1.3.118+7feeb73304
	   |-- fabric-sound-api-v1 1.0.32+7feeb73304
	   |-- fabric-tag-api-v1 1.0.7+7d48d43904
	   |-- fabric-transfer-api-v1 5.4.9+efa825c904
	   \-- fabric-transitive-access-wideners-v1 6.3.2+56e78b9b04
	- fabricloader 0.19.5
	   \-- mixinextras 0.5.5
	- ferritecore 7.1.3
	- immediatelyfast 1.8.7+1.21.4
	   \-- net_lenni0451_reflect 1.6.2
	- java 21
	- lithium 0.15.3+mc1.21.4
	- minecraft 1.21.4
	- modernfix 5.20.3+mc1.21.4
	- moreculling 1.2.10
	   |-- conditional-mixin 0.6.3
	   \-- mixinsquared 0.2.0
	- peregrine-client 1.0.1
	- scalablelux 0.1.2+fabric.87468e8
	- sodium 0.6.13+mc1.21.4]]></log4j:Message>
  </log4j:Event>
  <log4j:Event logger="FabricLoader/Mixin" timestamp="1791649676258" level="INFO" thread="main">
    <log4j:Message><![CDATA[SpongePowered MIXIN Subsystem Version=0.8.7 Source=file:/home/runner/work/peregrine-launcher/peregrine-launcher/out/1.21.4/home/data/peregrine/libraries/net/fabricmc/sponge-mixin/0.17.4+mixin.0.8.7/sponge-mixin-0.17.4+mixin.0.8.7.jar Service=Knot/Fabric Env=CLIENT]]></log4j:Message>
  </log4j:Event>
  <log4j:Event logger="BadOptimizations" timestamp="1791649676410" level="INFO" thread="main">
    <log4j:Message><![CDATA[Config version: 6]]></log4j:Message>
  </log4j:Event>
  <log4j:Event logger="BadOptimizations" timestamp="1791649676411" level="INFO" thread="main">
    <log4j:Message><![CDATA[BadOptimizations is generating the config with default values]]></log4j:Message>
  </log4j:Event>
  <log4j:Event logger="BadOptimizations" timestamp="1791649676411" level="INFO" thread="main">
    <log4j:Message><![CDATA[Generating config file version 6]]></log4j:Message>
  </log4j:Event>
  <log4j:Event logger="Lithium" timestamp="1791649676520" level="INFO" thread="main">
    <log4j:Message><![CDATA[Loaded configuration file for Lithium: 158 options available, 0 override(s) found.]]></log4j:Message>
  </log4j:Event>
  <log4j:Event logger="ModernFix" timestamp="1791649676617" level="INFO" thread="main">
    <log4j:Message><![CDATA[Loaded configuration file for ModernFix 5.20.3+mc1.21.4: 54 options available, 0 override(s) found]]></log4j:Message>
  </log4j:Event>
  <log4j:Event logger="ModernFix" timestamp="1791649676618" level="INFO" thread="main">
    <log4j:Message><![CDATA[Applying Nashorn fix]]></log4j:Message>
  </log4j:Event>
  <log4j:Event logger="Sodium" timestamp="1791649676629" level="INFO" thread="main">
    <log4j:Message><![CDATA[Loaded configuration file for Sodium: 43 options available, 0 override(s) found]]></log4j:Message>
  </log4j:Event>
  <log4j:Event logger="Sodium-GraphicsAdapterProbe" timestamp="1791649677263" level="INFO" thread="main">
    <log4j:Message><![CDATA[Searching for graphics cards...]]></log4j:Message>
  </log4j:Event>
  <log4j:Event logger="Sodium-GraphicsAdapterProbe" timestamp="1791649677265" level="WARN" thread="main">
    <log4j:Message><![CDATA[Could not find any graphics adapters! Probably the device is not on a bus we can probe, or there are no devices supporting 3D acceleration.]]></log4j:Message>
  </log4j:Event>
  <log4j:Event logger="Sodium-Workarounds" timestamp="1791649677268" level="WARN" thread="main">
    <log4j:Message><![CDATA[Unable to determine desktop session type because the environment variable XDG_SESSION_TYPE is not set! Your user session may not be configured correctly.]]></log4j:Message>
  </log4j:Event>
  <log4j:Event logger="FabricLoader/MixinExtras|Service" timestamp="1791649677393" level="INFO" thread="main">
    <log4j:Message><![CDATA[Initializing MixinExtras via com.llamalad7.mixinextras.service.MixinExtrasServiceImpl(version=0.5.5).]]></log4j:Message>
  </log4j:Event>
  <log4j:Event logger="com.mojang.datafixers.DataFixerBuilder" timestamp="1791649678491" level="INFO" thread="Datafixer Bootstrap">
    <log4j:Message><![CDATA[243 Datafixer optimizations took 468 milliseconds]]></log4j:Message>
  </log4j:Event>
  <log4j:Event logger="FabricLoader/Mixin" timestamp="1791649679937" level="WARN" thread="main">
    <log4j:Message><![CDATA[Method overwrite conflict for method_21740 in modernfix-common.mixins.json:perf.remove_biome_temperature_cache.BiomeMixin from mod modernfix, previously written by net.caffeinemc.mods.lithium.mixin.world.temperature_cache.BiomeMixin. Skipping method.]]></log4j:Message>
  </log4j:Event>
  <log4j:Event logger="net.minecraft.class_2966" timestamp="1791649682870" level="INFO" thread="main">
    <log4j:Message><![CDATA[Vanilla bootstrap took 4217 milliseconds]]></log4j:Message>
  </log4j:Event>
  <log4j:Event logger="com.mojang.authlib.yggdrasil.YggdrasilAuthenticationService" timestamp="1791649683394" level="INFO" thread="Render thread">
    <log4j:Message><![CDATA[Environment: Environment[sessionHost=https://sessionserver.mojang.com, servicesHost=https://api.minecraftservices.com, name=PROD]]]></log4j:Message>
  </log4j:Event>
  <log4j:Event logger="net.minecraft.class_310" timestamp="1791649683406" level="INFO" thread="Render thread">
    <log4j:Message><![CDATA[Setting user: Tester]]></log4j:Message>
  </log4j:Event>
  <log4j:Event logger="dynamic_fps" timestamp="1791649683542" level="WARN" thread="Render thread">
    <log4j:Message><![CDATA[Dynamic FPS config missing or corrupted! Using defaults.]]></log4j:Message>
  </log4j:Event>
  <log4j:Event logger="net.fabricmc.fabric.impl.client.indigo.Indigo" timestamp="1791649683622" level="INFO" thread="Render thread">
    <log4j:Message><![CDATA[[Indigo] Different rendering plugin detected; not applying Indigo.]]></log4j:Message>
  </log4j:Event>
  <log4j:Event logger="net.minecraft.class_2983" timestamp="1791649683691" level="INFO" thread="Render thread">
    <log4j:Message><![CDATA[[STDOUT]: [TRender] Initializing Client...]]></log4j:Message>
  </log4j:Event>
  <log4j:Event logger="net.minecraft.class_310" timestamp="1791649683918" level="INFO" thread="Render thread">
    <log4j:Message><![CDATA[Backend library: LWJGL version 3.3.3-snapshot]]></log4j:Message>
  </log4j:Event>
ATTENTION: default value of option mesa_glthread overridden by environment.
  <log4j:Event logger="net.minecraft.class_1041" timestamp="1791649684086" level="INFO" thread="Render thread">
    <log4j:Message><![CDATA[OpenGL Vendor: Mesa]]></log4j:Message>
  </log4j:Event>
  <log4j:Event logger="net.minecraft.class_1041" timestamp="1791649684086" level="INFO" thread="Render thread">
    <log4j:Message><![CDATA[OpenGL Renderer: llvmpipe (LLVM 20.1.2, 256 bits)]]></log4j:Message>
  </log4j:Event>
  <log4j:Event logger="net.minecraft.class_1041" timestamp="1791649684087" level="INFO" thread="Render thread">
    <log4j:Message><![CDATA[OpenGL Version: 4.5 (Core Profile) Mesa 25.2.8-0ubuntu0.24.04.4]]></log4j:Message>
  </log4j:Event>
  <log4j:Event logger="ImmediatelyFast" timestamp="1791649684096" level="INFO" thread="Render thread">
    <log4j:Message><![CDATA[Initializing ImmediatelyFast 1.8.7+1.21.4 on llvmpipe (LLVM 20.1.2, 256 bits) (Mesa) with OpenGL 4.5 (Core Profile) Mesa 25.2.8-0ubuntu0.24.04.4]]></log4j:Message>
  </log4j:Event>
  <log4j:Event logger="net.minecraft.class_315" timestamp="1791649684338" level="WARN" thread="Render thread">
    <log4j:Message><![CDATA[Removed resource pack badoptimizations from options because it is no longer compatible]]></log4j:Message>
  </log4j:Event>
  <log4j:Event logger="net.minecraft.class_315" timestamp="1791649684338" level="WARN" thread="Render thread">
    <log4j:Message><![CDATA[Removed resource pack modernfix from options because it is no longer compatible]]></log4j:Message>
  </log4j:Event>
  <log4j:Event logger="com.mojang.text2speech.Narrator" timestamp="1791649684731" level="ERROR" thread="Render thread">
    <log4j:Message><![CDATA[Error while loading the narrator]]></log4j:Message>
    <log4j:Throwable><![CDATA[com.mojang.text2speech.Narrator$InitializeException: Failed to load library flite
	at knot//com.mojang.text2speech.NarratorLinux$FliteLibrary.loadNative(NarratorLinux.java:69)
	at knot//com.mojang.text2speech.NarratorLinux.<init>(NarratorLinux.java:18)
	at knot//com.mojang.text2speech.Narrator.getNarrator(Narrator.java:41)
	at knot//net.minecraft.class_333.<init>(class_333.java:19)
	at knot//net.minecraft.class_310.<init>(class_310.java:687)
	at knot//net.minecraft.client.main.Main.main(Main.java:250)
	at net.fabricmc.loader.impl.game.minecraft.MinecraftGameProvider.launch(MinecraftGameProvider.java:517)
	at net.fabricmc.loader.impl.launch.knot.Knot.launch(Knot.java:72)
	at net.fabricmc.loader.impl.launch.knot.KnotClient.main(KnotClient.java:23)
Caused by: java.lang.UnsatisfiedLinkError: Unable to load library 'flite':
libflite.so: cannot open shared object file: No such file or directory
libflite.so: cannot open shared object file: No such file or directory
Native library (linux-x86-64/libflite.so) not found in resource path (/home/runner/work/peregrine-launcher/peregrine-launcher/out/1.21.4/home/data/peregrine/libraries/org/ow2/asm/asm/9.10.1/asm-9.10.1.jar:/home/runner/work/peregrine-launcher/peregrine-launcher/out/1.21.4/home/data/peregrine/libraries/org/ow2/asm/asm-analysis/9.10.1/asm-analysis-9.10.1.jar:/home/runner/work/peregrine-launcher/peregrine-launcher/out/1.21.4/home/data/peregrine/libraries/org/ow2/asm/asm-commons/9.10.1/asm-commons-9.10.1.jar:/home/runner/work/peregrine-launcher/peregrine-launcher/out/1.21.4/home/data/peregrine/libraries/org/ow2/asm/asm-tree/9.10.1/asm-tree-9.10.1.jar:/home/runner/work/peregrine-launcher/peregrine-launcher/out/1.21.4/home/data/peregrine/libraries/org/ow2/asm/asm-util/9.10.1/asm-util-9.10.1.jar:/home/runner/work/peregrine-launcher/peregrine-launcher/out/1.21.4/home/data/peregrine/libraries/net/fabricmc/sponge-mixin/0.17.4+mixin.0.8.7/sponge-mixin-0.17.4+mixin.0.8.7.jar:/home/runner/work/peregrine-launcher/peregrine-launcher/out/1.21.4/home/data/peregrine/libraries/net/fabricmc/intermediary/1.21.4/intermediary-1.21.4.jar:/home/runner/work/peregrine-launcher/peregrine-launcher/out/1.21.4/home/data/peregrine/libraries/net/fabricmc/fabric-loader/0.19.5/fabric-loader-0.19.5.jar:/home/runner/work/peregrine-launcher/peregrine-launcher/out/1.21.4/home/data/peregrine/libraries/com/fasterxml/jackson/core/jackson-annotations/2.13.4/jackson-annotations-2.13.4.jar:/home/runner/work/peregrine-launcher/peregrine-launcher/out/1.21.4/home/data/peregrine/libraries/com/fasterxml/jackson/core/jackson-core/2.13.4/jackson-core-2.13.4.jar:/home/runner/work/peregrine-launcher/peregrine-launcher/out/1.21.4/home/data/peregrine/libraries/com/fasterxml/jackson/core/jackson-databind/2.13.4.2/jackson-databind-2.13.4.2.jar:/home/runner/work/peregrine-launcher/peregrine-launcher/out/1.21.4/home/data/peregrine/libraries/com/github/oshi/oshi-core/6.6.5/oshi-core-6.6.5.jar:/home/runner/work/peregrine-launcher/peregrine-launcher/out/1.21.4/home/data/peregrine/libraries/com/github/stephenc/jcip/jcip-annotations/1.0-1/jcip-annotations-1.0-1.jar:/home/runner/work/peregrine-launcher/peregrine-launcher/out/1.21.4/home/data/peregrine/libraries/com/google/code/gson/gson/2.11.0/gson-2.11.0.jar:/home/runner/work/peregrine-launcher/peregrine-launcher/out/1.21.4/home/data/peregrine/libraries/com/google/guava/failureaccess/1.0.2/failureaccess-1.0.2.jar:/home/runner/work/peregrine-launcher/peregrine-launcher/out/1.21.4/home/data/peregrine/libraries/com/google/guava/guava/33.3.1-jre/guava-33.3.1-jre.jar:/home/runner/work/peregrine-launcher/peregrine-launcher/out/1.21.4/home/data/peregrine/libraries/com/ibm/icu/icu4j/76.1/icu4j-76.1.jar:/home/runner/work/peregrine-launcher/peregrine-launcher/out/1.21.4/home/data/peregrine/libraries/com/microsoft/azure/msal4j/1.17.2/msal4j-1.17.2.jar:/home/runner/work/peregrine-launcher/peregrine-launcher/out/1.21.4/home/data/peregrine/libraries/com/mojang/authlib/6.0.57/authlib-6.0.57.jar:/home/runner/work/peregrine-launcher/peregrine-launcher/out/1.21.4/home/data/peregrine/libraries/com/mojang/blocklist/1.0.10/blocklist-1.0.10.jar:/home/runner/work/peregrine-launcher/peregrine-launcher/out/1.21.4/home/data/peregrine/libraries/com/mojang/brigadier/1.3.10/brigadier-1.3.10.jar:/home/runner/work/peregrine-launcher/peregrine-launcher/out/1.21.4/home/data/peregrine/libraries/com/mojang/datafixerupper/8.0.16/datafixerupper-8.0.16.jar:/home/runner/work/peregrine-launcher/peregrine-launcher/out/1.21.4/home/data/peregrine/libraries/com/mojang/jtracy/1.0.29/jtracy-1.0.29.jar:/home/runner/work/peregrine-launcher/peregrine-launcher/out/1.21.4/home/data/peregrine/libraries/com/mojang/jtracy/1.0.29/jtracy-1.0.29-natives-linux.jar:/home/runner/work/peregrine-launcher/peregrine-launcher/out/1.21.4/home/data/peregrine/libraries/com/mojang/logging/1.5.10/logging-1.5.10.jar:/home/runner/work/peregrine-launcher/peregrine-launcher/out/1.21.4/home/data/peregrine/libraries/com/mojang/patchy/2.2.10/patchy-2.2.10.jar:/home/runner/work/peregrine-launcher/peregrine-launcher/out/1.21.4/home/data/peregrine/libraries/com/mojang/text2speech/1.17.9/text2speech-1.17.9.jar:/home/runner/work/peregrine-launcher/peregrine-launcher/out/1.21.4/home/data/peregrine/libraries/com/nimbusds/content-type/2.3/content-type-2.3.jar:/home/runner/work/peregrine-launcher/peregrine-launcher/out/1.21.4/home/data/peregrine/libraries/com/nimbusds/lang-tag/1.7/lang-tag-1.7.jar:/home/runner/work/peregrine-launcher/peregrine-launcher/out/1.21.4/home/data/peregrine/libraries/com/nimbusds/nimbus-jose-jwt/9.40/nimbus-jose-jwt-9.40.jar:/home/runner/work/peregrine-launcher/peregrine-launcher/out/1.21.4/home/data/peregrine/libraries/com/nimbusds/oauth2-oidc-sdk/11.18/oauth2-oidc-sdk-11.18.jar:/home/runner/work/peregrine-launcher/peregrine-launcher/out/1.21.4/home/data/peregrine/libraries/commons-codec/commons-codec/1.17.1/commons-codec-1.17.1.jar:/home/runner/work/peregrine-launcher/peregrine-launcher/out/1.21.4/home/data/peregrine/libraries/commons-io/commons-io/2.17.0/commons-io-2.17.0.jar:/home/runner/work/peregrine-launcher/peregrine-launcher/out/1.21.4/home/data/peregrine/libraries/commons-logging/commons-logging/1.3.4/commons-logging-1.3.4.jar:/home/runner/work/peregrine-launcher/peregrine-launcher/out/1.21.4/home/data/peregrine/libraries/io/netty/netty-buffer/4.1.115.Final/netty-buffer-4.1.115.Final.jar:/home/runner/work/peregrine-launcher/peregrine-launcher/out/1.21.4/home/data/peregrine/libraries/io/netty/netty-codec/4.1.115.Final/netty-codec-4.1.115.Final.jar:/home/runner/work/peregrine-launcher/peregrine-launcher/out/1.21.4/home/data/peregrine/libraries/io/netty/netty-common/4.1.115.Final/netty-common-4.1.115.Final.jar:/home/runner/work/peregrine-launcher/peregrine-launcher/out/1.21.4/home/data/peregrine/libraries/io/netty/netty-handler/4.1.115.Final/netty-handler-4.1.115.Final.jar:/home/runner/work/peregrine-launcher/peregrine-launcher/out/1.21.4/home/data/peregrine/libraries/io/netty/netty-resolver/4.1.115.Final/netty-resolver-4.1.115.Final.jar:/home/runner/work/peregrine-launcher/peregrine-launcher/out/1.21.4/home/data/peregrine/libraries/io/netty/netty-transport-classes-epoll/4.1.115.Final/netty-transport-classes-epoll-4.1.115.Final.jar:/home/runner/work/peregrine-launcher/peregrine-launcher/out/1.21.4/home/data/peregrine/libraries/io/netty/netty-transport-native-epoll/4.1.115.Final/netty-transport-native-epoll-4.1.115.Final-linux-aarch_64.jar:/home/runner/work/peregrine-launcher/peregrine-launcher/out/1.21.4/home/data/peregrine/libraries/io/netty/netty-transport-native-epoll/4.1.115.Final/netty-transport-native-epoll-4.1.115.Final-linux-x86_64.jar:/home/runner/work/peregrine-launcher/peregrine-launcher/out/1.21.4/home/data/peregrine/libraries/io/netty/netty-transport-native-unix-common/4.1.115.Final/netty-transport-native-unix-common-4.1.115.Final.jar:/home/runner/work/peregrine-launcher/peregrine-launcher/out/1.21.4/home/data/peregrine/libraries/io/netty/netty-transport/4.1.115.Final/netty-transport-4.1.115.Final.jar:/home/runner/work/peregrine-launcher/peregrine-launcher/out/1.21.4/home/data/peregrine/libraries/it/unimi/dsi/fastutil/8.5.15/fastutil-8.5.15.jar:/home/runner/work/peregrine-launcher/peregrine-launcher/out/1.21.4/home/data/peregrine/libraries/net/java/dev/jna/jna-platform/5.15.0/jna-platform-5.15.0.jar:/home/runner/work/peregrine-launcher/peregrine-launcher/out/1.21.4/home/data/peregrine/libraries/net/java/dev/jna/jna/5.15.0/jna-5.15.0.jar:/home/runner/work/peregrine-launcher/peregrine-launcher/out/1.21.4/home/data/peregrine/libraries/net/minidev/accessors-smart/2.5.1/accessors-smart-2.5.1.jar:/home/runner/work/peregrine-launcher/peregrine-launcher/out/1.21.4/home/data/peregrine/libraries/net/minidev/json-smart/2.5.1/json-smart-2.5.1.jar:/home/runner/work/peregrine-launcher/peregrine-launcher/out/1.21.4/home/data/peregrine/libraries/net/sf/jopt-simple/jopt-simple/5.0.4/jopt-simple-5.0.4.jar:/home/runner/work/peregrine-launcher/peregrine-launcher/out/1.21.4/home/data/peregrine/libraries/org/apache/commons/commons-compress/1.27.1/commons-compress-1.27.1.jar:/home/runner/work/peregrine-launcher/peregrine-launcher/out/1.21.4/home/data/peregrine/libraries/org/apache/commons/commons-lang3/3.17.0/commons-lang3-3.17.0.jar:/home/runner/work/peregrine-launcher/peregrine-launcher/out/1.21.4/home/data/peregrine/libraries/org/apache/httpcomponents/httpclient/4.5.14/httpclient-4.5.14.jar:/home/runner/work/peregrine-launcher/peregrine-launcher/out/1.21.4/home/data/peregrine/libraries/org/apache/httpcomponents/httpcore/4.4.16/httpcore-4.4.16.jar:/home/runner/work/peregrine-launcher/peregrine-launcher/out/1.21.4/home/data/peregrine/libraries/org/apache/logging/log4j/log4j-api/2.24.1/log4j-api-2.24.1.jar:/home/runner/work/peregrine-launcher/peregrine-launcher/out/1.21.4/home/data/peregrine/libraries/org/apache/logging/log4j/log4j-core/2.24.1/log4j-core-2.24.1.jar:/home/runner/work/peregrine-launcher/peregrine-launcher/out/1.21.4/home/data/peregrine/libraries/org/apache/logging/log4j/log4j-slf4j2-impl/2.24.1/log4j-slf4j2-impl-2.24.1.jar:/home/runner/work/peregrine-launcher/peregrine-launcher/out/1.21.4/home/data/peregrine/libraries/org/jcraft/jorbis/0.0.17/jorbis-0.0.17.jar:/home/runner/work/peregrine-launcher/peregrine-launcher/out/1.21.4/home/data/peregrine/libraries/org/joml/joml/1.10.8/joml-1.10.8.jar:/home/runner/work/peregrine-launcher/peregrine-launcher/out/1.21.4/home/data/peregrine/libraries/org/lwjgl/lwjgl-freetype/3.3.3/lwjgl-freetype-3.3.3.jar:/home/runner/work/peregrine-launcher/peregrine-launcher/out/1.21.4/home/data/peregrine/libraries/org/lwjgl/lwjgl-freetype/3.3.3/lwjgl-freetype-3.3.3-natives-linux.jar:/home/runner/work/peregrine-launcher/peregrine-launcher/out/1.21.4/home/data/peregrine/libraries/org/lwjgl/lwjgl-glfw/3.3.3/lwjgl-glfw-3.3.3.jar:/home/runner/work/peregrine-launcher/peregrine-launcher/out/1.21.4/home/data/peregrine/libraries/org/lwjgl/lwjgl-glfw/3.3.3/lwjgl-glfw-3.3.3-natives-linux.jar:/home/runner/work/peregrine-launcher/peregrine-launcher/out/1.21.4/home/data/peregrine/libraries/org/lwjgl/lwjgl-jemalloc/3.3.3/lwjgl-jemalloc-3.3.3.jar:/home/runner/work/peregrine-launcher/peregrine-launcher/out/1.21.4/home/data/peregrine/libraries/org/lwjgl/lwjgl-jemalloc/3.3.3/lwjgl-jemalloc-3.3.3-natives-linux.jar:/home/runner/work/peregrine-launcher/peregrine-launcher/out/1.21.4/home/data/peregrine/libraries/org/lwjgl/lwjgl-openal/3.3.3/lwjgl-openal-3.3.3.jar:/home/runner/work/peregrine-launcher/peregrine-launcher/out/1.21.4/home/data/peregrine/libraries/org/lwjgl/lwjgl-openal/3.3.3/lwjgl-openal-3.3.3-natives-linux.jar:/home/runner/work/peregrine-launcher/peregrine-launcher/out/1.21.4/home/data/peregrine/libraries/org/lwjgl/lwjgl-opengl/3.3.3/lwjgl-opengl-3.3.3.jar:/home/runner/work/peregrine-launcher/peregrine-launcher/out/1.21.4/home/data/peregrine/libraries/org/lwjgl/lwjgl-opengl/3.3.3/lwjgl-opengl-3.3.3-natives-linux.jar:/home/runner/work/peregrine-launcher/peregrine-launcher/out/1.21.4/home/data/peregrine/libraries/org/lwjgl/lwjgl-stb/3.3.3/lwjgl-stb-3.3.3.jar:/home/runner/work/peregrine-launcher/peregrine-launcher/out/1.21.4/home/data/peregrine/libraries/org/lwjgl/lwjgl-stb/3.3.3/lwjgl-stb-3.3.3-natives-linux.jar:/home/runner/work/peregrine-launcher/peregrine-launcher/out/1.21.4/home/data/peregrine/libraries/org/lwjgl/lwjgl-tinyfd/3.3.3/lwjgl-tinyfd-3.3.3.jar:/home/runner/work/peregrine-launcher/peregrine-launcher/out/1.21.4/home/data/peregrine/libraries/org/lwjgl/lwjgl-tinyfd/3.3.3/lwjgl-tinyfd-3.3.3-natives-linux.jar:/home/runner/work/peregrine-launcher/peregrine-launcher/out/1.21.4/home/data/peregrine/libraries/org/lwjgl/lwjgl/3.3.3/lwjgl-3.3.3.jar:/home/runner/work/peregrine-launcher/peregrine-launcher/out/1.21.4/home/data/peregrine/libraries/org/lwjgl/lwjgl/3.3.3/lwjgl-3.3.3-natives-linux.jar:/home/runner/work/peregrine-launcher/peregrine-launcher/out/1.21.4/home/data/peregrine/libraries/org/lz4/lz4-java/1.8.0/lz4-java-1.8.0.jar:/home/runner/work/peregrine-launcher/peregrine-launcher/out/1.21.4/home/data/peregrine/libraries/org/slf4j/slf4j-api/2.0.16/slf4j-api-2.0.16.jar:/home/runner/work/peregrine-launcher/peregrine-launcher/out/1.21.4/home/data/peregrine/versions/1.21.4/1.21.4.jar)
	at knot//com.sun.jna.NativeLibrary.loadLibrary(NativeLibrary.java:325)
	at knot//com.sun.jna.NativeLibrary.getInstance(NativeLibrary.java:481)
	at knot//com.sun.jna.NativeLibrary.getInstance(NativeLibrary.java:423)
	at knot//com.mojang.text2speech.NarratorLinux$FliteLibrary.loadNative(NarratorLinux.java:67)
	... 8 more
	Suppressed: java.lang.UnsatisfiedLinkError: libflite.so: cannot open shared object file: No such file or directory
		at knot//com.sun.jna.Native.open(Native Method)
		at knot//com.sun.jna.NativeLibrary.loadLibrary(NativeLibrary.java:213)
		... 11 more
	Suppressed: java.lang.UnsatisfiedLinkError: libflite.so: cannot open shared object file: No such file or directory
		at knot//com.sun.jna.Native.open(Native Method)
		at knot//com.sun.jna.NativeLibrary.loadLibrary(NativeLibrary.java:226)
		... 11 more
	Suppressed: java.io.IOException: Native library (linux-x86-64/libflite.so) not found in resource path (/home/runner/work/peregrine-launcher/peregrine-launcher/out/1.21.4/home/data/peregrine/libraries/org/ow2/asm/asm/9.10.1/asm-9.10.1.jar:/home/runner/work/peregrine-launcher/peregrine-launcher/out/1.21.4/home/data/peregrine/libraries/org/ow2/asm/asm-analysis/9.10.1/asm-analysis-9.10.1.jar:/home/runner/work/peregrine-launcher/peregrine-launcher/out/1.21.4/home/data/peregrine/libraries/org/ow2/asm/asm-commons/9.10.1/asm-commons-9.10.1.jar:/home/runner/work/peregrine-launcher/peregrine-launcher/out/1.21.4/home/data/peregrine/libraries/org/ow2/asm/asm-tree/9.10.1/asm-tree-9.10.1.jar:/home/runner/work/peregrine-launcher/peregrine-launcher/out/1.21.4/home/data/peregrine/libraries/org/ow2/asm/asm-util/9.10.1/asm-util-9.10.1.jar:/home/runner/work/peregrine-launcher/peregrine-launcher/out/1.21.4/home/data/peregrine/libraries/net/fabricmc/sponge-mixin/0.17.4+mixin.0.8.7/sponge-mixin-0.17.4+mixin.0.8.7.jar:/home/runner/work/peregrine-launcher/peregrine-launcher/out/1.21.4/home/data/peregrine/libraries/net/fabricmc/intermediary/1.21.4/intermediary-1.21.4.jar:/home/runner/work/peregrine-launcher/peregrine-launcher/out/1.21.4/home/data/peregrine/libraries/net/fabricmc/fabric-loader/0.19.5/fabric-loader-0.19.5.jar:/home/runner/work/peregrine-launcher/peregrine-launcher/out/1.21.4/home/data/peregrine/libraries/com/fasterxml/jackson/core/jackson-annotations/2.13.4/jackson-annotations-2.13.4.jar:/home/runner/work/peregrine-launcher/peregrine-launcher/out/1.21.4/home/data/peregrine/libraries/com/fasterxml/jackson/core/jackson-core/2.13.4/jackson-core-2.13.4.jar:/home/runner/work/peregrine-launcher/peregrine-launcher/out/1.21.4/home/data/peregrine/libraries/com/fasterxml/jackson/core/jackson-databind/2.13.4.2/jackson-databind-2.13.4.2.jar:/home/runner/work/peregrine-launcher/peregrine-launcher/out/1.21.4/home/data/peregrine/libraries/com/github/oshi/oshi-core/6.6.5/oshi-core-6.6.5.jar:/home/runner/work/peregrine-launcher/peregrine-launcher/out/1.21.4/home/data/peregrine/libraries/com/github/stephenc/jcip/jcip-annotations/1.0-1/jcip-annotations-1.0-1.jar:/home/runner/work/peregrine-launcher/peregrine-launcher/out/1.21.4/home/data/peregrine/libraries/com/google/code/gson/gson/2.11.0/gson-2.11.0.jar:/home/runner/work/peregrine-launcher/peregrine-launcher/out/1.21.4/home/data/peregrine/libraries/com/google/guava/failureaccess/1.0.2/failureaccess-1.0.2.jar:/home/runner/work/peregrine-launcher/peregrine-launcher/out/1.21.4/home/data/peregrine/libraries/com/google/guava/guava/33.3.1-jre/guava-33.3.1-jre.jar:/home/runner/work/peregrine-launcher/peregrine-launcher/out/1.21.4/home/data/peregrine/libraries/com/ibm/icu/icu4j/76.1/icu4j-76.1.jar:/home/runner/work/peregrine-launcher/peregrine-launcher/out/1.21.4/home/data/peregrine/libraries/com/microsoft/azure/msal4j/1.17.2/msal4j-1.17.2.jar:/home/runner/work/peregrine-launcher/peregrine-launcher/out/1.21.4/home/data/peregrine/libraries/com/mojang/authlib/6.0.57/authlib-6.0.57.jar:/home/runner/work/peregrine-launcher/peregrine-launcher/out/1.21.4/home/data/peregrine/libraries/com/mojang/blocklist/1.0.10/blocklist-1.0.10.jar:/home/runner/work/peregrine-launcher/peregrine-launcher/out/1.21.4/home/data/peregrine/libraries/com/mojang/brigadier/1.3.10/brigadier-1.3.10.jar:/home/runner/work/peregrine-launcher/peregrine-launcher/out/1.21.4/home/data/peregrine/libraries/com/mojang/datafixerupper/8.0.16/datafixerupper-8.0.16.jar:/home/runner/work/peregrine-launcher/peregrine-launcher/out/1.21.4/home/data/peregrine/libraries/com/mojang/jtracy/1.0.29/jtracy-1.0.29.jar:/home/runner/work/peregrine-launcher/peregrine-launcher/out/1.21.4/home/data/peregrine/libraries/com/mojang/jtracy/1.0.29/jtracy-1.0.29-natives-linux.jar:/home/runner/work/peregrine-launcher/peregrine-launcher/out/1.21.4/home/data/peregrine/libraries/com/mojang/logging/1.5.10/logging-1.5.10.jar:/home/runner/work/peregrine-launcher/peregrine-launcher/out/1.21.4/home/data/peregrine/libraries/com/mojang/patchy/2.2.10/patchy-2.2.10.jar:/home/runner/work/peregrine-launcher/peregrine-launcher/out/1.21.4/home/data/peregrine/libraries/com/mojang/text2speech/1.17.9/text2speech-1.17.9.jar:/home/runner/work/peregrine-launcher/peregrine-launcher/out/1.21.4/home/data/peregrine/libraries/com/nimbusds/content-type/2.3/content-type-2.3.jar:/home/runner/work/peregrine-launcher/peregrine-launcher/out/1.21.4/home/data/peregrine/libraries/com/nimbusds/lang-tag/1.7/lang-tag-1.7.jar:/home/runner/work/peregrine-launcher/peregrine-launcher/out/1.21.4/home/data/peregrine/libraries/com/nimbusds/nimbus-jose-jwt/9.40/nimbus-jose-jwt-9.40.jar:/home/runner/work/peregrine-launcher/peregrine-launcher/out/1.21.4/home/data/peregrine/libraries/com/nimbusds/oauth2-oidc-sdk/11.18/oauth2-oidc-sdk-11.18.jar:/home/runner/work/peregrine-launcher/peregrine-launcher/out/1.21.4/home/data/peregrine/libraries/commons-codec/commons-codec/1.17.1/commons-codec-1.17.1.jar:/home/runner/work/peregrine-launcher/peregrine-launcher/out/1.21.4/home/data/peregrine/libraries/commons-io/commons-io/2.17.0/commons-io-2.17.0.jar:/home/runner/work/peregrine-launcher/peregrine-launcher/out/1.21.4/home/data/peregrine/libraries/commons-logging/commons-logging/1.3.4/commons-logging-1.3.4.jar:/home/runner/work/peregrine-launcher/peregrine-launcher/out/1.21.4/home/data/peregrine/libraries/io/netty/netty-buffer/4.1.115.Final/netty-buffer-4.1.115.Final.jar:/home/runner/work/peregrine-launcher/peregrine-launcher/out/1.21.4/home/data/peregrine/libraries/io/netty/netty-codec/4.1.115.Final/netty-codec-4.1.115.Final.jar:/home/runner/work/peregrine-launcher/peregrine-launcher/out/1.21.4/home/data/peregrine/libraries/io/netty/netty-common/4.1.115.Final/netty-common-4.1.115.Final.jar:/home/runner/work/peregrine-launcher/peregrine-launcher/out/1.21.4/home/data/peregrine/libraries/io/netty/netty-handler/4.1.115.Final/netty-handler-4.1.115.Final.jar:/home/runner/work/peregrine-launcher/peregrine-launcher/out/1.21.4/home/data/peregrine/libraries/io/netty/netty-resolver/4.1.115.Final/netty-resolver-4.1.115.Final.jar:/home/runner/work/peregrine-launcher/peregrine-launcher/out/1.21.4/home/data/peregrine/libraries/io/netty/netty-transport-classes-epoll/4.1.115.Final/netty-transport-classes-epoll-4.1.115.Final.jar:/home/runner/work/peregrine-launcher/peregrine-launcher/out/1.21.4/home/data/peregrine/libraries/io/netty/netty-transport-native-epoll/4.1.115.Final/netty-transport-native-epoll-4.1.115.Final-linux-aarch_64.jar:/home/runner/work/peregrine-launcher/peregrine-launcher/out/1.21.4/home/data/peregrine/libraries/io/netty/netty-transport-native-epoll/4.1.115.Final/netty-transport-native-epoll-4.1.115.Final-linux-x86_64.jar:/home/runner/work/peregrine-launcher/peregrine-launcher/out/1.21.4/home/data/peregrine/libraries/io/netty/netty-transport-native-unix-common/4.1.115.Final/netty-transport-native-unix-common-4.1.115.Final.jar:/home/runner/work/peregrine-launcher/peregrine-launcher/out/1.21.4/home/data/peregrine/libraries/io/netty/netty-transport/4.1.115.Final/netty-transport-4.1.115.Final.jar:/home/runner/work/peregrine-launcher/peregrine-launcher/out/1.21.4/home/data/peregrine/libraries/it/unimi/dsi/fastutil/8.5.15/fastutil-8.5.15.jar:/home/runner/work/peregrine-launcher/peregrine-launcher/out/1.21.4/home/data/peregrine/libraries/net/java/dev/jna/jna-platform/5.15.0/jna-platform-5.15.0.jar:/home/runner/work/peregrine-launcher/peregrine-launcher/out/1.21.4/home/data/peregrine/libraries/net/java/dev/jna/jna/5.15.0/jna-5.15.0.jar:/home/runner/work/peregrine-launcher/peregrine-launcher/out/1.21.4/home/data/peregrine/libraries/net/minidev/accessors-smart/2.5.1/accessors-smart-2.5.1.jar:/home/runner/work/peregrine-launcher/peregrine-launcher/out/1.21.4/home/data/peregrine/libraries/net/minidev/json-smart/2.5.1/json-smart-2.5.1.jar:/home/runner/work/peregrine-launcher/peregrine-launcher/out/1.21.4/home/data/peregrine/libraries/net/sf/jopt-simple/jopt-simple/5.0.4/jopt-simple-5.0.4.jar:/home/runner/work/peregrine-launcher/peregrine-launcher/out/1.21.4/home/data/peregrine/libraries/org/apache/commons/commons-compress/1.27.1/commons-compress-1.27.1.jar:/home/runner/work/peregrine-launcher/peregrine-launcher/out/1.21.4/home/data/peregrine/libraries/org/apache/commons/commons-lang3/3.17.0/commons-lang3-3.17.0.jar:/home/runner/work/peregrine-launcher/peregrine-launcher/out/1.21.4/home/data/peregrine/libraries/org/apache/httpcomponents/httpclient/4.5.14/httpclient-4.5.14.jar:/home/runner/work/peregrine-launcher/peregrine-launcher/out/1.21.4/home/data/peregrine/libraries/org/apache/httpcomponents/httpcore/4.4.16/httpcore-4.4.16.jar:/home/runner/work/peregrine-launcher/peregrine-launcher/out/1.21.4/home/data/peregrine/libraries/org/apache/logging/log4j/log4j-api/2.24.1/log4j-api-2.24.1.jar:/home/runner/work/peregrine-launcher/peregrine-launcher/out/1.21.4/home/data/peregrine/libraries/org/apache/logging/log4j/log4j-core/2.24.1/log4j-core-2.24.1.jar:/home/runner/work/peregrine-launcher/peregrine-launcher/out/1.21.4/home/data/peregrine/libraries/org/apache/logging/log4j/log4j-slf4j2-impl/2.24.1/log4j-slf4j2-impl-2.24.1.jar:/home/runner/work/peregrine-launcher/peregrine-launcher/out/1.21.4/home/data/peregrine/libraries/org/jcraft/jorbis/0.0.17/jorbis-0.0.17.jar:/home/runner/work/peregrine-launcher/peregrine-launcher/out/1.21.4/home/data/peregrine/libraries/org/joml/joml/1.10.8/joml-1.10.8.jar:/home/runner/work/peregrine-launcher/peregrine-launcher/out/1.21.4/home/data/peregrine/libraries/org/lwjgl/lwjgl-freetype/3.3.3/lwjgl-freetype-3.3.3.jar:/home/runner/work/peregrine-launcher/peregrine-launcher/out/1.21.4/home/data/peregrine/libraries/org/lwjgl/lwjgl-freetype/3.3.3/lwjgl-freetype-3.3.3-natives-linux.jar:/home/runner/work/peregrine-launcher/peregrine-launcher/out/1.21.4/home/data/peregrine/libraries/org/lwjgl/lwjgl-glfw/3.3.3/lwjgl-glfw-3.3.3.jar:/home/runner/work/peregrine-launcher/peregrine-launcher/out/1.21.4/home/data/peregrine/libraries/org/lwjgl/lwjgl-glfw/3.3.3/lwjgl-glfw-3.3.3-natives-linux.jar:/home/runner/work/peregrine-launcher/peregrine-launcher/out/1.21.4/home/data/peregrine/libraries/org/lwjgl/lwjgl-jemalloc/3.3.3/lwjgl-jemalloc-3.3.3.jar:/home/runner/work/peregrine-launcher/peregrine-launcher/out/1.21.4/home/data/peregrine/libraries/org/lwjgl/lwjgl-jemalloc/3.3.3/lwjgl-jemalloc-3.3.3-natives-linux.jar:/home/runner/work/peregrine-launcher/peregrine-launcher/out/1.21.4/home/data/peregrine/libraries/org/lwjgl/lwjgl-openal/3.3.3/lwjgl-openal-3.3.3.jar:/home/runner/work/peregrine-launcher/peregrine-launcher/out/1.21.4/home/data/peregrine/libraries/org/lwjgl/lwjgl-openal/3.3.3/lwjgl-openal-3.3.3-natives-linux.jar:/home/runner/work/peregrine-launcher/peregrine-launcher/out/1.21.4/home/data/peregrine/libraries/org/lwjgl/lwjgl-opengl/3.3.3/lwjgl-opengl-3.3.3.jar:/home/runner/work/peregrine-launcher/peregrine-launcher/out/1.21.4/home/data/peregrine/libraries/org/lwjgl/lwjgl-opengl/3.3.3/lwjgl-opengl-3.3.3-natives-linux.jar:/home/runner/work/peregrine-launcher/peregrine-launcher/out/1.21.4/home/data/peregrine/libraries/org/lwjgl/lwjgl-stb/3.3.3/lwjgl-stb-3.3.3.jar:/home/runner/work/peregrine-launcher/peregrine-launcher/out/1.21.4/home/data/peregrine/libraries/org/lwjgl/lwjgl-stb/3.3.3/lwjgl-stb-3.3.3-natives-linux.jar:/home/runner/work/peregrine-launcher/peregrine-launcher/out/1.21.4/home/data/peregrine/libraries/org/lwjgl/lwjgl-tinyfd/3.3.3/lwjgl-tinyfd-3.3.3.jar:/home/runner/work/peregrine-launcher/peregrine-launcher/out/1.21.4/home/data/peregrine/libraries/org/lwjgl/lwjgl-tinyfd/3.3.3/lwjgl-tinyfd-3.3.3-natives-linux.jar:/home/runner/work/peregrine-launcher/peregrine-launcher/out/1.21.4/home/data/peregrine/libraries/org/lwjgl/lwjgl/3.3.3/lwjgl-3.3.3.jar:/home/runner/work/peregrine-launcher/peregrine-launcher/out/1.21.4/home/data/peregrine/libraries/org/lwjgl/lwjgl/3.3.3/lwjgl-3.3.3-natives-linux.jar:/home/runner/work/peregrine-launcher/peregrine-launcher/out/1.21.4/home/data/peregrine/libraries/org/lz4/lz4-java/1.8.0/lz4-java-1.8.0.jar:/home/runner/work/peregrine-launcher/peregrine-launcher/out/1.21.4/home/data/peregrine/libraries/org/slf4j/slf4j-api/2.0.16/slf4j-api-2.0.16.jar:/home/runner/work/peregrine-launcher/peregrine-launcher/out/1.21.4/home/data/peregrine/versions/1.21.4/1.21.4.jar)
		at knot//com.sun.jna.Native.extractFromResourcePath(Native.java:1141)
		at knot//com.sun.jna.NativeLibrary.loadLibrary(NativeLibrary.java:297)
		... 11 more
]]></log4j:Throwable>
  </log4j:Event>
  <log4j:Event logger="ModernFix" timestamp="1791649684798" level="INFO" thread="Render thread">
    <log4j:Message><![CDATA[Invalidating pack caches]]></log4j:Message>
  </log4j:Event>
  <log4j:Event logger="net.minecraft.class_3304" timestamp="1791649684800" level="INFO" thread="Render thread">
    <log4j:Message><![CDATA[Reloading ResourceManager: vanilla, file/PeregrineTest, fabric, badoptimizations, cloth-config, conditional-mixin, dynamic_fps, entityculling, fabric-api, fabric-api-base, fabric-api-lookup-api-v1, fabric-biome-api-v1, fabric-block-api-v1, fabric-block-view-api-v2, fabric-blockrenderlayer-v1, fabric-client-tags-api-v1, fabric-command-api-v1, fabric-command-api-v2, fabric-commands-v0, fabric-content-registries-v0, fabric-convention-tags-v1, fabric-convention-tags-v2, fabric-crash-report-info-v1, fabric-data-attachment-api-v1, fabric-data-generation-api-v1, fabric-dimensions-v1, fabric-entity-events-v1, fabric-events-interaction-v0, fabric-game-rule-api-v1, fabric-item-api-v1, fabric-item-group-api-v1, fabric-key-binding-api-v1, fabric-keybindings-v0, fabric-lifecycle-events-v1, fabric-loot-api-v2, fabric-loot-api-v3, fabric-message-api-v1, fabric-model-loading-api-v1, fabric-networking-api-v1, fabric-object-builder-api-v1, fabric-particles-v1, fabric-recipe-api-v1, fabric-registry-sync-v0, fabric-renderer-api-v1, fabric-renderer-indigo, fabric-rendering-data-attachment-v1, fabric-rendering-fluids-v1, fabric-rendering-v1, fabric-resource-conditions-api-v1, fabric-resource-loader-v0, fabric-screen-api-v1, fabric-screen-handler-api-v1, fabric-sound-api-v1, fabric-tag-api-v1, fabric-transfer-api-v1, fabric-transitive-access-wideners-v1, fabricloader, immediatelyfast, lithium, modernfix, moreculling, peregrine-client, scalablelux, sodium, trender]]></log4j:Message>
  </log4j:Event>
  <log4j:Event logger="moreculling" timestamp="1791649684897" level="INFO" thread="Render thread">
    <log4j:Message><![CDATA[Cached all modded block culling states]]></log4j:Message>
  </log4j:Event>
  <log4j:Event logger="net.minecraft.class_2983" timestamp="1791649684933" level="INFO" thread="Render thread">
    <log4j:Message><![CDATA[[STDOUT]: [Peregrine self-test] INFO phase world on Minecraft 1.21.4]]></log4j:Message>
  </log4j:Event>
  <log4j:Event logger="net.minecraft.class_391" timestamp="1791649684958" level="INFO" thread="Worker-ResourceReload-1">
    <log4j:Message><![CDATA[Found unifont_all_no_pua-16.0.01.hex, loading]]></log4j:Message>
  </log4j:Event>
  <log4j:Event logger="net.minecraft.class_391" timestamp="1791649685365" level="INFO" thread="Worker-ResourceReload-1">
    <log4j:Message><![CDATA[Found unifont_jp_patch-16.0.01.hex, loading]]></log4j:Message>
  </log4j:Event>
ALSA lib confmisc.c:855:(parse_card) cannot find card '0'
ALSA lib conf.c:5208:(_snd_config_evaluate) function snd_func_card_inum returned error: No such file or directory
ALSA lib confmisc.c:422:(snd_func_concat) error evaluating strings
ALSA lib conf.c:5208:(_snd_config_evaluate) function snd_func_concat returned error: No such file or directory
ALSA lib confmisc.c:1342:(snd_func_refer) error evaluating name
ALSA lib conf.c:5208:(_snd_config_evaluate) function snd_func_refer returned error: No such file or directory
ALSA lib conf.c:5731:(snd_config_expand) Evaluate error: No such file or directory
ALSA lib pcm.c:2721:(snd_pcm_open_noupdate) Unknown PCM default
ALSA lib confmisc.c:855:(parse_card) cannot find card '0'
ALSA lib conf.c:5208:(_snd_config_evaluate) function snd_func_card_inum returned error: No such file or directory
ALSA lib confmisc.c:422:(snd_func_concat) error evaluating strings
ALSA lib conf.c:5208:(_snd_config_evaluate) function snd_func_concat returned error: No such file or directory
ALSA lib confmisc.c:1342:(snd_func_refer) error evaluating name
ALSA lib conf.c:5208:(_snd_config_evaluate) function snd_func_refer returned error: No such file or directory
ALSA lib conf.c:5731:(snd_config_expand) Evaluate error: No such file or directory
ALSA lib pcm.c:2721:(snd_pcm_open_noupdate) Unknown PCM default
  <log4j:Event logger="net.minecraft.class_1140" timestamp="1791649687817" level="ERROR" thread="Render thread">
    <log4j:Message><![CDATA[Error starting SoundSystem. Turning off sounds & music]]></log4j:Message>
    <log4j:Throwable><![CDATA[java.lang.IllegalStateException: Failed to open OpenAL device
	at knot//net.minecraft.class_4225.method_38501(class_4225.java:302)
	at knot//net.minecraft.class_4225.method_19661(class_4225.java:154)
	at knot//net.minecraft.class_1140.method_4846(class_1140.java:116)
	at knot//net.minecraft.class_1140.method_4837(class_1140.java:106)
	at knot//net.minecraft.class_1144.method_18182(class_1144.java:125)
	at knot//net.minecraft.class_1144.method_18788(class_1144.java:43)
	at knot//net.minecraft.class_4080.method_18790(class_4080.java:14)
	at java.base/java.util.concurrent.CompletableFuture$UniAccept.tryFire(Unknown Source)
	at java.base/java.util.concurrent.CompletableFuture$Completion.run(Unknown Source)
	at knot//net.minecraft.class_4014.method_18365(class_4014.java:68)
	at knot//net.minecraft.class_1255.method_18859(class_1255.java:164)
	at knot//net.minecraft.class_4093.method_18859(class_4093.java:23)
	at knot//net.minecraft.class_1255.method_16075(class_1255.java:138)
	at knot//net.minecraft.class_1255.method_5383(class_1255.java:123)
	at knot//net.minecraft.class_310.method_1523(class_310.java:1296)
	at knot//net.minecraft.class_310.method_1514(class_310.java:922)
	at knot//net.minecraft.client.main.Main.main(Main.java:267)
	at net.fabricmc.loader.impl.game.minecraft.MinecraftGameProvider.launch(MinecraftGameProvider.java:517)
	at net.fabricmc.loader.impl.launch.knot.Knot.launch(Knot.java:72)
	at net.fabricmc.loader.impl.launch.knot.KnotClient.main(KnotClient.java:23)
]]></log4j:Throwable>
  </log4j:Event>
  <log4j:Event logger="net.minecraft.class_1059" timestamp="1791649688004" level="INFO" thread="Render thread">
    <log4j:Message><![CDATA[Created: 1024x512x4 minecraft:textures/atlas/blocks.png-atlas]]></log4j:Message>
  </log4j:Event>
  <log4j:Event logger="net.minecraft.class_1059" timestamp="1791649688025" level="INFO" thread="Render thread">
    <log4j:Message><![CDATA[Created: 256x256x4 minecraft:textures/atlas/signs.png-atlas]]></log4j:Message>
  </log4j:Event>
  <log4j:Event logger="net.minecraft.class_1059" timestamp="1791649688026" level="INFO" thread="Render thread">
    <log4j:Message><![CDATA[Created: 512x512x4 minecraft:textures/atlas/banner_patterns.png-atlas]]></log4j:Message>
  </log4j:Event>
  <log4j:Event logger="net.minecraft.class_1059" timestamp="1791649688027" level="INFO" thread="Render thread">
    <log4j:Message><![CDATA[Created: 512x512x4 minecraft:textures/atlas/shield_patterns.png-atlas]]></log4j:Message>
  </log4j:Event>
  <log4j:Event logger="net.minecraft.class_1059" timestamp="1791649688028" level="INFO" thread="Render thread">
    <log4j:Message><![CDATA[Created: 2048x1024x4 minecraft:textures/atlas/armor_trims.png-atlas]]></log4j:Message>
  </log4j:Event>
  <log4j:Event logger="net.minecraft.class_1059" timestamp="1791649688035" level="INFO" thread="Render thread">
    <log4j:Message><![CDATA[Created: 256x256x4 minecraft:textures/atlas/chest.png-atlas]]></log4j:Message>
  </log4j:Event>
  <log4j:Event logger="net.minecraft.class_1059" timestamp="1791649688036" level="INFO" thread="Render thread">
    <log4j:Message><![CDATA[Created: 128x64x4 minecraft:textures/atlas/decorated_pot.png-atlas]]></log4j:Message>
  </log4j:Event>
  <log4j:Event logger="net.minecraft.class_1059" timestamp="1791649688036" level="INFO" thread="Render thread">
    <log4j:Message><![CDATA[Created: 512x256x4 minecraft:textures/atlas/beds.png-atlas]]></log4j:Message>
  </log4j:Event>
  <log4j:Event logger="net.minecraft.class_1059" timestamp="1791649688037" level="INFO" thread="Render thread">
    <log4j:Message><![CDATA[Created: 512x256x4 minecraft:textures/atlas/shulker_boxes.png-atlas]]></log4j:Message>
  </log4j:Event>
  <log4j:Event logger="net.minecraft.class_1059" timestamp="1791649688038" level="INFO" thread="Render thread">
    <log4j:Message><![CDATA[Created: 64x64x0 minecraft:textures/atlas/map_decorations.png-atlas]]></log4j:Message>
  </log4j:Event>
  <log4j:Event logger="net.minecraft.class_1059" timestamp="1791649688169" level="INFO" thread="Render thread">
    <log4j:Message><![CDATA[Created: 512x256x0 minecraft:textures/atlas/particles.png-atlas]]></log4j:Message>
  </log4j:Event>
  <log4j:Event logger="net.minecraft.class_1059" timestamp="1791649688170" level="INFO" thread="Render thread">
    <log4j:Message><![CDATA[Created: 512x256x0 minecraft:textures/atlas/paintings.png-atlas]]></log4j:Message>
  </log4j:Event>
  <log4j:Event logger="net.minecraft.class_1059" timestamp="1791649688171" level="INFO" thread="Render thread">
    <log4j:Message><![CDATA[Created: 256x128x0 minecraft:textures/atlas/mob_effects.png-atlas]]></log4j:Message>
  </log4j:Event>
  <log4j:Event logger="net.minecraft.class_1059" timestamp="1791649688172" level="INFO" thread="Render thread">
    <log4j:Message><![CDATA[Created: 1024x512x0 minecraft:textures/atlas/gui.png-atlas]]></log4j:Message>
  </log4j:Event>
  <log4j:Event logger="net.minecraft.server.MinecraftServer" timestamp="1791649688853" level="INFO" thread="Render thread">
    <log4j:Message><![CDATA[Found new data pack fabric, loading it automatically]]></log4j:Message>
  </log4j:Event>
  <log4j:Event logger="net.minecraft.server.MinecraftServer" timestamp="1791649688854" level="INFO" thread="Render thread">
    <log4j:Message><![CDATA[Found new data pack fabric-convention-tags-v2, loading it automatically]]></log4j:Message>
  </log4j:Event>
  <log4j:Event logger="net.minecraft.class_1863" timestamp="1791649690375" level="INFO" thread="Render thread">
    <log4j:Message><![CDATA[Loaded 1370 recipes]]></log4j:Message>
  </log4j:Event>
  <log4j:Event logger="net.minecraft.class_163" timestamp="1791649690392" level="INFO" thread="Render thread">
    <log4j:Message><![CDATA[Loaded 1481 advancements]]></log4j:Message>
  </log4j:Event>
  <log4j:Event logger="net.fabricmc.fabric.impl.biome.modification.BiomeModificationImpl" timestamp="1791649690685" level="INFO" thread="Render thread">
    <log4j:Message><![CDATA[Applied 0 biome modifications to 0 of 65 new biomes in 1.418 ms]]></log4j:Message>
  </log4j:Event>
  <log4j:Event logger="net.minecraft.class_1132" timestamp="1791649690689" level="INFO" thread="Server thread">
    <log4j:Message><![CDATA[Starting integrated minecraft server version 1.21.4]]></log4j:Message>
  </log4j:Event>
  <log4j:Event logger="net.minecraft.server.MinecraftServer" timestamp="1791649690690" level="INFO" thread="Server thread">
    <log4j:Message><![CDATA[Generating keypair]]></log4j:Message>
  </log4j:Event>
  <log4j:Event logger="net.minecraft.server.MinecraftServer" timestamp="1791649691208" level="INFO" thread="Server thread">
    <log4j:Message><![CDATA[Preparing start region for dimension minecraft:overworld]]></log4j:Message>
  </log4j:Event>
  <log4j:Event logger="FabricLoader/Mixin" timestamp="1791649691211" level="WARN" thread="Server thread">
    <log4j:Message><![CDATA[Method overwrite conflict for removeIf in modernfix-common.mixins.json:bugfix.paper_chunk_patches.SortedArraySetMixin from mod modernfix, previously written by net.caffeinemc.mods.lithium.mixin.collections.chunk_tickets.SortedArraySetMixin. Skipping method.]]></log4j:Message>
  </log4j:Event>
  <log4j:Event logger="net.minecraft.class_2983" timestamp="1791649691327" level="INFO" thread="Server thread">
    <log4j:Message><![CDATA[[STDOUT]: [ScalableLux] Lighting scaling is disabled (due to low parallelism in the settings)]]></log4j:Message>
  </log4j:Event>
  <log4j:Event logger="net.minecraft.class_3951" timestamp="1791649695409" level="INFO" thread="Render thread">
    <log4j:Message><![CDATA[Preparing spawn area: 0%]]></log4j:Message>
  </log4j:Event>
  <log4j:Event logger="net.minecraft.class_3951" timestamp="1791649695410" level="INFO" thread="Render thread">
    <log4j:Message><![CDATA[Preparing spawn area: 0%]]></log4j:Message>
  </log4j:Event>
  <log4j:Event logger="net.minecraft.class_3951" timestamp="1791649695410" level="INFO" thread="Render thread">
    <log4j:Message><![CDATA[Preparing spawn area: 0%]]></log4j:Message>
  </log4j:Event>
  <log4j:Event logger="net.minecraft.class_3951" timestamp="1791649695410" level="INFO" thread="Render thread">
    <log4j:Message><![CDATA[Preparing spawn area: 0%]]></log4j:Message>
  </log4j:Event>
  <log4j:Event logger="net.minecraft.class_3951" timestamp="1791649695410" level="INFO" thread="Render thread">
    <log4j:Message><![CDATA[Preparing spawn area: 0%]]></log4j:Message>
  </log4j:Event>
  <log4j:Event logger="net.minecraft.class_3951" timestamp="1791649695410" level="INFO" thread="Render thread">
    <log4j:Message><![CDATA[Preparing spawn area: 0%]]></log4j:Message>
  </log4j:Event>
  <log4j:Event logger="net.minecraft.class_3951" timestamp="1791649695410" level="INFO" thread="Render thread">
    <log4j:Message><![CDATA[Preparing spawn area: 0%]]></log4j:Message>
  </log4j:Event>
  <log4j:Event logger="net.minecraft.class_3951" timestamp="1791649695411" level="INFO" thread="Render thread">
    <log4j:Message><![CDATA[Preparing spawn area: 0%]]></log4j:Message>
  </log4j:Event>
  <log4j:Event logger="net.minecraft.class_3951" timestamp="1791649695411" level="INFO" thread="Render thread">
    <log4j:Message><![CDATA[Preparing spawn area: 0%]]></log4j:Message>
  </log4j:Event>
  <log4j:Event logger="net.minecraft.class_3951" timestamp="1791649695704" level="INFO" thread="Render thread">
    <log4j:Message><![CDATA[Time elapsed: 4488 ms]]></log4j:Message>
  </log4j:Event>
  <log4j:Event logger="net.minecraft.class_1132" timestamp="1791649695712" level="INFO" thread="Server thread">
    <log4j:Message><![CDATA[Changing view distance to 4, from 10]]></log4j:Message>
  </log4j:Event>
  <log4j:Event logger="net.minecraft.class_1132" timestamp="1791649695712" level="INFO" thread="Server thread">
    <log4j:Message><![CDATA[Changing simulation distance to 5, from 0]]></log4j:Message>
  </log4j:Event>
  <log4j:Event logger="ModernFix" timestamp="1791649696103" level="WARN" thread="Render thread">
    <log4j:Message><![CDATA[Game took 21.06 seconds to start]]></log4j:Message>
  </log4j:Event>
  <log4j:Event logger="net.minecraft.class_3324" timestamp="1791649696847" level="INFO" thread="Server thread">
    <log4j:Message><![CDATA[Tester[local:E:d7ac3e07] logged in with entity id 9 at (-22.5, 69.0, 296.5)]]></log4j:Message>
  </log4j:Event>
  <log4j:Event logger="net.minecraft.server.MinecraftServer" timestamp="1791649696883" level="INFO" thread="Server thread">
    <log4j:Message><![CDATA[Tester joined the game]]></log4j:Message>
  </log4j:Event>
  <log4j:Event logger="ChunkBuilder" timestamp="1791649697042" level="INFO" thread="Render thread">
    <log4j:Message><![CDATA[Started 1 worker threads]]></log4j:Message>
  </log4j:Event>
  <log4j:Event logger="net.minecraft.class_163" timestamp="1791649697120" level="INFO" thread="Render thread">
    <log4j:Message><![CDATA[Loaded 2 advancements]]></log4j:Message>
  </log4j:Event>
  <log4j:Event logger="ChunkBuilder" timestamp="1791649697237" level="INFO" thread="Render thread">
    <log4j:Message><![CDATA[Stopping worker threads]]></log4j:Message>
  </log4j:Event>
  <log4j:Event logger="ChunkBuilder" timestamp="1791649697249" level="INFO" thread="Render thread">
    <log4j:Message><![CDATA[Started 1 worker threads]]></log4j:Message>
  </log4j:Event>
  <log4j:Event logger="ModernFix" timestamp="1791649697764" level="WARN" thread="Render thread">
    <log4j:Message><![CDATA[Time from main menu to in-game was 7.342636 seconds]]></log4j:Message>
  </log4j:Event>
  <log4j:Event logger="ModernFix" timestamp="1791649697764" level="WARN" thread="Render thread">
    <log4j:Message><![CDATA[Total time to load game and open world was 28.402636 seconds]]></log4j:Message>
  </log4j:Event>
  <log4j:Event logger="net.minecraft.class_2983" timestamp="1791649697925" level="INFO" thread="Render thread">
    <log4j:Message><![CDATA[[STDOUT]: [Peregrine self-test] PASS joins the world]]></log4j:Message>
  </log4j:Event>
  <log4j:Event logger="net.minecraft.class_1132" timestamp="1791649697973" level="INFO" thread="Server thread">
    <log4j:Message><![CDATA[Changing view distance to 8, from 4]]></log4j:Message>
  </log4j:Event>
  <log4j:Event logger="ChunkBuilder" timestamp="1791649698453" level="INFO" thread="Render thread">
    <log4j:Message><![CDATA[Stopping worker threads]]></log4j:Message>
  </log4j:Event>
  <log4j:Event logger="ChunkBuilder" timestamp="1791649698455" level="INFO" thread="Render thread">
    <log4j:Message><![CDATA[Started 1 worker threads]]></log4j:Message>
  </log4j:Event>
  <log4j:Event logger="net.minecraft.class_2983" timestamp="1791649737872" level="INFO" thread="Render thread">
    <log4j:Message><![CDATA[[STDOUT]: [Peregrine self-test] INFO benchmark: 21 fps average, 11 lowest, render distance 8, over 20 s]]></log4j:Message>
  </log4j:Event>
  <log4j:Event logger="net.minecraft.class_2983" timestamp="1791649737971" level="INFO" thread="Render thread">
    <log4j:Message><![CDATA[[STDOUT]: [Peregrine self-test] PASS HUD draws in game]]></log4j:Message>
  </log4j:Event>
  <log4j:Event logger="net.minecraft.class_2983" timestamp="1791649742913" level="INFO" thread="Render thread">
    <log4j:Message><![CDATA[[STDOUT]: [Peregrine self-test] PASS Stable FPS eases off settings when FPS is low]]></log4j:Message>
  </log4j:Event>
  <log4j:Event logger="net.minecraft.class_2983" timestamp="1791649746619" level="INFO" thread="Render thread">
    <log4j:Message><![CDATA[[STDOUT]: [Peregrine self-test] PASS mouse clicks are counted (CPS)]]></log4j:Message>
  </log4j:Event>
  <log4j:Event logger="net.minecraft.class_2983" timestamp="1791649747829" level="INFO" thread="Render thread">
    <log4j:Message><![CDATA[[STDOUT]: [Peregrine self-test] PASS holding C zooms in]]></log4j:Message>
  </log4j:Event>
  <log4j:Event logger="net.minecraft.class_2983" timestamp="1791649750326" level="INFO" thread="Render thread">
    <log4j:Message><![CDATA[[STDOUT]: [Peregrine self-test] PASS Right Shift opens the menu]]></log4j:Message>
  </log4j:Event>
  <log4j:Event logger="net.minecraft.class_2983" timestamp="1791649753627" level="INFO" thread="Render thread">
    <log4j:Message><![CDATA[[STDOUT]: [Peregrine self-test] PASS typing and Backspace work in the search box]]></log4j:Message>
  </log4j:Event>
  <log4j:Event logger="net.minecraft.class_2983" timestamp="1791649756122" level="INFO" thread="Render thread">
    <log4j:Message><![CDATA[[STDOUT]: [Peregrine self-test] PASS clicking a card switches it]]></log4j:Message>
  </log4j:Event>
  <log4j:Event logger="net.minecraft.class_2983" timestamp="1791649757271" level="INFO" thread="Render thread">
    <log4j:Message><![CDATA[[STDOUT]: [Peregrine self-test] PASS Edit HUD opens the editor]]></log4j:Message>
  </log4j:Event>
  <log4j:Event logger="net.minecraft.class_2983" timestamp="1791649760990" level="INFO" thread="Render thread">
    <log4j:Message><![CDATA[[STDOUT]: [Peregrine self-test] PASS dragging moves a HUD item]]></log4j:Message>
  </log4j:Event>
  <log4j:Event logger="net.minecraft.class_2983" timestamp="1791649763081" level="INFO" thread="Render thread">
    <log4j:Message><![CDATA[[STDOUT]: [Peregrine self-test] PASS right-click opens the style panel]]></log4j:Message>
  </log4j:Event>
  <log4j:Event logger="net.minecraft.class_2983" timestamp="1791649765620" level="INFO" thread="Render thread">
    <log4j:Message><![CDATA[[STDOUT]: [Peregrine self-test] PASS picking a colour recolours the text]]></log4j:Message>
  </log4j:Event>
  <log4j:Event logger="net.minecraft.class_2983" timestamp="1791649767693" level="INFO" thread="Render thread">
    <log4j:Message><![CDATA[[STDOUT]: [Peregrine self-test] PASS dragging the corner makes it bigger]]></log4j:Message>
  </log4j:Event>
  <log4j:Event logger="net.minecraft.class_2983" timestamp="1791649769827" level="INFO" thread="Render thread">
    <log4j:Message><![CDATA[[STDOUT]: [Peregrine self-test] PASS Esc saves and closes the editor]]></log4j:Message>
  </log4j:Event>
  <log4j:Event logger="net.minecraft.class_2983" timestamp="1791649770786" level="INFO" thread="Render thread">
    <log4j:Message><![CDATA[[STDOUT]: [Peregrine self-test] PASS the gear opens a settings page]]></log4j:Message>
  </log4j:Event>
  <log4j:Event logger="net.minecraft.class_2983" timestamp="1791649773732" level="INFO" thread="Render thread">
    <log4j:Message><![CDATA[[STDOUT]: [Peregrine self-test] PASS clicking an option changes it]]></log4j:Message>
  </log4j:Event>
  <log4j:Event logger="net.minecraft.class_2983" timestamp="1791649775014" level="INFO" thread="Render thread">
    <log4j:Message><![CDATA[[STDOUT]: [Peregrine self-test] PASS the keybind button waits for a key]]></log4j:Message>
  </log4j:Event>
  <log4j:Event logger="net.minecraft.class_2983" timestamp="1791649777442" level="INFO" thread="Render thread">
    <log4j:Message><![CDATA[[STDOUT]: [Peregrine self-test] PASS pressing K binds it]]></log4j:Message>
  </log4j:Event>
  <log4j:Event logger="net.minecraft.class_2983" timestamp="1791649778318" level="INFO" thread="Render thread">
    <log4j:Message><![CDATA[[STDOUT]: [Peregrine self-test] PASS Customize opens the editor with the style panel]]></log4j:Message>
  </log4j:Event>
  <log4j:Event logger="net.minecraft.class_2983" timestamp="1791649780889" level="INFO" thread="Render thread">
    <log4j:Message><![CDATA[[STDOUT]: [Peregrine self-test] PASS Esc goes back to the settings page]]></log4j:Message>
  </log4j:Event>
  <log4j:Event logger="net.minecraft.class_2983" timestamp="1791649781481" level="INFO" thread="Render thread">
    <log4j:Message><![CDATA[[STDOUT]: [Peregrine self-test] PASS Esc goes back to the list]]></log4j:Message>
  </log4j:Event>
  <log4j:Event logger="net.minecraft.class_2983" timestamp="1791649782430" level="INFO" thread="Render thread">
    <log4j:Message><![CDATA[[STDOUT]: [Peregrine self-test] PASS the Settings tab opens]]></log4j:Message>
  </log4j:Event>
  <log4j:Event logger="net.minecraft.class_2983" timestamp="1791649785392" level="INFO" thread="Render thread">
    <log4j:Message><![CDATA[[STDOUT]: [Peregrine self-test] PASS the Keybinds tab opens]]></log4j:Message>
  </log4j:Event>
  <log4j:Event logger="net.minecraft.class_2983" timestamp="1791649788282" level="INFO" thread="Render thread">
    <log4j:Message><![CDATA[[STDOUT]: [Peregrine self-test] PASS back to the Mods tab]]></log4j:Message>
  </log4j:Event>
  <log4j:Event logger="net.minecraft.class_2983" timestamp="1791649790886" level="INFO" thread="Render thread">
    <log4j:Message><![CDATA[[STDOUT]: [Peregrine self-test] PASS Esc closes the menu]]></log4j:Message>
  </log4j:Event>
  <log4j:Event logger="net.minecraft.class_2983" timestamp="1791649791620" level="INFO" thread="Render thread">
    <log4j:Message><![CDATA[[STDOUT]: [Peregrine self-test] PASS pressing K in game switches the Clock]]></log4j:Message>
  </log4j:Event>
  <log4j:Event logger="ChunkBuilder" timestamp="1791649793024" level="INFO" thread="Render thread">
    <log4j:Message><![CDATA[Stopping worker threads]]></log4j:Message>
  </log4j:Event>
  <log4j:Event logger="ChunkBuilder" timestamp="1791649793027" level="INFO" thread="Render thread">
    <log4j:Message><![CDATA[Started 1 worker threads]]></log4j:Message>
  </log4j:Event>
  <log4j:Event logger="ChunkBuilder" timestamp="1791649793031" level="INFO" thread="Render thread">
    <log4j:Message><![CDATA[Stopping worker threads]]></log4j:Message>
  </log4j:Event>
  <log4j:Event logger="ChunkBuilder" timestamp="1791649793032" level="INFO" thread="Render thread">
    <log4j:Message><![CDATA[Started 1 worker threads]]></log4j:Message>
  </log4j:Event>
  <log4j:Event logger="ModernFix" timestamp="1791649793052" level="INFO" thread="Render thread">
    <log4j:Message><![CDATA[Invalidating pack caches]]></log4j:Message>
  </log4j:Event>
  <log4j:Event logger="net.minecraft.class_3304" timestamp="1791649793052" level="INFO" thread="Render thread">
    <log4j:Message><![CDATA[Reloading ResourceManager: vanilla, file/PeregrineTest, fabric, badoptimizations, cloth-config, conditional-mixin, dynamic_fps, entityculling, fabric-api, fabric-api-base, fabric-api-lookup-api-v1, fabric-biome-api-v1, fabric-block-api-v1, fabric-block-view-api-v2, fabric-blockrenderlayer-v1, fabric-client-tags-api-v1, fabric-command-api-v1, fabric-command-api-v2, fabric-commands-v0, fabric-content-registries-v0, fabric-convention-tags-v1, fabric-convention-tags-v2, fabric-crash-report-info-v1, fabric-data-attachment-api-v1, fabric-data-generation-api-v1, fabric-dimensions-v1, fabric-entity-events-v1, fabric-events-interaction-v0, fabric-game-rule-api-v1, fabric-item-api-v1, fabric-item-group-api-v1, fabric-key-binding-api-v1, fabric-keybindings-v0, fabric-lifecycle-events-v1, fabric-loot-api-v2, fabric-loot-api-v3, fabric-message-api-v1, fabric-model-loading-api-v1, fabric-networking-api-v1, fabric-object-builder-api-v1, fabric-particles-v1, fabric-recipe-api-v1, fabric-registry-sync-v0, fabric-renderer-api-v1, fabric-renderer-indigo, fabric-rendering-data-attachment-v1, fabric-rendering-fluids-v1, fabric-rendering-v1, fabric-resource-conditions-api-v1, fabric-resource-loader-v0, fabric-screen-api-v1, fabric-screen-handler-api-v1, fabric-sound-api-v1, fabric-tag-api-v1, fabric-transfer-api-v1, fabric-transitive-access-wideners-v1, fabricloader, immediatelyfast, lithium, modernfix, moreculling, peregrine-client, scalablelux, sodium, trender]]></log4j:Message>
  </log4j:Event>
  <log4j:Event logger="net.minecraft.class_1132" timestamp="1791649793108" level="INFO" thread="Server thread">
    <log4j:Message><![CDATA[Saving and pausing game...]]></log4j:Message>
  </log4j:Event>
  <log4j:Event logger="net.minecraft.class_2983" timestamp="1791649793121" level="INFO" thread="Render thread">
    <log4j:Message><![CDATA[[STDOUT]: [Peregrine self-test] PASS clear_weather hook runs]]></log4j:Message>
  </log4j:Event>
  <log4j:Event logger="net.minecraft.class_391" timestamp="1791649793128" level="INFO" thread="Worker-ResourceReload-1">
    <log4j:Message><![CDATA[Found unifont_all_no_pua-16.0.01.hex, loading]]></log4j:Message>
  </log4j:Event>
  <log4j:Event logger="net.minecraft.server.MinecraftServer" timestamp="1791649793154" level="INFO" thread="Server thread">
    <log4j:Message><![CDATA[Saving chunks for level 'ServerLevel[world]'/minecraft:overworld]]></log4j:Message>
  </log4j:Event>
  <log4j:Event logger="net.minecraft.server.MinecraftServer" timestamp="1791649793209" level="INFO" thread="Server thread">
    <log4j:Message><![CDATA[Saving chunks for level 'ServerLevel[world]'/minecraft:the_end]]></log4j:Message>
  </log4j:Event>
  <log4j:Event logger="net.minecraft.server.MinecraftServer" timestamp="1791649793210" level="INFO" thread="Server thread">
    <log4j:Message><![CDATA[Saving chunks for level 'ServerLevel[world]'/minecraft:the_nether]]></log4j:Message>
  </log4j:Event>
  <log4j:Event logger="net.minecraft.class_2983" timestamp="1791649793222" level="INFO" thread="Render thread">
    <log4j:Message><![CDATA[[STDOUT]: [Peregrine self-test] PASS clean_edges hook runs]]></log4j:Message>
  </log4j:Event>
  <log4j:Event logger="net.minecraft.class_391" timestamp="1791649793382" level="INFO" thread="Worker-ResourceReload-1">
    <log4j:Message><![CDATA[Found unifont_jp_patch-16.0.01.hex, loading]]></log4j:Message>
  </log4j:Event>
ALSA lib confmisc.c:855:(parse_card) cannot find card '0'
ALSA lib conf.c:5208:(_snd_config_evaluate) function snd_func_card_inum returned error: No such file or directory
ALSA lib confmisc.c:422:(snd_func_concat) error evaluating strings
ALSA lib conf.c:5208:(_snd_config_evaluate) function snd_func_concat returned error: No such file or directory
ALSA lib confmisc.c:1342:(snd_func_refer) error evaluating name
ALSA lib conf.c:5208:(_snd_config_evaluate) function snd_func_refer returned error: No such file or directory
ALSA lib conf.c:5731:(snd_config_expand) Evaluate error: No such file or directory
ALSA lib pcm.c:2721:(snd_pcm_open_noupdate) Unknown PCM default
ALSA lib confmisc.c:855:(parse_card) cannot find card '0'
ALSA lib conf.c:5208:(_snd_config_evaluate) function snd_func_card_inum returned error: No such file or directory
ALSA lib confmisc.c:422:(snd_func_concat) error evaluating strings
ALSA lib conf.c:5208:(_snd_config_evaluate) function snd_func_concat returned error: No such file or directory
ALSA lib confmisc.c:1342:(snd_func_refer) error evaluating name
ALSA lib conf.c:5208:(_snd_config_evaluate) function snd_func_refer returned error: No such file or directory
ALSA lib conf.c:5731:(snd_config_expand) Evaluate error: No such file or directory
ALSA lib pcm.c:2721:(snd_pcm_open_noupdate) Unknown PCM default
  <log4j:Event logger="net.minecraft.class_1140" timestamp="1791649794345" level="ERROR" thread="Render thread">
    <log4j:Message><![CDATA[Error starting SoundSystem. Turning off sounds & music]]></log4j:Message>
    <log4j:Throwable><![CDATA[java.lang.IllegalStateException: Failed to open OpenAL device
	at knot//net.minecraft.class_4225.method_38501(class_4225.java:302)
	at knot//net.minecraft.class_4225.method_19661(class_4225.java:154)
	at knot//net.minecraft.class_1140.method_4846(class_1140.java:116)
	at knot//net.minecraft.class_1140.method_4837(class_1140.java:106)
	at knot//net.minecraft.class_1144.method_18182(class_1144.java:125)
	at knot//net.minecraft.class_1144.method_18788(class_1144.java:43)
	at knot//net.minecraft.class_4080.method_18790(class_4080.java:14)
	at java.base/java.util.concurrent.CompletableFuture$UniAccept.tryFire(Unknown Source)
	at java.base/java.util.concurrent.CompletableFuture$Completion.run(Unknown Source)
	at knot//net.minecraft.class_4014.method_18365(class_4014.java:68)
	at knot//net.minecraft.class_1255.method_18859(class_1255.java:164)
	at knot//net.minecraft.class_4093.method_18859(class_4093.java:23)
	at knot//net.minecraft.class_1255.method_16075(class_1255.java:138)
	at knot//net.minecraft.class_1255.method_5383(class_1255.java:123)
	at knot//net.minecraft.class_310.method_1523(class_310.java:1296)
	at knot//net.minecraft.class_310.method_1514(class_310.java:922)
	at knot//net.minecraft.client.main.Main.main(Main.java:267)
	at net.fabricmc.loader.impl.game.minecraft.MinecraftGameProvider.launch(MinecraftGameProvider.java:517)
	at net.fabricmc.loader.impl.launch.knot.Knot.launch(Knot.java:72)
	at net.fabricmc.loader.impl.launch.knot.KnotClient.main(KnotClient.java:23)
]]></log4j:Throwable>
  </log4j:Event>
  <log4j:Event logger="net.minecraft.class_1059" timestamp="1791649794433" level="INFO" thread="Render thread">
    <log4j:Message><![CDATA[Created: 1024x512x4 minecraft:textures/atlas/blocks.png-atlas]]></log4j:Message>
  </log4j:Event>
  <log4j:Event logger="net.minecraft.class_1059" timestamp="1791649794443" level="INFO" thread="Render thread">
    <log4j:Message><![CDATA[Created: 256x256x4 minecraft:textures/atlas/signs.png-atlas]]></log4j:Message>
  </log4j:Event>
  <log4j:Event logger="net.minecraft.class_1059" timestamp="1791649794443" level="INFO" thread="Render thread">
    <log4j:Message><![CDATA[Created: 512x512x4 minecraft:textures/atlas/banner_patterns.png-atlas]]></log4j:Message>
  </log4j:Event>
  <log4j:Event logger="net.minecraft.class_1059" timestamp="1791649794444" level="INFO" thread="Render thread">
    <log4j:Message><![CDATA[Created: 512x512x4 minecraft:textures/atlas/shield_patterns.png-atlas]]></log4j:Message>
  </log4j:Event>
  <log4j:Event logger="net.minecraft.class_1059" timestamp="1791649794444" level="INFO" thread="Render thread">
    <log4j:Message><![CDATA[Created: 2048x1024x4 minecraft:textures/atlas/armor_trims.png-atlas]]></log4j:Message>
  </log4j:Event>
  <log4j:Event logger="net.minecraft.class_1059" timestamp="1791649794449" level="INFO" thread="Render thread">
    <log4j:Message><![CDATA[Created: 256x256x4 minecraft:textures/atlas/chest.png-atlas]]></log4j:Message>
  </log4j:Event>
  <log4j:Event logger="net.minecraft.class_1059" timestamp="1791649794449" level="INFO" thread="Render thread">
    <log4j:Message><![CDATA[Created: 128x64x4 minecraft:textures/atlas/decorated_pot.png-atlas]]></log4j:Message>
  </log4j:Event>
  <log4j:Event logger="net.minecraft.class_1059" timestamp="1791649794450" level="INFO" thread="Render thread">
    <log4j:Message><![CDATA[Created: 512x256x4 minecraft:textures/atlas/beds.png-atlas]]></log4j:Message>
  </log4j:Event>
  <log4j:Event logger="net.minecraft.class_1059" timestamp="1791649794450" level="INFO" thread="Render thread">
    <log4j:Message><![CDATA[Created: 512x256x4 minecraft:textures/atlas/shulker_boxes.png-atlas]]></log4j:Message>
  </log4j:Event>
  <log4j:Event logger="net.minecraft.class_1059" timestamp="1791649794469" level="INFO" thread="Render thread">
    <log4j:Message><![CDATA[Created: 64x64x0 minecraft:textures/atlas/map_decorations.png-atlas]]></log4j:Message>
  </log4j:Event>
  <log4j:Event logger="net.minecraft.class_1059" timestamp="1791649794501" level="INFO" thread="Render thread">
    <log4j:Message><![CDATA[Created: 512x256x0 minecraft:textures/atlas/particles.png-atlas]]></log4j:Message>
  </log4j:Event>
  <log4j:Event logger="net.minecraft.class_1059" timestamp="1791649794502" level="INFO" thread="Render thread">
    <log4j:Message><![CDATA[Created: 512x256x0 minecraft:textures/atlas/paintings.png-atlas]]></log4j:Message>
  </log4j:Event>
  <log4j:Event logger="net.minecraft.class_1059" timestamp="1791649794506" level="INFO" thread="Render thread">
    <log4j:Message><![CDATA[Created: 256x128x0 minecraft:textures/atlas/mob_effects.png-atlas]]></log4j:Message>
  </log4j:Event>
  <log4j:Event logger="net.minecraft.class_1059" timestamp="1791649794506" level="INFO" thread="Render thread">
    <log4j:Message><![CDATA[Created: 1024x512x0 minecraft:textures/atlas/gui.png-atlas]]></log4j:Message>
  </log4j:Event>
  <log4j:Event logger="net.minecraft.class_2983" timestamp="1791649794846" level="INFO" thread="Render thread">
    <log4j:Message><![CDATA[[STDOUT]: [Peregrine self-test] PASS anti base leak: every block uses one rotation]]></log4j:Message>
  </log4j:Event>
  <log4j:Event logger="net.minecraft.class_2983" timestamp="1791649794846" level="INFO" thread="Render thread">
    <log4j:Message><![CDATA[[STDOUT]: [Peregrine self-test] PASS anti base leak: block model hook runs (diamond bedrock)]]></log4j:Message>
  </log4j:Event>
  <log4j:Event logger="ChunkBuilder" timestamp="1791649794917" level="INFO" thread="Render thread">
    <log4j:Message><![CDATA[Stopping worker threads]]></log4j:Message>
  </log4j:Event>
  <log4j:Event logger="ChunkBuilder" timestamp="1791649794920" level="INFO" thread="Render thread">
    <log4j:Message><![CDATA[Started 1 worker threads]]></log4j:Message>
  </log4j:Event>
  <log4j:Event logger="net.minecraft.class_2983" timestamp="1791649794942" level="INFO" thread="Render thread">
    <log4j:Message><![CDATA[[STDOUT]: [Peregrine self-test] PASS bedrock is drawn as diamond blocks]]></log4j:Message>
  </log4j:Event>
  <log4j:Event logger="ModernFix" timestamp="1791649796961" level="INFO" thread="Render thread">
    <log4j:Message><![CDATA[Invalidating pack caches]]></log4j:Message>
  </log4j:Event>
  <log4j:Event logger="net.minecraft.class_3304" timestamp="1791649796962" level="INFO" thread="Render thread">
    <log4j:Message><![CDATA[Reloading ResourceManager: vanilla, file/PeregrineTest, fabric, badoptimizations, cloth-config, conditional-mixin, dynamic_fps, entityculling, fabric-api, fabric-api-base, fabric-api-lookup-api-v1, fabric-biome-api-v1, fabric-block-api-v1, fabric-block-view-api-v2, fabric-blockrenderlayer-v1, fabric-client-tags-api-v1, fabric-command-api-v1, fabric-command-api-v2, fabric-commands-v0, fabric-content-registries-v0, fabric-convention-tags-v1, fabric-convention-tags-v2, fabric-crash-report-info-v1, fabric-data-attachment-api-v1, fabric-data-generation-api-v1, fabric-dimensions-v1, fabric-entity-events-v1, fabric-events-interaction-v0, fabric-game-rule-api-v1, fabric-item-api-v1, fabric-item-group-api-v1, fabric-key-binding-api-v1, fabric-keybindings-v0, fabric-lifecycle-events-v1, fabric-loot-api-v2, fabric-loot-api-v3, fabric-message-api-v1, fabric-model-loading-api-v1, fabric-networking-api-v1, fabric-object-builder-api-v1, fabric-particles-v1, fabric-recipe-api-v1, fabric-registry-sync-v0, fabric-renderer-api-v1, fabric-renderer-indigo, fabric-rendering-data-attachment-v1, fabric-rendering-fluids-v1, fabric-rendering-v1, fabric-resource-conditions-api-v1, fabric-resource-loader-v0, fabric-screen-api-v1, fabric-screen-handler-api-v1, fabric-sound-api-v1, fabric-tag-api-v1, fabric-transfer-api-v1, fabric-transitive-access-wideners-v1, fabricloader, immediatelyfast, lithium, modernfix, moreculling, peregrine-client, scalablelux, sodium, trender]]></log4j:Message>
  </log4j:Event>
  <log4j:Event logger="net.minecraft.class_391" timestamp="1791649797013" level="INFO" thread="Worker-ResourceReload-1">
    <log4j:Message><![CDATA[Found unifont_all_no_pua-16.0.01.hex, loading]]></log4j:Message>
  </log4j:Event>
  <log4j:Event logger="net.minecraft.class_1132" timestamp="1791649797058" level="INFO" thread="Server thread">
    <log4j:Message><![CDATA[Saving and pausing game...]]></log4j:Message>
  </log4j:Event>
  <log4j:Event logger="net.minecraft.server.MinecraftServer" timestamp="1791649797064" level="INFO" thread="Server thread">
    <log4j:Message><![CDATA[Saving chunks for level 'ServerLevel[world]'/minecraft:overworld]]></log4j:Message>
  </log4j:Event>
  <log4j:Event logger="net.minecraft.server.MinecraftServer" timestamp="1791649797088" level="INFO" thread="Server thread">
    <log4j:Message><![CDATA[Saving chunks for level 'ServerLevel[world]'/minecraft:the_end]]></log4j:Message>
  </log4j:Event>
  <log4j:Event logger="net.minecraft.server.MinecraftServer" timestamp="1791649797088" level="INFO" thread="Server thread">
    <log4j:Message><![CDATA[Saving chunks for level 'ServerLevel[world]'/minecraft:the_nether]]></log4j:Message>
  </log4j:Event>
  <log4j:Event logger="net.minecraft.class_391" timestamp="1791649797216" level="INFO" thread="Worker-ResourceReload-1">
    <log4j:Message><![CDATA[Found unifont_jp_patch-16.0.01.hex, loading]]></log4j:Message>
  </log4j:Event>
ALSA lib confmisc.c:855:(parse_card) cannot find card '0'
ALSA lib conf.c:5208:(_snd_config_evaluate) function snd_func_card_inum returned error: No such file or directory
ALSA lib confmisc.c:422:(snd_func_concat) error evaluating strings
ALSA lib conf.c:5208:(_snd_config_evaluate) function snd_func_concat returned error: No such file or directory
ALSA lib confmisc.c:1342:(snd_func_refer) error evaluating name
ALSA lib conf.c:5208:(_snd_config_evaluate) function snd_func_refer returned error: No such file or directory
ALSA lib conf.c:5731:(snd_config_expand) Evaluate error: No such file or directory
ALSA lib pcm.c:2721:(snd_pcm_open_noupdate) Unknown PCM default
ALSA lib confmisc.c:855:(parse_card) cannot find card '0'
ALSA lib conf.c:5208:(_snd_config_evaluate) function snd_func_card_inum returned error: No such file or directory
ALSA lib confmisc.c:422:(snd_func_concat) error evaluating strings
ALSA lib conf.c:5208:(_snd_config_evaluate) function snd_func_concat returned error: No such file or directory
ALSA lib confmisc.c:1342:(snd_func_refer) error evaluating name
ALSA lib conf.c:5208:(_snd_config_evaluate) function snd_func_refer returned error: No such file or directory
ALSA lib conf.c:5731:(snd_config_expand) Evaluate error: No such file or directory
ALSA lib pcm.c:2721:(snd_pcm_open_noupdate) Unknown PCM default
  <log4j:Event logger="net.minecraft.class_1140" timestamp="1791649797991" level="ERROR" thread="Render thread">
    <log4j:Message><![CDATA[Error starting SoundSystem. Turning off sounds & music]]></log4j:Message>
    <log4j:Throwable><![CDATA[java.lang.IllegalStateException: Failed to open OpenAL device
	at knot//net.minecraft.class_4225.method_38501(class_4225.java:302)
	at knot//net.minecraft.class_4225.method_19661(class_4225.java:154)
	at knot//net.minecraft.class_1140.method_4846(class_1140.java:116)
	at knot//net.minecraft.class_1140.method_4837(class_1140.java:106)
	at knot//net.minecraft.class_1144.method_18182(class_1144.java:125)
	at knot//net.minecraft.class_1144.method_18788(class_1144.java:43)
	at knot//net.minecraft.class_4080.method_18790(class_4080.java:14)
	at java.base/java.util.concurrent.CompletableFuture$UniAccept.tryFire(Unknown Source)
	at java.base/java.util.concurrent.CompletableFuture$Completion.run(Unknown Source)
	at knot//net.minecraft.class_4014.method_18365(class_4014.java:68)
	at knot//net.minecraft.class_1255.method_18859(class_1255.java:164)
	at knot//net.minecraft.class_4093.method_18859(class_4093.java:23)
	at knot//net.minecraft.class_1255.method_16075(class_1255.java:138)
	at knot//net.minecraft.class_1255.method_5383(class_1255.java:123)
	at knot//net.minecraft.class_310.method_1523(class_310.java:1296)
	at knot//net.minecraft.class_310.method_1514(class_310.java:922)
	at knot//net.minecraft.client.main.Main.main(Main.java:267)
	at net.fabricmc.loader.impl.game.minecraft.MinecraftGameProvider.launch(MinecraftGameProvider.java:517)
	at net.fabricmc.loader.impl.launch.knot.Knot.launch(Knot.java:72)
	at net.fabricmc.loader.impl.launch.knot.KnotClient.main(KnotClient.java:23)
]]></log4j:Throwable>
  </log4j:Event>
  <log4j:Event logger="net.minecraft.class_1059" timestamp="1791649798067" level="INFO" thread="Render thread">
    <log4j:Message><![CDATA[Created: 1024x512x4 minecraft:textures/atlas/blocks.png-atlas]]></log4j:Message>
  </log4j:Event>
  <log4j:Event logger="net.minecraft.class_1059" timestamp="1791649798076" level="INFO" thread="Render thread">
    <log4j:Message><![CDATA[Created: 256x256x4 minecraft:textures/atlas/signs.png-atlas]]></log4j:Message>
  </log4j:Event>
  <log4j:Event logger="net.minecraft.class_1059" timestamp="1791649798076" level="INFO" thread="Render thread">
    <log4j:Message><![CDATA[Created: 512x512x4 minecraft:textures/atlas/banner_patterns.png-atlas]]></log4j:Message>
  </log4j:Event>
  <log4j:Event logger="net.minecraft.class_1059" timestamp="1791649798076" level="INFO" thread="Render thread">
    <log4j:Message><![CDATA[Created: 512x512x4 minecraft:textures/atlas/shield_patterns.png-atlas]]></log4j:Message>
  </log4j:Event>
  <log4j:Event logger="net.minecraft.class_1059" timestamp="1791649798077" level="INFO" thread="Render thread">
    <log4j:Message><![CDATA[Created: 2048x1024x4 minecraft:textures/atlas/armor_trims.png-atlas]]></log4j:Message>
  </log4j:Event>
  <log4j:Event logger="net.minecraft.class_1059" timestamp="1791649798081" level="INFO" thread="Render thread">
    <log4j:Message><![CDATA[Created: 256x256x4 minecraft:textures/atlas/chest.png-atlas]]></log4j:Message>
  </log4j:Event>
  <log4j:Event logger="net.minecraft.class_1059" timestamp="1791649798081" level="INFO" thread="Render thread">
    <log4j:Message><![CDATA[Created: 128x64x4 minecraft:textures/atlas/decorated_pot.png-atlas]]></log4j:Message>
  </log4j:Event>
  <log4j:Event logger="net.minecraft.class_1059" timestamp="1791649798081" level="INFO" thread="Render thread">
    <log4j:Message><![CDATA[Created: 512x256x4 minecraft:textures/atlas/beds.png-atlas]]></log4j:Message>
  </log4j:Event>
  <log4j:Event logger="net.minecraft.class_1059" timestamp="1791649798081" level="INFO" thread="Render thread">
    <log4j:Message><![CDATA[Created: 512x256x4 minecraft:textures/atlas/shulker_boxes.png-atlas]]></log4j:Message>
  </log4j:Event>
  <log4j:Event logger="net.minecraft.class_1059" timestamp="1791649798093" level="INFO" thread="Render thread">
    <log4j:Message><![CDATA[Created: 64x64x0 minecraft:textures/atlas/map_decorations.png-atlas]]></log4j:Message>
  </log4j:Event>
  <log4j:Event logger="net.minecraft.class_1059" timestamp="1791649798107" level="INFO" thread="Render thread">
    <log4j:Message><![CDATA[Created: 512x256x0 minecraft:textures/atlas/particles.png-atlas]]></log4j:Message>
  </log4j:Event>
  <log4j:Event logger="net.minecraft.class_1059" timestamp="1791649798108" level="INFO" thread="Render thread">
    <log4j:Message><![CDATA[Created: 512x256x0 minecraft:textures/atlas/paintings.png-atlas]]></log4j:Message>
  </log4j:Event>
  <log4j:Event logger="net.minecraft.class_1059" timestamp="1791649798109" level="INFO" thread="Render thread">
    <log4j:Message><![CDATA[Created: 256x128x0 minecraft:textures/atlas/mob_effects.png-atlas]]></log4j:Message>
  </log4j:Event>
  <log4j:Event logger="net.minecraft.class_1059" timestamp="1791649798109" level="INFO" thread="Render thread">
    <log4j:Message><![CDATA[Created: 1024x512x0 minecraft:textures/atlas/gui.png-atlas]]></log4j:Message>
  </log4j:Event>
  <log4j:Event logger="net.minecraft.class_2983" timestamp="1791649798421" level="INFO" thread="Render thread">
    <log4j:Message><![CDATA[[STDOUT]: [Peregrine self-test] PASS custom crosshair draws]]></log4j:Message>
  </log4j:Event>
  <log4j:Event logger="ChunkBuilder" timestamp="1791649798462" level="INFO" thread="Render thread">
    <log4j:Message><![CDATA[Stopping worker threads]]></log4j:Message>
  </log4j:Event>
  <log4j:Event logger="ChunkBuilder" timestamp="1791649798465" level="INFO" thread="Render thread">
    <log4j:Message><![CDATA[Started 1 worker threads]]></log4j:Message>
  </log4j:Event>
  <log4j:Event logger="net.minecraft.class_2983" timestamp="1791649800221" level="INFO" thread="Render thread">
    <log4j:Message><![CDATA[[STDOUT]: [Peregrine self-test] PASS holding Alt starts freelook in third person]]></log4j:Message>
  </log4j:Event>
  <log4j:Event logger="net.minecraft.class_2983" timestamp="1791649802515" level="INFO" thread="Render thread">
    <log4j:Message><![CDATA[[STDOUT]: [Peregrine self-test] PASS letting go of Alt goes back to first person]]></log4j:Message>
  </log4j:Event>
  <log4j:Event logger="net.minecraft.class_2983" timestamp="1791649802615" level="INFO" thread="Render thread">
    <log4j:Message><![CDATA[[STDOUT]: [Peregrine self-test] PASS particles: lava sparks are thinned out]]></log4j:Message>
  </log4j:Event>
  <log4j:Event logger="net.minecraft.class_2983" timestamp="1791649802648" level="INFO" thread="Render thread">
    <log4j:Message><![CDATA[[STDOUT]: [Peregrine self-test] PASS fullbright lights up dark places]]></log4j:Message>
  </log4j:Event>
  <log4j:Event logger="net.minecraft.class_2983" timestamp="1791649802715" level="INFO" thread="Render thread">
    <log4j:Message><![CDATA[[STDOUT]: [Peregrine self-test] PASS 1.7 animations: held item moves]]></log4j:Message>
  </log4j:Event>
  <log4j:Event logger="net.minecraft.class_2983" timestamp="1791649802753" level="INFO" thread="Render thread">
    <log4j:Message><![CDATA[[STDOUT]: [Peregrine self-test] PASS hitboxes draw without F3+B]]></log4j:Message>
  </log4j:Event>
  <log4j:Event logger="net.minecraft.class_2983" timestamp="1791649802793" level="INFO" thread="Render thread">
    <log4j:Message><![CDATA[[STDOUT]: [Peregrine self-test] PASS resource packs leave the menus alone (test pack's button and splash skipped)]]></log4j:Message>
  </log4j:Event>
  <log4j:Event logger="net.minecraft.class_2983" timestamp="1791649802837" level="INFO" thread="Render thread">
    <log4j:Message><![CDATA[[STDOUT]: [Peregrine self-test] PASS small totem: the totem in your hand is drawn smaller]]></log4j:Message>
  </log4j:Event>
  <log4j:Event logger="net.minecraft.class_2983" timestamp="1791649804688" level="INFO" thread="Render thread">
    <log4j:Message><![CDATA[[STDOUT]: [Peregrine self-test] PASS your own name tag shows in third person]]></log4j:Message>
  </log4j:Event>
  <log4j:Event logger="net.minecraft.class_2983" timestamp="1791649806554" level="INFO" thread="Render thread">
    <log4j:Message><![CDATA[[STDOUT]: [Peregrine self-test] PASS fog is pushed away]]></log4j:Message>
  </log4j:Event>
  <log4j:Event logger="net.minecraft.class_2983" timestamp="1791649806597" level="INFO" thread="Render thread">
    <log4j:Message><![CDATA[[STDOUT]: [Peregrine self-test] PASS block outline in the chosen color]]></log4j:Message>
  </log4j:Event>
  <log4j:Event logger="net.minecraft.class_2983" timestamp="1791649806641" level="INFO" thread="Render thread">
    <log4j:Message><![CDATA[[STDOUT]: [Peregrine self-test] PASS ores you can see get an outline]]></log4j:Message>
  </log4j:Event>
  <log4j:Event logger="net.minecraft.class_2983" timestamp="1791649806706" level="INFO" thread="Render thread">
    <log4j:Message><![CDATA[[STDOUT]: [Peregrine self-test] PASS the sky stops moving]]></log4j:Message>
  </log4j:Event>
  <log4j:Event logger="net.minecraft.class_2983" timestamp="1791649806749" level="INFO" thread="Render thread">
    <log4j:Message><![CDATA[[STDOUT]: [Peregrine self-test] PASS swing speed changes the swing]]></log4j:Message>
  </log4j:Event>
  <log4j:Event logger="net.minecraft.class_2983" timestamp="1791649808476" level="INFO" thread="Render thread">
    <log4j:Message><![CDATA[[STDOUT]: [Peregrine self-test] INFO hooks: seed=1000 offset=1000 model=1000 bedrock=14 items=0 crosshair=2526 camera=63 particles=1000 nightvision=1000 animation=272 hitbox=616 nametag=148 scoreboard=0 fire=0 inventory=0 totem=136 packs=90 fog=1000 outline=386 ores=1000 sky=1000 swing=22 sound=0]]></log4j:Message>
  </log4j:Event>
  <log4j:Event logger="net.minecraft.class_2983" timestamp="1791649808510" level="INFO" thread="Render thread">
    <log4j:Message><![CDATA[[STDOUT]: [Peregrine self-test] INFO counts {on:clear_weather=497854, keybind:clock=1, click@95,205/0=1, editor=462, click@159,102/0=1, zoom-hook=5172, click@218,121/0=1, click@183,106/0=1, zoom-active=178, click@179,100/0=1, click@229,51/0=1, menu=686, click@89,51/0=1, click@331,89/0=1, mouse=1, click@245,134/0=1, hud=2675, click@149,90/1=1, on:clean_edges=2675, click@95,51/0=1, click@159,85/0=1, click@162,51/0=1}]]></log4j:Message>
  </log4j:Event>
  <log4j:Event logger="net.minecraft.class_2983" timestamp="1791649808511" level="INFO" thread="Render thread">
    <log4j:Message><![CDATA[[STDOUT]: [Peregrine self-test] PASS finished with 0 failure(s)]]></log4j:Message>
  </log4j:Event>
  <log4j:Event logger="net.minecraft.class_2983" timestamp="1791649809623" level="INFO" thread="CullThread">
    <log4j:Message><![CDATA[[STDOUT]: Shutting down culling task!]]></log4j:Message>
  </log4j:Event>
  <log4j:Event logger="net.minecraft.class_310" timestamp="1791649809645" level="INFO" thread="Render thread">
    <log4j:Message><![CDATA[Stopping!]]></log4j:Message>
  </log4j:Event>
  <log4j:Event logger="net.minecraft.class_3244" timestamp="1791649809661" level="INFO" thread="Server thread">
    <log4j:Message><![CDATA[Tester lost connection: Disconnected]]></log4j:Message>
  </log4j:Event>
  <log4j:Event logger="net.minecraft.server.MinecraftServer" timestamp="1791649809661" level="INFO" thread="Server thread">
    <log4j:Message><![CDATA[Tester left the game]]></log4j:Message>
  </log4j:Event>
  <log4j:Event logger="net.minecraft.class_8609" timestamp="1791649809669" level="INFO" thread="Server thread">
    <log4j:Message><![CDATA[Stopping singleplayer server as player logged out]]></log4j:Message>
  </log4j:Event>
  <log4j:Event logger="net.minecraft.server.MinecraftServer" timestamp="1791649809730" level="INFO" thread="Server thread">
    <log4j:Message><![CDATA[Stopping server]]></log4j:Message>
  </log4j:Event>
  <log4j:Event logger="net.minecraft.server.MinecraftServer" timestamp="1791649809731" level="INFO" thread="Server thread">
    <log4j:Message><![CDATA[Saving players]]></log4j:Message>
  </log4j:Event>
  <log4j:Event logger="net.minecraft.server.MinecraftServer" timestamp="1791649809731" level="INFO" thread="Server thread">
    <log4j:Message><![CDATA[Saving worlds]]></log4j:Message>
  </log4j:Event>
  <log4j:Event logger="net.minecraft.server.MinecraftServer" timestamp="1791649810059" level="INFO" thread="Server thread">
    <log4j:Message><![CDATA[Saving chunks for level 'ServerLevel[world]'/minecraft:overworld]]></log4j:Message>
  </log4j:Event>
  <log4j:Event logger="net.minecraft.server.MinecraftServer" timestamp="1791649811794" level="INFO" thread="Server thread">
    <log4j:Message><![CDATA[Saving chunks for level 'ServerLevel[world]'/minecraft:the_end]]></log4j:Message>
  </log4j:Event>
  <log4j:Event logger="net.minecraft.server.MinecraftServer" timestamp="1791649811796" level="INFO" thread="Server thread">
    <log4j:Message><![CDATA[Saving chunks for level 'ServerLevel[world]'/minecraft:the_nether]]></log4j:Message>
  </log4j:Event>
  <log4j:Event logger="net.minecraft.server.MinecraftServer" timestamp="1791649811800" level="INFO" thread="Server thread">
    <log4j:Message><![CDATA[ThreadedAnvilChunkStorage (world): All chunks are saved]]></log4j:Message>
  </log4j:Event>
  <log4j:Event logger="net.minecraft.server.MinecraftServer" timestamp="1791649811801" level="INFO" thread="Server thread">
    <log4j:Message><![CDATA[ThreadedAnvilChunkStorage (DIM1): All chunks are saved]]></log4j:Message>
  </log4j:Event>
  <log4j:Event logger="net.minecraft.server.MinecraftServer" timestamp="1791649811801" level="INFO" thread="Server thread">
    <log4j:Message><![CDATA[ThreadedAnvilChunkStorage (DIM-1): All chunks are saved]]></log4j:Message>
  </log4j:Event>
  <log4j:Event logger="net.minecraft.server.MinecraftServer" timestamp="1791649811801" level="INFO" thread="Server thread">
    <log4j:Message><![CDATA[ThreadedAnvilChunkStorage: All dimensions are saved]]></log4j:Message>
  </log4j:Event>
  <log4j:Event logger="ChunkBuilder" timestamp="1791649811830" level="INFO" thread="Render thread">
    <log4j:Message><![CDATA[Stopping worker threads]]></log4j:Message>
  </log4j:Event>
