  <log4j:Event logger="FabricLoader/GameProvider" timestamp="1791649497875" level="INFO" thread="main">
    <log4j:Message><![CDATA[Loading Minecraft 1.21.4 with Fabric Loader 0.19.5]]></log4j:Message>
  </log4j:Event>
  <log4j:Event logger="FabricLoader/GameRemap" timestamp="1791649497881" level="INFO" thread="main">
    <log4j:Message><![CDATA[Fabric is preparing JARs on first launch, this may take a few seconds...]]></log4j:Message>
  </log4j:Event>
  <log4j:Event logger="FabricLoader" timestamp="1791649498020" level="INFO" thread="main">
    <log4j:Message><![CDATA[Loading 53 mods:
	- fabric-api 0.119.4+1.21.4
	   |-- fabric-api-base 0.4.54+b47eab6b04
	   |-- fabric-api-lookup-api-v1 1.6.86+b1caf1e904
	   |-- fabric-biome-api-v1 15.0.6+b1c29d8e04
	   |-- fabric-block-api-v1 1.0.31+7feeb73304
	   |-- fabric-block-view-api-v2 1.0.20+9c49cc8c04
	   |-- fabric-blockrenderlayer-v1 2.0.8+7feeb73304
	   |-- fabric-client-tags-api-v1 1.1.29+20ea1e2304
	   |-- fabric-command-api-v1 1.2.62+f71b366f04
	   |-- fabric-command-api-v2 2.2.41+e496eb1504
	   |-- fabric-commands-v0 0.2.79+df3654b304
	   |-- fabric-content-registries-v0 9.1.19+25d1a67604
	   |-- fabric-convention-tags-v1 2.1.20+7f945d5b04
	   |-- fabric-convention-tags-v2 2.14.1+aebda09404
	   |-- fabric-crash-report-info-v1 0.3.6+7feeb73304
	   |-- fabric-data-attachment-api-v1 1.6.2+e99da0f704
	   |-- fabric-data-generation-api-v1 22.3.1+0f4e5f5504
	   |-- fabric-dimensions-v1 4.0.10+7feeb73304
	   |-- fabric-entity-events-v1 2.0.15+62245bef04
	   |-- fabric-events-interaction-v0 4.0.4+a4eebcf004
	   |-- fabric-game-rule-api-v1 1.0.63+7d48d43904
	   |-- fabric-item-api-v1 11.4.0+189dd6fe04
	   |-- fabric-item-group-api-v1 4.2.2+fcb9601404
	   |-- fabric-key-binding-api-v1 1.0.57+7d48d43904
	   |-- fabric-keybindings-v0 0.2.55+df3654b304
	   |-- fabric-lifecycle-events-v1 2.5.4+bf2a60eb04
	   |-- fabric-loot-api-v2 3.0.38+3f89f5a504
	   |-- fabric-loot-api-v3 1.0.26+203e6b2304
	   |-- fabric-message-api-v1 6.0.26+238a33c004
	   |-- fabric-model-loading-api-v1 4.3.0+ae23723504
	   |-- fabric-networking-api-v1 4.4.0+db5e668204
	   |-- fabric-object-builder-api-v1 18.0.14+38b0d59804
	   |-- fabric-particles-v1 4.0.14+7feeb73304
	   |-- fabric-recipe-api-v1 8.1.1+640e77ae04
	   |-- fabric-registry-sync-v0 6.1.11+4a9c1ece04
	   |-- fabric-renderer-api-v1 5.0.3+50f0feb204
	   |-- fabric-renderer-indigo 2.0.3+50f0feb204
	   |-- fabric-rendering-data-attachment-v1 0.3.58+73761d2e04
	   |-- fabric-rendering-fluids-v1 3.1.19+7feeb73304
	   |-- fabric-rendering-v1 10.2.1+0d31b09f04
	   |-- fabric-resource-conditions-api-v1 5.0.13+203e6b2304
	   |-- fabric-resource-loader-v0 3.1.1+360374ac04
	   |-- fabric-screen-api-v1 2.0.38+7feeb73304
	   |-- fabric-screen-handler-api-v1 1.3.118+7feeb73304
	   |-- fabric-sound-api-v1 1.0.32+7feeb73304
	   |-- fabric-tag-api-v1 1.0.7+7d48d43904
	   |-- fabric-transfer-api-v1 5.4.9+efa825c904
	   \-- fabric-transitive-access-wideners-v1 6.3.2+56e78b9b04
	- fabricloader 0.19.5
	   \-- mixinextras 0.5.5
	- java 21
	- minecraft 1.21.4
	- peregrine-client 1.0.1]]></log4j:Message>
  </log4j:Event>
  <log4j:Event logger="FabricLoader/Mixin" timestamp="1791649498104" level="INFO" thread="main">
    <log4j:Message><![CDATA[SpongePowered MIXIN Subsystem Version=0.8.7 Source=file:/home/runner/work/peregrine-launcher/peregrine-launcher/out/1.21.4/home/data/peregrine/libraries/net/fabricmc/sponge-mixin/0.17.4+mixin.0.8.7/sponge-mixin-0.17.4+mixin.0.8.7.jar Service=Knot/Fabric Env=CLIENT]]></log4j:Message>
  </log4j:Event>
  <log4j:Event logger="FabricLoader/MixinExtras|Service" timestamp="1791649499729" level="INFO" thread="main">
    <log4j:Message><![CDATA[Initializing MixinExtras via com.llamalad7.mixinextras.service.MixinExtrasServiceImpl(version=0.5.5).]]></log4j:Message>
  </log4j:Event>
  <log4j:Event logger="com.mojang.datafixers.DataFixerBuilder" timestamp="1791649500951" level="INFO" thread="Datafixer Bootstrap">
    <log4j:Message><![CDATA[243 Datafixer optimizations took 497 milliseconds]]></log4j:Message>
  </log4j:Event>
  <log4j:Event logger="com.mojang.authlib.yggdrasil.YggdrasilAuthenticationService" timestamp="1791649506858" level="INFO" thread="Render thread">
    <log4j:Message><![CDATA[Environment: Environment[sessionHost=https://sessionserver.mojang.com, servicesHost=https://api.minecraftservices.com, name=PROD]]]></log4j:Message>
  </log4j:Event>
  <log4j:Event logger="net.minecraft.class_310" timestamp="1791649506887" level="INFO" thread="Render thread">
    <log4j:Message><![CDATA[Setting user: Tester]]></log4j:Message>
  </log4j:Event>
  <log4j:Event logger="net.fabricmc.fabric.impl.client.indigo.Indigo" timestamp="1791649507249" level="INFO" thread="Render thread">
    <log4j:Message><![CDATA[[Indigo] Registering Indigo renderer!]]></log4j:Message>
  </log4j:Event>
  <log4j:Event logger="net.minecraft.class_310" timestamp="1791649507652" level="INFO" thread="Render thread">
    <log4j:Message><![CDATA[Backend library: LWJGL version 3.3.3-snapshot]]></log4j:Message>
  </log4j:Event>
ATTENTION: default value of option mesa_glthread overridden by environment.
  <log4j:Event logger="com.mojang.text2speech.Narrator" timestamp="1791649509343" level="ERROR" thread="Render thread">
    <log4j:Message><![CDATA[Error while loading the narrator]]></log4j:Message>
    <log4j:Throwable><![CDATA[com.mojang.text2speech.Narrator$InitializeException: Failed to load library flite
	at knot//com.mojang.text2speech.NarratorLinux$FliteLibrary.loadNative(NarratorLinux.java:69)
	at knot//com.mojang.text2speech.NarratorLinux.<init>(NarratorLinux.java:18)
	at knot//com.mojang.text2speech.Narrator.getNarrator(Narrator.java:41)
	at knot//net.minecraft.class_333.<init>(class_333.java:19)
	at knot//net.minecraft.class_310.<init>(class_310.java:687)
	at knot//net.minecraft.client.main.Main.main(Main.java:250)
	at net.fabricmc.loader.impl.game.minecraft.MinecraftGameProvider.launch(MinecraftGameProvider.java:517)
	at net.fabricmc.loader.impl.launch.knot.Knot.launch(Knot.java:72)
	at net.fabricmc.loader.impl.launch.knot.KnotClient.main(KnotClient.java:23)
Caused by: java.lang.UnsatisfiedLinkError: Unable to load library 'flite':
libflite.so: cannot open shared object file: No such file or directory
libflite.so: cannot open shared object file: No such file or directory
Native library (linux-x86-64/libflite.so) not found in resource path (/home/runner/work/peregrine-launcher/peregrine-launcher/out/1.21.4/home/data/peregrine/libraries/org/ow2/asm/asm/9.10.1/asm-9.10.1.jar:/home/runner/work/peregrine-launcher/peregrine-launcher/out/1.21.4/home/data/peregrine/libraries/org/ow2/asm/asm-analysis/9.10.1/asm-analysis-9.10.1.jar:/home/runner/work/peregrine-launcher/peregrine-launcher/out/1.21.4/home/data/peregrine/libraries/org/ow2/asm/asm-commons/9.10.1/asm-commons-9.10.1.jar:/home/runner/work/peregrine-launcher/peregrine-launcher/out/1.21.4/home/data/peregrine/libraries/org/ow2/asm/asm-tree/9.10.1/asm-tree-9.10.1.jar:/home/runner/work/peregrine-launcher/peregrine-launcher/out/1.21.4/home/data/peregrine/libraries/org/ow2/asm/asm-util/9.10.1/asm-util-9.10.1.jar:/home/runner/work/peregrine-launcher/peregrine-launcher/out/1.21.4/home/data/peregrine/libraries/net/fabricmc/sponge-mixin/0.17.4+mixin.0.8.7/sponge-mixin-0.17.4+mixin.0.8.7.jar:/home/runner/work/peregrine-launcher/peregrine-launcher/out/1.21.4/home/data/peregrine/libraries/net/fabricmc/intermediary/1.21.4/intermediary-1.21.4.jar:/home/runner/work/peregrine-launcher/peregrine-launcher/out/1.21.4/home/data/peregrine/libraries/net/fabricmc/fabric-loader/0.19.5/fabric-loader-0.19.5.jar:/home/runner/work/peregrine-launcher/peregrine-launcher/out/1.21.4/home/data/peregrine/libraries/com/fasterxml/jackson/core/jackson-annotations/2.13.4/jackson-annotations-2.13.4.jar:/home/runner/work/peregrine-launcher/peregrine-launcher/out/1.21.4/home/data/peregrine/libraries/com/fasterxml/jackson/core/jackson-core/2.13.4/jackson-core-2.13.4.jar:/home/runner/work/peregrine-launcher/peregrine-launcher/out/1.21.4/home/data/peregrine/libraries/com/fasterxml/jackson/core/jackson-databind/2.13.4.2/jackson-databind-2.13.4.2.jar:/home/runner/work/peregrine-launcher/peregrine-launcher/out/1.21.4/home/data/peregrine/libraries/com/github/oshi/oshi-core/6.6.5/oshi-core-6.6.5.jar:/home/runner/work/peregrine-launcher/peregrine-launcher/out/1.21.4/home/data/peregrine/libraries/com/github/stephenc/jcip/jcip-annotations/1.0-1/jcip-annotations-1.0-1.jar:/home/runner/work/peregrine-launcher/peregrine-launcher/out/1.21.4/home/data/peregrine/libraries/com/google/code/gson/gson/2.11.0/gson-2.11.0.jar:/home/runner/work/peregrine-launcher/peregrine-launcher/out/1.21.4/home/data/peregrine/libraries/com/google/guava/failureaccess/1.0.2/failureaccess-1.0.2.jar:/home/runner/work/peregrine-launcher/peregrine-launcher/out/1.21.4/home/data/peregrine/libraries/com/google/guava/guava/33.3.1-jre/guava-33.3.1-jre.jar:/home/runner/work/peregrine-launcher/peregrine-launcher/out/1.21.4/home/data/peregrine/libraries/com/ibm/icu/icu4j/76.1/icu4j-76.1.jar:/home/runner/work/peregrine-launcher/peregrine-launcher/out/1.21.4/home/data/peregrine/libraries/com/microsoft/azure/msal4j/1.17.2/msal4j-1.17.2.jar:/home/runner/work/peregrine-launcher/peregrine-launcher/out/1.21.4/home/data/peregrine/libraries/com/mojang/authlib/6.0.57/authlib-6.0.57.jar:/home/runner/work/peregrine-launcher/peregrine-launcher/out/1.21.4/home/data/peregrine/libraries/com/mojang/blocklist/1.0.10/blocklist-1.0.10.jar:/home/runner/work/peregrine-launcher/peregrine-launcher/out/1.21.4/home/data/peregrine/libraries/com/mojang/brigadier/1.3.10/brigadier-1.3.10.jar:/home/runner/work/peregrine-launcher/peregrine-launcher/out/1.21.4/home/data/peregrine/libraries/com/mojang/datafixerupper/8.0.16/datafixerupper-8.0.16.jar:/home/runner/work/peregrine-launcher/peregrine-launcher/out/1.21.4/home/data/peregrine/libraries/com/mojang/jtracy/1.0.29/jtracy-1.0.29.jar:/home/runner/work/peregrine-launcher/peregrine-launcher/out/1.21.4/home/data/peregrine/libraries/com/mojang/jtracy/1.0.29/jtracy-1.0.29-natives-linux.jar:/home/runner/work/peregrine-launcher/peregrine-launcher/out/1.21.4/home/data/peregrine/libraries/com/mojang/logging/1.5.10/logging-1.5.10.jar:/home/runner/work/peregrine-launcher/peregrine-launcher/out/1.21.4/home/data/peregrine/libraries/com/mojang/patchy/2.2.10/patchy-2.2.10.jar:/home/runner/work/peregrine-launcher/peregrine-launcher/out/1.21.4/home/data/peregrine/libraries/com/mojang/text2speech/1.17.9/text2speech-1.17.9.jar:/home/runner/work/peregrine-launcher/peregrine-launcher/out/1.21.4/home/data/peregrine/libraries/com/nimbusds/content-type/2.3/content-type-2.3.jar:/home/runner/work/peregrine-launcher/peregrine-launcher/out/1.21.4/home/data/peregrine/libraries/com/nimbusds/lang-tag/1.7/lang-tag-1.7.jar:/home/runner/work/peregrine-launcher/peregrine-launcher/out/1.21.4/home/data/peregrine/libraries/com/nimbusds/nimbus-jose-jwt/9.40/nimbus-jose-jwt-9.40.jar:/home/runner/work/peregrine-launcher/peregrine-launcher/out/1.21.4/home/data/peregrine/libraries/com/nimbusds/oauth2-oidc-sdk/11.18/oauth2-oidc-sdk-11.18.jar:/home/runner/work/peregrine-launcher/peregrine-launcher/out/1.21.4/home/data/peregrine/libraries/commons-codec/commons-codec/1.17.1/commons-codec-1.17.1.jar:/home/runner/work/peregrine-launcher/peregrine-launcher/out/1.21.4/home/data/peregrine/libraries/commons-io/commons-io/2.17.0/commons-io-2.17.0.jar:/home/runner/work/peregrine-launcher/peregrine-launcher/out/1.21.4/home/data/peregrine/libraries/commons-logging/commons-logging/1.3.4/commons-logging-1.3.4.jar:/home/runner/work/peregrine-launcher/peregrine-launcher/out/1.21.4/home/data/peregrine/libraries/io/netty/netty-buffer/4.1.115.Final/netty-buffer-4.1.115.Final.jar:/home/runner/work/peregrine-launcher/peregrine-launcher/out/1.21.4/home/data/peregrine/libraries/io/netty/netty-codec/4.1.115.Final/netty-codec-4.1.115.Final.jar:/home/runner/work/peregrine-launcher/peregrine-launcher/out/1.21.4/home/data/peregrine/libraries/io/netty/netty-common/4.1.115.Final/netty-common-4.1.115.Final.jar:/home/runner/work/peregrine-launcher/peregrine-launcher/out/1.21.4/home/data/peregrine/libraries/io/netty/netty-handler/4.1.115.Final/netty-handler-4.1.115.Final.jar:/home/runner/work/peregrine-launcher/peregrine-launcher/out/1.21.4/home/data/peregrine/libraries/io/netty/netty-resolver/4.1.115.Final/netty-resolver-4.1.115.Final.jar:/home/runner/work/peregrine-launcher/peregrine-launcher/out/1.21.4/home/data/peregrine/libraries/io/netty/netty-transport-classes-epoll/4.1.115.Final/netty-transport-classes-epoll-4.1.115.Final.jar:/home/runner/work/peregrine-launcher/peregrine-launcher/out/1.21.4/home/data/peregrine/libraries/io/netty/netty-transport-native-epoll/4.1.115.Final/netty-transport-native-epoll-4.1.115.Final-linux-aarch_64.jar:/home/runner/work/peregrine-launcher/peregrine-launcher/out/1.21.4/home/data/peregrine/libraries/io/netty/netty-transport-native-epoll/4.1.115.Final/netty-transport-native-epoll-4.1.115.Final-linux-x86_64.jar:/home/runner/work/peregrine-launcher/peregrine-launcher/out/1.21.4/home/data/peregrine/libraries/io/netty/netty-transport-native-unix-common/4.1.115.Final/netty-transport-native-unix-common-4.1.115.Final.jar:/home/runner/work/peregrine-launcher/peregrine-launcher/out/1.21.4/home/data/peregrine/libraries/io/netty/netty-transport/4.1.115.Final/netty-transport-4.1.115.Final.jar:/home/runner/work/peregrine-launcher/peregrine-launcher/out/1.21.4/home/data/peregrine/libraries/it/unimi/dsi/fastutil/8.5.15/fastutil-8.5.15.jar:/home/runner/work/peregrine-launcher/peregrine-launcher/out/1.21.4/home/data/peregrine/libraries/net/java/dev/jna/jna-platform/5.15.0/jna-platform-5.15.0.jar:/home/runner/work/peregrine-launcher/peregrine-launcher/out/1.21.4/home/data/peregrine/libraries/net/java/dev/jna/jna/5.15.0/jna-5.15.0.jar:/home/runner/work/peregrine-launcher/peregrine-launcher/out/1.21.4/home/data/peregrine/libraries/net/minidev/accessors-smart/2.5.1/accessors-smart-2.5.1.jar:/home/runner/work/peregrine-launcher/peregrine-launcher/out/1.21.4/home/data/peregrine/libraries/net/minidev/json-smart/2.5.1/json-smart-2.5.1.jar:/home/runner/work/peregrine-launcher/peregrine-launcher/out/1.21.4/home/data/peregrine/libraries/net/sf/jopt-simple/jopt-simple/5.0.4/jopt-simple-5.0.4.jar:/home/runner/work/peregrine-launcher/peregrine-launcher/out/1.21.4/home/data/peregrine/libraries/org/apache/commons/commons-compress/1.27.1/commons-compress-1.27.1.jar:/home/runner/work/peregrine-launcher/peregrine-launcher/out/1.21.4/home/data/peregrine/libraries/org/apache/commons/commons-lang3/3.17.0/commons-lang3-3.17.0.jar:/home/runner/work/peregrine-launcher/peregrine-launcher/out/1.21.4/home/data/peregrine/libraries/org/apache/httpcomponents/httpclient/4.5.14/httpclient-4.5.14.jar:/home/runner/work/peregrine-launcher/peregrine-launcher/out/1.21.4/home/data/peregrine/libraries/org/apache/httpcomponents/httpcore/4.4.16/httpcore-4.4.16.jar:/home/runner/work/peregrine-launcher/peregrine-launcher/out/1.21.4/home/data/peregrine/libraries/org/apache/logging/log4j/log4j-api/2.24.1/log4j-api-2.24.1.jar:/home/runner/work/peregrine-launcher/peregrine-launcher/out/1.21.4/home/data/peregrine/libraries/org/apache/logging/log4j/log4j-core/2.24.1/log4j-core-2.24.1.jar:/home/runner/work/peregrine-launcher/peregrine-launcher/out/1.21.4/home/data/peregrine/libraries/org/apache/logging/log4j/log4j-slf4j2-impl/2.24.1/log4j-slf4j2-impl-2.24.1.jar:/home/runner/work/peregrine-launcher/peregrine-launcher/out/1.21.4/home/data/peregrine/libraries/org/jcraft/jorbis/0.0.17/jorbis-0.0.17.jar:/home/runner/work/peregrine-launcher/peregrine-launcher/out/1.21.4/home/data/peregrine/libraries/org/joml/joml/1.10.8/joml-1.10.8.jar:/home/runner/work/peregrine-launcher/peregrine-launcher/out/1.21.4/home/data/peregrine/libraries/org/lwjgl/lwjgl-freetype/3.3.3/lwjgl-freetype-3.3.3.jar:/home/runner/work/peregrine-launcher/peregrine-launcher/out/1.21.4/home/data/peregrine/libraries/org/lwjgl/lwjgl-freetype/3.3.3/lwjgl-freetype-3.3.3-natives-linux.jar:/home/runner/work/peregrine-launcher/peregrine-launcher/out/1.21.4/home/data/peregrine/libraries/org/lwjgl/lwjgl-glfw/3.3.3/lwjgl-glfw-3.3.3.jar:/home/runner/work/peregrine-launcher/peregrine-launcher/out/1.21.4/home/data/peregrine/libraries/org/lwjgl/lwjgl-glfw/3.3.3/lwjgl-glfw-3.3.3-natives-linux.jar:/home/runner/work/peregrine-launcher/peregrine-launcher/out/1.21.4/home/data/peregrine/libraries/org/lwjgl/lwjgl-jemalloc/3.3.3/lwjgl-jemalloc-3.3.3.jar:/home/runner/work/peregrine-launcher/peregrine-launcher/out/1.21.4/home/data/peregrine/libraries/org/lwjgl/lwjgl-jemalloc/3.3.3/lwjgl-jemalloc-3.3.3-natives-linux.jar:/home/runner/work/peregrine-launcher/peregrine-launcher/out/1.21.4/home/data/peregrine/libraries/org/lwjgl/lwjgl-openal/3.3.3/lwjgl-openal-3.3.3.jar:/home/runner/work/peregrine-launcher/peregrine-launcher/out/1.21.4/home/data/peregrine/libraries/org/lwjgl/lwjgl-openal/3.3.3/lwjgl-openal-3.3.3-natives-linux.jar:/home/runner/work/peregrine-launcher/peregrine-launcher/out/1.21.4/home/data/peregrine/libraries/org/lwjgl/lwjgl-opengl/3.3.3/lwjgl-opengl-3.3.3.jar:/home/runner/work/peregrine-launcher/peregrine-launcher/out/1.21.4/home/data/peregrine/libraries/org/lwjgl/lwjgl-opengl/3.3.3/lwjgl-opengl-3.3.3-natives-linux.jar:/home/runner/work/peregrine-launcher/peregrine-launcher/out/1.21.4/home/data/peregrine/libraries/org/lwjgl/lwjgl-stb/3.3.3/lwjgl-stb-3.3.3.jar:/home/runner/work/peregrine-launcher/peregrine-launcher/out/1.21.4/home/data/peregrine/libraries/org/lwjgl/lwjgl-stb/3.3.3/lwjgl-stb-3.3.3-natives-linux.jar:/home/runner/work/peregrine-launcher/peregrine-launcher/out/1.21.4/home/data/peregrine/libraries/org/lwjgl/lwjgl-tinyfd/3.3.3/lwjgl-tinyfd-3.3.3.jar:/home/runner/work/peregrine-launcher/peregrine-launcher/out/1.21.4/home/data/peregrine/libraries/org/lwjgl/lwjgl-tinyfd/3.3.3/lwjgl-tinyfd-3.3.3-natives-linux.jar:/home/runner/work/peregrine-launcher/peregrine-launcher/out/1.21.4/home/data/peregrine/libraries/org/lwjgl/lwjgl/3.3.3/lwjgl-3.3.3.jar:/home/runner/work/peregrine-launcher/peregrine-launcher/out/1.21.4/home/data/peregrine/libraries/org/lwjgl/lwjgl/3.3.3/lwjgl-3.3.3-natives-linux.jar:/home/runner/work/peregrine-launcher/peregrine-launcher/out/1.21.4/home/data/peregrine/libraries/org/lz4/lz4-java/1.8.0/lz4-java-1.8.0.jar:/home/runner/work/peregrine-launcher/peregrine-launcher/out/1.21.4/home/data/peregrine/libraries/org/slf4j/slf4j-api/2.0.16/slf4j-api-2.0.16.jar:/home/runner/work/peregrine-launcher/peregrine-launcher/out/1.21.4/home/data/peregrine/versions/1.21.4/1.21.4.jar)
	at knot//com.sun.jna.NativeLibrary.loadLibrary(NativeLibrary.java:325)
	at knot//com.sun.jna.NativeLibrary.getInstance(NativeLibrary.java:481)
	at knot//com.sun.jna.NativeLibrary.getInstance(NativeLibrary.java:423)
	at knot//com.mojang.text2speech.NarratorLinux$FliteLibrary.loadNative(NarratorLinux.java:67)
	... 8 more
	Suppressed: java.lang.UnsatisfiedLinkError: libflite.so: cannot open shared object file: No such file or directory
		at knot//com.sun.jna.Native.open(Native Method)
		at knot//com.sun.jna.NativeLibrary.loadLibrary(NativeLibrary.java:213)
		... 11 more
	Suppressed: java.lang.UnsatisfiedLinkError: libflite.so: cannot open shared object file: No such file or directory
		at knot//com.sun.jna.Native.open(Native Method)
		at knot//com.sun.jna.NativeLibrary.loadLibrary(NativeLibrary.java:226)
		... 11 more
	Suppressed: java.io.IOException: Native library (linux-x86-64/libflite.so) not found in resource path (/home/runner/work/peregrine-launcher/peregrine-launcher/out/1.21.4/home/data/peregrine/libraries/org/ow2/asm/asm/9.10.1/asm-9.10.1.jar:/home/runner/work/peregrine-launcher/peregrine-launcher/out/1.21.4/home/data/peregrine/libraries/org/ow2/asm/asm-analysis/9.10.1/asm-analysis-9.10.1.jar:/home/runner/work/peregrine-launcher/peregrine-launcher/out/1.21.4/home/data/peregrine/libraries/org/ow2/asm/asm-commons/9.10.1/asm-commons-9.10.1.jar:/home/runner/work/peregrine-launcher/peregrine-launcher/out/1.21.4/home/data/peregrine/libraries/org/ow2/asm/asm-tree/9.10.1/asm-tree-9.10.1.jar:/home/runner/work/peregrine-launcher/peregrine-launcher/out/1.21.4/home/data/peregrine/libraries/org/ow2/asm/asm-util/9.10.1/asm-util-9.10.1.jar:/home/runner/work/peregrine-launcher/peregrine-launcher/out/1.21.4/home/data/peregrine/libraries/net/fabricmc/sponge-mixin/0.17.4+mixin.0.8.7/sponge-mixin-0.17.4+mixin.0.8.7.jar:/home/runner/work/peregrine-launcher/peregrine-launcher/out/1.21.4/home/data/peregrine/libraries/net/fabricmc/intermediary/1.21.4/intermediary-1.21.4.jar:/home/runner/work/peregrine-launcher/peregrine-launcher/out/1.21.4/home/data/peregrine/libraries/net/fabricmc/fabric-loader/0.19.5/fabric-loader-0.19.5.jar:/home/runner/work/peregrine-launcher/peregrine-launcher/out/1.21.4/home/data/peregrine/libraries/com/fasterxml/jackson/core/jackson-annotations/2.13.4/jackson-annotations-2.13.4.jar:/home/runner/work/peregrine-launcher/peregrine-launcher/out/1.21.4/home/data/peregrine/libraries/com/fasterxml/jackson/core/jackson-core/2.13.4/jackson-core-2.13.4.jar:/home/runner/work/peregrine-launcher/peregrine-launcher/out/1.21.4/home/data/peregrine/libraries/com/fasterxml/jackson/core/jackson-databind/2.13.4.2/jackson-databind-2.13.4.2.jar:/home/runner/work/peregrine-launcher/peregrine-launcher/out/1.21.4/home/data/peregrine/libraries/com/github/oshi/oshi-core/6.6.5/oshi-core-6.6.5.jar:/home/runner/work/peregrine-launcher/peregrine-launcher/out/1.21.4/home/data/peregrine/libraries/com/github/stephenc/jcip/jcip-annotations/1.0-1/jcip-annotations-1.0-1.jar:/home/runner/work/peregrine-launcher/peregrine-launcher/out/1.21.4/home/data/peregrine/libraries/com/google/code/gson/gson/2.11.0/gson-2.11.0.jar:/home/runner/work/peregrine-launcher/peregrine-launcher/out/1.21.4/home/data/peregrine/libraries/com/google/guava/failureaccess/1.0.2/failureaccess-1.0.2.jar:/home/runner/work/peregrine-launcher/peregrine-launcher/out/1.21.4/home/data/peregrine/libraries/com/google/guava/guava/33.3.1-jre/guava-33.3.1-jre.jar:/home/runner/work/peregrine-launcher/peregrine-launcher/out/1.21.4/home/data/peregrine/libraries/com/ibm/icu/icu4j/76.1/icu4j-76.1.jar:/home/runner/work/peregrine-launcher/peregrine-launcher/out/1.21.4/home/data/peregrine/libraries/com/microsoft/azure/msal4j/1.17.2/msal4j-1.17.2.jar:/home/runner/work/peregrine-launcher/peregrine-launcher/out/1.21.4/home/data/peregrine/libraries/com/mojang/authlib/6.0.57/authlib-6.0.57.jar:/home/runner/work/peregrine-launcher/peregrine-launcher/out/1.21.4/home/data/peregrine/libraries/com/mojang/blocklist/1.0.10/blocklist-1.0.10.jar:/home/runner/work/peregrine-launcher/peregrine-launcher/out/1.21.4/home/data/peregrine/libraries/com/mojang/brigadier/1.3.10/brigadier-1.3.10.jar:/home/runner/work/peregrine-launcher/peregrine-launcher/out/1.21.4/home/data/peregrine/libraries/com/mojang/datafixerupper/8.0.16/datafixerupper-8.0.16.jar:/home/runner/work/peregrine-launcher/peregrine-launcher/out/1.21.4/home/data/peregrine/libraries/com/mojang/jtracy/1.0.29/jtracy-1.0.29.jar:/home/runner/work/peregrine-launcher/peregrine-launcher/out/1.21.4/home/data/peregrine/libraries/com/mojang/jtracy/1.0.29/jtracy-1.0.29-natives-linux.jar:/home/runner/work/peregrine-launcher/peregrine-launcher/out/1.21.4/home/data/peregrine/libraries/com/mojang/logging/1.5.10/logging-1.5.10.jar:/home/runner/work/peregrine-launcher/peregrine-launcher/out/1.21.4/home/data/peregrine/libraries/com/mojang/patchy/2.2.10/patchy-2.2.10.jar:/home/runner/work/peregrine-launcher/peregrine-launcher/out/1.21.4/home/data/peregrine/libraries/com/mojang/text2speech/1.17.9/text2speech-1.17.9.jar:/home/runner/work/peregrine-launcher/peregrine-launcher/out/1.21.4/home/data/peregrine/libraries/com/nimbusds/content-type/2.3/content-type-2.3.jar:/home/runner/work/peregrine-launcher/peregrine-launcher/out/1.21.4/home/data/peregrine/libraries/com/nimbusds/lang-tag/1.7/lang-tag-1.7.jar:/home/runner/work/peregrine-launcher/peregrine-launcher/out/1.21.4/home/data/peregrine/libraries/com/nimbusds/nimbus-jose-jwt/9.40/nimbus-jose-jwt-9.40.jar:/home/runner/work/peregrine-launcher/peregrine-launcher/out/1.21.4/home/data/peregrine/libraries/com/nimbusds/oauth2-oidc-sdk/11.18/oauth2-oidc-sdk-11.18.jar:/home/runner/work/peregrine-launcher/peregrine-launcher/out/1.21.4/home/data/peregrine/libraries/commons-codec/commons-codec/1.17.1/commons-codec-1.17.1.jar:/home/runner/work/peregrine-launcher/peregrine-launcher/out/1.21.4/home/data/peregrine/libraries/commons-io/commons-io/2.17.0/commons-io-2.17.0.jar:/home/runner/work/peregrine-launcher/peregrine-launcher/out/1.21.4/home/data/peregrine/libraries/commons-logging/commons-logging/1.3.4/commons-logging-1.3.4.jar:/home/runner/work/peregrine-launcher/peregrine-launcher/out/1.21.4/home/data/peregrine/libraries/io/netty/netty-buffer/4.1.115.Final/netty-buffer-4.1.115.Final.jar:/home/runner/work/peregrine-launcher/peregrine-launcher/out/1.21.4/home/data/peregrine/libraries/io/netty/netty-codec/4.1.115.Final/netty-codec-4.1.115.Final.jar:/home/runner/work/peregrine-launcher/peregrine-launcher/out/1.21.4/home/data/peregrine/libraries/io/netty/netty-common/4.1.115.Final/netty-common-4.1.115.Final.jar:/home/runner/work/peregrine-launcher/peregrine-launcher/out/1.21.4/home/data/peregrine/libraries/io/netty/netty-handler/4.1.115.Final/netty-handler-4.1.115.Final.jar:/home/runner/work/peregrine-launcher/peregrine-launcher/out/1.21.4/home/data/peregrine/libraries/io/netty/netty-resolver/4.1.115.Final/netty-resolver-4.1.115.Final.jar:/home/runner/work/peregrine-launcher/peregrine-launcher/out/1.21.4/home/data/peregrine/libraries/io/netty/netty-transport-classes-epoll/4.1.115.Final/netty-transport-classes-epoll-4.1.115.Final.jar:/home/runner/work/peregrine-launcher/peregrine-launcher/out/1.21.4/home/data/peregrine/libraries/io/netty/netty-transport-native-epoll/4.1.115.Final/netty-transport-native-epoll-4.1.115.Final-linux-aarch_64.jar:/home/runner/work/peregrine-launcher/peregrine-launcher/out/1.21.4/home/data/peregrine/libraries/io/netty/netty-transport-native-epoll/4.1.115.Final/netty-transport-native-epoll-4.1.115.Final-linux-x86_64.jar:/home/runner/work/peregrine-launcher/peregrine-launcher/out/1.21.4/home/data/peregrine/libraries/io/netty/netty-transport-native-unix-common/4.1.115.Final/netty-transport-native-unix-common-4.1.115.Final.jar:/home/runner/work/peregrine-launcher/peregrine-launcher/out/1.21.4/home/data/peregrine/libraries/io/netty/netty-transport/4.1.115.Final/netty-transport-4.1.115.Final.jar:/home/runner/work/peregrine-launcher/peregrine-launcher/out/1.21.4/home/data/peregrine/libraries/it/unimi/dsi/fastutil/8.5.15/fastutil-8.5.15.jar:/home/runner/work/peregrine-launcher/peregrine-launcher/out/1.21.4/home/data/peregrine/libraries/net/java/dev/jna/jna-platform/5.15.0/jna-platform-5.15.0.jar:/home/runner/work/peregrine-launcher/peregrine-launcher/out/1.21.4/home/data/peregrine/libraries/net/java/dev/jna/jna/5.15.0/jna-5.15.0.jar:/home/runner/work/peregrine-launcher/peregrine-launcher/out/1.21.4/home/data/peregrine/libraries/net/minidev/accessors-smart/2.5.1/accessors-smart-2.5.1.jar:/home/runner/work/peregrine-launcher/peregrine-launcher/out/1.21.4/home/data/peregrine/libraries/net/minidev/json-smart/2.5.1/json-smart-2.5.1.jar:/home/runner/work/peregrine-launcher/peregrine-launcher/out/1.21.4/home/data/peregrine/libraries/net/sf/jopt-simple/jopt-simple/5.0.4/jopt-simple-5.0.4.jar:/home/runner/work/peregrine-launcher/peregrine-launcher/out/1.21.4/home/data/peregrine/libraries/org/apache/commons/commons-compress/1.27.1/commons-compress-1.27.1.jar:/home/runner/work/peregrine-launcher/peregrine-launcher/out/1.21.4/home/data/peregrine/libraries/org/apache/commons/commons-lang3/3.17.0/commons-lang3-3.17.0.jar:/home/runner/work/peregrine-launcher/peregrine-launcher/out/1.21.4/home/data/peregrine/libraries/org/apache/httpcomponents/httpclient/4.5.14/httpclient-4.5.14.jar:/home/runner/work/peregrine-launcher/peregrine-launcher/out/1.21.4/home/data/peregrine/libraries/org/apache/httpcomponents/httpcore/4.4.16/httpcore-4.4.16.jar:/home/runner/work/peregrine-launcher/peregrine-launcher/out/1.21.4/home/data/peregrine/libraries/org/apache/logging/log4j/log4j-api/2.24.1/log4j-api-2.24.1.jar:/home/runner/work/peregrine-launcher/peregrine-launcher/out/1.21.4/home/data/peregrine/libraries/org/apache/logging/log4j/log4j-core/2.24.1/log4j-core-2.24.1.jar:/home/runner/work/peregrine-launcher/peregrine-launcher/out/1.21.4/home/data/peregrine/libraries/org/apache/logging/log4j/log4j-slf4j2-impl/2.24.1/log4j-slf4j2-impl-2.24.1.jar:/home/runner/work/peregrine-launcher/peregrine-launcher/out/1.21.4/home/data/peregrine/libraries/org/jcraft/jorbis/0.0.17/jorbis-0.0.17.jar:/home/runner/work/peregrine-launcher/peregrine-launcher/out/1.21.4/home/data/peregrine/libraries/org/joml/joml/1.10.8/joml-1.10.8.jar:/home/runner/work/peregrine-launcher/peregrine-launcher/out/1.21.4/home/data/peregrine/libraries/org/lwjgl/lwjgl-freetype/3.3.3/lwjgl-freetype-3.3.3.jar:/home/runner/work/peregrine-launcher/peregrine-launcher/out/1.21.4/home/data/peregrine/libraries/org/lwjgl/lwjgl-freetype/3.3.3/lwjgl-freetype-3.3.3-natives-linux.jar:/home/runner/work/peregrine-launcher/peregrine-launcher/out/1.21.4/home/data/peregrine/libraries/org/lwjgl/lwjgl-glfw/3.3.3/lwjgl-glfw-3.3.3.jar:/home/runner/work/peregrine-launcher/peregrine-launcher/out/1.21.4/home/data/peregrine/libraries/org/lwjgl/lwjgl-glfw/3.3.3/lwjgl-glfw-3.3.3-natives-linux.jar:/home/runner/work/peregrine-launcher/peregrine-launcher/out/1.21.4/home/data/peregrine/libraries/org/lwjgl/lwjgl-jemalloc/3.3.3/lwjgl-jemalloc-3.3.3.jar:/home/runner/work/peregrine-launcher/peregrine-launcher/out/1.21.4/home/data/peregrine/libraries/org/lwjgl/lwjgl-jemalloc/3.3.3/lwjgl-jemalloc-3.3.3-natives-linux.jar:/home/runner/work/peregrine-launcher/peregrine-launcher/out/1.21.4/home/data/peregrine/libraries/org/lwjgl/lwjgl-openal/3.3.3/lwjgl-openal-3.3.3.jar:/home/runner/work/peregrine-launcher/peregrine-launcher/out/1.21.4/home/data/peregrine/libraries/org/lwjgl/lwjgl-openal/3.3.3/lwjgl-openal-3.3.3-natives-linux.jar:/home/runner/work/peregrine-launcher/peregrine-launcher/out/1.21.4/home/data/peregrine/libraries/org/lwjgl/lwjgl-opengl/3.3.3/lwjgl-opengl-3.3.3.jar:/home/runner/work/peregrine-launcher/peregrine-launcher/out/1.21.4/home/data/peregrine/libraries/org/lwjgl/lwjgl-opengl/3.3.3/lwjgl-opengl-3.3.3-natives-linux.jar:/home/runner/work/peregrine-launcher/peregrine-launcher/out/1.21.4/home/data/peregrine/libraries/org/lwjgl/lwjgl-stb/3.3.3/lwjgl-stb-3.3.3.jar:/home/runner/work/peregrine-launcher/peregrine-launcher/out/1.21.4/home/data/peregrine/libraries/org/lwjgl/lwjgl-stb/3.3.3/lwjgl-stb-3.3.3-natives-linux.jar:/home/runner/work/peregrine-launcher/peregrine-launcher/out/1.21.4/home/data/peregrine/libraries/org/lwjgl/lwjgl-tinyfd/3.3.3/lwjgl-tinyfd-3.3.3.jar:/home/runner/work/peregrine-launcher/peregrine-launcher/out/1.21.4/home/data/peregrine/libraries/org/lwjgl/lwjgl-tinyfd/3.3.3/lwjgl-tinyfd-3.3.3-natives-linux.jar:/home/runner/work/peregrine-launcher/peregrine-launcher/out/1.21.4/home/data/peregrine/libraries/org/lwjgl/lwjgl/3.3.3/lwjgl-3.3.3.jar:/home/runner/work/peregrine-launcher/peregrine-launcher/out/1.21.4/home/data/peregrine/libraries/org/lwjgl/lwjgl/3.3.3/lwjgl-3.3.3-natives-linux.jar:/home/runner/work/peregrine-launcher/peregrine-launcher/out/1.21.4/home/data/peregrine/libraries/org/lz4/lz4-java/1.8.0/lz4-java-1.8.0.jar:/home/runner/work/peregrine-launcher/peregrine-launcher/out/1.21.4/home/data/peregrine/libraries/org/slf4j/slf4j-api/2.0.16/slf4j-api-2.0.16.jar:/home/runner/work/peregrine-launcher/peregrine-launcher/out/1.21.4/home/data/peregrine/versions/1.21.4/1.21.4.jar)
		at knot//com.sun.jna.Native.extractFromResourcePath(Native.java:1141)
		at knot//com.sun.jna.NativeLibrary.loadLibrary(NativeLibrary.java:297)
		... 11 more
]]></log4j:Throwable>
  </log4j:Event>
  <log4j:Event logger="net.minecraft.class_3304" timestamp="1791649509442" level="INFO" thread="Render thread">
    <log4j:Message><![CDATA[Reloading ResourceManager: vanilla, file/PeregrineTest, fabric, fabric-api, fabric-api-base, fabric-api-lookup-api-v1, fabric-biome-api-v1, fabric-block-api-v1, fabric-block-view-api-v2, fabric-blockrenderlayer-v1, fabric-client-tags-api-v1, fabric-command-api-v1, fabric-command-api-v2, fabric-commands-v0, fabric-content-registries-v0, fabric-convention-tags-v1, fabric-convention-tags-v2, fabric-crash-report-info-v1, fabric-data-attachment-api-v1, fabric-data-generation-api-v1, fabric-dimensions-v1, fabric-entity-events-v1, fabric-events-interaction-v0, fabric-game-rule-api-v1, fabric-item-api-v1, fabric-item-group-api-v1, fabric-key-binding-api-v1, fabric-keybindings-v0, fabric-lifecycle-events-v1, fabric-loot-api-v2, fabric-loot-api-v3, fabric-message-api-v1, fabric-model-loading-api-v1, fabric-networking-api-v1, fabric-object-builder-api-v1, fabric-particles-v1, fabric-recipe-api-v1, fabric-registry-sync-v0, fabric-renderer-api-v1, fabric-renderer-indigo, fabric-rendering-data-attachment-v1, fabric-rendering-fluids-v1, fabric-rendering-v1, fabric-resource-conditions-api-v1, fabric-resource-loader-v0, fabric-screen-api-v1, fabric-screen-handler-api-v1, fabric-sound-api-v1, fabric-tag-api-v1, fabric-transfer-api-v1, fabric-transitive-access-wideners-v1, fabricloader, peregrine-client]]></log4j:Message>
  </log4j:Event>
  <log4j:Event logger="net.minecraft.class_2983" timestamp="1791649509581" level="INFO" thread="Render thread">
    <log4j:Message><![CDATA[[STDOUT]: [Peregrine self-test] INFO phase title on Minecraft 1.21.4]]></log4j:Message>
  </log4j:Event>
  <log4j:Event logger="net.minecraft.class_391" timestamp="1791649509626" level="INFO" thread="Worker-Main-2">
    <log4j:Message><![CDATA[Found unifont_all_no_pua-16.0.01.hex, loading]]></log4j:Message>
  </log4j:Event>
  <log4j:Event logger="net.minecraft.class_391" timestamp="1791649510203" level="INFO" thread="Worker-Main-2">
    <log4j:Message><![CDATA[Found unifont_jp_patch-16.0.01.hex, loading]]></log4j:Message>
  </log4j:Event>
ALSA lib confmisc.c:855:(parse_card) cannot find card '0'
ALSA lib conf.c:5208:(_snd_config_evaluate) function snd_func_card_inum returned error: No such file or directory
ALSA lib confmisc.c:422:(snd_func_concat) error evaluating strings
ALSA lib conf.c:5208:(_snd_config_evaluate) function snd_func_concat returned error: No such file or directory
ALSA lib confmisc.c:1342:(snd_func_refer) error evaluating name
ALSA lib conf.c:5208:(_snd_config_evaluate) function snd_func_refer returned error: No such file or directory
ALSA lib conf.c:5731:(snd_config_expand) Evaluate error: No such file or directory
ALSA lib pcm.c:2721:(snd_pcm_open_noupdate) Unknown PCM default
ALSA lib confmisc.c:855:(parse_card) cannot find card '0'
ALSA lib conf.c:5208:(_snd_config_evaluate) function snd_func_card_inum returned error: No such file or directory
ALSA lib confmisc.c:422:(snd_func_concat) error evaluating strings
ALSA lib conf.c:5208:(_snd_config_evaluate) function snd_func_concat returned error: No such file or directory
ALSA lib confmisc.c:1342:(snd_func_refer) error evaluating name
ALSA lib conf.c:5208:(_snd_config_evaluate) function snd_func_refer returned error: No such file or directory
ALSA lib conf.c:5731:(snd_config_expand) Evaluate error: No such file or directory
ALSA lib pcm.c:2721:(snd_pcm_open_noupdate) Unknown PCM default
  <log4j:Event logger="net.minecraft.class_1140" timestamp="1791649512288" level="ERROR" thread="Render thread">
    <log4j:Message><![CDATA[Error starting SoundSystem. Turning off sounds & music]]></log4j:Message>
    <log4j:Throwable><![CDATA[java.lang.IllegalStateException: Failed to open OpenAL device
	at knot//net.minecraft.class_4225.method_38501(class_4225.java:302)
	at knot//net.minecraft.class_4225.method_19661(class_4225.java:154)
	at knot//net.minecraft.class_1140.method_4846(class_1140.java:116)
	at knot//net.minecraft.class_1140.method_4837(class_1140.java:106)
	at knot//net.minecraft.class_1144.method_18182(class_1144.java:125)
	at knot//net.minecraft.class_1144.method_18788(class_1144.java:43)
	at knot//net.minecraft.class_4080.method_18790(class_4080.java:14)
	at java.base/java.util.concurrent.CompletableFuture$UniAccept.tryFire(Unknown Source)
	at java.base/java.util.concurrent.CompletableFuture$Completion.run(Unknown Source)
	at knot//net.minecraft.class_4014.method_18365(class_4014.java:68)
	at knot//net.minecraft.class_1255.method_18859(class_1255.java:164)
	at knot//net.minecraft.class_4093.method_18859(class_4093.java:23)
	at knot//net.minecraft.class_1255.method_16075(class_1255.java:138)
	at knot//net.minecraft.class_1255.method_5383(class_1255.java:123)
	at knot//net.minecraft.class_310.method_1523(class_310.java:1296)
	at knot//net.minecraft.class_310.method_1514(class_310.java:922)
	at knot//net.minecraft.client.main.Main.main(Main.java:267)
	at net.fabricmc.loader.impl.game.minecraft.MinecraftGameProvider.launch(MinecraftGameProvider.java:517)
	at net.fabricmc.loader.impl.launch.knot.Knot.launch(Knot.java:72)
	at net.fabricmc.loader.impl.launch.knot.KnotClient.main(KnotClient.java:23)
]]></log4j:Throwable>
  </log4j:Event>
  <log4j:Event logger="net.minecraft.class_1059" timestamp="1791649512410" level="INFO" thread="Render thread">
    <log4j:Message><![CDATA[Created: 1024x512x4 minecraft:textures/atlas/blocks.png-atlas]]></log4j:Message>
  </log4j:Event>
  <log4j:Event logger="net.minecraft.class_1059" timestamp="1791649512426" level="INFO" thread="Render thread">
    <log4j:Message><![CDATA[Created: 256x256x4 minecraft:textures/atlas/signs.png-atlas]]></log4j:Message>
  </log4j:Event>
  <log4j:Event logger="net.minecraft.class_1059" timestamp="1791649512427" level="INFO" thread="Render thread">
    <log4j:Message><![CDATA[Created: 512x512x4 minecraft:textures/atlas/banner_patterns.png-atlas]]></log4j:Message>
  </log4j:Event>
  <log4j:Event logger="net.minecraft.class_1059" timestamp="1791649512428" level="INFO" thread="Render thread">
    <log4j:Message><![CDATA[Created: 512x512x4 minecraft:textures/atlas/shield_patterns.png-atlas]]></log4j:Message>
  </log4j:Event>
  <log4j:Event logger="net.minecraft.class_1059" timestamp="1791649512429" level="INFO" thread="Render thread">
    <log4j:Message><![CDATA[Created: 2048x1024x4 minecraft:textures/atlas/armor_trims.png-atlas]]></log4j:Message>
  </log4j:Event>
  <log4j:Event logger="net.minecraft.class_1059" timestamp="1791649512437" level="INFO" thread="Render thread">
    <log4j:Message><![CDATA[Created: 128x64x4 minecraft:textures/atlas/decorated_pot.png-atlas]]></log4j:Message>
  </log4j:Event>
  <log4j:Event logger="net.minecraft.class_1059" timestamp="1791649512437" level="INFO" thread="Render thread">
    <log4j:Message><![CDATA[Created: 256x256x4 minecraft:textures/atlas/chest.png-atlas]]></log4j:Message>
  </log4j:Event>
  <log4j:Event logger="net.minecraft.class_1059" timestamp="1791649512438" level="INFO" thread="Render thread">
    <log4j:Message><![CDATA[Created: 512x256x4 minecraft:textures/atlas/beds.png-atlas]]></log4j:Message>
  </log4j:Event>
  <log4j:Event logger="net.minecraft.class_1059" timestamp="1791649512439" level="INFO" thread="Render thread">
    <log4j:Message><![CDATA[Created: 512x256x4 minecraft:textures/atlas/shulker_boxes.png-atlas]]></log4j:Message>
  </log4j:Event>
  <log4j:Event logger="net.minecraft.class_1059" timestamp="1791649512476" level="INFO" thread="Render thread">
    <log4j:Message><![CDATA[Created: 64x64x0 minecraft:textures/atlas/map_decorations.png-atlas]]></log4j:Message>
  </log4j:Event>
  <log4j:Event logger="net.minecraft.class_1059" timestamp="1791649512759" level="INFO" thread="Render thread">
    <log4j:Message><![CDATA[Created: 512x256x0 minecraft:textures/atlas/particles.png-atlas]]></log4j:Message>
  </log4j:Event>
  <log4j:Event logger="net.minecraft.class_1059" timestamp="1791649512761" level="INFO" thread="Render thread">
    <log4j:Message><![CDATA[Created: 512x256x0 minecraft:textures/atlas/paintings.png-atlas]]></log4j:Message>
  </log4j:Event>
  <log4j:Event logger="net.minecraft.class_1059" timestamp="1791649512762" level="INFO" thread="Render thread">
    <log4j:Message><![CDATA[Created: 256x128x0 minecraft:textures/atlas/mob_effects.png-atlas]]></log4j:Message>
  </log4j:Event>
  <log4j:Event logger="net.minecraft.class_1059" timestamp="1791649512762" level="INFO" thread="Render thread">
    <log4j:Message><![CDATA[Created: 1024x512x0 minecraft:textures/atlas/gui.png-atlas]]></log4j:Message>
  </log4j:Event>
  <log4j:Event logger="net.minecraft.class_2983" timestamp="1791649515065" level="INFO" thread="Render thread">
    <log4j:Message><![CDATA[[STDOUT]: [Peregrine self-test] PASS Peregrine main menu shows instead of Minecraft's]]></log4j:Message>
  </log4j:Event>
  <log4j:Event logger="net.minecraft.class_2983" timestamp="1791649518751" level="INFO" thread="Render thread">
    <log4j:Message><![CDATA[[STDOUT]: [Peregrine self-test] PASS Singleplayer button opens world list]]></log4j:Message>
  </log4j:Event>
  <log4j:Event logger="net.minecraft.class_2983" timestamp="1791649520525" level="INFO" thread="Render thread">
    <log4j:Message><![CDATA[[STDOUT]: [Peregrine self-test] PASS Multiplayer button opens server list]]></log4j:Message>
  </log4j:Event>
  <log4j:Event logger="net.minecraft.class_2983" timestamp="1791649521211" level="INFO" thread="Render thread">
    <log4j:Message><![CDATA[[STDOUT]: [Peregrine self-test] PASS Options button opens options]]></log4j:Message>
  </log4j:Event>
  <log4j:Event logger="net.minecraft.class_2983" timestamp="1791649523294" level="INFO" thread="Render thread">
    <log4j:Message><![CDATA[[STDOUT]: [Peregrine self-test] PASS Back to the main menu]]></log4j:Message>
  </log4j:Event>
  <log4j:Event logger="net.minecraft.class_2983" timestamp="1791649524765" level="INFO" thread="Render thread">
    <log4j:Message><![CDATA[[STDOUT]: [Peregrine self-test] PASS clicking Peregrine on the main menu opens the menu]]></log4j:Message>
  </log4j:Event>
  <log4j:Event logger="net.minecraft.class_2983" timestamp="1791649525343" level="INFO" thread="Render thread">
    <log4j:Message><![CDATA[[STDOUT]: [Peregrine self-test] PASS menu draws on the main menu]]></log4j:Message>
  </log4j:Event>
  <log4j:Event logger="net.minecraft.class_2983" timestamp="1791649528155" level="INFO" thread="Render thread">
    <log4j:Message><![CDATA[[STDOUT]: [Peregrine self-test] PASS Edit HUD button works on the main menu]]></log4j:Message>
  </log4j:Event>
  <log4j:Event logger="net.minecraft.class_2983" timestamp="1791649531155" level="INFO" thread="Render thread">
    <log4j:Message><![CDATA[[STDOUT]: [Peregrine self-test] PASS Back button leaves the editor]]></log4j:Message>
  </log4j:Event>
  <log4j:Event logger="net.minecraft.class_2983" timestamp="1791649531506" level="INFO" thread="Render thread">
    <log4j:Message><![CDATA[[STDOUT]: [Peregrine self-test] INFO counts {titleclick@212,185/0=1, click@95,205/0=1, editor=174, click@213,132/0=1, title=245, menu=162}]]></log4j:Message>
  </log4j:Event>
  <log4j:Event logger="net.minecraft.class_2983" timestamp="1791649531506" level="INFO" thread="Render thread">
    <log4j:Message><![CDATA[[STDOUT]: [Peregrine self-test] PASS finished with 0 failure(s)]]></log4j:Message>
  </log4j:Event>
  <log4j:Event logger="net.minecraft.class_310" timestamp="1791649532637" level="INFO" thread="Render thread">
    <log4j:Message><![CDATA[Stopping!]]></log4j:Message>
  </log4j:Event>
