  <log4j:Event logger="FabricLoader/GameProvider" timestamp="1791649654463" level="INFO" thread="main">
    <log4j:Message><![CDATA[Loading Minecraft 1.21.1 with Fabric Loader 0.19.5]]></log4j:Message>
  </log4j:Event>
  <log4j:Event logger="FabricLoader/Resolution" timestamp="1791649654636" level="WARN" thread="main">
    <log4j:Message><![CDATA[Warnings were found!
 - Mod 'Dynamic FPS' (dynamic_fps) 3.11.4 recommends any version of modmenu, which is missing!
	 - You should install any version of modmenu for the optimal experience.]]></log4j:Message>
  </log4j:Event>
  <log4j:Event logger="FabricLoader" timestamp="1791649654638" level="INFO" thread="main">
    <log4j:Message><![CDATA[Loading 74 mods:
	- badoptimizations 2.4.1
	- cloth-config 15.0.140
	   \-- cloth-basic-math 0.6.1
	- clumps 19.0.0.1
	- dynamic_fps 3.11.4
	   \-- net_lostluma_battery 2.0.0
	- entityculling 1.11.3
	   |-- transition 1.0.26
	   \-- trender 1.0.17
	- fabric-api 0.116.17+1.21.1
	   |-- fabric-api-base 0.4.42+6573ed8c19
	   |-- fabric-api-lookup-api-v1 1.6.72+7b3d111d19
	   |-- fabric-biome-api-v1 13.0.31+d527f9fd19
	   |-- fabric-block-api-v1 1.1.0+0bc3503219
	   |-- fabric-block-view-api-v2 1.0.11+ebb2264e19
	   |-- fabric-blockrenderlayer-v1 1.1.52+0af3f5a719
	   |-- fabric-client-tags-api-v1 1.2.0+1eb36c0719
	   |-- fabric-command-api-v1 1.2.49+f71b366f19
	   |-- fabric-command-api-v2 2.2.28+6ced4dd919
	   |-- fabric-commands-v0 0.2.66+df3654b319
	   |-- fabric-content-registries-v0 8.0.19+b559734419
	   |-- fabric-convention-tags-v1 2.1.7+7f945d5b19
	   |-- fabric-convention-tags-v2 2.12.0+c3656daa19
	   |-- fabric-crash-report-info-v1 0.2.29+0af3f5a719
	   |-- fabric-data-attachment-api-v1 1.4.7+5b36e0f719
	   |-- fabric-data-generation-api-v1 20.3.0+1eb36c0719
	   |-- fabric-dimensions-v1 4.0.1+65213ef819
	   |-- fabric-entity-events-v1 1.8.0+2b27e0a419
	   |-- fabric-events-interaction-v0 0.7.14+ba9dae0619
	   |-- fabric-game-rule-api-v1 1.0.53+6ced4dd919
	   |-- fabric-item-api-v1 11.3.0+467044f319
	   |-- fabric-item-group-api-v1 4.1.7+def88e3a19
	   |-- fabric-key-binding-api-v1 1.0.47+0af3f5a719
	   |-- fabric-keybindings-v0 0.2.45+df3654b319
	   |-- fabric-lifecycle-events-v1 2.6.0+0865547519
	   |-- fabric-loot-api-v2 3.0.15+3f89f5a519
	   |-- fabric-loot-api-v3 1.0.3+3f89f5a519
	   |-- fabric-message-api-v1 6.0.14+8aaf3aca19
	   |-- fabric-model-loading-api-v1 2.1.0+b4d813fc19
	   |-- fabric-networking-api-v1 4.3.1+d30f6a7919
	   |-- fabric-object-builder-api-v1 15.2.1+40875a9319
	   |-- fabric-particles-v1 4.0.2+6573ed8c19
	   |-- fabric-recipe-api-v1 5.0.16+2475392c19
	   |-- fabric-registry-sync-v0 5.3.2+e3eddc2119
	   |-- fabric-renderer-api-v1 3.4.1+b4d813fc19
	   |-- fabric-renderer-indigo 1.7.1+c705a49c19
	   |-- fabric-renderer-registries-v1 3.2.71+df3654b319
	   |-- fabric-rendering-data-attachment-v1 0.3.49+73761d2e19
	   |-- fabric-rendering-fluids-v1 3.1.6+1daea21519
	   |-- fabric-rendering-v0 1.1.74+df3654b319
	   |-- fabric-rendering-v1 5.2.1+f44c2eea19
	   |-- fabric-resource-conditions-api-v1 4.3.0+8dc279b119
	   |-- fabric-resource-loader-v0 1.3.1+5b5275af19
	   |-- fabric-screen-api-v1 2.0.26+639b4c0719
	   |-- fabric-screen-handler-api-v1 1.3.91+b559734419
	   |-- fabric-sound-api-v1 1.0.23+6573ed8c19
	   |-- fabric-tag-api-v1 1.3.0+1eb36c0719
	   |-- fabric-transfer-api-v1 5.4.4+7b3d111d19
	   \-- fabric-transitive-access-wideners-v1 6.2.0+45b9699719
	- fabricloader 0.19.5
	   \-- mixinextras 0.5.5
	- ferritecore 7.0.3
	- immediatelyfast 1.6.14+1.21.1
	   \-- net_lenni0451_reflect 1.6.2
	- java 21
	- lithium 0.15.4+mc1.21.1
	- minecraft 1.21.1
	- modernfix 5.25.1+mc1.21.1
	- moreculling 1.0.10
	   |-- conditional-mixin 0.6.3
	   \-- mixinsquared 0.2.0
	- peregrine-client 1.0.1
	- scalablelux 0.1.0.1+fabric.d0d58ab
	- sodium 0.8.13+mc1.21.1]]></log4j:Message>
  </log4j:Event>
  <log4j:Event logger="FabricLoader/Mixin" timestamp="1791649654706" level="INFO" thread="main">
    <log4j:Message><![CDATA[SpongePowered MIXIN Subsystem Version=0.8.7 Source=file:/home/runner/work/peregrine-launcher/peregrine-launcher/out/1.21.1/home/data/peregrine/libraries/net/fabricmc/sponge-mixin/0.17.4+mixin.0.8.7/sponge-mixin-0.17.4+mixin.0.8.7.jar Service=Knot/Fabric Env=CLIENT]]></log4j:Message>
  </log4j:Event>
  <log4j:Event logger="BadOptimizations" timestamp="1791649654904" level="INFO" thread="main">
    <log4j:Message><![CDATA[Config version: 6]]></log4j:Message>
  </log4j:Event>
  <log4j:Event logger="BadOptimizations" timestamp="1791649654905" level="INFO" thread="main">
    <log4j:Message><![CDATA[BadOptimizations is generating the config with default values]]></log4j:Message>
  </log4j:Event>
  <log4j:Event logger="BadOptimizations" timestamp="1791649654905" level="INFO" thread="main">
    <log4j:Message><![CDATA[Generating config file version 6]]></log4j:Message>
  </log4j:Event>
  <log4j:Event logger="LithiumConfig" timestamp="1791649654999" level="INFO" thread="main">
    <log4j:Message><![CDATA[Option 'mixin.entity.collisions.fluid' requires 'mixin.util.block_tracking=true' but found 'false'. Setting 'mixin.entity.collisions.fluid=false'.]]></log4j:Message>
  </log4j:Event>
  <log4j:Event logger="LithiumConfig" timestamp="1791649654999" level="INFO" thread="main">
    <log4j:Message><![CDATA[Option 'mixin.experimental.entity.block_caching.block_support' requires 'mixin.util.block_tracking=true' but found 'false'. Setting 'mixin.experimental.entity.block_caching.block_support=false'.]]></log4j:Message>
  </log4j:Event>
  <log4j:Event logger="LithiumConfig" timestamp="1791649654999" level="INFO" thread="main">
    <log4j:Message><![CDATA[Option 'mixin.experimental.entity.block_caching.fluid_pushing' requires 'mixin.util.block_tracking=true' but found 'false'. Setting 'mixin.experimental.entity.block_caching.fluid_pushing=false'.]]></log4j:Message>
  </log4j:Event>
  <log4j:Event logger="LithiumConfig" timestamp="1791649654999" level="INFO" thread="main">
    <log4j:Message><![CDATA[Option 'mixin.experimental.entity.block_caching.block_touching' requires 'mixin.util.block_tracking=true' but found 'false'. Setting 'mixin.experimental.entity.block_caching.block_touching=false'.]]></log4j:Message>
  </log4j:Event>
  <log4j:Event logger="LithiumConfig" timestamp="1791649654999" level="INFO" thread="main">
    <log4j:Message><![CDATA[Option 'mixin.experimental.entity.block_caching.suffocation' requires 'mixin.util.block_tracking=true' but found 'false'. Setting 'mixin.experimental.entity.block_caching.suffocation=false'.]]></log4j:Message>
  </log4j:Event>
  <log4j:Event logger="LithiumConfig" timestamp="1791649654999" level="INFO" thread="main">
    <log4j:Message><![CDATA[Option 'mixin.experimental.entity.block_caching' requires 'mixin.util.block_tracking=true' but found 'false'. Setting 'mixin.experimental.entity.block_caching=false'.]]></log4j:Message>
  </log4j:Event>
  <log4j:Event logger="Lithium" timestamp="1791649655000" level="INFO" thread="main">
    <log4j:Message><![CDATA[Loaded configuration file for Lithium: 150 options available, 0 override(s) found]]></log4j:Message>
  </log4j:Event>
  <log4j:Event logger="ModernFix" timestamp="1791649655101" level="INFO" thread="main">
    <log4j:Message><![CDATA[Loaded configuration file for ModernFix 5.25.1+mc1.21.1: 65 options available, 0 override(s) found]]></log4j:Message>
  </log4j:Event>
  <log4j:Event logger="ModernFix" timestamp="1791649655102" level="INFO" thread="main">
    <log4j:Message><![CDATA[Applying Nashorn fix]]></log4j:Message>
  </log4j:Event>
  <log4j:Event logger="ModernFix" timestamp="1791649655103" level="INFO" thread="main">
    <log4j:Message><![CDATA[Configuring Minecraft's max.bg.threads option with 1 threads]]></log4j:Message>
  </log4j:Event>
  <log4j:Event logger="FabricLoader/Mixin" timestamp="1791649655107" level="WARN" thread="main">
    <log4j:Message><![CDATA[Reference map 'moreculling.refmap.json' for moreculling.mixins.json could not be read. If this is a development environment you can ignore this message]]></log4j:Message>
  </log4j:Event>
  <log4j:Event logger="FabricLoader/Mixin" timestamp="1791649655107" level="WARN" thread="main">
    <log4j:Message><![CDATA[Reference map 'moreculling.refmap.json' for moreculling.fabric.mixins.json could not be read. If this is a development environment you can ignore this message]]></log4j:Message>
  </log4j:Event>
  <log4j:Event logger="Sodium" timestamp="1791649655114" level="INFO" thread="main">
    <log4j:Message><![CDATA[Loaded configuration file for Sodium: 45 options available, 0 override(s) found]]></log4j:Message>
  </log4j:Event>
  <log4j:Event logger="Sodium-GraphicsAdapterProbe" timestamp="1791649655807" level="INFO" thread="main">
    <log4j:Message><![CDATA[Searching for graphics cards...]]></log4j:Message>
  </log4j:Event>
  <log4j:Event logger="Sodium-GraphicsAdapterProbe" timestamp="1791649655809" level="WARN" thread="main">
    <log4j:Message><![CDATA[Could not find any graphics adapters! Probably the device is not on a bus we can probe, or there are no devices supporting 3D acceleration.]]></log4j:Message>
  </log4j:Event>
  <log4j:Event logger="Sodium-Workarounds" timestamp="1791649655812" level="WARN" thread="main">
    <log4j:Message><![CDATA[Sodium has applied one or more workarounds to prevent crashes or other issues on your system: [NO_ERROR_CONTEXT_UNSUPPORTED]]]></log4j:Message>
  </log4j:Event>
  <log4j:Event logger="Sodium-Workarounds" timestamp="1791649655812" level="WARN" thread="main">
    <log4j:Message><![CDATA[This is not necessarily an issue, but it may result in certain features or optimizations being disabled. You can sometimes fix these issues by upgrading your graphics driver.]]></log4j:Message>
  </log4j:Event>
  <log4j:Event logger="FabricLoader/MixinExtras|Service" timestamp="1791649655929" level="INFO" thread="main">
    <log4j:Message><![CDATA[Initializing MixinExtras via com.llamalad7.mixinextras.service.MixinExtrasServiceImpl(version=0.5.5).]]></log4j:Message>
  </log4j:Event>
  <log4j:Event logger="com.mojang.datafixers.DataFixerBuilder" timestamp="1791649656834" level="INFO" thread="Datafixer Bootstrap">
    <log4j:Message><![CDATA[226 Datafixer optimizations took 291 milliseconds]]></log4j:Message>
  </log4j:Event>
  <log4j:Event logger="ModernFix" timestamp="1791649657636" level="INFO" thread="main">
    <log4j:Message><![CDATA[Injecting BlockStateBase cache population hook into getOpacityIfCached from ca.spottedleaf.starlight.mixin.common.blockstate.BlockStateBaseMixin]]></log4j:Message>
  </log4j:Event>
  <log4j:Event logger="ModernFix" timestamp="1791649657636" level="INFO" thread="main">
    <log4j:Message><![CDATA[Injecting BlockStateBase cache population hook into isConditionallyFullOpaque from ca.spottedleaf.starlight.mixin.common.blockstate.BlockStateBaseMixin]]></log4j:Message>
  </log4j:Event>
  <log4j:Event logger="FabricLoader/Mixin" timestamp="1791649658002" level="WARN" thread="main">
    <log4j:Message><![CDATA[Method overwrite conflict for method_21740 in modernfix-common.mixins.json:perf.remove_biome_temperature_cache.BiomeMixin from mod modernfix, previously written by net.caffeinemc.mods.lithium.mixin.world.temperature_cache.BiomeMixin. Skipping method.]]></log4j:Message>
  </log4j:Event>
  <log4j:Event logger="net.minecraft.class_2966" timestamp="1791649659287" level="INFO" thread="main">
    <log4j:Message><![CDATA[Vanilla bootstrap took 2233 milliseconds]]></log4j:Message>
  </log4j:Event>
  <log4j:Event logger="com.mojang.authlib.yggdrasil.YggdrasilAuthenticationService" timestamp="1791649659489" level="INFO" thread="Render thread">
    <log4j:Message><![CDATA[Environment: Environment[sessionHost=https://sessionserver.mojang.com, servicesHost=https://api.minecraftservices.com, name=PROD]]]></log4j:Message>
  </log4j:Event>
  <log4j:Event logger="net.minecraft.class_310" timestamp="1791649659498" level="INFO" thread="Render thread">
    <log4j:Message><![CDATA[Setting user: Tester]]></log4j:Message>
  </log4j:Event>
  <log4j:Event logger="dynamic_fps" timestamp="1791649659721" level="WARN" thread="Render thread">
    <log4j:Message><![CDATA[Dynamic FPS config missing or corrupted! Using defaults.]]></log4j:Message>
  </log4j:Event>
  <log4j:Event logger="net.fabricmc.fabric.impl.client.indigo.Indigo" timestamp="1791649659849" level="INFO" thread="Render thread">
    <log4j:Message><![CDATA[[Indigo] Different rendering plugin detected; not applying Indigo.]]></log4j:Message>
  </log4j:Event>
  <log4j:Event logger="net.minecraft.class_2983" timestamp="1791649660127" level="INFO" thread="Render thread">
    <log4j:Message><![CDATA[[STDOUT]: [TRender] Initializing Client...]]></log4j:Message>
  </log4j:Event>
  <log4j:Event logger="net.minecraft.class_310" timestamp="1791649660253" level="INFO" thread="Render thread">
    <log4j:Message><![CDATA[Backend library: LWJGL version 3.3.3-snapshot]]></log4j:Message>
  </log4j:Event>
ATTENTION: default value of option mesa_glthread overridden by environment.
  <log4j:Event logger="net.minecraft.class_1041" timestamp="1791649660403" level="INFO" thread="Render thread">
    <log4j:Message><![CDATA[OpenGL Vendor: Mesa]]></log4j:Message>
  </log4j:Event>
  <log4j:Event logger="net.minecraft.class_1041" timestamp="1791649660404" level="INFO" thread="Render thread">
    <log4j:Message><![CDATA[OpenGL Renderer: llvmpipe (LLVM 20.1.2, 256 bits)]]></log4j:Message>
  </log4j:Event>
  <log4j:Event logger="net.minecraft.class_1041" timestamp="1791649660404" level="INFO" thread="Render thread">
    <log4j:Message><![CDATA[OpenGL Version: 4.5 (Core Profile) Mesa 25.2.8-0ubuntu0.24.04.4]]></log4j:Message>
  </log4j:Event>
  <log4j:Event logger="ImmediatelyFast" timestamp="1791649660416" level="INFO" thread="Render thread">
    <log4j:Message><![CDATA[Initializing ImmediatelyFast 1.6.14+1.21.1 on llvmpipe (LLVM 20.1.2, 256 bits) (Mesa) with OpenGL 4.5 (Core Profile) Mesa 25.2.8-0ubuntu0.24.04.4]]></log4j:Message>
  </log4j:Event>
  <log4j:Event logger="net.minecraft.class_315" timestamp="1791649660658" level="WARN" thread="Render thread">
    <log4j:Message><![CDATA[Removed resource pack badoptimizations from options because it is no longer compatible]]></log4j:Message>
  </log4j:Event>
  <log4j:Event logger="net.minecraft.class_315" timestamp="1791649660658" level="WARN" thread="Render thread">
    <log4j:Message><![CDATA[Removed resource pack modernfix from options because it is no longer compatible]]></log4j:Message>
  </log4j:Event>
  <log4j:Event logger="ModernFix" timestamp="1791649660958" level="WARN" thread="Render thread">
    <log4j:Message><![CDATA[Failed to initialize Linux Narrator. Make sure you have libflite installed!]]></log4j:Message>
  </log4j:Event>
  <log4j:Event logger="net.minecraft.class_3304" timestamp="1791649660982" level="INFO" thread="Render thread">
    <log4j:Message><![CDATA[Reloading ResourceManager: vanilla, file/PeregrineTest, fabric, badoptimizations, cloth-config, conditional-mixin, dynamic_fps, entityculling, fabric-api, fabric-api-base, fabric-api-lookup-api-v1, fabric-biome-api-v1, fabric-block-api-v1, fabric-block-view-api-v2, fabric-blockrenderlayer-v1, fabric-client-tags-api-v1, fabric-command-api-v1, fabric-command-api-v2, fabric-commands-v0, fabric-content-registries-v0, fabric-convention-tags-v1, fabric-convention-tags-v2, fabric-crash-report-info-v1, fabric-data-attachment-api-v1, fabric-data-generation-api-v1, fabric-dimensions-v1, fabric-entity-events-v1, fabric-events-interaction-v0, fabric-game-rule-api-v1, fabric-item-api-v1, fabric-item-group-api-v1, fabric-key-binding-api-v1, fabric-keybindings-v0, fabric-lifecycle-events-v1, fabric-loot-api-v2, fabric-loot-api-v3, fabric-message-api-v1, fabric-model-loading-api-v1, fabric-networking-api-v1, fabric-object-builder-api-v1, fabric-particles-v1, fabric-recipe-api-v1, fabric-registry-sync-v0, fabric-renderer-api-v1, fabric-renderer-indigo, fabric-renderer-registries-v1, fabric-rendering-data-attachment-v1, fabric-rendering-fluids-v1, fabric-rendering-v0, fabric-rendering-v1, fabric-resource-conditions-api-v1, fabric-resource-loader-v0, fabric-screen-api-v1, fabric-screen-handler-api-v1, fabric-sound-api-v1, fabric-tag-api-v1, fabric-transfer-api-v1, fabric-transitive-access-wideners-v1, fabricloader, immediatelyfast, lithium, modernfix, moreculling, peregrine-client, scalablelux, sodium, trender]]></log4j:Message>
  </log4j:Event>
  <log4j:Event logger="moreculling" timestamp="1791649661036" level="INFO" thread="Render thread">
    <log4j:Message><![CDATA[Cached all modded block culling states]]></log4j:Message>
  </log4j:Event>
  <log4j:Event logger="net.minecraft.class_2983" timestamp="1791649661058" level="INFO" thread="Render thread">
    <log4j:Message><![CDATA[[STDOUT]: [Peregrine self-test] INFO phase world on Minecraft 1.21.1]]></log4j:Message>
  </log4j:Event>
  <log4j:Event logger="net.minecraft.class_391" timestamp="1791649661154" level="INFO" thread="Worker-ResourceReload-1">
    <log4j:Message><![CDATA[Found unifont_all_no_pua-15.1.05.hex, loading]]></log4j:Message>
  </log4j:Event>
  <log4j:Event logger="net.minecraft.class_391" timestamp="1791649661528" level="INFO" thread="Worker-ResourceReload-1">
    <log4j:Message><![CDATA[Found unifont_jp_patch-15.1.05.hex, loading]]></log4j:Message>
  </log4j:Event>
  <log4j:Event logger="net.minecraft.class_1140" timestamp="1791649663062" level="WARN" thread="Render thread">
    <log4j:Message><![CDATA[Missing sound for event: minecraft:item.goat_horn.play]]></log4j:Message>
  </log4j:Event>
  <log4j:Event logger="net.minecraft.class_1140" timestamp="1791649663062" level="WARN" thread="Render thread">
    <log4j:Message><![CDATA[Missing sound for event: minecraft:entity.goat.screaming.horn_break]]></log4j:Message>
  </log4j:Event>
ALSA lib confmisc.c:855:(parse_card) cannot find card '0'
ALSA lib conf.c:5208:(_snd_config_evaluate) function snd_func_card_inum returned error: No such file or directory
ALSA lib confmisc.c:422:(snd_func_concat) error evaluating strings
ALSA lib conf.c:5208:(_snd_config_evaluate) function snd_func_concat returned error: No such file or directory
ALSA lib confmisc.c:1342:(snd_func_refer) error evaluating name
ALSA lib conf.c:5208:(_snd_config_evaluate) function snd_func_refer returned error: No such file or directory
ALSA lib conf.c:5731:(snd_config_expand) Evaluate error: No such file or directory
ALSA lib pcm.c:2721:(snd_pcm_open_noupdate) Unknown PCM default
ALSA lib confmisc.c:855:(parse_card) cannot find card '0'
ALSA lib conf.c:5208:(_snd_config_evaluate) function snd_func_card_inum returned error: No such file or directory
ALSA lib confmisc.c:422:(snd_func_concat) error evaluating strings
ALSA lib conf.c:5208:(_snd_config_evaluate) function snd_func_concat returned error: No such file or directory
ALSA lib confmisc.c:1342:(snd_func_refer) error evaluating name
ALSA lib conf.c:5208:(_snd_config_evaluate) function snd_func_refer returned error: No such file or directory
ALSA lib conf.c:5731:(snd_config_expand) Evaluate error: No such file or directory
ALSA lib pcm.c:2721:(snd_pcm_open_noupdate) Unknown PCM default
  <log4j:Event logger="net.minecraft.class_1140" timestamp="1791649663067" level="ERROR" thread="Render thread">
    <log4j:Message><![CDATA[Error starting SoundSystem. Turning off sounds & music]]></log4j:Message>
    <log4j:Throwable><![CDATA[java.lang.IllegalStateException: Failed to open OpenAL device
	at knot//net.minecraft.class_4225.method_38501(class_4225.java:302)
	at knot//net.minecraft.class_4225.method_19661(class_4225.java:154)
	at knot//net.minecraft.class_1140.method_4846(class_1140.java:116)
	at knot//net.minecraft.class_1140.method_4837(class_1140.java:106)
	at knot//net.minecraft.class_1144.method_18182(class_1144.java:128)
	at knot//net.minecraft.class_1144.method_18788(class_1144.java:42)
	at knot//net.minecraft.class_4080.method_18790(class_4080.java:13)
	at java.base/java.util.concurrent.CompletableFuture$UniAccept.tryFire(Unknown Source)
	at java.base/java.util.concurrent.CompletableFuture$Completion.run(Unknown Source)
	at knot//net.minecraft.class_4014.method_18365(class_4014.java:69)
	at knot//net.minecraft.class_1255.method_18859(class_1255.java:162)
	at knot//net.minecraft.class_4093.method_18859(class_4093.java:23)
	at knot//net.minecraft.class_1255.method_16075(class_1255.java:136)
	at knot//net.minecraft.class_1255.method_5383(class_1255.java:121)
	at knot//net.minecraft.class_310.method_1523(class_310.java:1240)
	at knot//net.minecraft.class_310.method_1514(class_310.java:882)
	at knot//net.minecraft.client.main.Main.main(Main.java:256)
	at net.fabricmc.loader.impl.game.minecraft.MinecraftGameProvider.launch(MinecraftGameProvider.java:517)
	at net.fabricmc.loader.impl.launch.knot.Knot.launch(Knot.java:72)
	at net.fabricmc.loader.impl.launch.knot.KnotClient.main(KnotClient.java:23)
]]></log4j:Throwable>
  </log4j:Event>
  <log4j:Event logger="net.minecraft.class_1059" timestamp="1791649663288" level="INFO" thread="Render thread">
    <log4j:Message><![CDATA[Created: 1024x512x4 minecraft:textures/atlas/blocks.png-atlas]]></log4j:Message>
  </log4j:Event>
  <log4j:Event logger="net.minecraft.class_1059" timestamp="1791649663310" level="INFO" thread="Render thread">
    <log4j:Message><![CDATA[Created: 256x256x4 minecraft:textures/atlas/signs.png-atlas]]></log4j:Message>
  </log4j:Event>
  <log4j:Event logger="net.minecraft.class_1059" timestamp="1791649663310" level="INFO" thread="Render thread">
    <log4j:Message><![CDATA[Created: 512x512x4 minecraft:textures/atlas/banner_patterns.png-atlas]]></log4j:Message>
  </log4j:Event>
  <log4j:Event logger="net.minecraft.class_1059" timestamp="1791649663312" level="INFO" thread="Render thread">
    <log4j:Message><![CDATA[Created: 512x512x4 minecraft:textures/atlas/shield_patterns.png-atlas]]></log4j:Message>
  </log4j:Event>
  <log4j:Event logger="net.minecraft.class_1059" timestamp="1791649663313" level="INFO" thread="Render thread">
    <log4j:Message><![CDATA[Created: 1024x1024x4 minecraft:textures/atlas/armor_trims.png-atlas]]></log4j:Message>
  </log4j:Event>
  <log4j:Event logger="net.minecraft.class_1059" timestamp="1791649663322" level="INFO" thread="Render thread">
    <log4j:Message><![CDATA[Created: 256x256x4 minecraft:textures/atlas/chest.png-atlas]]></log4j:Message>
  </log4j:Event>
  <log4j:Event logger="net.minecraft.class_1059" timestamp="1791649663322" level="INFO" thread="Render thread">
    <log4j:Message><![CDATA[Created: 128x64x4 minecraft:textures/atlas/decorated_pot.png-atlas]]></log4j:Message>
  </log4j:Event>
  <log4j:Event logger="net.minecraft.class_1059" timestamp="1791649663323" level="INFO" thread="Render thread">
    <log4j:Message><![CDATA[Created: 512x256x4 minecraft:textures/atlas/beds.png-atlas]]></log4j:Message>
  </log4j:Event>
  <log4j:Event logger="net.minecraft.class_1059" timestamp="1791649663323" level="INFO" thread="Render thread">
    <log4j:Message><![CDATA[Created: 512x256x4 minecraft:textures/atlas/shulker_boxes.png-atlas]]></log4j:Message>
  </log4j:Event>
  <log4j:Event logger="net.minecraft.class_1059" timestamp="1791649663462" level="INFO" thread="Render thread">
    <log4j:Message><![CDATA[Created: 512x256x0 minecraft:textures/atlas/particles.png-atlas]]></log4j:Message>
  </log4j:Event>
  <log4j:Event logger="net.minecraft.class_1059" timestamp="1791649663463" level="INFO" thread="Render thread">
    <log4j:Message><![CDATA[Created: 512x256x0 minecraft:textures/atlas/paintings.png-atlas]]></log4j:Message>
  </log4j:Event>
  <log4j:Event logger="net.minecraft.class_1059" timestamp="1791649663464" level="INFO" thread="Render thread">
    <log4j:Message><![CDATA[Created: 256x128x0 minecraft:textures/atlas/mob_effects.png-atlas]]></log4j:Message>
  </log4j:Event>
  <log4j:Event logger="net.minecraft.class_1059" timestamp="1791649663464" level="INFO" thread="Render thread">
    <log4j:Message><![CDATA[Created: 64x64x0 minecraft:textures/atlas/map_decorations.png-atlas]]></log4j:Message>
  </log4j:Event>
  <log4j:Event logger="net.minecraft.class_1059" timestamp="1791649663465" level="INFO" thread="Render thread">
    <log4j:Message><![CDATA[Created: 1024x512x0 minecraft:textures/atlas/gui.png-atlas]]></log4j:Message>
  </log4j:Event>
  <log4j:Event logger="net.minecraft.class_5944" timestamp="1791649663500" level="WARN" thread="Render thread">
    <log4j:Message><![CDATA[Shader rendertype_entity_translucent_emissive could not find sampler named Sampler2 in the specified shader program.]]></log4j:Message>
  </log4j:Event>
  <log4j:Event logger="net.minecraft.server.MinecraftServer" timestamp="1791649663786" level="INFO" thread="Render thread">
    <log4j:Message><![CDATA[Found new data pack fabric, loading it automatically]]></log4j:Message>
  </log4j:Event>
  <log4j:Event logger="net.minecraft.server.MinecraftServer" timestamp="1791649663787" level="INFO" thread="Render thread">
    <log4j:Message><![CDATA[Found new data pack fabric-convention-tags-v2, loading it automatically]]></log4j:Message>
  </log4j:Event>
  <log4j:Event logger="net.minecraft.class_1863" timestamp="1791649664688" level="INFO" thread="Render thread">
    <log4j:Message><![CDATA[Loaded 1290 recipes]]></log4j:Message>
  </log4j:Event>
  <log4j:Event logger="net.minecraft.class_163" timestamp="1791649664810" level="INFO" thread="Render thread">
    <log4j:Message><![CDATA[Loaded 1399 advancements]]></log4j:Message>
  </log4j:Event>
  <log4j:Event logger="ModernFix" timestamp="1791649664830" level="WARN" thread="Render thread">
    <log4j:Message><![CDATA[Initial datapack load took 1.053 s]]></log4j:Message>
  </log4j:Event>
  <log4j:Event logger="net.fabricmc.fabric.impl.biome.modification.BiomeModificationImpl" timestamp="1791649664950" level="INFO" thread="Render thread">
    <log4j:Message><![CDATA[Applied 0 biome modifications to 0 of 64 new biomes in 1.116 ms]]></log4j:Message>
  </log4j:Event>
  <log4j:Event logger="net.minecraft.class_1132" timestamp="1791649664956" level="INFO" thread="Server thread">
    <log4j:Message><![CDATA[Starting integrated minecraft server version 1.21.1]]></log4j:Message>
  </log4j:Event>
  <log4j:Event logger="net.minecraft.server.MinecraftServer" timestamp="1791649664956" level="INFO" thread="Server thread">
    <log4j:Message><![CDATA[Generating keypair]]></log4j:Message>
  </log4j:Event>
  <log4j:Event logger="net.minecraft.server.MinecraftServer" timestamp="1791649671244" level="INFO" thread="Server thread">
    <log4j:Message><![CDATA[Preparing start region for dimension minecraft:overworld]]></log4j:Message>
  </log4j:Event>
  <log4j:Event logger="FabricLoader/Mixin" timestamp="1791649671245" level="WARN" thread="Server thread">
    <log4j:Message><![CDATA[Method overwrite conflict for removeIf in modernfix-common.mixins.json:bugfix.paper_chunk_patches.SortedArraySetMixin from mod modernfix, previously written by net.caffeinemc.mods.lithium.mixin.collections.chunk_tickets.SortedArraySetMixin. Skipping method.]]></log4j:Message>
  </log4j:Event>
  <log4j:Event logger="net.minecraft.class_2983" timestamp="1791649671278" level="INFO" thread="Server thread">
    <log4j:Message><![CDATA[[STDOUT]: [ScalableLux] Lighting scaling is disabled (due to low parallelism in the settings)]]></log4j:Message>
  </log4j:Event>
  <log4j:Event logger="net.minecraft.class_3951" timestamp="1791649671601" level="INFO" thread="Render thread">
    <log4j:Message><![CDATA[Preparing spawn area: 0%]]></log4j:Message>
  </log4j:Event>
  <log4j:Event logger="net.minecraft.class_3951" timestamp="1791649671777" level="INFO" thread="Render thread">
    <log4j:Message><![CDATA[Preparing spawn area: 28%]]></log4j:Message>
  </log4j:Event>
  <log4j:Event logger="net.minecraft.class_3951" timestamp="1791649671891" level="INFO" thread="Render thread">
    <log4j:Message><![CDATA[Time elapsed: 646 ms]]></log4j:Message>
  </log4j:Event>
  <log4j:Event logger="net.minecraft.class_1132" timestamp="1791649671916" level="INFO" thread="Server thread">
    <log4j:Message><![CDATA[Changing view distance to 4, from 10]]></log4j:Message>
  </log4j:Event>
  <log4j:Event logger="net.minecraft.class_1132" timestamp="1791649671916" level="INFO" thread="Server thread">
    <log4j:Message><![CDATA[Changing simulation distance to 5, from 0]]></log4j:Message>
  </log4j:Event>
  <log4j:Event logger="net.minecraft.class_2983" timestamp="1791649672001" level="INFO" thread="Server thread">
    <log4j:Message><![CDATA[[STDOUT]: Lithium Cached BlockState Flags are disabled!]]></log4j:Message>
  </log4j:Event>
  <log4j:Event logger="ModernFix" timestamp="1791649672222" level="WARN" thread="Render thread">
    <log4j:Message><![CDATA[Game took 18.564 seconds to start]]></log4j:Message>
  </log4j:Event>
  <log4j:Event logger="net.minecraft.class_3324" timestamp="1791649672670" level="INFO" thread="Server thread">
    <log4j:Message><![CDATA[Tester[local:E:c5795dc7] logged in with entity id 16 at (5.5, 70.0, 1.5)]]></log4j:Message>
  </log4j:Event>
  <log4j:Event logger="net.minecraft.server.MinecraftServer" timestamp="1791649672702" level="INFO" thread="Server thread">
    <log4j:Message><![CDATA[Tester joined the game]]></log4j:Message>
  </log4j:Event>
  <log4j:Event logger="ChunkBuilder" timestamp="1791649672945" level="INFO" thread="Render thread">
    <log4j:Message><![CDATA[Started 1 worker threads]]></log4j:Message>
  </log4j:Event>
  <log4j:Event logger="net.minecraft.class_163" timestamp="1791649673066" level="INFO" thread="Render thread">
    <log4j:Message><![CDATA[Loaded 2 advancements]]></log4j:Message>
  </log4j:Event>
  <log4j:Event logger="ChunkBuilder" timestamp="1791649673132" level="INFO" thread="Render thread">
    <log4j:Message><![CDATA[Stopping worker threads]]></log4j:Message>
  </log4j:Event>
  <log4j:Event logger="ChunkBuilder" timestamp="1791649673138" level="INFO" thread="Render thread">
    <log4j:Message><![CDATA[Started 1 worker threads]]></log4j:Message>
  </log4j:Event>
  <log4j:Event logger="ModernFix" timestamp="1791649673648" level="WARN" thread="Render thread">
    <log4j:Message><![CDATA[Time from main menu to in-game was 8.8034525 seconds]]></log4j:Message>
  </log4j:Event>
  <log4j:Event logger="ModernFix" timestamp="1791649673648" level="WARN" thread="Render thread">
    <log4j:Message><![CDATA[Total time to load game and open world was 27.36745 seconds]]></log4j:Message>
  </log4j:Event>
  <log4j:Event logger="net.minecraft.class_2983" timestamp="1791649674011" level="INFO" thread="Render thread">
    <log4j:Message><![CDATA[[STDOUT]: [Peregrine self-test] PASS joins the world]]></log4j:Message>
  </log4j:Event>
  <log4j:Event logger="net.minecraft.class_1132" timestamp="1791649674040" level="INFO" thread="Server thread">
    <log4j:Message><![CDATA[Changing view distance to 8, from 4]]></log4j:Message>
  </log4j:Event>
  <log4j:Event logger="ChunkBuilder" timestamp="1791649674112" level="INFO" thread="Render thread">
    <log4j:Message><![CDATA[Stopping worker threads]]></log4j:Message>
  </log4j:Event>
  <log4j:Event logger="ChunkBuilder" timestamp="1791649674118" level="INFO" thread="Render thread">
    <log4j:Message><![CDATA[Started 1 worker threads]]></log4j:Message>
  </log4j:Event>
  <log4j:Event logger="net.minecraft.class_2983" timestamp="1791649713813" level="INFO" thread="Render thread">
    <log4j:Message><![CDATA[[STDOUT]: [Peregrine self-test] INFO benchmark: 26 fps average, 14 lowest, render distance 8, over 20 s]]></log4j:Message>
  </log4j:Event>
  <log4j:Event logger="net.minecraft.class_2983" timestamp="1791649713897" level="INFO" thread="Render thread">
    <log4j:Message><![CDATA[[STDOUT]: [Peregrine self-test] PASS HUD draws in game]]></log4j:Message>
  </log4j:Event>
  <log4j:Event logger="net.minecraft.class_2983" timestamp="1791649718861" level="INFO" thread="Render thread">
    <log4j:Message><![CDATA[[STDOUT]: [Peregrine self-test] PASS Stable FPS eases off settings when FPS is low]]></log4j:Message>
  </log4j:Event>
  <log4j:Event logger="net.minecraft.class_2983" timestamp="1791649722611" level="INFO" thread="Render thread">
    <log4j:Message><![CDATA[[STDOUT]: [Peregrine self-test] PASS mouse clicks are counted (CPS)]]></log4j:Message>
  </log4j:Event>
  <log4j:Event logger="net.minecraft.class_2983" timestamp="1791649723762" level="INFO" thread="Render thread">
    <log4j:Message><![CDATA[[STDOUT]: [Peregrine self-test] PASS holding C zooms in]]></log4j:Message>
  </log4j:Event>
  <log4j:Event logger="net.minecraft.class_2983" timestamp="1791649726257" level="INFO" thread="Render thread">
    <log4j:Message><![CDATA[[STDOUT]: [Peregrine self-test] PASS Right Shift opens the menu]]></log4j:Message>
  </log4j:Event>
  <log4j:Event logger="net.minecraft.class_2983" timestamp="1791649729517" level="INFO" thread="Render thread">
    <log4j:Message><![CDATA[[STDOUT]: [Peregrine self-test] PASS typing and Backspace work in the search box]]></log4j:Message>
  </log4j:Event>
  <log4j:Event logger="net.minecraft.class_2983" timestamp="1791649732020" level="INFO" thread="Render thread">
    <log4j:Message><![CDATA[[STDOUT]: [Peregrine self-test] PASS clicking a card switches it]]></log4j:Message>
  </log4j:Event>
  <log4j:Event logger="net.minecraft.class_2983" timestamp="1791649733374" level="INFO" thread="Render thread">
    <log4j:Message><![CDATA[[STDOUT]: [Peregrine self-test] PASS Edit HUD opens the editor]]></log4j:Message>
  </log4j:Event>
  <log4j:Event logger="net.minecraft.class_2983" timestamp="1791649736951" level="INFO" thread="Render thread">
    <log4j:Message><![CDATA[[STDOUT]: [Peregrine self-test] PASS dragging moves a HUD item]]></log4j:Message>
  </log4j:Event>
  <log4j:Event logger="net.minecraft.class_2983" timestamp="1791649739056" level="INFO" thread="Render thread">
    <log4j:Message><![CDATA[[STDOUT]: [Peregrine self-test] PASS right-click opens the style panel]]></log4j:Message>
  </log4j:Event>
  <log4j:Event logger="net.minecraft.class_2983" timestamp="1791649741542" level="INFO" thread="Render thread">
    <log4j:Message><![CDATA[[STDOUT]: [Peregrine self-test] PASS picking a colour recolours the text]]></log4j:Message>
  </log4j:Event>
  <log4j:Event logger="net.minecraft.class_2983" timestamp="1791649743612" level="INFO" thread="Render thread">
    <log4j:Message><![CDATA[[STDOUT]: [Peregrine self-test] PASS dragging the corner makes it bigger]]></log4j:Message>
  </log4j:Event>
  <log4j:Event logger="net.minecraft.class_2983" timestamp="1791649745759" level="INFO" thread="Render thread">
    <log4j:Message><![CDATA[[STDOUT]: [Peregrine self-test] PASS Esc saves and closes the editor]]></log4j:Message>
  </log4j:Event>
  <log4j:Event logger="net.minecraft.class_2983" timestamp="1791649746671" level="INFO" thread="Render thread">
    <log4j:Message><![CDATA[[STDOUT]: [Peregrine self-test] PASS the gear opens a settings page]]></log4j:Message>
  </log4j:Event>
  <log4j:Event logger="net.minecraft.class_2983" timestamp="1791649749621" level="INFO" thread="Render thread">
    <log4j:Message><![CDATA[[STDOUT]: [Peregrine self-test] PASS clicking an option changes it]]></log4j:Message>
  </log4j:Event>
  <log4j:Event logger="net.minecraft.class_2983" timestamp="1791649750926" level="INFO" thread="Render thread">
    <log4j:Message><![CDATA[[STDOUT]: [Peregrine self-test] PASS the keybind button waits for a key]]></log4j:Message>
  </log4j:Event>
  <log4j:Event logger="net.minecraft.class_2983" timestamp="1791649753258" level="INFO" thread="Render thread">
    <log4j:Message><![CDATA[[STDOUT]: [Peregrine self-test] PASS pressing K binds it]]></log4j:Message>
  </log4j:Event>
  <log4j:Event logger="net.minecraft.class_2983" timestamp="1791649754152" level="INFO" thread="Render thread">
    <log4j:Message><![CDATA[[STDOUT]: [Peregrine self-test] PASS Customize opens the editor with the style panel]]></log4j:Message>
  </log4j:Event>
  <log4j:Event logger="net.minecraft.class_2983" timestamp="1791649756771" level="INFO" thread="Render thread">
    <log4j:Message><![CDATA[[STDOUT]: [Peregrine self-test] PASS Esc goes back to the settings page]]></log4j:Message>
  </log4j:Event>
  <log4j:Event logger="net.minecraft.class_2983" timestamp="1791649757305" level="INFO" thread="Render thread">
    <log4j:Message><![CDATA[[STDOUT]: [Peregrine self-test] PASS Esc goes back to the list]]></log4j:Message>
  </log4j:Event>
  <log4j:Event logger="net.minecraft.class_2983" timestamp="1791649758269" level="INFO" thread="Render thread">
    <log4j:Message><![CDATA[[STDOUT]: [Peregrine self-test] PASS the Settings tab opens]]></log4j:Message>
  </log4j:Event>
  <log4j:Event logger="net.minecraft.class_2983" timestamp="1791649761124" level="INFO" thread="Render thread">
    <log4j:Message><![CDATA[[STDOUT]: [Peregrine self-test] PASS the Keybinds tab opens]]></log4j:Message>
  </log4j:Event>
  <log4j:Event logger="net.minecraft.class_2983" timestamp="1791649764027" level="INFO" thread="Render thread">
    <log4j:Message><![CDATA[[STDOUT]: [Peregrine self-test] PASS back to the Mods tab]]></log4j:Message>
  </log4j:Event>
  <log4j:Event logger="net.minecraft.class_2983" timestamp="1791649766566" level="INFO" thread="Render thread">
    <log4j:Message><![CDATA[[STDOUT]: [Peregrine self-test] PASS Esc closes the menu]]></log4j:Message>
  </log4j:Event>
  <log4j:Event logger="net.minecraft.class_2983" timestamp="1791649767167" level="INFO" thread="Render thread">
    <log4j:Message><![CDATA[[STDOUT]: [Peregrine self-test] PASS pressing K in game switches the Clock]]></log4j:Message>
  </log4j:Event>
  <log4j:Event logger="ChunkBuilder" timestamp="1791649768509" level="INFO" thread="Render thread">
    <log4j:Message><![CDATA[Stopping worker threads]]></log4j:Message>
  </log4j:Event>
  <log4j:Event logger="ChunkBuilder" timestamp="1791649768512" level="INFO" thread="Render thread">
    <log4j:Message><![CDATA[Started 1 worker threads]]></log4j:Message>
  </log4j:Event>
  <log4j:Event logger="ChunkBuilder" timestamp="1791649768518" level="INFO" thread="Render thread">
    <log4j:Message><![CDATA[Stopping worker threads]]></log4j:Message>
  </log4j:Event>
  <log4j:Event logger="ChunkBuilder" timestamp="1791649768520" level="INFO" thread="Render thread">
    <log4j:Message><![CDATA[Started 1 worker threads]]></log4j:Message>
  </log4j:Event>
  <log4j:Event logger="net.minecraft.class_3304" timestamp="1791649768548" level="INFO" thread="Render thread">
    <log4j:Message><![CDATA[Reloading ResourceManager: vanilla, file/PeregrineTest, fabric, badoptimizations, cloth-config, conditional-mixin, dynamic_fps, entityculling, fabric-api, fabric-api-base, fabric-api-lookup-api-v1, fabric-biome-api-v1, fabric-block-api-v1, fabric-block-view-api-v2, fabric-blockrenderlayer-v1, fabric-client-tags-api-v1, fabric-command-api-v1, fabric-command-api-v2, fabric-commands-v0, fabric-content-registries-v0, fabric-convention-tags-v1, fabric-convention-tags-v2, fabric-crash-report-info-v1, fabric-data-attachment-api-v1, fabric-data-generation-api-v1, fabric-dimensions-v1, fabric-entity-events-v1, fabric-events-interaction-v0, fabric-game-rule-api-v1, fabric-item-api-v1, fabric-item-group-api-v1, fabric-key-binding-api-v1, fabric-keybindings-v0, fabric-lifecycle-events-v1, fabric-loot-api-v2, fabric-loot-api-v3, fabric-message-api-v1, fabric-model-loading-api-v1, fabric-networking-api-v1, fabric-object-builder-api-v1, fabric-particles-v1, fabric-recipe-api-v1, fabric-registry-sync-v0, fabric-renderer-api-v1, fabric-renderer-indigo, fabric-renderer-registries-v1, fabric-rendering-data-attachment-v1, fabric-rendering-fluids-v1, fabric-rendering-v0, fabric-rendering-v1, fabric-resource-conditions-api-v1, fabric-resource-loader-v0, fabric-screen-api-v1, fabric-screen-handler-api-v1, fabric-sound-api-v1, fabric-tag-api-v1, fabric-transfer-api-v1, fabric-transitive-access-wideners-v1, fabricloader, immediatelyfast, lithium, modernfix, moreculling, peregrine-client, scalablelux, sodium, trender]]></log4j:Message>
  </log4j:Event>
  <log4j:Event logger="net.minecraft.class_391" timestamp="1791649768558" level="INFO" thread="Worker-ResourceReload-3">
    <log4j:Message><![CDATA[Found unifont_all_no_pua-15.1.05.hex, loading]]></log4j:Message>
  </log4j:Event>
  <log4j:Event logger="net.minecraft.class_2983" timestamp="1791649768594" level="INFO" thread="Render thread">
    <log4j:Message><![CDATA[[STDOUT]: [Peregrine self-test] PASS clear_weather hook runs]]></log4j:Message>
  </log4j:Event>
  <log4j:Event logger="net.minecraft.class_1132" timestamp="1791649768627" level="INFO" thread="Server thread">
    <log4j:Message><![CDATA[Saving and pausing game...]]></log4j:Message>
  </log4j:Event>
  <log4j:Event logger="net.minecraft.server.MinecraftServer" timestamp="1791649768677" level="INFO" thread="Server thread">
    <log4j:Message><![CDATA[Saving chunks for level 'ServerLevel[world]'/minecraft:overworld]]></log4j:Message>
  </log4j:Event>
  <log4j:Event logger="net.minecraft.server.MinecraftServer" timestamp="1791649768702" level="INFO" thread="Server thread">
    <log4j:Message><![CDATA[Saving chunks for level 'ServerLevel[world]'/minecraft:the_end]]></log4j:Message>
  </log4j:Event>
  <log4j:Event logger="net.minecraft.server.MinecraftServer" timestamp="1791649768704" level="INFO" thread="Server thread">
    <log4j:Message><![CDATA[Saving chunks for level 'ServerLevel[world]'/minecraft:the_nether]]></log4j:Message>
  </log4j:Event>
  <log4j:Event logger="net.minecraft.class_2983" timestamp="1791649768710" level="INFO" thread="Render thread">
    <log4j:Message><![CDATA[[STDOUT]: [Peregrine self-test] PASS clean_edges hook runs]]></log4j:Message>
  </log4j:Event>
  <log4j:Event logger="net.minecraft.class_391" timestamp="1791649768899" level="INFO" thread="Worker-ResourceReload-3">
    <log4j:Message><![CDATA[Found unifont_jp_patch-15.1.05.hex, loading]]></log4j:Message>
  </log4j:Event>
  <log4j:Event logger="net.minecraft.class_1140" timestamp="1791649769892" level="WARN" thread="Render thread">
    <log4j:Message><![CDATA[Missing sound for event: minecraft:item.goat_horn.play]]></log4j:Message>
  </log4j:Event>
  <log4j:Event logger="net.minecraft.class_1140" timestamp="1791649769893" level="WARN" thread="Render thread">
    <log4j:Message><![CDATA[Missing sound for event: minecraft:entity.goat.screaming.horn_break]]></log4j:Message>
  </log4j:Event>
ALSA lib confmisc.c:855:(parse_card) cannot find card '0'
ALSA lib conf.c:5208:(_snd_config_evaluate) function snd_func_card_inum returned error: No such file or directory
ALSA lib confmisc.c:422:(snd_func_concat) error evaluating strings
ALSA lib conf.c:5208:(_snd_config_evaluate) function snd_func_concat returned error: No such file or directory
ALSA lib confmisc.c:1342:(snd_func_refer) error evaluating name
ALSA lib conf.c:5208:(_snd_config_evaluate) function snd_func_refer returned error: No such file or directory
ALSA lib conf.c:5731:(snd_config_expand) Evaluate error: No such file or directory
ALSA lib pcm.c:2721:(snd_pcm_open_noupdate) Unknown PCM default
ALSA lib confmisc.c:855:(parse_card) cannot find card '0'
ALSA lib conf.c:5208:(_snd_config_evaluate) function snd_func_card_inum returned error: No such file or directory
ALSA lib confmisc.c:422:(snd_func_concat) error evaluating strings
ALSA lib conf.c:5208:(_snd_config_evaluate) function snd_func_concat returned error: No such file or directory
ALSA lib confmisc.c:1342:(snd_func_refer) error evaluating name
ALSA lib conf.c:5208:(_snd_config_evaluate) function snd_func_refer returned error: No such file or directory
ALSA lib conf.c:5731:(snd_config_expand) Evaluate error: No such file or directory
ALSA lib pcm.c:2721:(snd_pcm_open_noupdate) Unknown PCM default
  <log4j:Event logger="net.minecraft.class_1140" timestamp="1791649769894" level="ERROR" thread="Render thread">
    <log4j:Message><![CDATA[Error starting SoundSystem. Turning off sounds & music]]></log4j:Message>
    <log4j:Throwable><![CDATA[java.lang.IllegalStateException: Failed to open OpenAL device
	at knot//net.minecraft.class_4225.method_38501(class_4225.java:302)
	at knot//net.minecraft.class_4225.method_19661(class_4225.java:154)
	at knot//net.minecraft.class_1140.method_4846(class_1140.java:116)
	at knot//net.minecraft.class_1140.method_4837(class_1140.java:106)
	at knot//net.minecraft.class_1144.method_18182(class_1144.java:128)
	at knot//net.minecraft.class_1144.method_18788(class_1144.java:42)
	at knot//net.minecraft.class_4080.method_18790(class_4080.java:13)
	at java.base/java.util.concurrent.CompletableFuture$UniAccept.tryFire(Unknown Source)
	at java.base/java.util.concurrent.CompletableFuture$Completion.run(Unknown Source)
	at knot//net.minecraft.class_4014.method_18365(class_4014.java:69)
	at knot//net.minecraft.class_1255.method_18859(class_1255.java:162)
	at knot//net.minecraft.class_4093.method_18859(class_4093.java:23)
	at knot//net.minecraft.class_1255.method_16075(class_1255.java:136)
	at knot//net.minecraft.class_1255.method_5383(class_1255.java:121)
	at knot//net.minecraft.class_310.method_1523(class_310.java:1240)
	at knot//net.minecraft.class_310.method_1514(class_310.java:882)
	at knot//net.minecraft.client.main.Main.main(Main.java:256)
	at net.fabricmc.loader.impl.game.minecraft.MinecraftGameProvider.launch(MinecraftGameProvider.java:517)
	at net.fabricmc.loader.impl.launch.knot.Knot.launch(Knot.java:72)
	at net.fabricmc.loader.impl.launch.knot.KnotClient.main(KnotClient.java:23)
]]></log4j:Throwable>
  </log4j:Event>
  <log4j:Event logger="net.minecraft.class_1059" timestamp="1791649769993" level="INFO" thread="Render thread">
    <log4j:Message><![CDATA[Created: 1024x512x4 minecraft:textures/atlas/blocks.png-atlas]]></log4j:Message>
  </log4j:Event>
  <log4j:Event logger="net.minecraft.class_1059" timestamp="1791649770012" level="INFO" thread="Render thread">
    <log4j:Message><![CDATA[Created: 256x256x4 minecraft:textures/atlas/signs.png-atlas]]></log4j:Message>
  </log4j:Event>
  <log4j:Event logger="net.minecraft.class_1059" timestamp="1791649770012" level="INFO" thread="Render thread">
    <log4j:Message><![CDATA[Created: 512x512x4 minecraft:textures/atlas/banner_patterns.png-atlas]]></log4j:Message>
  </log4j:Event>
  <log4j:Event logger="net.minecraft.class_1059" timestamp="1791649770013" level="INFO" thread="Render thread">
    <log4j:Message><![CDATA[Created: 512x512x4 minecraft:textures/atlas/shield_patterns.png-atlas]]></log4j:Message>
  </log4j:Event>
  <log4j:Event logger="net.minecraft.class_1059" timestamp="1791649770014" level="INFO" thread="Render thread">
    <log4j:Message><![CDATA[Created: 1024x1024x4 minecraft:textures/atlas/armor_trims.png-atlas]]></log4j:Message>
  </log4j:Event>
  <log4j:Event logger="net.minecraft.class_1059" timestamp="1791649770020" level="INFO" thread="Render thread">
    <log4j:Message><![CDATA[Created: 256x256x4 minecraft:textures/atlas/chest.png-atlas]]></log4j:Message>
  </log4j:Event>
  <log4j:Event logger="net.minecraft.class_1059" timestamp="1791649770021" level="INFO" thread="Render thread">
    <log4j:Message><![CDATA[Created: 128x64x4 minecraft:textures/atlas/decorated_pot.png-atlas]]></log4j:Message>
  </log4j:Event>
  <log4j:Event logger="net.minecraft.class_1059" timestamp="1791649770021" level="INFO" thread="Render thread">
    <log4j:Message><![CDATA[Created: 512x256x4 minecraft:textures/atlas/beds.png-atlas]]></log4j:Message>
  </log4j:Event>
  <log4j:Event logger="net.minecraft.class_1059" timestamp="1791649770021" level="INFO" thread="Render thread">
    <log4j:Message><![CDATA[Created: 512x256x4 minecraft:textures/atlas/shulker_boxes.png-atlas]]></log4j:Message>
  </log4j:Event>
  <log4j:Event logger="net.minecraft.class_1059" timestamp="1791649770034" level="INFO" thread="Render thread">
    <log4j:Message><![CDATA[Created: 512x256x0 minecraft:textures/atlas/particles.png-atlas]]></log4j:Message>
  </log4j:Event>
  <log4j:Event logger="net.minecraft.class_1059" timestamp="1791649770035" level="INFO" thread="Render thread">
    <log4j:Message><![CDATA[Created: 512x256x0 minecraft:textures/atlas/paintings.png-atlas]]></log4j:Message>
  </log4j:Event>
  <log4j:Event logger="net.minecraft.class_1059" timestamp="1791649770035" level="INFO" thread="Render thread">
    <log4j:Message><![CDATA[Created: 256x128x0 minecraft:textures/atlas/mob_effects.png-atlas]]></log4j:Message>
  </log4j:Event>
  <log4j:Event logger="net.minecraft.class_1059" timestamp="1791649770035" level="INFO" thread="Render thread">
    <log4j:Message><![CDATA[Created: 64x64x0 minecraft:textures/atlas/map_decorations.png-atlas]]></log4j:Message>
  </log4j:Event>
  <log4j:Event logger="net.minecraft.class_1059" timestamp="1791649770036" level="INFO" thread="Render thread">
    <log4j:Message><![CDATA[Created: 1024x512x0 minecraft:textures/atlas/gui.png-atlas]]></log4j:Message>
  </log4j:Event>
  <log4j:Event logger="net.minecraft.class_5944" timestamp="1791649770055" level="WARN" thread="Render thread">
    <log4j:Message><![CDATA[Shader rendertype_entity_translucent_emissive could not find sampler named Sampler2 in the specified shader program.]]></log4j:Message>
  </log4j:Event>
  <log4j:Event logger="ChunkBuilder" timestamp="1791649770186" level="INFO" thread="Render thread">
    <log4j:Message><![CDATA[Stopping worker threads]]></log4j:Message>
  </log4j:Event>
  <log4j:Event logger="ChunkBuilder" timestamp="1791649770193" level="INFO" thread="Render thread">
    <log4j:Message><![CDATA[Started 1 worker threads]]></log4j:Message>
  </log4j:Event>
  <log4j:Event logger="net.minecraft.class_2983" timestamp="1791649770449" level="INFO" thread="Render thread">
    <log4j:Message><![CDATA[[STDOUT]: [Peregrine self-test] PASS anti base leak: every block uses one rotation]]></log4j:Message>
  </log4j:Event>
  <log4j:Event logger="net.minecraft.class_2983" timestamp="1791649770501" level="INFO" thread="Render thread">
    <log4j:Message><![CDATA[[STDOUT]: [Peregrine self-test] PASS anti base leak: block model hook runs (diamond bedrock)]]></log4j:Message>
  </log4j:Event>
  <log4j:Event logger="net.minecraft.class_2983" timestamp="1791649770618" level="INFO" thread="Render thread">
    <log4j:Message><![CDATA[[STDOUT]: [Peregrine self-test] PASS bedrock is drawn as diamond blocks]]></log4j:Message>
  </log4j:Event>
  <log4j:Event logger="net.minecraft.class_2983" timestamp="1791649770687" level="INFO" thread="Render thread">
    <log4j:Message><![CDATA[[STDOUT]: [Peregrine self-test] PASS item physics lays the dropped item down]]></log4j:Message>
  </log4j:Event>
  <log4j:Event logger="net.minecraft.class_3304" timestamp="1791649772242" level="INFO" thread="Render thread">
    <log4j:Message><![CDATA[Reloading ResourceManager: vanilla, file/PeregrineTest, fabric, badoptimizations, cloth-config, conditional-mixin, dynamic_fps, entityculling, fabric-api, fabric-api-base, fabric-api-lookup-api-v1, fabric-biome-api-v1, fabric-block-api-v1, fabric-block-view-api-v2, fabric-blockrenderlayer-v1, fabric-client-tags-api-v1, fabric-command-api-v1, fabric-command-api-v2, fabric-commands-v0, fabric-content-registries-v0, fabric-convention-tags-v1, fabric-convention-tags-v2, fabric-crash-report-info-v1, fabric-data-attachment-api-v1, fabric-data-generation-api-v1, fabric-dimensions-v1, fabric-entity-events-v1, fabric-events-interaction-v0, fabric-game-rule-api-v1, fabric-item-api-v1, fabric-item-group-api-v1, fabric-key-binding-api-v1, fabric-keybindings-v0, fabric-lifecycle-events-v1, fabric-loot-api-v2, fabric-loot-api-v3, fabric-message-api-v1, fabric-model-loading-api-v1, fabric-networking-api-v1, fabric-object-builder-api-v1, fabric-particles-v1, fabric-recipe-api-v1, fabric-registry-sync-v0, fabric-renderer-api-v1, fabric-renderer-indigo, fabric-renderer-registries-v1, fabric-rendering-data-attachment-v1, fabric-rendering-fluids-v1, fabric-rendering-v0, fabric-rendering-v1, fabric-resource-conditions-api-v1, fabric-resource-loader-v0, fabric-screen-api-v1, fabric-screen-handler-api-v1, fabric-sound-api-v1, fabric-tag-api-v1, fabric-transfer-api-v1, fabric-transitive-access-wideners-v1, fabricloader, immediatelyfast, lithium, modernfix, moreculling, peregrine-client, scalablelux, sodium, trender]]></log4j:Message>
  </log4j:Event>
  <log4j:Event logger="net.minecraft.class_391" timestamp="1791649772249" level="INFO" thread="Worker-ResourceReload-2">
    <log4j:Message><![CDATA[Found unifont_all_no_pua-15.1.05.hex, loading]]></log4j:Message>
  </log4j:Event>
  <log4j:Event logger="net.minecraft.class_1132" timestamp="1791649772358" level="INFO" thread="Server thread">
    <log4j:Message><![CDATA[Saving and pausing game...]]></log4j:Message>
  </log4j:Event>
  <log4j:Event logger="net.minecraft.server.MinecraftServer" timestamp="1791649772368" level="INFO" thread="Server thread">
    <log4j:Message><![CDATA[Saving chunks for level 'ServerLevel[world]'/minecraft:overworld]]></log4j:Message>
  </log4j:Event>
  <log4j:Event logger="net.minecraft.server.MinecraftServer" timestamp="1791649772378" level="INFO" thread="Server thread">
    <log4j:Message><![CDATA[Saving chunks for level 'ServerLevel[world]'/minecraft:the_end]]></log4j:Message>
  </log4j:Event>
  <log4j:Event logger="net.minecraft.server.MinecraftServer" timestamp="1791649772378" level="INFO" thread="Server thread">
    <log4j:Message><![CDATA[Saving chunks for level 'ServerLevel[world]'/minecraft:the_nether]]></log4j:Message>
  </log4j:Event>
  <log4j:Event logger="net.minecraft.class_391" timestamp="1791649772511" level="INFO" thread="Worker-ResourceReload-2">
    <log4j:Message><![CDATA[Found unifont_jp_patch-15.1.05.hex, loading]]></log4j:Message>
  </log4j:Event>
  <log4j:Event logger="net.minecraft.class_1140" timestamp="1791649773079" level="WARN" thread="Render thread">
    <log4j:Message><![CDATA[Missing sound for event: minecraft:item.goat_horn.play]]></log4j:Message>
  </log4j:Event>
  <log4j:Event logger="net.minecraft.class_1140" timestamp="1791649773079" level="WARN" thread="Render thread">
    <log4j:Message><![CDATA[Missing sound for event: minecraft:entity.goat.screaming.horn_break]]></log4j:Message>
  </log4j:Event>
ALSA lib confmisc.c:855:(parse_card) cannot find card '0'
ALSA lib conf.c:5208:(_snd_config_evaluate) function snd_func_card_inum returned error: No such file or directory
ALSA lib confmisc.c:422:(snd_func_concat) error evaluating strings
ALSA lib conf.c:5208:(_snd_config_evaluate) function snd_func_concat returned error: No such file or directory
ALSA lib confmisc.c:1342:(snd_func_refer) error evaluating name
ALSA lib conf.c:5208:(_snd_config_evaluate) function snd_func_refer returned error: No such file or directory
ALSA lib conf.c:5731:(snd_config_expand) Evaluate error: No such file or directory
ALSA lib pcm.c:2721:(snd_pcm_open_noupdate) Unknown PCM default
ALSA lib confmisc.c:855:(parse_card) cannot find card '0'
ALSA lib conf.c:5208:(_snd_config_evaluate) function snd_func_card_inum returned error: No such file or directory
ALSA lib confmisc.c:422:(snd_func_concat) error evaluating strings
ALSA lib conf.c:5208:(_snd_config_evaluate) function snd_func_concat returned error: No such file or directory
ALSA lib confmisc.c:1342:(snd_func_refer) error evaluating name
ALSA lib conf.c:5208:(_snd_config_evaluate) function snd_func_refer returned error: No such file or directory
ALSA lib conf.c:5731:(snd_config_expand) Evaluate error: No such file or directory
ALSA lib pcm.c:2721:(snd_pcm_open_noupdate) Unknown PCM default
  <log4j:Event logger="net.minecraft.class_1140" timestamp="1791649773080" level="ERROR" thread="Render thread">
    <log4j:Message><![CDATA[Error starting SoundSystem. Turning off sounds & music]]></log4j:Message>
    <log4j:Throwable><![CDATA[java.lang.IllegalStateException: Failed to open OpenAL device
	at knot//net.minecraft.class_4225.method_38501(class_4225.java:302)
	at knot//net.minecraft.class_4225.method_19661(class_4225.java:154)
	at knot//net.minecraft.class_1140.method_4846(class_1140.java:116)
	at knot//net.minecraft.class_1140.method_4837(class_1140.java:106)
	at knot//net.minecraft.class_1144.method_18182(class_1144.java:128)
	at knot//net.minecraft.class_1144.method_18788(class_1144.java:42)
	at knot//net.minecraft.class_4080.method_18790(class_4080.java:13)
	at java.base/java.util.concurrent.CompletableFuture$UniAccept.tryFire(Unknown Source)
	at java.base/java.util.concurrent.CompletableFuture$Completion.run(Unknown Source)
	at knot//net.minecraft.class_4014.method_18365(class_4014.java:69)
	at knot//net.minecraft.class_1255.method_18859(class_1255.java:162)
	at knot//net.minecraft.class_4093.method_18859(class_4093.java:23)
	at knot//net.minecraft.class_1255.method_16075(class_1255.java:136)
	at knot//net.minecraft.class_1255.method_5383(class_1255.java:121)
	at knot//net.minecraft.class_310.method_1523(class_310.java:1240)
	at knot//net.minecraft.class_310.method_1514(class_310.java:882)
	at knot//net.minecraft.client.main.Main.main(Main.java:256)
	at net.fabricmc.loader.impl.game.minecraft.MinecraftGameProvider.launch(MinecraftGameProvider.java:517)
	at net.fabricmc.loader.impl.launch.knot.Knot.launch(Knot.java:72)
	at net.fabricmc.loader.impl.launch.knot.KnotClient.main(KnotClient.java:23)
]]></log4j:Throwable>
  </log4j:Event>
  <log4j:Event logger="net.minecraft.class_1059" timestamp="1791649773171" level="INFO" thread="Render thread">
    <log4j:Message><![CDATA[Created: 1024x512x4 minecraft:textures/atlas/blocks.png-atlas]]></log4j:Message>
  </log4j:Event>
  <log4j:Event logger="net.minecraft.class_1059" timestamp="1791649773184" level="INFO" thread="Render thread">
    <log4j:Message><![CDATA[Created: 256x256x4 minecraft:textures/atlas/signs.png-atlas]]></log4j:Message>
  </log4j:Event>
  <log4j:Event logger="net.minecraft.class_1059" timestamp="1791649773185" level="INFO" thread="Render thread">
    <log4j:Message><![CDATA[Created: 512x512x4 minecraft:textures/atlas/banner_patterns.png-atlas]]></log4j:Message>
  </log4j:Event>
  <log4j:Event logger="net.minecraft.class_1059" timestamp="1791649773186" level="INFO" thread="Render thread">
    <log4j:Message><![CDATA[Created: 512x512x4 minecraft:textures/atlas/shield_patterns.png-atlas]]></log4j:Message>
  </log4j:Event>
  <log4j:Event logger="net.minecraft.class_1059" timestamp="1791649773187" level="INFO" thread="Render thread">
    <log4j:Message><![CDATA[Created: 1024x1024x4 minecraft:textures/atlas/armor_trims.png-atlas]]></log4j:Message>
  </log4j:Event>
  <log4j:Event logger="net.minecraft.class_1059" timestamp="1791649773194" level="INFO" thread="Render thread">
    <log4j:Message><![CDATA[Created: 256x256x4 minecraft:textures/atlas/chest.png-atlas]]></log4j:Message>
  </log4j:Event>
  <log4j:Event logger="net.minecraft.class_1059" timestamp="1791649773194" level="INFO" thread="Render thread">
    <log4j:Message><![CDATA[Created: 128x64x4 minecraft:textures/atlas/decorated_pot.png-atlas]]></log4j:Message>
  </log4j:Event>
  <log4j:Event logger="net.minecraft.class_1059" timestamp="1791649773194" level="INFO" thread="Render thread">
    <log4j:Message><![CDATA[Created: 512x256x4 minecraft:textures/atlas/beds.png-atlas]]></log4j:Message>
  </log4j:Event>
  <log4j:Event logger="net.minecraft.class_1059" timestamp="1791649773195" level="INFO" thread="Render thread">
    <log4j:Message><![CDATA[Created: 512x256x4 minecraft:textures/atlas/shulker_boxes.png-atlas]]></log4j:Message>
  </log4j:Event>
  <log4j:Event logger="net.minecraft.class_1059" timestamp="1791649773207" level="INFO" thread="Render thread">
    <log4j:Message><![CDATA[Created: 512x256x0 minecraft:textures/atlas/particles.png-atlas]]></log4j:Message>
  </log4j:Event>
  <log4j:Event logger="net.minecraft.class_1059" timestamp="1791649773208" level="INFO" thread="Render thread">
    <log4j:Message><![CDATA[Created: 512x256x0 minecraft:textures/atlas/paintings.png-atlas]]></log4j:Message>
  </log4j:Event>
  <log4j:Event logger="net.minecraft.class_1059" timestamp="1791649773208" level="INFO" thread="Render thread">
    <log4j:Message><![CDATA[Created: 256x128x0 minecraft:textures/atlas/mob_effects.png-atlas]]></log4j:Message>
  </log4j:Event>
  <log4j:Event logger="net.minecraft.class_1059" timestamp="1791649773208" level="INFO" thread="Render thread">
    <log4j:Message><![CDATA[Created: 64x64x0 minecraft:textures/atlas/map_decorations.png-atlas]]></log4j:Message>
  </log4j:Event>
  <log4j:Event logger="net.minecraft.class_1059" timestamp="1791649773208" level="INFO" thread="Render thread">
    <log4j:Message><![CDATA[Created: 1024x512x0 minecraft:textures/atlas/gui.png-atlas]]></log4j:Message>
  </log4j:Event>
  <log4j:Event logger="net.minecraft.class_5944" timestamp="1791649773226" level="WARN" thread="Render thread">
    <log4j:Message><![CDATA[Shader rendertype_entity_translucent_emissive could not find sampler named Sampler2 in the specified shader program.]]></log4j:Message>
  </log4j:Event>
  <log4j:Event logger="ChunkBuilder" timestamp="1791649773351" level="INFO" thread="Render thread">
    <log4j:Message><![CDATA[Stopping worker threads]]></log4j:Message>
  </log4j:Event>
  <log4j:Event logger="ChunkBuilder" timestamp="1791649773353" level="INFO" thread="Render thread">
    <log4j:Message><![CDATA[Started 1 worker threads]]></log4j:Message>
  </log4j:Event>
  <log4j:Event logger="net.minecraft.class_2983" timestamp="1791649773736" level="INFO" thread="Render thread">
    <log4j:Message><![CDATA[[STDOUT]: [Peregrine self-test] PASS custom crosshair draws]]></log4j:Message>
  </log4j:Event>
  <log4j:Event logger="net.minecraft.class_2983" timestamp="1791649776053" level="INFO" thread="Render thread">
    <log4j:Message><![CDATA[[STDOUT]: [Peregrine self-test] PASS holding Alt starts freelook in third person]]></log4j:Message>
  </log4j:Event>
  <log4j:Event logger="net.minecraft.class_2983" timestamp="1791649778383" level="INFO" thread="Render thread">
    <log4j:Message><![CDATA[[STDOUT]: [Peregrine self-test] PASS letting go of Alt goes back to first person]]></log4j:Message>
  </log4j:Event>
  <log4j:Event logger="net.minecraft.class_2983" timestamp="1791649778484" level="INFO" thread="Render thread">
    <log4j:Message><![CDATA[[STDOUT]: [Peregrine self-test] PASS particles: lava sparks are thinned out]]></log4j:Message>
  </log4j:Event>
  <log4j:Event logger="net.minecraft.class_2983" timestamp="1791649778549" level="INFO" thread="Render thread">
    <log4j:Message><![CDATA[[STDOUT]: [Peregrine self-test] PASS fullbright lights up dark places]]></log4j:Message>
  </log4j:Event>
  <log4j:Event logger="net.minecraft.class_2983" timestamp="1791649778582" level="INFO" thread="Render thread">
    <log4j:Message><![CDATA[[STDOUT]: [Peregrine self-test] PASS 1.7 animations: held item moves]]></log4j:Message>
  </log4j:Event>
  <log4j:Event logger="net.minecraft.class_2983" timestamp="1791649778659" level="INFO" thread="Render thread">
    <log4j:Message><![CDATA[[STDOUT]: [Peregrine self-test] PASS hitboxes draw without F3+B]]></log4j:Message>
  </log4j:Event>
  <log4j:Event logger="net.minecraft.class_2983" timestamp="1791649778694" level="INFO" thread="Render thread">
    <log4j:Message><![CDATA[[STDOUT]: [Peregrine self-test] PASS resource packs leave the menus alone (test pack's button and splash skipped)]]></log4j:Message>
  </log4j:Event>
  <log4j:Event logger="net.minecraft.class_2983" timestamp="1791649778761" level="INFO" thread="Render thread">
    <log4j:Message><![CDATA[[STDOUT]: [Peregrine self-test] PASS small totem: the totem in your hand is drawn smaller]]></log4j:Message>
  </log4j:Event>
  <log4j:Event logger="net.minecraft.class_2983" timestamp="1791649780585" level="INFO" thread="Render thread">
    <log4j:Message><![CDATA[[STDOUT]: [Peregrine self-test] PASS your own name tag shows in third person]]></log4j:Message>
  </log4j:Event>
  <log4j:Event logger="net.minecraft.class_2983" timestamp="1791649782443" level="INFO" thread="Render thread">
    <log4j:Message><![CDATA[[STDOUT]: [Peregrine self-test] PASS fog is pushed away]]></log4j:Message>
  </log4j:Event>
  <log4j:Event logger="net.minecraft.class_2983" timestamp="1791649782486" level="INFO" thread="Render thread">
    <log4j:Message><![CDATA[[STDOUT]: [Peregrine self-test] PASS block outline in the chosen color]]></log4j:Message>
  </log4j:Event>
  <log4j:Event logger="net.minecraft.class_2983" timestamp="1791649782577" level="INFO" thread="Render thread">
    <log4j:Message><![CDATA[[STDOUT]: [Peregrine self-test] PASS ores you can see get an outline]]></log4j:Message>
  </log4j:Event>
  <log4j:Event logger="net.minecraft.class_2983" timestamp="1791649782622" level="INFO" thread="Render thread">
    <log4j:Message><![CDATA[[STDOUT]: [Peregrine self-test] PASS the sky stops moving]]></log4j:Message>
  </log4j:Event>
  <log4j:Event logger="net.minecraft.class_2983" timestamp="1791649782670" level="INFO" thread="Render thread">
    <log4j:Message><![CDATA[[STDOUT]: [Peregrine self-test] PASS swing speed changes the swing]]></log4j:Message>
  </log4j:Event>
  <log4j:Event logger="net.minecraft.class_2983" timestamp="1791649784293" level="INFO" thread="Render thread">
    <log4j:Message><![CDATA[[STDOUT]: [Peregrine self-test] INFO hooks: seed=1000 offset=1000 model=1000 bedrock=1000 items=439 crosshair=2777 camera=64 particles=1000 nightvision=1000 animation=260 hitbox=1000 nametag=133 scoreboard=0 fire=0 inventory=0 totem=130 packs=110 fog=1000 outline=361 ores=1000 sky=1000 swing=22 sound=0]]></log4j:Message>
  </log4j:Event>
  <log4j:Event logger="net.minecraft.class_2983" timestamp="1791649784338" level="INFO" thread="Render thread">
    <log4j:Message><![CDATA[[STDOUT]: [Peregrine self-test] INFO counts {on:clear_weather=516858, keybind:clock=1, click@95,205/0=1, editor=463, click@159,102/0=1, zoom-hook=5663, click@178,100/0=1, click@183,106/0=1, zoom-active=159, click@229,51/0=1, menu=714, click@331,89/0=1, mouse=1, click@245,134/0=1, click@148,90/1=1, hud=2911, on:clean_edges=2911, click@88,51/0=1, click@95,51/0=1, click@159,85/0=1, click@162,51/0=1, click@217,121/0=1}]]></log4j:Message>
  </log4j:Event>
  <log4j:Event logger="net.minecraft.class_2983" timestamp="1791649784338" level="INFO" thread="Render thread">
    <log4j:Message><![CDATA[[STDOUT]: [Peregrine self-test] PASS finished with 0 failure(s)]]></log4j:Message>
  </log4j:Event>
  <log4j:Event logger="net.minecraft.class_2983" timestamp="1791649785448" level="INFO" thread="CullThread">
    <log4j:Message><![CDATA[[STDOUT]: Shutting down culling task!]]></log4j:Message>
  </log4j:Event>
  <log4j:Event logger="net.minecraft.class_310" timestamp="1791649785473" level="INFO" thread="Render thread">
    <log4j:Message><![CDATA[Stopping!]]></log4j:Message>
  </log4j:Event>
  <log4j:Event logger="net.minecraft.class_3244" timestamp="1791649785482" level="INFO" thread="Server thread">
    <log4j:Message><![CDATA[Tester lost connection: Disconnected]]></log4j:Message>
  </log4j:Event>
  <log4j:Event logger="net.minecraft.server.MinecraftServer" timestamp="1791649785483" level="INFO" thread="Server thread">
    <log4j:Message><![CDATA[Tester left the game]]></log4j:Message>
  </log4j:Event>
  <log4j:Event logger="net.minecraft.class_8609" timestamp="1791649785490" level="INFO" thread="Server thread">
    <log4j:Message><![CDATA[Stopping singleplayer server as player logged out]]></log4j:Message>
  </log4j:Event>
  <log4j:Event logger="net.minecraft.server.MinecraftServer" timestamp="1791649785541" level="INFO" thread="Server thread">
    <log4j:Message><![CDATA[Stopping server]]></log4j:Message>
  </log4j:Event>
  <log4j:Event logger="net.minecraft.server.MinecraftServer" timestamp="1791649785543" level="INFO" thread="Server thread">
    <log4j:Message><![CDATA[Saving players]]></log4j:Message>
  </log4j:Event>
  <log4j:Event logger="net.minecraft.server.MinecraftServer" timestamp="1791649785543" level="INFO" thread="Server thread">
    <log4j:Message><![CDATA[Saving worlds]]></log4j:Message>
  </log4j:Event>
  <log4j:Event logger="net.minecraft.server.MinecraftServer" timestamp="1791649786024" level="INFO" thread="Server thread">
    <log4j:Message><![CDATA[Saving chunks for level 'ServerLevel[world]'/minecraft:overworld]]></log4j:Message>
  </log4j:Event>
  <log4j:Event logger="net.minecraft.server.MinecraftServer" timestamp="1791649786210" level="INFO" thread="Server thread">
    <log4j:Message><![CDATA[Saving chunks for level 'ServerLevel[world]'/minecraft:the_end]]></log4j:Message>
  </log4j:Event>
  <log4j:Event logger="net.minecraft.server.MinecraftServer" timestamp="1791649786214" level="INFO" thread="Server thread">
    <log4j:Message><![CDATA[Saving chunks for level 'ServerLevel[world]'/minecraft:the_nether]]></log4j:Message>
  </log4j:Event>
  <log4j:Event logger="net.minecraft.server.MinecraftServer" timestamp="1791649786221" level="INFO" thread="Server thread">
    <log4j:Message><![CDATA[ThreadedAnvilChunkStorage (world): All chunks are saved]]></log4j:Message>
  </log4j:Event>
  <log4j:Event logger="net.minecraft.server.MinecraftServer" timestamp="1791649786222" level="INFO" thread="Server thread">
    <log4j:Message><![CDATA[ThreadedAnvilChunkStorage (DIM1): All chunks are saved]]></log4j:Message>
  </log4j:Event>
  <log4j:Event logger="net.minecraft.server.MinecraftServer" timestamp="1791649786222" level="INFO" thread="Server thread">
    <log4j:Message><![CDATA[ThreadedAnvilChunkStorage (DIM-1): All chunks are saved]]></log4j:Message>
  </log4j:Event>
  <log4j:Event logger="net.minecraft.server.MinecraftServer" timestamp="1791649786222" level="INFO" thread="Server thread">
    <log4j:Message><![CDATA[ThreadedAnvilChunkStorage: All dimensions are saved]]></log4j:Message>
  </log4j:Event>
  <log4j:Event logger="ChunkBuilder" timestamp="1791649786241" level="INFO" thread="Render thread">
    <log4j:Message><![CDATA[Stopping worker threads]]></log4j:Message>
  </log4j:Event>
