[16:25:20] [main/INFO]: Loading Minecraft 1.21.1 with Fabric Loader 0.19.5
[16:25:20] [main/INFO]: Loading 55 mods:
	- fabric-api 0.116.17+1.21.1
	   |-- fabric-api-base 0.4.42+6573ed8c19
	   |-- fabric-api-lookup-api-v1 1.6.72+7b3d111d19
	   |-- fabric-biome-api-v1 13.0.31+d527f9fd19
	   |-- fabric-block-api-v1 1.1.0+0bc3503219
	   |-- fabric-block-view-api-v2 1.0.11+ebb2264e19
	   |-- fabric-blockrenderlayer-v1 1.1.52+0af3f5a719
	   |-- fabric-client-tags-api-v1 1.2.0+1eb36c0719
	   |-- fabric-command-api-v1 1.2.49+f71b366f19
	   |-- fabric-command-api-v2 2.2.28+6ced4dd919
	   |-- fabric-commands-v0 0.2.66+df3654b319
	   |-- fabric-content-registries-v0 8.0.19+b559734419
	   |-- fabric-convention-tags-v1 2.1.7+7f945d5b19
	   |-- fabric-convention-tags-v2 2.12.0+c3656daa19
	   |-- fabric-crash-report-info-v1 0.2.29+0af3f5a719
	   |-- fabric-data-attachment-api-v1 1.4.7+5b36e0f719
	   |-- fabric-data-generation-api-v1 20.3.0+1eb36c0719
	   |-- fabric-dimensions-v1 4.0.1+65213ef819
	   |-- fabric-entity-events-v1 1.8.0+2b27e0a419
	   |-- fabric-events-interaction-v0 0.7.14+ba9dae0619
	   |-- fabric-game-rule-api-v1 1.0.53+6ced4dd919
	   |-- fabric-item-api-v1 11.3.0+467044f319
	   |-- fabric-item-group-api-v1 4.1.7+def88e3a19
	   |-- fabric-key-binding-api-v1 1.0.47+0af3f5a719
	   |-- fabric-keybindings-v0 0.2.45+df3654b319
	   |-- fabric-lifecycle-events-v1 2.6.0+0865547519
	   |-- fabric-loot-api-v2 3.0.15+3f89f5a519
	   |-- fabric-loot-api-v3 1.0.3+3f89f5a519
	   |-- fabric-message-api-v1 6.0.14+8aaf3aca19
	   |-- fabric-model-loading-api-v1 2.1.0+b4d813fc19
	   |-- fabric-networking-api-v1 4.3.1+d30f6a7919
	   |-- fabric-object-builder-api-v1 15.2.1+40875a9319
	   |-- fabric-particles-v1 4.0.2+6573ed8c19
	   |-- fabric-recipe-api-v1 5.0.16+2475392c19
	   |-- fabric-registry-sync-v0 5.3.2+e3eddc2119
	   |-- fabric-renderer-api-v1 3.4.1+b4d813fc19
	   |-- fabric-renderer-indigo 1.7.1+c705a49c19
	   |-- fabric-renderer-registries-v1 3.2.71+df3654b319
	   |-- fabric-rendering-data-attachment-v1 0.3.49+73761d2e19
	   |-- fabric-rendering-fluids-v1 3.1.6+1daea21519
	   |-- fabric-rendering-v0 1.1.74+df3654b319
	   |-- fabric-rendering-v1 5.2.1+f44c2eea19
	   |-- fabric-resource-conditions-api-v1 4.3.0+8dc279b119
	   |-- fabric-resource-loader-v0 1.3.1+5b5275af19
	   |-- fabric-screen-api-v1 2.0.26+639b4c0719
	   |-- fabric-screen-handler-api-v1 1.3.91+b559734419
	   |-- fabric-sound-api-v1 1.0.23+6573ed8c19
	   |-- fabric-tag-api-v1 1.3.0+1eb36c0719
	   |-- fabric-transfer-api-v1 5.4.4+7b3d111d19
	   \-- fabric-transitive-access-wideners-v1 6.2.0+45b9699719
	- fabricloader 0.19.5
	   \-- mixinextras 0.5.5
	- java 21
	- minecraft 1.21.1
	- peregrine-client 1.0.1
[16:25:20] [main/INFO]: SpongePowered MIXIN Subsystem Version=0.8.7 Source=file:/home/runner/work/peregrine-launcher/peregrine-launcher/out/1.21.1/home/data/peregrine/libraries/net/fabricmc/sponge-mixin/0.17.4+mixin.0.8.7/sponge-mixin-0.17.4+mixin.0.8.7.jar Service=Knot/Fabric Env=CLIENT
[16:25:21] [main/INFO]: Initializing MixinExtras via com.llamalad7.mixinextras.service.MixinExtrasServiceImpl(version=0.5.5).
[16:25:22] [Datafixer Bootstrap/INFO]: 226 Datafixer optimizations took 303 milliseconds
[16:25:25] [Render thread/INFO]: Environment: Environment[sessionHost=https://sessionserver.mojang.com, servicesHost=https://api.minecraftservices.com, name=PROD]
[16:25:25] [Render thread/INFO]: Setting user: Tester
[16:25:26] [Render thread/INFO]: [Indigo] Registering Indigo renderer!
[16:25:26] [Render thread/INFO]: Backend library: LWJGL version 3.3.3-snapshot
[16:25:26] [Render thread/ERROR]: Error while loading the narrator
com.mojang.text2speech.Narrator$InitializeException: Failed to load library flite
	at knot/com.mojang.text2speech.NarratorLinux$FliteLibrary.loadNative(NarratorLinux.java:69) ~[text2speech-1.17.9.jar:?]
	at knot/com.mojang.text2speech.NarratorLinux.<init>(NarratorLinux.java:18) ~[text2speech-1.17.9.jar:?]
	at knot/com.mojang.text2speech.Narrator.getNarrator(Narrator.java:41) [text2speech-1.17.9.jar:?]
	at knot/net.minecraft.class_333.<init>(class_333.java:19) [client-intermediary.jar:?]
	at knot/net.minecraft.class_310.<init>(class_310.java:675) [client-intermediary.jar:?]
	at knot/net.minecraft.client.main.Main.main(Main.java:239) [client-intermediary.jar:?]
	at net.fabricmc.loader.impl.game.minecraft.MinecraftGameProvider.launch(MinecraftGameProvider.java:517) [fabric-loader-0.19.5.jar:?]
	at net.fabricmc.loader.impl.launch.knot.Knot.launch(Knot.java:72) [fabric-loader-0.19.5.jar:?]
	at net.fabricmc.loader.impl.launch.knot.KnotClient.main(KnotClient.java:23) [fabric-loader-0.19.5.jar:?]
Caused by: java.lang.UnsatisfiedLinkError: Unable to load library 'flite':
libflite.so: cannot open shared object file: No such file or directory
libflite.so: cannot open shared object file: No such file or directory
Native library (linux-x86-64/libflite.so) not found in resource path (/home/runner/work/peregrine-launcher/peregrine-launcher/out/1.21.1/home/data/peregrine/libraries/org/ow2/asm/asm/9.10.1/asm-9.10.1.jar:/home/runner/work/peregrine-launcher/peregrine-launcher/out/1.21.1/home/data/peregrine/libraries/org/ow2/asm/asm-analysis/9.10.1/asm-analysis-9.10.1.jar:/home/runner/work/peregrine-launcher/peregrine-launcher/out/1.21.1/home/data/peregrine/libraries/org/ow2/asm/asm-commons/9.10.1/asm-commons-9.10.1.jar:/home/runner/work/peregrine-launcher/peregrine-launcher/out/1.21.1/home/data/peregrine/libraries/org/ow2/asm/asm-tree/9.10.1/asm-tree-9.10.1.jar:/home/runner/work/peregrine-launcher/peregrine-launcher/out/1.21.1/home/data/peregrine/libraries/org/ow2/asm/asm-util/9.10.1/asm-util-9.10.1.jar:/home/runner/work/peregrine-launcher/peregrine-launcher/out/1.21.1/home/data/peregrine/libraries/net/fabricmc/sponge-mixin/0.17.4+mixin.0.8.7/sponge-mixin-0.17.4+mixin.0.8.7.jar:/home/runner/work/peregrine-launcher/peregrine-launcher/out/1.21.1/home/data/peregrine/libraries/net/fabricmc/intermediary/1.21.1/intermediary-1.21.1.jar:/home/runner/work/peregrine-launcher/peregrine-launcher/out/1.21.1/home/data/peregrine/libraries/net/fabricmc/fabric-loader/0.19.5/fabric-loader-0.19.5.jar:/home/runner/work/peregrine-launcher/peregrine-launcher/out/1.21.1/home/data/peregrine/libraries/com/github/oshi/oshi-core/6.4.10/oshi-core-6.4.10.jar:/home/runner/work/peregrine-launcher/peregrine-launcher/out/1.21.1/home/data/peregrine/libraries/com/google/code/gson/gson/2.10.1/gson-2.10.1.jar:/home/runner/work/peregrine-launcher/peregrine-launcher/out/1.21.1/home/data/peregrine/libraries/com/google/guava/failureaccess/1.0.1/failureaccess-1.0.1.jar:/home/runner/work/peregrine-launcher/peregrine-launcher/out/1.21.1/home/data/peregrine/libraries/com/google/guava/guava/32.1.2-jre/guava-32.1.2-jre.jar:/home/runner/work/peregrine-launcher/peregrine-launcher/out/1.21.1/home/data/peregrine/libraries/com/ibm/icu/icu4j/73.2/icu4j-73.2.jar:/home/runner/work/peregrine-launcher/peregrine-launcher/out/1.21.1/home/data/peregrine/libraries/com/mojang/authlib/6.0.54/authlib-6.0.54.jar:/home/runner/work/peregrine-launcher/peregrine-launcher/out/1.21.1/home/data/peregrine/libraries/com/mojang/blocklist/1.0.10/blocklist-1.0.10.jar:/home/runner/work/peregrine-launcher/peregrine-launcher/out/1.21.1/home/data/peregrine/libraries/com/mojang/brigadier/1.3.10/brigadier-1.3.10.jar:/home/runner/work/peregrine-launcher/peregrine-launcher/out/1.21.1/home/data/peregrine/libraries/com/mojang/datafixerupper/8.0.16/datafixerupper-8.0.16.jar:/home/runner/work/peregrine-launcher/peregrine-launcher/out/1.21.1/home/data/peregrine/libraries/com/mojang/logging/1.2.7/logging-1.2.7.jar:/home/runner/work/peregrine-launcher/peregrine-launcher/out/1.21.1/home/data/peregrine/libraries/com/mojang/patchy/2.2.10/patchy-2.2.10.jar:/home/runner/work/peregrine-launcher/peregrine-launcher/out/1.21.1/home/data/peregrine/libraries/com/mojang/text2speech/1.17.9/text2speech-1.17.9.jar:/home/runner/work/peregrine-launcher/peregrine-launcher/out/1.21.1/home/data/peregrine/libraries/commons-codec/commons-codec/1.16.0/commons-codec-1.16.0.jar:/home/runner/work/peregrine-launcher/peregrine-launcher/out/1.21.1/home/data/peregrine/libraries/commons-io/commons-io/2.15.1/commons-io-2.15.1.jar:/home/runner/work/peregrine-launcher/peregrine-launcher/out/1.21.1/home/data/peregrine/libraries/commons-logging/commons-logging/1.2/commons-logging-1.2.jar:/home/runner/work/peregrine-launcher/peregrine-launcher/out/1.21.1/home/data/peregrine/libraries/io/netty/netty-buffer/4.1.97.Final/netty-buffer-4.1.97.Final.jar:/home/runner/work/peregrine-launcher/peregrine-launcher/out/1.21.1/home/data/peregrine/libraries/io/netty/netty-codec/4.1.97.Final/netty-codec-4.1.97.Final.jar:/home/runner/work/peregrine-launcher/peregrine-launcher/out/1.21.1/home/data/peregrine/libraries/io/netty/netty-common/4.1.97.Final/netty-common-4.1.97.Final.jar:/home/runner/work/peregrine-launcher/peregrine-launcher/out/1.21.1/home/data/peregrine/libraries/io/netty/netty-handler/4.1.97.Final/netty-handler-4.1.97.Final.jar:/home/runner/work/peregrine-launcher/peregrine-launcher/out/1.21.1/home/data/peregrine/libraries/io/netty/netty-resolver/4.1.97.Final/netty-resolver-4.1.97.Final.jar:/home/runner/work/peregrine-launcher/peregrine-launcher/out/1.21.1/home/data/peregrine/libraries/io/netty/netty-transport-classes-epoll/4.1.97.Final/netty-transport-classes-epoll-4.1.97.Final.jar:/home/runner/work/peregrine-launcher/peregrine-launcher/out/1.21.1/home/data/peregrine/libraries/io/netty/netty-transport-native-epoll/4.1.97.Final/netty-transport-native-epoll-4.1.97.Final-linux-aarch_64.jar:/home/runner/work/peregrine-launcher/peregrine-launcher/out/1.21.1/home/data/peregrine/libraries/io/netty/netty-transport-native-epoll/4.1.97.Final/netty-transport-native-epoll-4.1.97.Final-linux-x86_64.jar:/home/runner/work/peregrine-launcher/peregrine-launcher/out/1.21.1/home/data/peregrine/libraries/io/netty/netty-transport-native-unix-common/4.1.97.Final/netty-transport-native-unix-common-4.1.97.Final.jar:/home/runner/work/peregrine-launcher/peregrine-launcher/out/1.21.1/home/data/peregrine/libraries/io/netty/netty-transport/4.1.97.Final/netty-transport-4.1.97.Final.jar:/home/runner/work/peregrine-launcher/peregrine-launcher/out/1.21.1/home/data/peregrine/libraries/it/unimi/dsi/fastutil/8.5.12/fastutil-8.5.12.jar:/home/runner/work/peregrine-launcher/peregrine-launcher/out/1.21.1/home/data/peregrine/libraries/net/java/dev/jna/jna-platform/5.14.0/jna-platform-5.14.0.jar:/home/runner/work/peregrine-launcher/peregrine-launcher/out/1.21.1/home/data/peregrine/libraries/net/java/dev/jna/jna/5.14.0/jna-5.14.0.jar:/home/runner/work/peregrine-launcher/peregrine-launcher/out/1.21.1/home/data/peregrine/libraries/net/sf/jopt-simple/jopt-simple/5.0.4/jopt-simple-5.0.4.jar:/home/runner/work/peregrine-launcher/peregrine-launcher/out/1.21.1/home/data/peregrine/libraries/org/apache/commons/commons-compress/1.26.0/commons-compress-1.26.0.jar:/home/runner/work/peregrine-launcher/peregrine-launcher/out/1.21.1/home/data/peregrine/libraries/org/apache/commons/commons-lang3/3.14.0/commons-lang3-3.14.0.jar:/home/runner/work/peregrine-launcher/peregrine-launcher/out/1.21.1/home/data/peregrine/libraries/org/apache/httpcomponents/httpclient/4.5.13/httpclient-4.5.13.jar:/home/runner/work/peregrine-launcher/peregrine-launcher/out/1.21.1/home/data/peregrine/libraries/org/apache/httpcomponents/httpcore/4.4.16/httpcore-4.4.16.jar:/home/runner/work/peregrine-launcher/peregrine-launcher/out/1.21.1/home/data/peregrine/libraries/org/apache/logging/log4j/log4j-api/2.22.1/log4j-api-2.22.1.jar:/home/runner/work/peregrine-launcher/peregrine-launcher/out/1.21.1/home/data/peregrine/libraries/org/apache/logging/log4j/log4j-core/2.22.1/log4j-core-2.22.1.jar:/home/runner/work/peregrine-launcher/peregrine-launcher/out/1.21.1/home/data/peregrine/libraries/org/apache/logging/log4j/log4j-slf4j2-impl/2.22.1/log4j-slf4j2-impl-2.22.1.jar:/home/runner/work/peregrine-launcher/peregrine-launcher/out/1.21.1/home/data/peregrine/libraries/org/jcraft/jorbis/0.0.17/jorbis-0.0.17.jar:/home/runner/work/peregrine-launcher/peregrine-launcher/out/1.21.1/home/data/peregrine/libraries/org/joml/joml/1.10.5/joml-1.10.5.jar:/home/runner/work/peregrine-launcher/peregrine-launcher/out/1.21.1/home/data/peregrine/libraries/org/lwjgl/lwjgl-freetype/3.3.3/lwjgl-freetype-3.3.3.jar:/home/runner/work/peregrine-launcher/peregrine-launcher/out/1.21.1/home/data/peregrine/libraries/org/lwjgl/lwjgl-freetype/3.3.3/lwjgl-freetype-3.3.3-natives-linux.jar:/home/runner/work/peregrine-launcher/peregrine-launcher/out/1.21.1/home/data/peregrine/libraries/org/lwjgl/lwjgl-glfw/3.3.3/lwjgl-glfw-3.3.3.jar:/home/runner/work/peregrine-launcher/peregrine-launcher/out/1.21.1/home/data/peregrine/libraries/org/lwjgl/lwjgl-glfw/3.3.3/lwjgl-glfw-3.3.3-natives-linux.jar:/home/runner/work/peregrine-launcher/peregrine-launcher/out/1.21.1/home/data/peregrine/libraries/org/lwjgl/lwjgl-jemalloc/3.3.3/lwjgl-jemalloc-3.3.3.jar:/home/runner/work/peregrine-launcher/peregrine-launcher/out/1.21.1/home/data/peregrine/libraries/org/lwjgl/lwjgl-jemalloc/3.3.3/lwjgl-jemalloc-3.3.3-natives-linux.jar:/home/runner/work/peregrine-launcher/peregrine-launcher/out/1.21.1/home/data/peregrine/libraries/org/lwjgl/lwjgl-openal/3.3.3/lwjgl-openal-3.3.3.jar:/home/runner/work/peregrine-launcher/peregrine-launcher/out/1.21.1/home/data/peregrine/libraries/org/lwjgl/lwjgl-openal/3.3.3/lwjgl-openal-3.3.3-natives-linux.jar:/home/runner/work/peregrine-launcher/peregrine-launcher/out/1.21.1/home/data/peregrine/libraries/org/lwjgl/lwjgl-opengl/3.3.3/lwjgl-opengl-3.3.3.jar:/home/runner/work/peregrine-launcher/peregrine-launcher/out/1.21.1/home/data/peregrine/libraries/org/lwjgl/lwjgl-opengl/3.3.3/lwjgl-opengl-3.3.3-natives-linux.jar:/home/runner/work/peregrine-launcher/peregrine-launcher/out/1.21.1/home/data/peregrine/libraries/org/lwjgl/lwjgl-stb/3.3.3/lwjgl-stb-3.3.3.jar:/home/runner/work/peregrine-launcher/peregrine-launcher/out/1.21.1/home/data/peregrine/libraries/org/lwjgl/lwjgl-stb/3.3.3/lwjgl-stb-3.3.3-natives-linux.jar:/home/runner/work/peregrine-launcher/peregrine-launcher/out/1.21.1/home/data/peregrine/libraries/org/lwjgl/lwjgl-tinyfd/3.3.3/lwjgl-tinyfd-3.3.3.jar:/home/runner/work/peregrine-launcher/peregrine-launcher/out/1.21.1/home/data/peregrine/libraries/org/lwjgl/lwjgl-tinyfd/3.3.3/lwjgl-tinyfd-3.3.3-natives-linux.jar:/home/runner/work/peregrine-launcher/peregrine-launcher/out/1.21.1/home/data/peregrine/libraries/org/lwjgl/lwjgl/3.3.3/lwjgl-3.3.3.jar:/home/runner/work/peregrine-launcher/peregrine-launcher/out/1.21.1/home/data/peregrine/libraries/org/lwjgl/lwjgl/3.3.3/lwjgl-3.3.3-natives-linux.jar:/home/runner/work/peregrine-launcher/peregrine-launcher/out/1.21.1/home/data/peregrine/libraries/org/lz4/lz4-java/1.8.0/lz4-java-1.8.0.jar:/home/runner/work/peregrine-launcher/peregrine-launcher/out/1.21.1/home/data/peregrine/libraries/org/slf4j/slf4j-api/2.0.9/slf4j-api-2.0.9.jar:/home/runner/work/peregrine-launcher/peregrine-launcher/out/1.21.1/home/data/peregrine/versions/1.21.1/1.21.1.jar)
	at knot/com.sun.jna.NativeLibrary.loadLibrary(NativeLibrary.java:325) ~[jna-5.14.0.jar:?]
	at knot/com.sun.jna.NativeLibrary.getInstance(NativeLibrary.java:481) ~[jna-5.14.0.jar:?]
	at knot/com.sun.jna.NativeLibrary.getInstance(NativeLibrary.java:423) ~[jna-5.14.0.jar:?]
	at knot/com.mojang.text2speech.NarratorLinux$FliteLibrary.loadNative(NarratorLinux.java:67) ~[text2speech-1.17.9.jar:?]
	... 8 more
	Suppressed: java.lang.UnsatisfiedLinkError: libflite.so: cannot open shared object file: No such file or directory
		at knot/com.sun.jna.Native.open(Native Method) ~[jna-5.14.0.jar:?]
		at knot/com.sun.jna.NativeLibrary.loadLibrary(NativeLibrary.java:213) ~[jna-5.14.0.jar:?]
		at knot/com.sun.jna.NativeLibrary.getInstance(NativeLibrary.java:481) ~[jna-5.14.0.jar:?]
		at knot/com.sun.jna.NativeLibrary.getInstance(NativeLibrary.java:423) ~[jna-5.14.0.jar:?]
		at knot/com.mojang.text2speech.NarratorLinux$FliteLibrary.loadNative(NarratorLinux.java:67) ~[text2speech-1.17.9.jar:?]
		at knot/com.mojang.text2speech.NarratorLinux.<init>(NarratorLinux.java:18) ~[text2speech-1.17.9.jar:?]
		at knot/com.mojang.text2speech.Narrator.getNarrator(Narrator.java:41) [text2speech-1.17.9.jar:?]
		at knot/net.minecraft.class_333.<init>(class_333.java:19) [client-intermediary.jar:?]
		at knot/net.minecraft.class_310.<init>(class_310.java:675) [client-intermediary.jar:?]
		at knot/net.minecraft.client.main.Main.main(Main.java:239) [client-intermediary.jar:?]
		at net.fabricmc.loader.impl.game.minecraft.MinecraftGameProvider.launch(MinecraftGameProvider.java:517) [fabric-loader-0.19.5.jar:?]
		at net.fabricmc.loader.impl.launch.knot.Knot.launch(Knot.java:72) [fabric-loader-0.19.5.jar:?]
		at net.fabricmc.loader.impl.launch.knot.KnotClient.main(KnotClient.java:23) [fabric-loader-0.19.5.jar:?]
	Suppressed: java.lang.UnsatisfiedLinkError: libflite.so: cannot open shared object file: No such file or directory
		at knot/com.sun.jna.Native.open(Native Method) ~[jna-5.14.0.jar:?]
		at knot/com.sun.jna.NativeLibrary.loadLibrary(NativeLibrary.java:226) ~[jna-5.14.0.jar:?]
		at knot/com.sun.jna.NativeLibrary.getInstance(NativeLibrary.java:481) ~[jna-5.14.0.jar:?]
		at knot/com.sun.jna.NativeLibrary.getInstance(NativeLibrary.java:423) ~[jna-5.14.0.jar:?]
		at knot/com.mojang.text2speech.NarratorLinux$FliteLibrary.loadNative(NarratorLinux.java:67) ~[text2speech-1.17.9.jar:?]
		at knot/com.mojang.text2speech.NarratorLinux.<init>(NarratorLinux.java:18) ~[text2speech-1.17.9.jar:?]
		at knot/com.mojang.text2speech.Narrator.getNarrator(Narrator.java:41) [text2speech-1.17.9.jar:?]
		at knot/net.minecraft.class_333.<init>(class_333.java:19) [client-intermediary.jar:?]
		at knot/net.minecraft.class_310.<init>(class_310.java:675) [client-intermediary.jar:?]
		at knot/net.minecraft.client.main.Main.main(Main.java:239) [client-intermediary.jar:?]
		at net.fabricmc.loader.impl.game.minecraft.MinecraftGameProvider.launch(MinecraftGameProvider.java:517) [fabric-loader-0.19.5.jar:?]
		at net.fabricmc.loader.impl.launch.knot.Knot.launch(Knot.java:72) [fabric-loader-0.19.5.jar:?]
		at net.fabricmc.loader.impl.launch.knot.KnotClient.main(KnotClient.java:23) [fabric-loader-0.19.5.jar:?]
	Suppressed: java.io.IOException: Native library (linux-x86-64/libflite.so) not found in resource path (/home/runner/work/peregrine-launcher/peregrine-launcher/out/1.21.1/home/data/peregrine/libraries/org/ow2/asm/asm/9.10.1/asm-9.10.1.jar:/home/runner/work/peregrine-launcher/peregrine-launcher/out/1.21.1/home/data/peregrine/libraries/org/ow2/asm/asm-analysis/9.10.1/asm-analysis-9.10.1.jar:/home/runner/work/peregrine-launcher/peregrine-launcher/out/1.21.1/home/data/peregrine/libraries/org/ow2/asm/asm-commons/9.10.1/asm-commons-9.10.1.jar:/home/runner/work/peregrine-launcher/peregrine-launcher/out/1.21.1/home/data/peregrine/libraries/org/ow2/asm/asm-tree/9.10.1/asm-tree-9.10.1.jar:/home/runner/work/peregrine-launcher/peregrine-launcher/out/1.21.1/home/data/peregrine/libraries/org/ow2/asm/asm-util/9.10.1/asm-util-9.10.1.jar:/home/runner/work/peregrine-launcher/peregrine-launcher/out/1.21.1/home/data/peregrine/libraries/net/fabricmc/sponge-mixin/0.17.4+mixin.0.8.7/sponge-mixin-0.17.4+mixin.0.8.7.jar:/home/runner/work/peregrine-launcher/peregrine-launcher/out/1.21.1/home/data/peregrine/libraries/net/fabricmc/intermediary/1.21.1/intermediary-1.21.1.jar:/home/runner/work/peregrine-launcher/peregrine-launcher/out/1.21.1/home/data/peregrine/libraries/net/fabricmc/fabric-loader/0.19.5/fabric-loader-0.19.5.jar:/home/runner/work/peregrine-launcher/peregrine-launcher/out/1.21.1/home/data/peregrine/libraries/com/github/oshi/oshi-core/6.4.10/oshi-core-6.4.10.jar:/home/runner/work/peregrine-launcher/peregrine-launcher/out/1.21.1/home/data/peregrine/libraries/com/google/code/gson/gson/2.10.1/gson-2.10.1.jar:/home/runner/work/peregrine-launcher/peregrine-launcher/out/1.21.1/home/data/peregrine/libraries/com/google/guava/failureaccess/1.0.1/failureaccess-1.0.1.jar:/home/runner/work/peregrine-launcher/peregrine-launcher/out/1.21.1/home/data/peregrine/libraries/com/google/guava/guava/32.1.2-jre/guava-32.1.2-jre.jar:/home/runner/work/peregrine-launcher/peregrine-launcher/out/1.21.1/home/data/peregrine/libraries/com/ibm/icu/icu4j/73.2/icu4j-73.2.jar:/home/runner/work/peregrine-launcher/peregrine-launcher/out/1.21.1/home/data/peregrine/libraries/com/mojang/authlib/6.0.54/authlib-6.0.54.jar:/home/runner/work/peregrine-launcher/peregrine-launcher/out/1.21.1/home/data/peregrine/libraries/com/mojang/blocklist/1.0.10/blocklist-1.0.10.jar:/home/runner/work/peregrine-launcher/peregrine-launcher/out/1.21.1/home/data/peregrine/libraries/com/mojang/brigadier/1.3.10/brigadier-1.3.10.jar:/home/runner/work/peregrine-launcher/peregrine-launcher/out/1.21.1/home/data/peregrine/libraries/com/mojang/datafixerupper/8.0.16/datafixerupper-8.0.16.jar:/home/runner/work/peregrine-launcher/peregrine-launcher/out/1.21.1/home/data/peregrine/libraries/com/mojang/logging/1.2.7/logging-1.2.7.jar:/home/runner/work/peregrine-launcher/peregrine-launcher/out/1.21.1/home/data/peregrine/libraries/com/mojang/patchy/2.2.10/patchy-2.2.10.jar:/home/runner/work/peregrine-launcher/peregrine-launcher/out/1.21.1/home/data/peregrine/libraries/com/mojang/text2speech/1.17.9/text2speech-1.17.9.jar:/home/runner/work/peregrine-launcher/peregrine-launcher/out/1.21.1/home/data/peregrine/libraries/commons-codec/commons-codec/1.16.0/commons-codec-1.16.0.jar:/home/runner/work/peregrine-launcher/peregrine-launcher/out/1.21.1/home/data/peregrine/libraries/commons-io/commons-io/2.15.1/commons-io-2.15.1.jar:/home/runner/work/peregrine-launcher/peregrine-launcher/out/1.21.1/home/data/peregrine/libraries/commons-logging/commons-logging/1.2/commons-logging-1.2.jar:/home/runner/work/peregrine-launcher/peregrine-launcher/out/1.21.1/home/data/peregrine/libraries/io/netty/netty-buffer/4.1.97.Final/netty-buffer-4.1.97.Final.jar:/home/runner/work/peregrine-launcher/peregrine-launcher/out/1.21.1/home/data/peregrine/libraries/io/netty/netty-codec/4.1.97.Final/netty-codec-4.1.97.Final.jar:/home/runner/work/peregrine-launcher/peregrine-launcher/out/1.21.1/home/data/peregrine/libraries/io/netty/netty-common/4.1.97.Final/netty-common-4.1.97.Final.jar:/home/runner/work/peregrine-launcher/peregrine-launcher/out/1.21.1/home/data/peregrine/libraries/io/netty/netty-handler/4.1.97.Final/netty-handler-4.1.97.Final.jar:/home/runner/work/peregrine-launcher/peregrine-launcher/out/1.21.1/home/data/peregrine/libraries/io/netty/netty-resolver/4.1.97.Final/netty-resolver-4.1.97.Final.jar:/home/runner/work/peregrine-launcher/peregrine-launcher/out/1.21.1/home/data/peregrine/libraries/io/netty/netty-transport-classes-epoll/4.1.97.Final/netty-transport-classes-epoll-4.1.97.Final.jar:/home/runner/work/peregrine-launcher/peregrine-launcher/out/1.21.1/home/data/peregrine/libraries/io/netty/netty-transport-native-epoll/4.1.97.Final/netty-transport-native-epoll-4.1.97.Final-linux-aarch_64.jar:/home/runner/work/peregrine-launcher/peregrine-launcher/out/1.21.1/home/data/peregrine/libraries/io/netty/netty-transport-native-epoll/4.1.97.Final/netty-transport-native-epoll-4.1.97.Final-linux-x86_64.jar:/home/runner/work/peregrine-launcher/peregrine-launcher/out/1.21.1/home/data/peregrine/libraries/io/netty/netty-transport-native-unix-common/4.1.97.Final/netty-transport-native-unix-common-4.1.97.Final.jar:/home/runner/work/peregrine-launcher/peregrine-launcher/out/1.21.1/home/data/peregrine/libraries/io/netty/netty-transport/4.1.97.Final/netty-transport-4.1.97.Final.jar:/home/runner/work/peregrine-launcher/peregrine-launcher/out/1.21.1/home/data/peregrine/libraries/it/unimi/dsi/fastutil/8.5.12/fastutil-8.5.12.jar:/home/runner/work/peregrine-launcher/peregrine-launcher/out/1.21.1/home/data/peregrine/libraries/net/java/dev/jna/jna-platform/5.14.0/jna-platform-5.14.0.jar:/home/runner/work/peregrine-launcher/peregrine-launcher/out/1.21.1/home/data/peregrine/libraries/net/java/dev/jna/jna/5.14.0/jna-5.14.0.jar:/home/runner/work/peregrine-launcher/peregrine-launcher/out/1.21.1/home/data/peregrine/libraries/net/sf/jopt-simple/jopt-simple/5.0.4/jopt-simple-5.0.4.jar:/home/runner/work/peregrine-launcher/peregrine-launcher/out/1.21.1/home/data/peregrine/libraries/org/apache/commons/commons-compress/1.26.0/commons-compress-1.26.0.jar:/home/runner/work/peregrine-launcher/peregrine-launcher/out/1.21.1/home/data/peregrine/libraries/org/apache/commons/commons-lang3/3.14.0/commons-lang3-3.14.0.jar:/home/runner/work/peregrine-launcher/peregrine-launcher/out/1.21.1/home/data/peregrine/libraries/org/apache/httpcomponents/httpclient/4.5.13/httpclient-4.5.13.jar:/home/runner/work/peregrine-launcher/peregrine-launcher/out/1.21.1/home/data/peregrine/libraries/org/apache/httpcomponents/httpcore/4.4.16/httpcore-4.4.16.jar:/home/runner/work/peregrine-launcher/peregrine-launcher/out/1.21.1/home/data/peregrine/libraries/org/apache/logging/log4j/log4j-api/2.22.1/log4j-api-2.22.1.jar:/home/runner/work/peregrine-launcher/peregrine-launcher/out/1.21.1/home/data/peregrine/libraries/org/apache/logging/log4j/log4j-core/2.22.1/log4j-core-2.22.1.jar:/home/runner/work/peregrine-launcher/peregrine-launcher/out/1.21.1/home/data/peregrine/libraries/org/apache/logging/log4j/log4j-slf4j2-impl/2.22.1/log4j-slf4j2-impl-2.22.1.jar:/home/runner/work/peregrine-launcher/peregrine-launcher/out/1.21.1/home/data/peregrine/libraries/org/jcraft/jorbis/0.0.17/jorbis-0.0.17.jar:/home/runner/work/peregrine-launcher/peregrine-launcher/out/1.21.1/home/data/peregrine/libraries/org/joml/joml/1.10.5/joml-1.10.5.jar:/home/runner/work/peregrine-launcher/peregrine-launcher/out/1.21.1/home/data/peregrine/libraries/org/lwjgl/lwjgl-freetype/3.3.3/lwjgl-freetype-3.3.3.jar:/home/runner/work/peregrine-launcher/peregrine-launcher/out/1.21.1/home/data/peregrine/libraries/org/lwjgl/lwjgl-freetype/3.3.3/lwjgl-freetype-3.3.3-natives-linux.jar:/home/runner/work/peregrine-launcher/peregrine-launcher/out/1.21.1/home/data/peregrine/libraries/org/lwjgl/lwjgl-glfw/3.3.3/lwjgl-glfw-3.3.3.jar:/home/runner/work/peregrine-launcher/peregrine-launcher/out/1.21.1/home/data/peregrine/libraries/org/lwjgl/lwjgl-glfw/3.3.3/lwjgl-glfw-3.3.3-natives-linux.jar:/home/runner/work/peregrine-launcher/peregrine-launcher/out/1.21.1/home/data/peregrine/libraries/org/lwjgl/lwjgl-jemalloc/3.3.3/lwjgl-jemalloc-3.3.3.jar:/home/runner/work/peregrine-launcher/peregrine-launcher/out/1.21.1/home/data/peregrine/libraries/org/lwjgl/lwjgl-jemalloc/3.3.3/lwjgl-jemalloc-3.3.3-natives-linux.jar:/home/runner/work/peregrine-launcher/peregrine-launcher/out/1.21.1/home/data/peregrine/libraries/org/lwjgl/lwjgl-openal/3.3.3/lwjgl-openal-3.3.3.jar:/home/runner/work/peregrine-launcher/peregrine-launcher/out/1.21.1/home/data/peregrine/libraries/org/lwjgl/lwjgl-openal/3.3.3/lwjgl-openal-3.3.3-natives-linux.jar:/home/runner/work/peregrine-launcher/peregrine-launcher/out/1.21.1/home/data/peregrine/libraries/org/lwjgl/lwjgl-opengl/3.3.3/lwjgl-opengl-3.3.3.jar:/home/runner/work/peregrine-launcher/peregrine-launcher/out/1.21.1/home/data/peregrine/libraries/org/lwjgl/lwjgl-opengl/3.3.3/lwjgl-opengl-3.3.3-natives-linux.jar:/home/runner/work/peregrine-launcher/peregrine-launcher/out/1.21.1/home/data/peregrine/libraries/org/lwjgl/lwjgl-stb/3.3.3/lwjgl-stb-3.3.3.jar:/home/runner/work/peregrine-launcher/peregrine-launcher/out/1.21.1/home/data/peregrine/libraries/org/lwjgl/lwjgl-stb/3.3.3/lwjgl-stb-3.3.3-natives-linux.jar:/home/runner/work/peregrine-launcher/peregrine-launcher/out/1.21.1/home/data/peregrine/libraries/org/lwjgl/lwjgl-tinyfd/3.3.3/lwjgl-tinyfd-3.3.3.jar:/home/runner/work/peregrine-launcher/peregrine-launcher/out/1.21.1/home/data/peregrine/libraries/org/lwjgl/lwjgl-tinyfd/3.3.3/lwjgl-tinyfd-3.3.3-natives-linux.jar:/home/runner/work/peregrine-launcher/peregrine-launcher/out/1.21.1/home/data/peregrine/libraries/org/lwjgl/lwjgl/3.3.3/lwjgl-3.3.3.jar:/home/runner/work/peregrine-launcher/peregrine-launcher/out/1.21.1/home/data/peregrine/libraries/org/lwjgl/lwjgl/3.3.3/lwjgl-3.3.3-natives-linux.jar:/home/runner/work/peregrine-launcher/peregrine-launcher/out/1.21.1/home/data/peregrine/libraries/org/lz4/lz4-java/1.8.0/lz4-java-1.8.0.jar:/home/runner/work/peregrine-launcher/peregrine-launcher/out/1.21.1/home/data/peregrine/libraries/org/slf4j/slf4j-api/2.0.9/slf4j-api-2.0.9.jar:/home/runner/work/peregrine-launcher/peregrine-launcher/out/1.21.1/home/data/peregrine/versions/1.21.1/1.21.1.jar)
		at knot/com.sun.jna.Native.extractFromResourcePath(Native.java:1141) ~[jna-5.14.0.jar:?]
		at knot/com.sun.jna.NativeLibrary.loadLibrary(NativeLibrary.java:297) ~[jna-5.14.0.jar:?]
		at knot/com.sun.jna.NativeLibrary.getInstance(NativeLibrary.java:481) ~[jna-5.14.0.jar:?]
		at knot/com.sun.jna.NativeLibrary.getInstance(NativeLibrary.java:423) ~[jna-5.14.0.jar:?]
		at knot/com.mojang.text2speech.NarratorLinux$FliteLibrary.loadNative(NarratorLinux.java:67) ~[text2speech-1.17.9.jar:?]
		at knot/com.mojang.text2speech.NarratorLinux.<init>(NarratorLinux.java:18) ~[text2speech-1.17.9.jar:?]
		at knot/com.mojang.text2speech.Narrator.getNarrator(Narrator.java:41) [text2speech-1.17.9.jar:?]
		at knot/net.minecraft.class_333.<init>(class_333.java:19) [client-intermediary.jar:?]
		at knot/net.minecraft.class_310.<init>(class_310.java:675) [client-intermediary.jar:?]
		at knot/net.minecraft.client.main.Main.main(Main.java:239) [client-intermediary.jar:?]
		at net.fabricmc.loader.impl.game.minecraft.MinecraftGameProvider.launch(MinecraftGameProvider.java:517) [fabric-loader-0.19.5.jar:?]
		at net.fabricmc.loader.impl.launch.knot.Knot.launch(Knot.java:72) [fabric-loader-0.19.5.jar:?]
		at net.fabricmc.loader.impl.launch.knot.KnotClient.main(KnotClient.java:23) [fabric-loader-0.19.5.jar:?]
[16:25:26] [Render thread/INFO]: Reloading ResourceManager: vanilla, file/PeregrineTest, fabric, fabric-api, fabric-api-base, fabric-api-lookup-api-v1, fabric-biome-api-v1, fabric-block-api-v1, fabric-block-view-api-v2, fabric-blockrenderlayer-v1, fabric-client-tags-api-v1, fabric-command-api-v1, fabric-command-api-v2, fabric-commands-v0, fabric-content-registries-v0, fabric-convention-tags-v1, fabric-convention-tags-v2, fabric-crash-report-info-v1, fabric-data-attachment-api-v1, fabric-data-generation-api-v1, fabric-dimensions-v1, fabric-entity-events-v1, fabric-events-interaction-v0, fabric-game-rule-api-v1, fabric-item-api-v1, fabric-item-group-api-v1, fabric-key-binding-api-v1, fabric-keybindings-v0, fabric-lifecycle-events-v1, fabric-loot-api-v2, fabric-loot-api-v3, fabric-message-api-v1, fabric-model-loading-api-v1, fabric-networking-api-v1, fabric-object-builder-api-v1, fabric-particles-v1, fabric-recipe-api-v1, fabric-registry-sync-v0, fabric-renderer-api-v1, fabric-renderer-indigo, fabric-renderer-registries-v1, fabric-rendering-data-attachment-v1, fabric-rendering-fluids-v1, fabric-rendering-v0, fabric-rendering-v1, fabric-resource-conditions-api-v1, fabric-resource-loader-v0, fabric-screen-api-v1, fabric-screen-handler-api-v1, fabric-sound-api-v1, fabric-tag-api-v1, fabric-transfer-api-v1, fabric-transitive-access-wideners-v1, fabricloader, peregrine-client
[16:25:26] [Render thread/INFO]: [STDOUT]: [Peregrine self-test] INFO phase world on Minecraft 1.21.1
[16:25:27] [Worker-Main-1/INFO]: Found unifont_all_no_pua-15.1.05.hex, loading
[16:25:27] [Worker-Main-1/INFO]: Found unifont_jp_patch-15.1.05.hex, loading
[16:25:29] [Render thread/WARN]: Missing sound for event: minecraft:item.goat_horn.play
[16:25:29] [Render thread/WARN]: Missing sound for event: minecraft:entity.goat.screaming.horn_break
[16:25:29] [Render thread/ERROR]: Error starting SoundSystem. Turning off sounds & music
java.lang.IllegalStateException: Failed to open OpenAL device
	at knot/net.minecraft.class_4225.method_38501(class_4225.java:302) ~[client-intermediary.jar:?]
	at knot/net.minecraft.class_4225.method_19661(class_4225.java:154) ~[client-intermediary.jar:?]
	at knot/net.minecraft.class_1140.method_4846(class_1140.java:116) ~[client-intermediary.jar:?]
	at knot/net.minecraft.class_1140.method_4837(class_1140.java:106) ~[client-intermediary.jar:?]
	at knot/net.minecraft.class_1144.method_18182(class_1144.java:128) ~[client-intermediary.jar:?]
	at knot/net.minecraft.class_1144.method_18788(class_1144.java:42) ~[client-intermediary.jar:?]
	at knot/net.minecraft.class_4080.method_18790(class_4080.java:13) ~[client-intermediary.jar:?]
	at java.base/java.util.concurrent.CompletableFuture$UniAccept.tryFire(Unknown Source) ~[?:?]
	at java.base/java.util.concurrent.CompletableFuture$Completion.run(Unknown Source) ~[?:?]
	at knot/net.minecraft.class_4014.method_18365(class_4014.java:69) ~[client-intermediary.jar:?]
	at knot/net.minecraft.class_1255.method_18859(class_1255.java:162) [client-intermediary.jar:?]
	at knot/net.minecraft.class_4093.method_18859(class_4093.java:23) [client-intermediary.jar:?]
	at knot/net.minecraft.class_1255.method_16075(class_1255.java:136) [client-intermediary.jar:?]
	at knot/net.minecraft.class_1255.method_5383(class_1255.java:121) [client-intermediary.jar:?]
	at knot/net.minecraft.class_310.method_1523(class_310.java:1240) [client-intermediary.jar:?]
	at knot/net.minecraft.class_310.method_1514(class_310.java:882) [client-intermediary.jar:?]
	at knot/net.minecraft.client.main.Main.main(Main.java:256) [client-intermediary.jar:?]
	at net.fabricmc.loader.impl.game.minecraft.MinecraftGameProvider.launch(MinecraftGameProvider.java:517) [fabric-loader-0.19.5.jar:?]
	at net.fabricmc.loader.impl.launch.knot.Knot.launch(Knot.java:72) [fabric-loader-0.19.5.jar:?]
	at net.fabricmc.loader.impl.launch.knot.KnotClient.main(KnotClient.java:23) [fabric-loader-0.19.5.jar:?]
[16:25:29] [Render thread/INFO]: Created: 1024x512x4 minecraft:textures/atlas/blocks.png-atlas
[16:25:29] [Render thread/INFO]: Created: 256x256x4 minecraft:textures/atlas/signs.png-atlas
[16:25:29] [Render thread/INFO]: Created: 512x512x4 minecraft:textures/atlas/banner_patterns.png-atlas
[16:25:29] [Render thread/INFO]: Created: 512x512x4 minecraft:textures/atlas/shield_patterns.png-atlas
[16:25:29] [Render thread/INFO]: Created: 1024x1024x4 minecraft:textures/atlas/armor_trims.png-atlas
[16:25:29] [Render thread/INFO]: Created: 256x256x4 minecraft:textures/atlas/chest.png-atlas
[16:25:29] [Render thread/INFO]: Created: 128x64x4 minecraft:textures/atlas/decorated_pot.png-atlas
[16:25:29] [Render thread/INFO]: Created: 512x256x4 minecraft:textures/atlas/beds.png-atlas
[16:25:29] [Render thread/INFO]: Created: 512x256x4 minecraft:textures/atlas/shulker_boxes.png-atlas
[16:25:29] [Render thread/INFO]: Created: 512x256x0 minecraft:textures/atlas/particles.png-atlas
[16:25:29] [Render thread/INFO]: Created: 512x256x0 minecraft:textures/atlas/paintings.png-atlas
[16:25:29] [Render thread/INFO]: Created: 256x128x0 minecraft:textures/atlas/mob_effects.png-atlas
[16:25:29] [Render thread/INFO]: Created: 64x64x0 minecraft:textures/atlas/map_decorations.png-atlas
[16:25:29] [Render thread/INFO]: Created: 1024x512x0 minecraft:textures/atlas/gui.png-atlas
[16:25:29] [Render thread/WARN]: Shader rendertype_entity_translucent_emissive could not find sampler named Sampler2 in the specified shader program.
[16:25:29] [Render thread/INFO]: Found new data pack fabric, loading it automatically
[16:25:29] [Render thread/INFO]: Found new data pack fabric-convention-tags-v2, loading it automatically
[16:25:30] [Render thread/INFO]: Loaded 1290 recipes
[16:25:30] [Render thread/INFO]: Loaded 1399 advancements
[16:25:31] [Render thread/INFO]: Applied 0 biome modifications to 0 of 64 new biomes in 1.154 ms
[16:25:31] [Server thread/INFO]: Starting integrated minecraft server version 1.21.1
[16:25:31] [Server thread/INFO]: Generating keypair
[16:25:34] [Server thread/INFO]: Preparing start region for dimension minecraft:overworld
[16:25:34] [Render thread/INFO]: Preparing spawn area: 0%
[16:25:34] [Render thread/INFO]: Preparing spawn area: 0%
[16:25:34] [Render thread/INFO]: Time elapsed: 607 ms
[16:25:35] [Server thread/INFO]: Changing view distance to 4, from 10
[16:25:35] [Server thread/INFO]: Changing simulation distance to 5, from 0
[16:25:36] [Server thread/INFO]: Tester[local:E:05224e4c] logged in with entity id 16 at (10.5, 70.0, 0.5)
[16:25:36] [Server thread/INFO]: Tester joined the game
[16:25:36] [Render thread/INFO]: Loaded 2 advancements
[16:25:38] [Render thread/INFO]: [STDOUT]: [Peregrine self-test] PASS joins the world
[16:25:38] [Server thread/INFO]: Changing view distance to 8, from 4
[16:26:17] [Render thread/INFO]: [STDOUT]: [Peregrine self-test] INFO benchmark: 19 fps average, 9 lowest, render distance 8, over 20 s
[16:26:18] [Render thread/INFO]: [STDOUT]: [Peregrine self-test] PASS HUD draws in game
[16:26:22] [Render thread/INFO]: [STDOUT]: [Peregrine self-test] PASS Stable FPS eases off settings when FPS is low
[16:26:26] [Render thread/INFO]: [STDOUT]: [Peregrine self-test] PASS mouse clicks are counted (CPS)
[16:26:28] [Render thread/INFO]: [STDOUT]: [Peregrine self-test] PASS holding C zooms in
[16:26:30] [Render thread/INFO]: [STDOUT]: [Peregrine self-test] PASS Right Shift opens the menu
[16:26:33] [Render thread/INFO]: [STDOUT]: [Peregrine self-test] PASS typing and Backspace work in the search box
[16:26:36] [Render thread/INFO]: [STDOUT]: [Peregrine self-test] PASS clicking a card switches it
[16:26:37] [Render thread/INFO]: [STDOUT]: [Peregrine self-test] PASS Edit HUD opens the editor
[16:26:41] [Render thread/INFO]: [STDOUT]: [Peregrine self-test] PASS dragging moves a HUD item
[16:26:43] [Render thread/INFO]: [STDOUT]: [Peregrine self-test] PASS right-click opens the style panel
[16:26:46] [Render thread/INFO]: [STDOUT]: [Peregrine self-test] PASS picking a colour recolours the text
[16:26:48] [Render thread/INFO]: [STDOUT]: [Peregrine self-test] PASS dragging the corner makes it bigger
[16:26:50] [Render thread/INFO]: [STDOUT]: [Peregrine self-test] PASS Esc saves and closes the editor
[16:26:51] [Render thread/INFO]: [STDOUT]: [Peregrine self-test] PASS the gear opens a settings page
[16:26:54] [Render thread/INFO]: [STDOUT]: [Peregrine self-test] PASS clicking an option changes it
[16:26:55] [Render thread/INFO]: [STDOUT]: [Peregrine self-test] PASS the keybind button waits for a key
[16:26:57] [Render thread/INFO]: [STDOUT]: [Peregrine self-test] PASS pressing K binds it
[16:26:58] [Render thread/INFO]: [STDOUT]: [Peregrine self-test] PASS Customize opens the editor with the style panel
[16:27:01] [Render thread/INFO]: [STDOUT]: [Peregrine self-test] PASS Esc goes back to the settings page
[16:27:02] [Render thread/INFO]: [STDOUT]: [Peregrine self-test] PASS Esc goes back to the list
[16:27:02] [Render thread/INFO]: [STDOUT]: [Peregrine self-test] PASS the Settings tab opens
[16:27:05] [Render thread/INFO]: [STDOUT]: [Peregrine self-test] PASS the Keybinds tab opens
[16:27:08] [Render thread/INFO]: [STDOUT]: [Peregrine self-test] PASS back to the Mods tab
[16:27:11] [Render thread/INFO]: [STDOUT]: [Peregrine self-test] PASS Esc closes the menu
[16:27:12] [Render thread/INFO]: [STDOUT]: [Peregrine self-test] PASS pressing K in game switches the Clock
[16:27:13] [Render thread/INFO]: Reloading ResourceManager: vanilla, file/PeregrineTest, fabric, fabric-api, fabric-api-base, fabric-api-lookup-api-v1, fabric-biome-api-v1, fabric-block-api-v1, fabric-block-view-api-v2, fabric-blockrenderlayer-v1, fabric-client-tags-api-v1, fabric-command-api-v1, fabric-command-api-v2, fabric-commands-v0, fabric-content-registries-v0, fabric-convention-tags-v1, fabric-convention-tags-v2, fabric-crash-report-info-v1, fabric-data-attachment-api-v1, fabric-data-generation-api-v1, fabric-dimensions-v1, fabric-entity-events-v1, fabric-events-interaction-v0, fabric-game-rule-api-v1, fabric-item-api-v1, fabric-item-group-api-v1, fabric-key-binding-api-v1, fabric-keybindings-v0, fabric-lifecycle-events-v1, fabric-loot-api-v2, fabric-loot-api-v3, fabric-message-api-v1, fabric-model-loading-api-v1, fabric-networking-api-v1, fabric-object-builder-api-v1, fabric-particles-v1, fabric-recipe-api-v1, fabric-registry-sync-v0, fabric-renderer-api-v1, fabric-renderer-indigo, fabric-renderer-registries-v1, fabric-rendering-data-attachment-v1, fabric-rendering-fluids-v1, fabric-rendering-v0, fabric-rendering-v1, fabric-resource-conditions-api-v1, fabric-resource-loader-v0, fabric-screen-api-v1, fabric-screen-handler-api-v1, fabric-sound-api-v1, fabric-tag-api-v1, fabric-transfer-api-v1, fabric-transitive-access-wideners-v1, fabricloader, peregrine-client
[16:27:13] [Worker-Main-3/INFO]: Found unifont_all_no_pua-15.1.05.hex, loading
[16:27:13] [Render thread/INFO]: [STDOUT]: [Peregrine self-test] PASS clear_weather hook runs
[16:27:13] [Render thread/INFO]: [STDOUT]: [Peregrine self-test] PASS clean_edges hook runs
[16:27:13] [Server thread/INFO]: Saving and pausing game...
[16:27:13] [Server thread/INFO]: Saving chunks for level 'ServerLevel[world]'/minecraft:overworld
[16:27:13] [Server thread/INFO]: Saving chunks for level 'ServerLevel[world]'/minecraft:the_nether
[16:27:13] [Server thread/INFO]: Saving chunks for level 'ServerLevel[world]'/minecraft:the_end
[16:27:13] [Worker-Main-3/INFO]: Found unifont_jp_patch-15.1.05.hex, loading
[16:27:14] [Render thread/WARN]: Missing sound for event: minecraft:item.goat_horn.play
[16:27:14] [Render thread/WARN]: Missing sound for event: minecraft:entity.goat.screaming.horn_break
[16:27:14] [Render thread/ERROR]: Error starting SoundSystem. Turning off sounds & music
java.lang.IllegalStateException: Failed to open OpenAL device
	at knot/net.minecraft.class_4225.method_38501(class_4225.java:302) ~[client-intermediary.jar:?]
	at knot/net.minecraft.class_4225.method_19661(class_4225.java:154) ~[client-intermediary.jar:?]
	at knot/net.minecraft.class_1140.method_4846(class_1140.java:116) ~[client-intermediary.jar:?]
	at knot/net.minecraft.class_1140.method_4837(class_1140.java:106) ~[client-intermediary.jar:?]
	at knot/net.minecraft.class_1144.method_18182(class_1144.java:128) ~[client-intermediary.jar:?]
	at knot/net.minecraft.class_1144.method_18788(class_1144.java:42) ~[client-intermediary.jar:?]
	at knot/net.minecraft.class_4080.method_18790(class_4080.java:13) ~[client-intermediary.jar:?]
	at java.base/java.util.concurrent.CompletableFuture$UniAccept.tryFire(Unknown Source) ~[?:?]
	at java.base/java.util.concurrent.CompletableFuture$Completion.run(Unknown Source) ~[?:?]
	at knot/net.minecraft.class_4014.method_18365(class_4014.java:69) ~[client-intermediary.jar:?]
	at knot/net.minecraft.class_1255.method_18859(class_1255.java:162) [client-intermediary.jar:?]
	at knot/net.minecraft.class_4093.method_18859(class_4093.java:23) [client-intermediary.jar:?]
	at knot/net.minecraft.class_1255.method_16075(class_1255.java:136) [client-intermediary.jar:?]
	at knot/net.minecraft.class_1255.method_5383(class_1255.java:121) [client-intermediary.jar:?]
	at knot/net.minecraft.class_310.method_1523(class_310.java:1240) [client-intermediary.jar:?]
	at knot/net.minecraft.class_310.method_1514(class_310.java:882) [client-intermediary.jar:?]
	at knot/net.minecraft.client.main.Main.main(Main.java:256) [client-intermediary.jar:?]
	at net.fabricmc.loader.impl.game.minecraft.MinecraftGameProvider.launch(MinecraftGameProvider.java:517) [fabric-loader-0.19.5.jar:?]
	at net.fabricmc.loader.impl.launch.knot.Knot.launch(Knot.java:72) [fabric-loader-0.19.5.jar:?]
	at net.fabricmc.loader.impl.launch.knot.KnotClient.main(KnotClient.java:23) [fabric-loader-0.19.5.jar:?]
[16:27:14] [Render thread/INFO]: Created: 1024x512x4 minecraft:textures/atlas/blocks.png-atlas
[16:27:14] [Render thread/INFO]: Created: 256x256x4 minecraft:textures/atlas/signs.png-atlas
[16:27:14] [Render thread/INFO]: Created: 512x512x4 minecraft:textures/atlas/banner_patterns.png-atlas
[16:27:14] [Render thread/INFO]: Created: 512x512x4 minecraft:textures/atlas/shield_patterns.png-atlas
[16:27:14] [Render thread/INFO]: Created: 1024x1024x4 minecraft:textures/atlas/armor_trims.png-atlas
[16:27:14] [Render thread/INFO]: Created: 256x256x4 minecraft:textures/atlas/chest.png-atlas
[16:27:14] [Render thread/INFO]: Created: 128x64x4 minecraft:textures/atlas/decorated_pot.png-atlas
[16:27:14] [Render thread/INFO]: Created: 512x256x4 minecraft:textures/atlas/beds.png-atlas
[16:27:14] [Render thread/INFO]: Created: 512x256x4 minecraft:textures/atlas/shulker_boxes.png-atlas
[16:27:14] [Render thread/INFO]: Created: 512x256x0 minecraft:textures/atlas/particles.png-atlas
[16:27:14] [Render thread/INFO]: Created: 512x256x0 minecraft:textures/atlas/paintings.png-atlas
[16:27:14] [Render thread/INFO]: Created: 256x128x0 minecraft:textures/atlas/mob_effects.png-atlas
[16:27:14] [Render thread/INFO]: Created: 64x64x0 minecraft:textures/atlas/map_decorations.png-atlas
[16:27:14] [Render thread/INFO]: Created: 1024x512x0 minecraft:textures/atlas/gui.png-atlas
[16:27:14] [Render thread/WARN]: Shader rendertype_entity_translucent_emissive could not find sampler named Sampler2 in the specified shader program.
[16:27:15] [Render thread/INFO]: [STDOUT]: [Peregrine self-test] PASS anti base leak: every block uses one rotation
[16:27:15] [Render thread/INFO]: [STDOUT]: [Peregrine self-test] PASS anti base leak: block model hook runs (diamond bedrock)
[16:27:15] [Render thread/INFO]: [STDOUT]: [Peregrine self-test] PASS bedrock is drawn as diamond blocks
[16:27:15] [Render thread/INFO]: [STDOUT]: [Peregrine self-test] PASS item physics lays the dropped item down
[16:27:17] [Render thread/INFO]: Reloading ResourceManager: vanilla, file/PeregrineTest, fabric, fabric-api, fabric-api-base, fabric-api-lookup-api-v1, fabric-biome-api-v1, fabric-block-api-v1, fabric-block-view-api-v2, fabric-blockrenderlayer-v1, fabric-client-tags-api-v1, fabric-command-api-v1, fabric-command-api-v2, fabric-commands-v0, fabric-content-registries-v0, fabric-convention-tags-v1, fabric-convention-tags-v2, fabric-crash-report-info-v1, fabric-data-attachment-api-v1, fabric-data-generation-api-v1, fabric-dimensions-v1, fabric-entity-events-v1, fabric-events-interaction-v0, fabric-game-rule-api-v1, fabric-item-api-v1, fabric-item-group-api-v1, fabric-key-binding-api-v1, fabric-keybindings-v0, fabric-lifecycle-events-v1, fabric-loot-api-v2, fabric-loot-api-v3, fabric-message-api-v1, fabric-model-loading-api-v1, fabric-networking-api-v1, fabric-object-builder-api-v1, fabric-particles-v1, fabric-recipe-api-v1, fabric-registry-sync-v0, fabric-renderer-api-v1, fabric-renderer-indigo, fabric-renderer-registries-v1, fabric-rendering-data-attachment-v1, fabric-rendering-fluids-v1, fabric-rendering-v0, fabric-rendering-v1, fabric-resource-conditions-api-v1, fabric-resource-loader-v0, fabric-screen-api-v1, fabric-screen-handler-api-v1, fabric-sound-api-v1, fabric-tag-api-v1, fabric-transfer-api-v1, fabric-transitive-access-wideners-v1, fabricloader, peregrine-client
[16:27:17] [Worker-Main-1/INFO]: Found unifont_all_no_pua-15.1.05.hex, loading
[16:27:17] [Worker-Main-1/INFO]: Found unifont_jp_patch-15.1.05.hex, loading
[16:27:17] [Server thread/INFO]: Saving and pausing game...
[16:27:17] [Server thread/INFO]: Saving chunks for level 'ServerLevel[world]'/minecraft:overworld
[16:27:17] [Server thread/INFO]: Saving chunks for level 'ServerLevel[world]'/minecraft:the_nether
[16:27:17] [Server thread/INFO]: Saving chunks for level 'ServerLevel[world]'/minecraft:the_end
[16:27:18] [Render thread/WARN]: Missing sound for event: minecraft:item.goat_horn.play
[16:27:18] [Render thread/WARN]: Missing sound for event: minecraft:entity.goat.screaming.horn_break
[16:27:18] [Render thread/ERROR]: Error starting SoundSystem. Turning off sounds & music
java.lang.IllegalStateException: Failed to open OpenAL device
	at knot/net.minecraft.class_4225.method_38501(class_4225.java:302) ~[client-intermediary.jar:?]
	at knot/net.minecraft.class_4225.method_19661(class_4225.java:154) ~[client-intermediary.jar:?]
	at knot/net.minecraft.class_1140.method_4846(class_1140.java:116) ~[client-intermediary.jar:?]
	at knot/net.minecraft.class_1140.method_4837(class_1140.java:106) ~[client-intermediary.jar:?]
	at knot/net.minecraft.class_1144.method_18182(class_1144.java:128) ~[client-intermediary.jar:?]
	at knot/net.minecraft.class_1144.method_18788(class_1144.java:42) ~[client-intermediary.jar:?]
	at knot/net.minecraft.class_4080.method_18790(class_4080.java:13) ~[client-intermediary.jar:?]
	at java.base/java.util.concurrent.CompletableFuture$UniAccept.tryFire(Unknown Source) ~[?:?]
	at java.base/java.util.concurrent.CompletableFuture$Completion.run(Unknown Source) ~[?:?]
	at knot/net.minecraft.class_4014.method_18365(class_4014.java:69) ~[client-intermediary.jar:?]
	at knot/net.minecraft.class_1255.method_18859(class_1255.java:162) [client-intermediary.jar:?]
	at knot/net.minecraft.class_4093.method_18859(class_4093.java:23) [client-intermediary.jar:?]
	at knot/net.minecraft.class_1255.method_16075(class_1255.java:136) [client-intermediary.jar:?]
	at knot/net.minecraft.class_1255.method_5383(class_1255.java:121) [client-intermediary.jar:?]
	at knot/net.minecraft.class_310.method_1523(class_310.java:1240) [client-intermediary.jar:?]
	at knot/net.minecraft.class_310.method_1514(class_310.java:882) [client-intermediary.jar:?]
	at knot/net.minecraft.client.main.Main.main(Main.java:256) [client-intermediary.jar:?]
	at net.fabricmc.loader.impl.game.minecraft.MinecraftGameProvider.launch(MinecraftGameProvider.java:517) [fabric-loader-0.19.5.jar:?]
	at net.fabricmc.loader.impl.launch.knot.Knot.launch(Knot.java:72) [fabric-loader-0.19.5.jar:?]
	at net.fabricmc.loader.impl.launch.knot.KnotClient.main(KnotClient.java:23) [fabric-loader-0.19.5.jar:?]
[16:27:18] [Render thread/INFO]: Created: 1024x512x4 minecraft:textures/atlas/blocks.png-atlas
[16:27:18] [Render thread/INFO]: Created: 256x256x4 minecraft:textures/atlas/signs.png-atlas
[16:27:18] [Render thread/INFO]: Created: 512x512x4 minecraft:textures/atlas/banner_patterns.png-atlas
[16:27:18] [Render thread/INFO]: Created: 512x512x4 minecraft:textures/atlas/shield_patterns.png-atlas
[16:27:18] [Render thread/INFO]: Created: 1024x1024x4 minecraft:textures/atlas/armor_trims.png-atlas
[16:27:18] [Render thread/INFO]: Created: 256x256x4 minecraft:textures/atlas/chest.png-atlas
[16:27:18] [Render thread/INFO]: Created: 128x64x4 minecraft:textures/atlas/decorated_pot.png-atlas
[16:27:18] [Render thread/INFO]: Created: 512x256x4 minecraft:textures/atlas/beds.png-atlas
[16:27:18] [Render thread/INFO]: Created: 512x256x4 minecraft:textures/atlas/shulker_boxes.png-atlas
[16:27:18] [Render thread/INFO]: Created: 512x256x0 minecraft:textures/atlas/particles.png-atlas
[16:27:18] [Render thread/INFO]: Created: 512x256x0 minecraft:textures/atlas/paintings.png-atlas
[16:27:18] [Render thread/INFO]: Created: 256x128x0 minecraft:textures/atlas/mob_effects.png-atlas
[16:27:18] [Render thread/INFO]: Created: 64x64x0 minecraft:textures/atlas/map_decorations.png-atlas
[16:27:18] [Render thread/INFO]: Created: 1024x512x0 minecraft:textures/atlas/gui.png-atlas
[16:27:18] [Render thread/WARN]: Shader rendertype_entity_translucent_emissive could not find sampler named Sampler2 in the specified shader program.
[16:27:18] [Render thread/INFO]: [STDOUT]: [Peregrine self-test] PASS custom crosshair draws
[16:27:21] [Render thread/INFO]: [STDOUT]: [Peregrine self-test] PASS holding Alt starts freelook in third person
[16:27:23] [Render thread/INFO]: [STDOUT]: [Peregrine self-test] PASS letting go of Alt goes back to first person
[16:27:23] [Render thread/INFO]: [STDOUT]: [Peregrine self-test] PASS particles: lava sparks are thinned out
[16:27:23] [Render thread/INFO]: [STDOUT]: [Peregrine self-test] PASS fullbright lights up dark places
[16:27:23] [Render thread/INFO]: [STDOUT]: [Peregrine self-test] PASS 1.7 animations: held item moves
[16:27:23] [Render thread/INFO]: [STDOUT]: [Peregrine self-test] PASS hitboxes draw without F3+B
[16:27:23] [Render thread/INFO]: [STDOUT]: [Peregrine self-test] PASS resource packs leave the menus alone (test pack's button and splash skipped)
[16:27:23] [Render thread/INFO]: [STDOUT]: [Peregrine self-test] PASS small totem: the totem in your hand is drawn smaller
[16:27:25] [Render thread/INFO]: [STDOUT]: [Peregrine self-test] PASS your own name tag shows in third person
[16:27:27] [Render thread/INFO]: [STDOUT]: [Peregrine self-test] PASS fog is pushed away
[16:27:27] [Render thread/INFO]: [STDOUT]: [Peregrine self-test] PASS block outline in the chosen color
[16:27:27] [Render thread/INFO]: [STDOUT]: [Peregrine self-test] PASS ores you can see get an outline
[16:27:27] [Render thread/INFO]: [STDOUT]: [Peregrine self-test] PASS the sky stops moving
[16:27:27] [Render thread/INFO]: [STDOUT]: [Peregrine self-test] PASS swing speed changes the swing
[16:27:29] [Render thread/INFO]: [STDOUT]: [Peregrine self-test] INFO hooks: seed=1000 offset=1000 model=1000 bedrock=12 items=263 crosshair=140 camera=43 particles=1000 nightvision=247 animation=170 hitbox=365 nametag=52 scoreboard=0 fire=0 inventory=0 totem=85 packs=110 fog=92 outline=46 ores=46 sky=764 swing=37 sound=0
[16:27:29] [Render thread/INFO]: [STDOUT]: [Peregrine self-test] INFO counts {on:clear_weather=646541, keybind:clock=1, click@95,205/0=1, editor=325, click@159,102/0=1, zoom-hook=4000, click@183,106/0=1, click@10,4/0=1, zoom-active=120, click@229,51/0=1, menu=509, click@68,44/1=1, mouse=1, click@245,134/0=1, hud=2060, click@78,47/0=1, on:clean_edges=2060, click@95,51/0=1, click@117,82/0=1, click@159,85/0=1, click@162,51/0=1, click@341,89/0=1}
[16:27:29] [Render thread/INFO]: [STDOUT]: [Peregrine self-test] PASS finished with 0 failure(s)
[16:27:30] [Render thread/INFO]: Stopping!
[16:27:30] [Server thread/INFO]: Tester lost connection: Disconnected
[16:27:30] [Server thread/INFO]: Tester left the game
[16:27:30] [Server thread/INFO]: Stopping singleplayer server as player logged out
[16:27:30] [Server thread/INFO]: Stopping server
[16:27:30] [Server thread/INFO]: Saving players
[16:27:30] [Server thread/INFO]: Saving worlds
[16:27:31] [Server thread/INFO]: Saving chunks for level 'ServerLevel[world]'/minecraft:overworld
[16:27:31] [Server thread/INFO]: Saving chunks for level 'ServerLevel[world]'/minecraft:the_nether
[16:27:31] [Server thread/INFO]: Saving chunks for level 'ServerLevel[world]'/minecraft:the_end
[16:27:31] [Server thread/INFO]: ThreadedAnvilChunkStorage (world): All chunks are saved
[16:27:31] [Server thread/INFO]: ThreadedAnvilChunkStorage (DIM-1): All chunks are saved
[16:27:31] [Server thread/INFO]: ThreadedAnvilChunkStorage (DIM1): All chunks are saved
[16:27:31] [Server thread/INFO]: ThreadedAnvilChunkStorage: All dimensions are saved
