  <log4j:Event logger="FabricLoader/GameProvider" timestamp="1791649511552" level="INFO" thread="main">
    <log4j:Message><![CDATA[Loading Minecraft 1.21.10 with Fabric Loader 0.19.5]]></log4j:Message>
  </log4j:Event>
  <log4j:Event logger="FabricLoader/GameRemap" timestamp="1791649511556" level="INFO" thread="main">
    <log4j:Message><![CDATA[Fabric is preparing JARs on first launch, this may take a few seconds...]]></log4j:Message>
  </log4j:Event>
  <log4j:Event logger="FabricLoader" timestamp="1791649511679" level="INFO" thread="main">
    <log4j:Message><![CDATA[Loading 49 mods:
	- fabric-api 0.138.4+1.21.10
	   |-- fabric-api-base 1.0.0+14b92d896f
	   |-- fabric-api-lookup-api-v1 1.6.106+d17682156f
	   |-- fabric-biome-api-v1 16.1.0+c2417d4f6f
	   |-- fabric-block-api-v1 1.1.5+d17682156f
	   |-- fabric-block-view-api-v2 1.0.34+e4fd1b926f
	   |-- fabric-command-api-v2 2.4.0+c0ab2d5d6f
	   |-- fabric-content-registries-v0 10.2.6+b6a242646f
	   |-- fabric-convention-tags-v1 2.1.49+7f945d5b6f
	   |-- fabric-convention-tags-v2 2.17.0+ff7bc77d6f
	   |-- fabric-crash-report-info-v1 0.3.18+33df5e6e6f
	   |-- fabric-data-attachment-api-v1 1.8.33+cd3b9e596f
	   |-- fabric-data-generation-api-v1 23.2.27+d8b85ef16f
	   |-- fabric-dimensions-v1 4.0.22+38b9cc196f
	   |-- fabric-entity-events-v1 2.1.13+fde3702c6f
	   |-- fabric-events-interaction-v0 4.0.36+5ba217126f
	   |-- fabric-game-rule-api-v1 1.1.1+e47eaae56f
	   |-- fabric-item-api-v1 11.5.11+9bce411b6f
	   |-- fabric-item-group-api-v1 4.2.27+86b3ae576f
	   |-- fabric-key-binding-api-v1 1.1.1+b3ba9c486f
	   |-- fabric-lifecycle-events-v1 2.6.9+33df5e6e6f
	   |-- fabric-loot-api-v2 3.0.67+3f89f5a56f
	   |-- fabric-loot-api-v3 2.0.14+d17682156f
	   |-- fabric-message-api-v1 6.1.7+3154c1c86f
	   |-- fabric-model-loading-api-v1 6.0.5+3ffd6ef06f
	   |-- fabric-networking-api-v1 5.1.0+b095d8db6f
	   |-- fabric-object-builder-api-v1 21.1.28+9bce411b6f
	   |-- fabric-particles-v1 4.2.3+a0ee59a46f
	   |-- fabric-recipe-api-v1 8.2.0+39709ef06f
	   |-- fabric-registry-sync-v0 6.1.42+679c8c5c6f
	   |-- fabric-renderer-api-v1 7.2.3+9be2a36e6f
	   |-- fabric-renderer-indigo 4.1.4+9be2a36e6f
	   |-- fabric-rendering-fluids-v1 3.1.38+86b3ae576f
	   |-- fabric-rendering-v1 16.2.0+bee81f016f
	   |-- fabric-resource-conditions-api-v1 5.0.28+33df5e6e6f
	   |-- fabric-resource-loader-v0 3.3.1+d4d4122a6f
	   |-- fabric-resource-loader-v1 1.0.4+14959b836f
	   |-- fabric-screen-api-v1 3.1.0+9c82a7986f
	   |-- fabric-screen-handler-api-v1 1.3.151+d17682156f
	   |-- fabric-serialization-api-v1 1.0.0+d857c9766f
	   |-- fabric-sound-api-v1 1.0.45+328a75ba6f
	   |-- fabric-tag-api-v1 1.2.13+2fa446b26f
	   |-- fabric-transfer-api-v1 6.0.15+79ec2c126f
	   \-- fabric-transitive-access-wideners-v1 6.5.3+41eb43436f
	- fabricloader 0.19.5
	   \-- mixinextras 0.5.5
	- java 21
	- minecraft 1.21.10
	- peregrine-client 1.0.1]]></log4j:Message>
  </log4j:Event>
  <log4j:Event logger="FabricLoader/Mixin" timestamp="1791649511740" level="INFO" thread="main">
    <log4j:Message><![CDATA[SpongePowered MIXIN Subsystem Version=0.8.7 Source=file:/home/runner/work/peregrine-launcher/peregrine-launcher/out/1.21.10/home/data/peregrine/libraries/net/fabricmc/sponge-mixin/0.17.4+mixin.0.8.7/sponge-mixin-0.17.4+mixin.0.8.7.jar Service=Knot/Fabric Env=CLIENT]]></log4j:Message>
  </log4j:Event>
  <log4j:Event logger="FabricLoader/Mixin" timestamp="1791649512410" level="WARN" thread="main">
    <log4j:Message><![CDATA[Error loading class: net/minecraft/client/renderer/debug/EntityHitboxDebugRenderer (java.lang.ClassNotFoundException: net/minecraft/client/renderer/debug/EntityHitboxDebugRenderer)]]></log4j:Message>
  </log4j:Event>
  <log4j:Event logger="FabricLoader/Mixin" timestamp="1791649512412" level="WARN" thread="main">
    <log4j:Message><![CDATA[@Mixin target net/minecraft/client/renderer/debug/EntityHitboxDebugRenderer was not found peregrine-client-extras.mixins.json:HitboxGizmoMixin from mod peregrine-client]]></log4j:Message>
  </log4j:Event>
  <log4j:Event logger="FabricLoader/MixinExtras|Service" timestamp="1791649512943" level="INFO" thread="main">
    <log4j:Message><![CDATA[Initializing MixinExtras via com.llamalad7.mixinextras.service.MixinExtrasServiceImpl(version=0.5.5).]]></log4j:Message>
  </log4j:Event>
  <log4j:Event logger="com.mojang.datafixers.DataFixerBuilder" timestamp="1791649514247" level="INFO" thread="Datafixer Bootstrap">
    <log4j:Message><![CDATA[278 Datafixer optimizations took 699 milliseconds]]></log4j:Message>
  </log4j:Event>
  <log4j:Event logger="com.mojang.authlib.yggdrasil.YggdrasilAuthenticationService" timestamp="1791649520133" level="INFO" thread="Render thread">
    <log4j:Message><![CDATA[Environment: Environment[sessionHost=https://sessionserver.mojang.com, servicesHost=https://api.minecraftservices.com, profilesHost=https://api.mojang.com, name=PROD]]]></log4j:Message>
  </log4j:Event>
  <log4j:Event logger="net.minecraft.class_310" timestamp="1791649520173" level="INFO" thread="Render thread">
    <log4j:Message><![CDATA[Setting user: Tester]]></log4j:Message>
  </log4j:Event>
  <log4j:Event logger="net.minecraft.class_310" timestamp="1791649520709" level="ERROR" thread="Download-2">
    <log4j:Message><![CDATA[Failed to fetch user properties]]></log4j:Message>
    <log4j:Throwable><![CDATA[com.mojang.authlib.exceptions.InvalidCredentialsException: Status: 401
	at knot//com.mojang.authlib.exceptions.MinecraftClientHttpException.toAuthenticationException(MinecraftClientHttpException.java:59)
	at knot//com.mojang.authlib.yggdrasil.YggdrasilUserApiService.fetchProperties(YggdrasilUserApiService.java:150)
	at knot//net.minecraft.class_310.method_55608(class_310.java:465)
	at java.base/java.util.concurrent.CompletableFuture$AsyncSupply.run(Unknown Source)
	at java.base/java.util.concurrent.ThreadPoolExecutor.runWorker(Unknown Source)
	at java.base/java.util.concurrent.ThreadPoolExecutor$Worker.run(Unknown Source)
	at java.base/java.lang.Thread.run(Unknown Source)
Caused by: MinecraftClientHttpException[type=HTTP_ERROR, status=401, response=ErrorResponse[path=/player/attributes, error=null, errorMessage=null, details=null]]
	at knot//com.mojang.authlib.minecraft.client.MinecraftClient.readInputStream(MinecraftClient.java:103)
	at knot//com.mojang.authlib.minecraft.client.MinecraftClient.get(MinecraftClient.java:56)
	at knot//com.mojang.authlib.yggdrasil.YggdrasilUserApiService.fetchProperties(YggdrasilUserApiService.java:121)
	... 5 more
]]></log4j:Throwable>
  </log4j:Event>
  <log4j:Event logger="net.fabricmc.fabric.impl.client.indigo.Indigo" timestamp="1791649520728" level="INFO" thread="Render thread">
    <log4j:Message><![CDATA[[Indigo] Registering Indigo renderer!]]></log4j:Message>
  </log4j:Event>
  <log4j:Event logger="net.minecraft.class_310" timestamp="1791649521181" level="INFO" thread="Render thread">
    <log4j:Message><![CDATA[Backend library: LWJGL version 3.3.3-snapshot]]></log4j:Message>
  </log4j:Event>
ATTENTION: default value of option mesa_glthread overridden by environment.
  <log4j:Event logger="net.minecraft.class_310" timestamp="1791649525832" level="INFO" thread="Render thread">
    <log4j:Message><![CDATA[Using optional rendering extensions: GL_ARB_buffer_storage, GL_KHR_debug, GL_ARB_vertex_attrib_binding, GL_ARB_direct_state_access]]></log4j:Message>
  </log4j:Event>
  <log4j:Event logger="com.mojang.text2speech.Narrator" timestamp="1791649527036" level="ERROR" thread="Render thread">
    <log4j:Message><![CDATA[Error while loading the narrator]]></log4j:Message>
    <log4j:Throwable><![CDATA[com.mojang.text2speech.Narrator$InitializeException: Failed to load library flite
	at knot//com.mojang.text2speech.NarratorLinux$FliteLibrary.loadNative(NarratorLinux.java:81)
	at knot//com.mojang.text2speech.NarratorLinux.<init>(NarratorLinux.java:18)
	at knot//com.mojang.text2speech.Narrator.getNarrator(Narrator.java:41)
	at knot//net.minecraft.class_333.<init>(class_333.java:20)
	at knot//net.minecraft.class_310.<init>(class_310.java:705)
	at knot//net.minecraft.client.main.Main.main(Main.java:234)
	at net.fabricmc.loader.impl.game.minecraft.MinecraftGameProvider.launch(MinecraftGameProvider.java:517)
	at net.fabricmc.loader.impl.launch.knot.Knot.launch(Knot.java:72)
	at net.fabricmc.loader.impl.launch.knot.KnotClient.main(KnotClient.java:23)
Caused by: java.lang.UnsatisfiedLinkError: Unable to load library 'flite':
libflite.so: cannot open shared object file: No such file or directory
libflite.so: cannot open shared object file: No such file or directory
Native library (linux-x86-64/libflite.so) not found in resource path (/home/runner/work/peregrine-launcher/peregrine-launcher/out/1.21.10/home/data/peregrine/libraries/org/ow2/asm/asm/9.10.1/asm-9.10.1.jar:/home/runner/work/peregrine-launcher/peregrine-launcher/out/1.21.10/home/data/peregrine/libraries/org/ow2/asm/asm-analysis/9.10.1/asm-analysis-9.10.1.jar:/home/runner/work/peregrine-launcher/peregrine-launcher/out/1.21.10/home/data/peregrine/libraries/org/ow2/asm/asm-commons/9.10.1/asm-commons-9.10.1.jar:/home/runner/work/peregrine-launcher/peregrine-launcher/out/1.21.10/home/data/peregrine/libraries/org/ow2/asm/asm-tree/9.10.1/asm-tree-9.10.1.jar:/home/runner/work/peregrine-launcher/peregrine-launcher/out/1.21.10/home/data/peregrine/libraries/org/ow2/asm/asm-util/9.10.1/asm-util-9.10.1.jar:/home/runner/work/peregrine-launcher/peregrine-launcher/out/1.21.10/home/data/peregrine/libraries/net/fabricmc/sponge-mixin/0.17.4+mixin.0.8.7/sponge-mixin-0.17.4+mixin.0.8.7.jar:/home/runner/work/peregrine-launcher/peregrine-launcher/out/1.21.10/home/data/peregrine/libraries/net/fabricmc/intermediary/1.21.10/intermediary-1.21.10.jar:/home/runner/work/peregrine-launcher/peregrine-launcher/out/1.21.10/home/data/peregrine/libraries/net/fabricmc/fabric-loader/0.19.5/fabric-loader-0.19.5.jar:/home/runner/work/peregrine-launcher/peregrine-launcher/out/1.21.10/home/data/peregrine/libraries/com/fasterxml/jackson/core/jackson-annotations/2.13.4/jackson-annotations-2.13.4.jar:/home/runner/work/peregrine-launcher/peregrine-launcher/out/1.21.10/home/data/peregrine/libraries/com/fasterxml/jackson/core/jackson-core/2.13.4/jackson-core-2.13.4.jar:/home/runner/work/peregrine-launcher/peregrine-launcher/out/1.21.10/home/data/peregrine/libraries/com/fasterxml/jackson/core/jackson-databind/2.13.4.2/jackson-databind-2.13.4.2.jar:/home/runner/work/peregrine-launcher/peregrine-launcher/out/1.21.10/home/data/peregrine/libraries/com/github/oshi/oshi-core/6.6.5/oshi-core-6.6.5.jar:/home/runner/work/peregrine-launcher/peregrine-launcher/out/1.21.10/home/data/peregrine/libraries/com/github/stephenc/jcip/jcip-annotations/1.0-1/jcip-annotations-1.0-1.jar:/home/runner/work/peregrine-launcher/peregrine-launcher/out/1.21.10/home/data/peregrine/libraries/com/google/code/gson/gson/2.11.0/gson-2.11.0.jar:/home/runner/work/peregrine-launcher/peregrine-launcher/out/1.21.10/home/data/peregrine/libraries/com/google/guava/failureaccess/1.0.2/failureaccess-1.0.2.jar:/home/runner/work/peregrine-launcher/peregrine-launcher/out/1.21.10/home/data/peregrine/libraries/com/google/guava/guava/33.3.1-jre/guava-33.3.1-jre.jar:/home/runner/work/peregrine-launcher/peregrine-launcher/out/1.21.10/home/data/peregrine/libraries/com/ibm/icu/icu4j/76.1/icu4j-76.1.jar:/home/runner/work/peregrine-launcher/peregrine-launcher/out/1.21.10/home/data/peregrine/libraries/com/microsoft/azure/msal4j/1.17.2/msal4j-1.17.2.jar:/home/runner/work/peregrine-launcher/peregrine-launcher/out/1.21.10/home/data/peregrine/libraries/com/mojang/authlib/7.0.61/authlib-7.0.61.jar:/home/runner/work/peregrine-launcher/peregrine-launcher/out/1.21.10/home/data/peregrine/libraries/com/mojang/blocklist/1.0.10/blocklist-1.0.10.jar:/home/runner/work/peregrine-launcher/peregrine-launcher/out/1.21.10/home/data/peregrine/libraries/com/mojang/brigadier/1.3.10/brigadier-1.3.10.jar:/home/runner/work/peregrine-launcher/peregrine-launcher/out/1.21.10/home/data/peregrine/libraries/com/mojang/datafixerupper/8.0.16/datafixerupper-8.0.16.jar:/home/runner/work/peregrine-launcher/peregrine-launcher/out/1.21.10/home/data/peregrine/libraries/com/mojang/jtracy/1.0.36/jtracy-1.0.36.jar:/home/runner/work/peregrine-launcher/peregrine-launcher/out/1.21.10/home/data/peregrine/libraries/com/mojang/jtracy/1.0.36/jtracy-1.0.36-natives-linux.jar:/home/runner/work/peregrine-launcher/peregrine-launcher/out/1.21.10/home/data/peregrine/libraries/com/mojang/logging/1.5.10/logging-1.5.10.jar:/home/runner/work/peregrine-launcher/peregrine-launcher/out/1.21.10/home/data/peregrine/libraries/com/mojang/patchy/2.2.10/patchy-2.2.10.jar:/home/runner/work/peregrine-launcher/peregrine-launcher/out/1.21.10/home/data/peregrine/libraries/com/mojang/text2speech/1.18.11/text2speech-1.18.11.jar:/home/runner/work/peregrine-launcher/peregrine-launcher/out/1.21.10/home/data/peregrine/libraries/com/nimbusds/content-type/2.3/content-type-2.3.jar:/home/runner/work/peregrine-launcher/peregrine-launcher/out/1.21.10/home/data/peregrine/libraries/com/nimbusds/lang-tag/1.7/lang-tag-1.7.jar:/home/runner/work/peregrine-launcher/peregrine-launcher/out/1.21.10/home/data/peregrine/libraries/com/nimbusds/nimbus-jose-jwt/9.40/nimbus-jose-jwt-9.40.jar:/home/runner/work/peregrine-launcher/peregrine-launcher/out/1.21.10/home/data/peregrine/libraries/com/nimbusds/oauth2-oidc-sdk/11.18/oauth2-oidc-sdk-11.18.jar:/home/runner/work/peregrine-launcher/peregrine-launcher/out/1.21.10/home/data/peregrine/libraries/commons-codec/commons-codec/1.17.1/commons-codec-1.17.1.jar:/home/runner/work/peregrine-launcher/peregrine-launcher/out/1.21.10/home/data/peregrine/libraries/commons-io/commons-io/2.17.0/commons-io-2.17.0.jar:/home/runner/work/peregrine-launcher/peregrine-launcher/out/1.21.10/home/data/peregrine/libraries/commons-logging/commons-logging/1.3.4/commons-logging-1.3.4.jar:/home/runner/work/peregrine-launcher/peregrine-launcher/out/1.21.10/home/data/peregrine/libraries/io/netty/netty-buffer/4.1.118.Final/netty-buffer-4.1.118.Final.jar:/home/runner/work/peregrine-launcher/peregrine-launcher/out/1.21.10/home/data/peregrine/libraries/io/netty/netty-codec-http/4.1.118.Final/netty-codec-http-4.1.118.Final.jar:/home/runner/work/peregrine-launcher/peregrine-launcher/out/1.21.10/home/data/peregrine/libraries/io/netty/netty-codec/4.1.118.Final/netty-codec-4.1.118.Final.jar:/home/runner/work/peregrine-launcher/peregrine-launcher/out/1.21.10/home/data/peregrine/libraries/io/netty/netty-common/4.1.118.Final/netty-common-4.1.118.Final.jar:/home/runner/work/peregrine-launcher/peregrine-launcher/out/1.21.10/home/data/peregrine/libraries/io/netty/netty-handler/4.1.118.Final/netty-handler-4.1.118.Final.jar:/home/runner/work/peregrine-launcher/peregrine-launcher/out/1.21.10/home/data/peregrine/libraries/io/netty/netty-resolver/4.1.118.Final/netty-resolver-4.1.118.Final.jar:/home/runner/work/peregrine-launcher/peregrine-launcher/out/1.21.10/home/data/peregrine/libraries/io/netty/netty-transport-classes-epoll/4.1.118.Final/netty-transport-classes-epoll-4.1.118.Final.jar:/home/runner/work/peregrine-launcher/peregrine-launcher/out/1.21.10/home/data/peregrine/libraries/io/netty/netty-transport-native-epoll/4.1.118.Final/netty-transport-native-epoll-4.1.118.Final-linux-aarch_64.jar:/home/runner/work/peregrine-launcher/peregrine-launcher/out/1.21.10/home/data/peregrine/libraries/io/netty/netty-transport-native-epoll/4.1.118.Final/netty-transport-native-epoll-4.1.118.Final-linux-x86_64.jar:/home/runner/work/peregrine-launcher/peregrine-launcher/out/1.21.10/home/data/peregrine/libraries/io/netty/netty-transport-native-unix-common/4.1.118.Final/netty-transport-native-unix-common-4.1.118.Final.jar:/home/runner/work/peregrine-launcher/peregrine-launcher/out/1.21.10/home/data/peregrine/libraries/io/netty/netty-transport/4.1.118.Final/netty-transport-4.1.118.Final.jar:/home/runner/work/peregrine-launcher/peregrine-launcher/out/1.21.10/home/data/peregrine/libraries/it/unimi/dsi/fastutil/8.5.15/fastutil-8.5.15.jar:/home/runner/work/peregrine-launcher/peregrine-launcher/out/1.21.10/home/data/peregrine/libraries/net/java/dev/jna/jna-platform/5.15.0/jna-platform-5.15.0.jar:/home/runner/work/peregrine-launcher/peregrine-launcher/out/1.21.10/home/data/peregrine/libraries/net/java/dev/jna/jna/5.15.0/jna-5.15.0.jar:/home/runner/work/peregrine-launcher/peregrine-launcher/out/1.21.10/home/data/peregrine/libraries/net/minidev/accessors-smart/2.5.1/accessors-smart-2.5.1.jar:/home/runner/work/peregrine-launcher/peregrine-launcher/out/1.21.10/home/data/peregrine/libraries/net/minidev/json-smart/2.5.1/json-smart-2.5.1.jar:/home/runner/work/peregrine-launcher/peregrine-launcher/out/1.21.10/home/data/peregrine/libraries/net/sf/jopt-simple/jopt-simple/5.0.4/jopt-simple-5.0.4.jar:/home/runner/work/peregrine-launcher/peregrine-launcher/out/1.21.10/home/data/peregrine/libraries/org/apache/commons/commons-compress/1.27.1/commons-compress-1.27.1.jar:/home/runner/work/peregrine-launcher/peregrine-launcher/out/1.21.10/home/data/peregrine/libraries/org/apache/commons/commons-lang3/3.17.0/commons-lang3-3.17.0.jar:/home/runner/work/peregrine-launcher/peregrine-launcher/out/1.21.10/home/data/peregrine/libraries/org/apache/httpcomponents/httpclient/4.5.14/httpclient-4.5.14.jar:/home/runner/work/peregrine-launcher/peregrine-launcher/out/1.21.10/home/data/peregrine/libraries/org/apache/httpcomponents/httpcore/4.4.16/httpcore-4.4.16.jar:/home/runner/work/peregrine-launcher/peregrine-launcher/out/1.21.10/home/data/peregrine/libraries/org/apache/logging/log4j/log4j-api/2.24.1/log4j-api-2.24.1.jar:/home/runner/work/peregrine-launcher/peregrine-launcher/out/1.21.10/home/data/peregrine/libraries/org/apache/logging/log4j/log4j-core/2.24.1/log4j-core-2.24.1.jar:/home/runner/work/peregrine-launcher/peregrine-launcher/out/1.21.10/home/data/peregrine/libraries/org/apache/logging/log4j/log4j-slf4j2-impl/2.24.1/log4j-slf4j2-impl-2.24.1.jar:/home/runner/work/peregrine-launcher/peregrine-launcher/out/1.21.10/home/data/peregrine/libraries/org/jcraft/jorbis/0.0.17/jorbis-0.0.17.jar:/home/runner/work/peregrine-launcher/peregrine-launcher/out/1.21.10/home/data/peregrine/libraries/org/joml/joml/1.10.8/joml-1.10.8.jar:/home/runner/work/peregrine-launcher/peregrine-launcher/out/1.21.10/home/data/peregrine/libraries/org/lwjgl/lwjgl-freetype/3.3.3/lwjgl-freetype-3.3.3.jar:/home/runner/work/peregrine-launcher/peregrine-launcher/out/1.21.10/home/data/peregrine/libraries/org/lwjgl/lwjgl-freetype/3.3.3/lwjgl-freetype-3.3.3-natives-linux.jar:/home/runner/work/peregrine-launcher/peregrine-launcher/out/1.21.10/home/data/peregrine/libraries/org/lwjgl/lwjgl-glfw/3.3.3/lwjgl-glfw-3.3.3.jar:/home/runner/work/peregrine-launcher/peregrine-launcher/out/1.21.10/home/data/peregrine/libraries/org/lwjgl/lwjgl-glfw/3.3.3/lwjgl-glfw-3.3.3-natives-linux.jar:/home/runner/work/peregrine-launcher/peregrine-launcher/out/1.21.10/home/data/peregrine/libraries/org/lwjgl/lwjgl-jemalloc/3.3.3/lwjgl-jemalloc-3.3.3.jar:/home/runner/work/peregrine-launcher/peregrine-launcher/out/1.21.10/home/data/peregrine/libraries/org/lwjgl/lwjgl-jemalloc/3.3.3/lwjgl-jemalloc-3.3.3-natives-linux.jar:/home/runner/work/peregrine-launcher/peregrine-launcher/out/1.21.10/home/data/peregrine/libraries/org/lwjgl/lwjgl-openal/3.3.3/lwjgl-openal-3.3.3.jar:/home/runner/work/peregrine-launcher/peregrine-launcher/out/1.21.10/home/data/peregrine/libraries/org/lwjgl/lwjgl-openal/3.3.3/lwjgl-openal-3.3.3-natives-linux.jar:/home/runner/work/peregrine-launcher/peregrine-launcher/out/1.21.10/home/data/peregrine/libraries/org/lwjgl/lwjgl-opengl/3.3.3/lwjgl-opengl-3.3.3.jar:/home/runner/work/peregrine-launcher/peregrine-launcher/out/1.21.10/home/data/peregrine/libraries/org/lwjgl/lwjgl-opengl/3.3.3/lwjgl-opengl-3.3.3-natives-linux.jar:/home/runner/work/peregrine-launcher/peregrine-launcher/out/1.21.10/home/data/peregrine/libraries/org/lwjgl/lwjgl-stb/3.3.3/lwjgl-stb-3.3.3.jar:/home/runner/work/peregrine-launcher/peregrine-launcher/out/1.21.10/home/data/peregrine/libraries/org/lwjgl/lwjgl-stb/3.3.3/lwjgl-stb-3.3.3-natives-linux.jar:/home/runner/work/peregrine-launcher/peregrine-launcher/out/1.21.10/home/data/peregrine/libraries/org/lwjgl/lwjgl-tinyfd/3.3.3/lwjgl-tinyfd-3.3.3.jar:/home/runner/work/peregrine-launcher/peregrine-launcher/out/1.21.10/home/data/peregrine/libraries/org/lwjgl/lwjgl-tinyfd/3.3.3/lwjgl-tinyfd-3.3.3-natives-linux.jar:/home/runner/work/peregrine-launcher/peregrine-launcher/out/1.21.10/home/data/peregrine/libraries/org/lwjgl/lwjgl/3.3.3/lwjgl-3.3.3.jar:/home/runner/work/peregrine-launcher/peregrine-launcher/out/1.21.10/home/data/peregrine/libraries/org/lwjgl/lwjgl/3.3.3/lwjgl-3.3.3-natives-linux.jar:/home/runner/work/peregrine-launcher/peregrine-launcher/out/1.21.10/home/data/peregrine/libraries/org/lz4/lz4-java/1.8.0/lz4-java-1.8.0.jar:/home/runner/work/peregrine-launcher/peregrine-launcher/out/1.21.10/home/data/peregrine/libraries/org/slf4j/slf4j-api/2.0.16/slf4j-api-2.0.16.jar:/home/runner/work/peregrine-launcher/peregrine-launcher/out/1.21.10/home/data/peregrine/versions/1.21.10/1.21.10.jar)
	at knot//com.sun.jna.NativeLibrary.loadLibrary(NativeLibrary.java:325)
	at knot//com.sun.jna.NativeLibrary.getInstance(NativeLibrary.java:481)
	at knot//com.sun.jna.NativeLibrary.getInstance(NativeLibrary.java:423)
	at knot//com.mojang.text2speech.NarratorLinux$FliteLibrary.loadNative(NarratorLinux.java:79)
	... 8 more
	Suppressed: java.lang.UnsatisfiedLinkError: libflite.so: cannot open shared object file: No such file or directory
		at knot//com.sun.jna.Native.open(Native Method)
		at knot//com.sun.jna.NativeLibrary.loadLibrary(NativeLibrary.java:213)
		... 11 more
	Suppressed: java.lang.UnsatisfiedLinkError: libflite.so: cannot open shared object file: No such file or directory
		at knot//com.sun.jna.Native.open(Native Method)
		at knot//com.sun.jna.NativeLibrary.loadLibrary(NativeLibrary.java:226)
		... 11 more
	Suppressed: java.io.IOException: Native library (linux-x86-64/libflite.so) not found in resource path (/home/runner/work/peregrine-launcher/peregrine-launcher/out/1.21.10/home/data/peregrine/libraries/org/ow2/asm/asm/9.10.1/asm-9.10.1.jar:/home/runner/work/peregrine-launcher/peregrine-launcher/out/1.21.10/home/data/peregrine/libraries/org/ow2/asm/asm-analysis/9.10.1/asm-analysis-9.10.1.jar:/home/runner/work/peregrine-launcher/peregrine-launcher/out/1.21.10/home/data/peregrine/libraries/org/ow2/asm/asm-commons/9.10.1/asm-commons-9.10.1.jar:/home/runner/work/peregrine-launcher/peregrine-launcher/out/1.21.10/home/data/peregrine/libraries/org/ow2/asm/asm-tree/9.10.1/asm-tree-9.10.1.jar:/home/runner/work/peregrine-launcher/peregrine-launcher/out/1.21.10/home/data/peregrine/libraries/org/ow2/asm/asm-util/9.10.1/asm-util-9.10.1.jar:/home/runner/work/peregrine-launcher/peregrine-launcher/out/1.21.10/home/data/peregrine/libraries/net/fabricmc/sponge-mixin/0.17.4+mixin.0.8.7/sponge-mixin-0.17.4+mixin.0.8.7.jar:/home/runner/work/peregrine-launcher/peregrine-launcher/out/1.21.10/home/data/peregrine/libraries/net/fabricmc/intermediary/1.21.10/intermediary-1.21.10.jar:/home/runner/work/peregrine-launcher/peregrine-launcher/out/1.21.10/home/data/peregrine/libraries/net/fabricmc/fabric-loader/0.19.5/fabric-loader-0.19.5.jar:/home/runner/work/peregrine-launcher/peregrine-launcher/out/1.21.10/home/data/peregrine/libraries/com/fasterxml/jackson/core/jackson-annotations/2.13.4/jackson-annotations-2.13.4.jar:/home/runner/work/peregrine-launcher/peregrine-launcher/out/1.21.10/home/data/peregrine/libraries/com/fasterxml/jackson/core/jackson-core/2.13.4/jackson-core-2.13.4.jar:/home/runner/work/peregrine-launcher/peregrine-launcher/out/1.21.10/home/data/peregrine/libraries/com/fasterxml/jackson/core/jackson-databind/2.13.4.2/jackson-databind-2.13.4.2.jar:/home/runner/work/peregrine-launcher/peregrine-launcher/out/1.21.10/home/data/peregrine/libraries/com/github/oshi/oshi-core/6.6.5/oshi-core-6.6.5.jar:/home/runner/work/peregrine-launcher/peregrine-launcher/out/1.21.10/home/data/peregrine/libraries/com/github/stephenc/jcip/jcip-annotations/1.0-1/jcip-annotations-1.0-1.jar:/home/runner/work/peregrine-launcher/peregrine-launcher/out/1.21.10/home/data/peregrine/libraries/com/google/code/gson/gson/2.11.0/gson-2.11.0.jar:/home/runner/work/peregrine-launcher/peregrine-launcher/out/1.21.10/home/data/peregrine/libraries/com/google/guava/failureaccess/1.0.2/failureaccess-1.0.2.jar:/home/runner/work/peregrine-launcher/peregrine-launcher/out/1.21.10/home/data/peregrine/libraries/com/google/guava/guava/33.3.1-jre/guava-33.3.1-jre.jar:/home/runner/work/peregrine-launcher/peregrine-launcher/out/1.21.10/home/data/peregrine/libraries/com/ibm/icu/icu4j/76.1/icu4j-76.1.jar:/home/runner/work/peregrine-launcher/peregrine-launcher/out/1.21.10/home/data/peregrine/libraries/com/microsoft/azure/msal4j/1.17.2/msal4j-1.17.2.jar:/home/runner/work/peregrine-launcher/peregrine-launcher/out/1.21.10/home/data/peregrine/libraries/com/mojang/authlib/7.0.61/authlib-7.0.61.jar:/home/runner/work/peregrine-launcher/peregrine-launcher/out/1.21.10/home/data/peregrine/libraries/com/mojang/blocklist/1.0.10/blocklist-1.0.10.jar:/home/runner/work/peregrine-launcher/peregrine-launcher/out/1.21.10/home/data/peregrine/libraries/com/mojang/brigadier/1.3.10/brigadier-1.3.10.jar:/home/runner/work/peregrine-launcher/peregrine-launcher/out/1.21.10/home/data/peregrine/libraries/com/mojang/datafixerupper/8.0.16/datafixerupper-8.0.16.jar:/home/runner/work/peregrine-launcher/peregrine-launcher/out/1.21.10/home/data/peregrine/libraries/com/mojang/jtracy/1.0.36/jtracy-1.0.36.jar:/home/runner/work/peregrine-launcher/peregrine-launcher/out/1.21.10/home/data/peregrine/libraries/com/mojang/jtracy/1.0.36/jtracy-1.0.36-natives-linux.jar:/home/runner/work/peregrine-launcher/peregrine-launcher/out/1.21.10/home/data/peregrine/libraries/com/mojang/logging/1.5.10/logging-1.5.10.jar:/home/runner/work/peregrine-launcher/peregrine-launcher/out/1.21.10/home/data/peregrine/libraries/com/mojang/patchy/2.2.10/patchy-2.2.10.jar:/home/runner/work/peregrine-launcher/peregrine-launcher/out/1.21.10/home/data/peregrine/libraries/com/mojang/text2speech/1.18.11/text2speech-1.18.11.jar:/home/runner/work/peregrine-launcher/peregrine-launcher/out/1.21.10/home/data/peregrine/libraries/com/nimbusds/content-type/2.3/content-type-2.3.jar:/home/runner/work/peregrine-launcher/peregrine-launcher/out/1.21.10/home/data/peregrine/libraries/com/nimbusds/lang-tag/1.7/lang-tag-1.7.jar:/home/runner/work/peregrine-launcher/peregrine-launcher/out/1.21.10/home/data/peregrine/libraries/com/nimbusds/nimbus-jose-jwt/9.40/nimbus-jose-jwt-9.40.jar:/home/runner/work/peregrine-launcher/peregrine-launcher/out/1.21.10/home/data/peregrine/libraries/com/nimbusds/oauth2-oidc-sdk/11.18/oauth2-oidc-sdk-11.18.jar:/home/runner/work/peregrine-launcher/peregrine-launcher/out/1.21.10/home/data/peregrine/libraries/commons-codec/commons-codec/1.17.1/commons-codec-1.17.1.jar:/home/runner/work/peregrine-launcher/peregrine-launcher/out/1.21.10/home/data/peregrine/libraries/commons-io/commons-io/2.17.0/commons-io-2.17.0.jar:/home/runner/work/peregrine-launcher/peregrine-launcher/out/1.21.10/home/data/peregrine/libraries/commons-logging/commons-logging/1.3.4/commons-logging-1.3.4.jar:/home/runner/work/peregrine-launcher/peregrine-launcher/out/1.21.10/home/data/peregrine/libraries/io/netty/netty-buffer/4.1.118.Final/netty-buffer-4.1.118.Final.jar:/home/runner/work/peregrine-launcher/peregrine-launcher/out/1.21.10/home/data/peregrine/libraries/io/netty/netty-codec-http/4.1.118.Final/netty-codec-http-4.1.118.Final.jar:/home/runner/work/peregrine-launcher/peregrine-launcher/out/1.21.10/home/data/peregrine/libraries/io/netty/netty-codec/4.1.118.Final/netty-codec-4.1.118.Final.jar:/home/runner/work/peregrine-launcher/peregrine-launcher/out/1.21.10/home/data/peregrine/libraries/io/netty/netty-common/4.1.118.Final/netty-common-4.1.118.Final.jar:/home/runner/work/peregrine-launcher/peregrine-launcher/out/1.21.10/home/data/peregrine/libraries/io/netty/netty-handler/4.1.118.Final/netty-handler-4.1.118.Final.jar:/home/runner/work/peregrine-launcher/peregrine-launcher/out/1.21.10/home/data/peregrine/libraries/io/netty/netty-resolver/4.1.118.Final/netty-resolver-4.1.118.Final.jar:/home/runner/work/peregrine-launcher/peregrine-launcher/out/1.21.10/home/data/peregrine/libraries/io/netty/netty-transport-classes-epoll/4.1.118.Final/netty-transport-classes-epoll-4.1.118.Final.jar:/home/runner/work/peregrine-launcher/peregrine-launcher/out/1.21.10/home/data/peregrine/libraries/io/netty/netty-transport-native-epoll/4.1.118.Final/netty-transport-native-epoll-4.1.118.Final-linux-aarch_64.jar:/home/runner/work/peregrine-launcher/peregrine-launcher/out/1.21.10/home/data/peregrine/libraries/io/netty/netty-transport-native-epoll/4.1.118.Final/netty-transport-native-epoll-4.1.118.Final-linux-x86_64.jar:/home/runner/work/peregrine-launcher/peregrine-launcher/out/1.21.10/home/data/peregrine/libraries/io/netty/netty-transport-native-unix-common/4.1.118.Final/netty-transport-native-unix-common-4.1.118.Final.jar:/home/runner/work/peregrine-launcher/peregrine-launcher/out/1.21.10/home/data/peregrine/libraries/io/netty/netty-transport/4.1.118.Final/netty-transport-4.1.118.Final.jar:/home/runner/work/peregrine-launcher/peregrine-launcher/out/1.21.10/home/data/peregrine/libraries/it/unimi/dsi/fastutil/8.5.15/fastutil-8.5.15.jar:/home/runner/work/peregrine-launcher/peregrine-launcher/out/1.21.10/home/data/peregrine/libraries/net/java/dev/jna/jna-platform/5.15.0/jna-platform-5.15.0.jar:/home/runner/work/peregrine-launcher/peregrine-launcher/out/1.21.10/home/data/peregrine/libraries/net/java/dev/jna/jna/5.15.0/jna-5.15.0.jar:/home/runner/work/peregrine-launcher/peregrine-launcher/out/1.21.10/home/data/peregrine/libraries/net/minidev/accessors-smart/2.5.1/accessors-smart-2.5.1.jar:/home/runner/work/peregrine-launcher/peregrine-launcher/out/1.21.10/home/data/peregrine/libraries/net/minidev/json-smart/2.5.1/json-smart-2.5.1.jar:/home/runner/work/peregrine-launcher/peregrine-launcher/out/1.21.10/home/data/peregrine/libraries/net/sf/jopt-simple/jopt-simple/5.0.4/jopt-simple-5.0.4.jar:/home/runner/work/peregrine-launcher/peregrine-launcher/out/1.21.10/home/data/peregrine/libraries/org/apache/commons/commons-compress/1.27.1/commons-compress-1.27.1.jar:/home/runner/work/peregrine-launcher/peregrine-launcher/out/1.21.10/home/data/peregrine/libraries/org/apache/commons/commons-lang3/3.17.0/commons-lang3-3.17.0.jar:/home/runner/work/peregrine-launcher/peregrine-launcher/out/1.21.10/home/data/peregrine/libraries/org/apache/httpcomponents/httpclient/4.5.14/httpclient-4.5.14.jar:/home/runner/work/peregrine-launcher/peregrine-launcher/out/1.21.10/home/data/peregrine/libraries/org/apache/httpcomponents/httpcore/4.4.16/httpcore-4.4.16.jar:/home/runner/work/peregrine-launcher/peregrine-launcher/out/1.21.10/home/data/peregrine/libraries/org/apache/logging/log4j/log4j-api/2.24.1/log4j-api-2.24.1.jar:/home/runner/work/peregrine-launcher/peregrine-launcher/out/1.21.10/home/data/peregrine/libraries/org/apache/logging/log4j/log4j-core/2.24.1/log4j-core-2.24.1.jar:/home/runner/work/peregrine-launcher/peregrine-launcher/out/1.21.10/home/data/peregrine/libraries/org/apache/logging/log4j/log4j-slf4j2-impl/2.24.1/log4j-slf4j2-impl-2.24.1.jar:/home/runner/work/peregrine-launcher/peregrine-launcher/out/1.21.10/home/data/peregrine/libraries/org/jcraft/jorbis/0.0.17/jorbis-0.0.17.jar:/home/runner/work/peregrine-launcher/peregrine-launcher/out/1.21.10/home/data/peregrine/libraries/org/joml/joml/1.10.8/joml-1.10.8.jar:/home/runner/work/peregrine-launcher/peregrine-launcher/out/1.21.10/home/data/peregrine/libraries/org/lwjgl/lwjgl-freetype/3.3.3/lwjgl-freetype-3.3.3.jar:/home/runner/work/peregrine-launcher/peregrine-launcher/out/1.21.10/home/data/peregrine/libraries/org/lwjgl/lwjgl-freetype/3.3.3/lwjgl-freetype-3.3.3-natives-linux.jar:/home/runner/work/peregrine-launcher/peregrine-launcher/out/1.21.10/home/data/peregrine/libraries/org/lwjgl/lwjgl-glfw/3.3.3/lwjgl-glfw-3.3.3.jar:/home/runner/work/peregrine-launcher/peregrine-launcher/out/1.21.10/home/data/peregrine/libraries/org/lwjgl/lwjgl-glfw/3.3.3/lwjgl-glfw-3.3.3-natives-linux.jar:/home/runner/work/peregrine-launcher/peregrine-launcher/out/1.21.10/home/data/peregrine/libraries/org/lwjgl/lwjgl-jemalloc/3.3.3/lwjgl-jemalloc-3.3.3.jar:/home/runner/work/peregrine-launcher/peregrine-launcher/out/1.21.10/home/data/peregrine/libraries/org/lwjgl/lwjgl-jemalloc/3.3.3/lwjgl-jemalloc-3.3.3-natives-linux.jar:/home/runner/work/peregrine-launcher/peregrine-launcher/out/1.21.10/home/data/peregrine/libraries/org/lwjgl/lwjgl-openal/3.3.3/lwjgl-openal-3.3.3.jar:/home/runner/work/peregrine-launcher/peregrine-launcher/out/1.21.10/home/data/peregrine/libraries/org/lwjgl/lwjgl-openal/3.3.3/lwjgl-openal-3.3.3-natives-linux.jar:/home/runner/work/peregrine-launcher/peregrine-launcher/out/1.21.10/home/data/peregrine/libraries/org/lwjgl/lwjgl-opengl/3.3.3/lwjgl-opengl-3.3.3.jar:/home/runner/work/peregrine-launcher/peregrine-launcher/out/1.21.10/home/data/peregrine/libraries/org/lwjgl/lwjgl-opengl/3.3.3/lwjgl-opengl-3.3.3-natives-linux.jar:/home/runner/work/peregrine-launcher/peregrine-launcher/out/1.21.10/home/data/peregrine/libraries/org/lwjgl/lwjgl-stb/3.3.3/lwjgl-stb-3.3.3.jar:/home/runner/work/peregrine-launcher/peregrine-launcher/out/1.21.10/home/data/peregrine/libraries/org/lwjgl/lwjgl-stb/3.3.3/lwjgl-stb-3.3.3-natives-linux.jar:/home/runner/work/peregrine-launcher/peregrine-launcher/out/1.21.10/home/data/peregrine/libraries/org/lwjgl/lwjgl-tinyfd/3.3.3/lwjgl-tinyfd-3.3.3.jar:/home/runner/work/peregrine-launcher/peregrine-launcher/out/1.21.10/home/data/peregrine/libraries/org/lwjgl/lwjgl-tinyfd/3.3.3/lwjgl-tinyfd-3.3.3-natives-linux.jar:/home/runner/work/peregrine-launcher/peregrine-launcher/out/1.21.10/home/data/peregrine/libraries/org/lwjgl/lwjgl/3.3.3/lwjgl-3.3.3.jar:/home/runner/work/peregrine-launcher/peregrine-launcher/out/1.21.10/home/data/peregrine/libraries/org/lwjgl/lwjgl/3.3.3/lwjgl-3.3.3-natives-linux.jar:/home/runner/work/peregrine-launcher/peregrine-launcher/out/1.21.10/home/data/peregrine/libraries/org/lz4/lz4-java/1.8.0/lz4-java-1.8.0.jar:/home/runner/work/peregrine-launcher/peregrine-launcher/out/1.21.10/home/data/peregrine/libraries/org/slf4j/slf4j-api/2.0.16/slf4j-api-2.0.16.jar:/home/runner/work/peregrine-launcher/peregrine-launcher/out/1.21.10/home/data/peregrine/versions/1.21.10/1.21.10.jar)
		at knot//com.sun.jna.Native.extractFromResourcePath(Native.java:1141)
		at knot//com.sun.jna.NativeLibrary.loadLibrary(NativeLibrary.java:297)
		... 11 more
]]></log4j:Throwable>
  </log4j:Event>
  <log4j:Event logger="net.minecraft.class_3304" timestamp="1791649527109" level="INFO" thread="Render thread">
    <log4j:Message><![CDATA[Reloading ResourceManager: vanilla, file/PeregrineTest, fabric, fabric-api, fabric-api-base, fabric-api-lookup-api-v1, fabric-biome-api-v1, fabric-block-api-v1, fabric-block-view-api-v2, fabric-command-api-v2, fabric-content-registries-v0, fabric-convention-tags-v1, fabric-convention-tags-v2, fabric-crash-report-info-v1, fabric-data-attachment-api-v1, fabric-data-generation-api-v1, fabric-dimensions-v1, fabric-entity-events-v1, fabric-events-interaction-v0, fabric-game-rule-api-v1, fabric-item-api-v1, fabric-item-group-api-v1, fabric-key-binding-api-v1, fabric-lifecycle-events-v1, fabric-loot-api-v2, fabric-loot-api-v3, fabric-message-api-v1, fabric-model-loading-api-v1, fabric-networking-api-v1, fabric-object-builder-api-v1, fabric-particles-v1, fabric-recipe-api-v1, fabric-registry-sync-v0, fabric-renderer-api-v1, fabric-renderer-indigo, fabric-rendering-fluids-v1, fabric-rendering-v1, fabric-resource-conditions-api-v1, fabric-resource-loader-v0, fabric-resource-loader-v1, fabric-screen-api-v1, fabric-screen-handler-api-v1, fabric-serialization-api-v1, fabric-sound-api-v1, fabric-tag-api-v1, fabric-transfer-api-v1, fabric-transitive-access-wideners-v1, fabricloader, peregrine-client]]></log4j:Message>
  </log4j:Event>
  <log4j:Event logger="net.minecraft.class_4341" timestamp="1791649527119" level="INFO" thread="Download-2">
    <log4j:Message><![CDATA[Could not authorize you against Realms server: java.lang.RuntimeException: Failed to parse into SignedJWT: 0]]></log4j:Message>
  </log4j:Event>
  <log4j:Event logger="net.minecraft.class_4341" timestamp="1791649527120" level="ERROR" thread="Download-2">
    <log4j:Message><![CDATA[Failed to fetch Realms feature flags]]></log4j:Message>
    <log4j:Throwable><![CDATA[net.minecraft.class_4355: Realms authentication error with message 'java.lang.RuntimeException: Failed to parse into SignedJWT: 0'
	at knot//net.minecraft.class_4341.method_20998(class_4341.java:536)
	at knot//net.minecraft.class_4341.method_68466(class_4341.java:189)
	at java.base/java.util.concurrent.CompletableFuture$AsyncSupply.run(Unknown Source)
	at java.base/java.util.concurrent.ThreadPoolExecutor.runWorker(Unknown Source)
	at java.base/java.util.concurrent.ThreadPoolExecutor$Worker.run(Unknown Source)
	at java.base/java.lang.Thread.run(Unknown Source)
]]></log4j:Throwable>
  </log4j:Event>
  <log4j:Event logger="net.minecraft.class_2983" timestamp="1791649527288" level="INFO" thread="Render thread">
    <log4j:Message><![CDATA[[STDOUT]: [Peregrine self-test] INFO phase title on Minecraft 1.21.10]]></log4j:Message>
  </log4j:Event>
  <log4j:Event logger="net.minecraft.class_391" timestamp="1791649527526" level="INFO" thread="Worker-Main-1">
    <log4j:Message><![CDATA[Found unifont_all_no_pua-16.0.03.hex, loading]]></log4j:Message>
  </log4j:Event>
  <log4j:Event logger="net.minecraft.class_391" timestamp="1791649527534" level="INFO" thread="Worker-Main-3">
    <log4j:Message><![CDATA[Found unifont_pua-16.0.03.hex, loading]]></log4j:Message>
  </log4j:Event>
  <log4j:Event logger="net.minecraft.class_391" timestamp="1791649527869" level="INFO" thread="Worker-Main-1">
    <log4j:Message><![CDATA[Found unifont_jp_patch-16.0.03.hex, loading]]></log4j:Message>
  </log4j:Event>
ALSA lib confmisc.c:855:(parse_card) cannot find card '0'
ALSA lib conf.c:5208:(_snd_config_evaluate) function snd_func_card_inum returned error: No such file or directory
ALSA lib confmisc.c:422:(snd_func_concat) error evaluating strings
ALSA lib conf.c:5208:(_snd_config_evaluate) function snd_func_concat returned error: No such file or directory
ALSA lib confmisc.c:1342:(snd_func_refer) error evaluating name
ALSA lib conf.c:5208:(_snd_config_evaluate) function snd_func_refer returned error: No such file or directory
ALSA lib conf.c:5731:(snd_config_expand) Evaluate error: No such file or directory
ALSA lib pcm.c:2721:(snd_pcm_open_noupdate) Unknown PCM default
ALSA lib confmisc.c:855:(parse_card) cannot find card '0'
ALSA lib conf.c:5208:(_snd_config_evaluate) function snd_func_card_inum returned error: No such file or directory
ALSA lib confmisc.c:422:(snd_func_concat) error evaluating strings
ALSA lib conf.c:5208:(_snd_config_evaluate) function snd_func_concat returned error: No such file or directory
ALSA lib confmisc.c:1342:(snd_func_refer) error evaluating name
ALSA lib conf.c:5208:(_snd_config_evaluate) function snd_func_refer returned error: No such file or directory
ALSA lib conf.c:5731:(snd_config_expand) Evaluate error: No such file or directory
ALSA lib pcm.c:2721:(snd_pcm_open_noupdate) Unknown PCM default
  <log4j:Event logger="net.minecraft.class_1140" timestamp="1791649529626" level="ERROR" thread="Render thread">
    <log4j:Message><![CDATA[Error starting SoundSystem. Turning off sounds & music]]></log4j:Message>
    <log4j:Throwable><![CDATA[java.lang.IllegalStateException: Failed to open OpenAL device
	at knot//net.minecraft.class_4225.method_38501(class_4225.java:297)
	at knot//net.minecraft.class_4225.method_19661(class_4225.java:154)
	at knot//net.minecraft.class_1140.method_4846(class_1140.java:118)
	at knot//net.minecraft.class_1140.method_4837(class_1140.java:108)
	at knot//net.minecraft.class_1144.method_18182(class_1144.java:122)
	at knot//net.minecraft.class_1144.method_18788(class_1144.java:41)
	at knot//net.minecraft.class_4080.method_18790(class_4080.java:15)
	at java.base/java.util.concurrent.CompletableFuture$UniAccept.tryFire(Unknown Source)
	at java.base/java.util.concurrent.CompletableFuture$Completion.run(Unknown Source)
	at knot//net.minecraft.class_4014.method_67574(class_4014.java:60)
	at knot//net.minecraft.class_1255.method_18859(class_1255.java:168)
	at knot//net.minecraft.class_4093.method_18859(class_4093.java:23)
	at knot//net.minecraft.class_1255.method_16075(class_1255.java:142)
	at knot//net.minecraft.class_1255.method_5383(class_1255.java:123)
	at knot//net.minecraft.class_310.method_1523(class_310.java:1340)
	at knot//net.minecraft.class_310.method_1514(class_310.java:969)
	at knot//net.minecraft.client.main.Main.main(Main.java:250)
	at net.fabricmc.loader.impl.game.minecraft.MinecraftGameProvider.launch(MinecraftGameProvider.java:517)
	at net.fabricmc.loader.impl.launch.knot.Knot.launch(Knot.java:72)
	at net.fabricmc.loader.impl.launch.knot.KnotClient.main(KnotClient.java:23)
]]></log4j:Throwable>
  </log4j:Event>
  <log4j:Event logger="net.minecraft.class_1059" timestamp="1791649529627" level="INFO" thread="Render thread">
    <log4j:Message><![CDATA[Created: 512x256x0 minecraft:textures/atlas/particles.png-atlas]]></log4j:Message>
  </log4j:Event>
  <log4j:Event logger="net.minecraft.class_1059" timestamp="1791649529631" level="INFO" thread="Render thread">
    <log4j:Message><![CDATA[Created: 128x64x0 minecraft:textures/atlas/decorated_pot.png-atlas]]></log4j:Message>
  </log4j:Event>
  <log4j:Event logger="net.minecraft.class_1059" timestamp="1791649529632" level="INFO" thread="Render thread">
    <log4j:Message><![CDATA[Created: 2048x1024x0 minecraft:textures/atlas/armor_trims.png-atlas]]></log4j:Message>
  </log4j:Event>
  <log4j:Event logger="net.minecraft.class_1059" timestamp="1791649529637" level="INFO" thread="Render thread">
    <log4j:Message><![CDATA[Created: 512x256x0 minecraft:textures/atlas/paintings.png-atlas]]></log4j:Message>
  </log4j:Event>
  <log4j:Event logger="net.minecraft.class_1059" timestamp="1791649529638" level="INFO" thread="Render thread">
    <log4j:Message><![CDATA[Created: 512x512x0 minecraft:textures/atlas/shield_patterns.png-atlas]]></log4j:Message>
  </log4j:Event>
  <log4j:Event logger="net.minecraft.class_1059" timestamp="1791649529639" level="INFO" thread="Render thread">
    <log4j:Message><![CDATA[Created: 1024x512x4 minecraft:textures/atlas/blocks.png-atlas]]></log4j:Message>
  </log4j:Event>
  <log4j:Event logger="net.minecraft.class_1059" timestamp="1791649529651" level="INFO" thread="Render thread">
    <log4j:Message><![CDATA[Created: 512x256x0 minecraft:textures/atlas/chest.png-atlas]]></log4j:Message>
  </log4j:Event>
  <log4j:Event logger="net.minecraft.class_1059" timestamp="1791649529652" level="INFO" thread="Render thread">
    <log4j:Message><![CDATA[Created: 512x512x0 minecraft:textures/atlas/banner_patterns.png-atlas]]></log4j:Message>
  </log4j:Event>
  <log4j:Event logger="net.minecraft.class_1059" timestamp="1791649529653" level="INFO" thread="Render thread">
    <log4j:Message><![CDATA[Created: 512x256x0 minecraft:textures/atlas/beds.png-atlas]]></log4j:Message>
  </log4j:Event>
  <log4j:Event logger="net.minecraft.class_1059" timestamp="1791649529653" level="INFO" thread="Render thread">
    <log4j:Message><![CDATA[Created: 1024x512x0 minecraft:textures/atlas/gui.png-atlas]]></log4j:Message>
  </log4j:Event>
  <log4j:Event logger="net.minecraft.class_1059" timestamp="1791649529656" level="INFO" thread="Render thread">
    <log4j:Message><![CDATA[Created: 64x64x0 minecraft:textures/atlas/map_decorations.png-atlas]]></log4j:Message>
  </log4j:Event>
  <log4j:Event logger="net.minecraft.class_1059" timestamp="1791649529656" level="INFO" thread="Render thread">
    <log4j:Message><![CDATA[Created: 256x256x0 minecraft:textures/atlas/signs.png-atlas]]></log4j:Message>
  </log4j:Event>
  <log4j:Event logger="net.minecraft.class_1059" timestamp="1791649529656" level="INFO" thread="Render thread">
    <log4j:Message><![CDATA[Created: 512x256x0 minecraft:textures/atlas/shulker_boxes.png-atlas]]></log4j:Message>
  </log4j:Event>
  <log4j:Event logger="net.minecraft.class_2983" timestamp="1791649531963" level="INFO" thread="Render thread">
    <log4j:Message><![CDATA[[STDOUT]: [Peregrine self-test] PASS Peregrine main menu shows instead of Minecraft's]]></log4j:Message>
  </log4j:Event>
  <log4j:Event logger="net.minecraft.class_2983" timestamp="1791649535758" level="INFO" thread="Render thread">
    <log4j:Message><![CDATA[[STDOUT]: [Peregrine self-test] PASS Singleplayer button opens world list]]></log4j:Message>
  </log4j:Event>
  <log4j:Event logger="net.minecraft.class_2983" timestamp="1791649537989" level="INFO" thread="Render thread">
    <log4j:Message><![CDATA[[STDOUT]: [Peregrine self-test] PASS Multiplayer button opens server list]]></log4j:Message>
  </log4j:Event>
  <log4j:Event logger="net.minecraft.class_2983" timestamp="1791649538616" level="INFO" thread="Render thread">
    <log4j:Message><![CDATA[[STDOUT]: [Peregrine self-test] PASS Options button opens options]]></log4j:Message>
  </log4j:Event>
  <log4j:Event logger="net.minecraft.class_2983" timestamp="1791649540543" level="INFO" thread="Render thread">
    <log4j:Message><![CDATA[[STDOUT]: [Peregrine self-test] PASS Back to the main menu]]></log4j:Message>
  </log4j:Event>
  <log4j:Event logger="net.minecraft.class_11280" timestamp="1791649541860" level="INFO" thread="Render thread">
    <log4j:Message><![CDATA[Resizing Dynamic Transforms UBO, capacity limit of 2 reached during a single frame. New capacity will be 4.]]></log4j:Message>
  </log4j:Event>
  <log4j:Event logger="net.minecraft.class_2983" timestamp="1791649542020" level="INFO" thread="Render thread">
    <log4j:Message><![CDATA[[STDOUT]: [Peregrine self-test] PASS clicking Peregrine on the main menu opens the menu]]></log4j:Message>
  </log4j:Event>
  <log4j:Event logger="net.minecraft.class_2983" timestamp="1791649542611" level="INFO" thread="Render thread">
    <log4j:Message><![CDATA[[STDOUT]: [Peregrine self-test] PASS menu draws on the main menu]]></log4j:Message>
  </log4j:Event>
  <log4j:Event logger="net.minecraft.class_2983" timestamp="1791649545422" level="INFO" thread="Render thread">
    <log4j:Message><![CDATA[[STDOUT]: [Peregrine self-test] PASS Edit HUD button works on the main menu]]></log4j:Message>
  </log4j:Event>
  <log4j:Event logger="net.minecraft.class_2983" timestamp="1791649548457" level="INFO" thread="Render thread">
    <log4j:Message><![CDATA[[STDOUT]: [Peregrine self-test] PASS Back button leaves the editor]]></log4j:Message>
  </log4j:Event>
  <log4j:Event logger="net.minecraft.class_2983" timestamp="1791649548812" level="INFO" thread="Render thread">
    <log4j:Message><![CDATA[[STDOUT]: [Peregrine self-test] INFO counts {titleclick@212,185/0=1, click@95,205/0=1, editor=180, click@213,132/0=1, title=308, menu=222}]]></log4j:Message>
  </log4j:Event>
  <log4j:Event logger="net.minecraft.class_2983" timestamp="1791649548812" level="INFO" thread="Render thread">
    <log4j:Message><![CDATA[[STDOUT]: [Peregrine self-test] PASS finished with 0 failure(s)]]></log4j:Message>
  </log4j:Event>
  <log4j:Event logger="net.minecraft.class_310" timestamp="1791649549934" level="INFO" thread="Render thread">
    <log4j:Message><![CDATA[Stopping!]]></log4j:Message>
  </log4j:Event>
